87.250.254.243 - - [09/Aug/2011:00:07:03 -0700] "GET /p_Nursing.php HTTP/1.1" 200 15382 "-" "Mozilla/5.0 (compatible; YandexBot/3.0; +http://yandex.com/bots)"
109.65.24.111 - - [09/Aug/2011:00:42:34 -0700] "GET /images/25_facebook.jpg HTTP/1.1" 200 2028 "http://www.comprehensivenet.com/p_ContinuingEd.php" "Mozilla/5.0 (Windows NT 6.1; WOW64; rv:5.0) Gecko/20100101 Firefox/5.0"
109.65.24.111 - - [09/Aug/2011:00:42:35 -0700] "GET /images/buttons/nursing.jpg HTTP/1.1" 200 5819 "http://www.comprehensivenet.com/p_ContinuingEd.php" "Mozilla/5.0 (Windows NT 6.1; WOW64; rv:5.0) Gecko/20100101 Firefox/5.0"
109.65.24.111 - - [09/Aug/2011:00:42:40 -0700] "GET /images/buttons/about_on.jpg HTTP/1.1" 200 2141 "http://www.comprehensivenet.com/p_ContinuingEd.php" "Mozilla/5.0 (Windows NT 6.1; WOW64; rv:5.0) Gecko/20100101 Firefox/5.0"
66.249.67.193 - - [09/Aug/2011:00:49:48 -0700] "GET /htmlLinks/Signtalk_uplugreconnect_event.html HTTP/1.1" 200 3945 "-" "Mozilla/5.0 (compatible; Googlebot/2.1; +http://www.google.com/bot.html)"
93.172.144.130 - - [09/Aug/2011:01:21:12 -0700] "GET /images/25_facebook.jpg HTTP/1.1" 200 2028 "-" "Mozilla/4.0 (compatible; MSIE 7.0; Windows NT 5.1; Trident/4.0; Facicons; InfoPath.1; .NET CLR 2.0.50727; .NET CLR 3.0.4506.2152; .NET CLR 3.5.30729)"
74.73.230.183 - - [09/Aug/2011:01:42:24 -0700] "GET /favicon.ico HTTP/1.1" 200 894 "http://www.comprehensivenet.com/JobListings/show_news.php?subaction=showfull&id=1304601788" "Mozilla/5.0 (Macintosh; U; Intel Mac OS X 10_6_8; en-us) AppleWebKit/533.21.1 (KHTML, like Gecko) Version/5.0.5 Safari/533.21.1"
74.73.230.183 - - [09/Aug/2011:01:42:55 -0700] "GET /images/buttons/contact.jpg HTTP/1.1" 200 2274 "http://www.comprehensivenet.com/" "Mozilla/5.0 (Macintosh; U; Intel Mac OS X 10_6_8; en-us) AppleWebKit/533.21.1 (KHTML, like Gecko) Version/5.0.5 Safari/533.21.1"
74.73.230.183 - - [09/Aug/2011:01:42:56 -0700] "GET /images/buttons/contact_on.jpg HTTP/1.1" 200 2631 "http://www.comprehensivenet.com/" "Mozilla/5.0 (Macintosh; U; Intel Mac OS X 10_6_8; en-us) AppleWebKit/533.21.1 (KHTML, like Gecko) Version/5.0.5 Safari/533.21.1"
166.137.136.10 - - [09/Aug/2011:02:20:01 -0700] "GET /images/outlook_signature.jpg HTTP/1.1" 200 39193 "-" "Mozilla/5.0 (iPhone; U; CPU iPhone OS 4_3_5 like Mac OS X; en-us) AppleWebKit/533.17.9 (KHTML, like Gecko)"
69.113.11.108 - - [09/Aug/2011:02:57:25 -0700] "GET /JobListings/skins/images/jobListingHeader.jpg HTTP/1.1" 200 39507 "http://www.comprehensivenet.com/JobListings/show_news.php?subaction=showfull&id=1269304300" "Mozilla/5.0 (Macintosh; U; Intel Mac OS X 10_5_8; en-us) AppleWebKit/533.21.1 (KHTML, like Gecko) Version/5.0.5 Safari/533.21.1"
74.90.216.116 - - [09/Aug/2011:03:49:22 -0700] "GET /p_EIPreSchool.php HTTP/1.1" 200 11215 "http://www.google.com/search?hl=en&source=hp&biw=1024&bih=551&q=early+intervention+jobs+NYC&aq=f&aqi=g1&aql=&oq=" "Mozilla/4.0 (compatible; MSIE 8.0; Windows NT 5.1; Trident/4.0)"
74.90.216.116 - - [09/Aug/2011:03:49:23 -0700] "GET /images/buttons/clients.jpg HTTP/1.1" 200 3194 "http://www.comprehensivenet.com/p_EIPreSchool.php" "Mozilla/4.0 (compatible; MSIE 8.0; Windows NT 5.1; Trident/4.0)"
74.90.216.116 - - [09/Aug/2011:03:49:23 -0700] "GET /images/buttons/about.jpg HTTP/1.1" 200 1869 "http://www.comprehensivenet.com/p_EIPreSchool.php" "Mozilla/4.0 (compatible; MSIE 8.0; Windows NT 5.1; Trident/4.0)"
74.90.216.116 - - [09/Aug/2011:03:49:24 -0700] "GET /images/buttons/jobListings.jpg HTTP/1.1" 200 4761 "http://www.comprehensivenet.com/p_EIPreSchool.php" "Mozilla/4.0 (compatible; MSIE 8.0; Windows NT 5.1; Trident/4.0)"
74.90.216.116 - - [09/Aug/2011:03:49:24 -0700] "GET /images/logos/netCare.jpg HTTP/1.1" 200 7217 "http://www.comprehensivenet.com/p_EIPreSchool.php" "Mozilla/4.0 (compatible; MSIE 8.0; Windows NT 5.1; Trident/4.0)"
74.90.216.116 - - [09/Aug/2011:03:49:26 -0700] "GET /p_JobListings.php HTTP/1.1" 200 11041 "http://www.comprehensivenet.com/p_EIPreSchool.php" "Mozilla/4.0 (compatible; MSIE 8.0; Windows NT 5.1; Trident/4.0)"
74.90.216.116 - - [09/Aug/2011:03:49:30 -0700] "GET /favicon.ico HTTP/1.1" 200 894 "-" "Mozilla/4.0 (compatible; MSIE 8.0; Windows NT 5.1; Trident/4.0)"
74.90.216.116 - - [09/Aug/2011:03:49:37 -0700] "GET /j_TSLD.php HTTP/1.1" 200 29571 "-" "Mozilla/4.0 (compatible; MSIE 8.0; Windows NT 5.1; Trident/4.0)"
71.190.200.116 - - [09/Aug/2011:03:53:10 -0700] "GET /JobListings/show_news.php?subaction=showfull&id=1269311864 HTTP/1.1" 200 4372 "http://www.indeed.com/jobs?q=sign+language+interpreter&l=Nassau+County%2C+NY" "Mozilla/5.0 (compatible; MSIE 9.0; Windows NT 6.1; Trident/5.0)"
67.195.112.25 - - [09/Aug/2011:03:58:58 -0700] "GET /robots.txt HTTP/1.0" 404 204 "-" "Mozilla/5.0 (compatible; Yahoo! Slurp; http://help.yahoo.com/help/us/ysearch/slurp)"
95.108.158.237 - - [09/Aug/2011:04:02:12 -0700] "GET /images/home_catLinks.jpg HTTP/1.1" 304 - "-" "Mozilla/5.0 (compatible; YandexImages/3.0; +http://yandex.com/bots)"
124.115.0.20 - - [09/Aug/2011:04:19:45 -0700] "GET / HTTP/1.1" 200 14395 "-" "Sosospider+(+http://help.soso.com/webspider.htm)"
74.108.156.235 - - [09/Aug/2011:04:43:34 -0700] "GET /c_Tutoring.php HTTP/1.1" 200 11245 "http://binetses.com/" "Mozilla/5.0 (Windows NT 6.1; WOW64; rv:5.0) Gecko/20100101 Firefox/5.0"
74.108.156.235 - - [09/Aug/2011:04:43:35 -0700] "GET /images/buttons/EIPreSchool_Y.jpg HTTP/1.1" 200 7022 "http://comprehensivenet.com/c_Tutoring.php" "Mozilla/5.0 (Windows NT 6.1; WOW64; rv:5.0) Gecko/20100101 Firefox/5.0"
74.108.156.235 - - [09/Aug/2011:04:43:36 -0700] "GET /images/logos/compEnrichment.jpg HTTP/1.1" 200 7046 "http://comprehensivenet.com/c_Tutoring.php" "Mozilla/5.0 (Windows NT 6.1; WOW64; rv:5.0) Gecko/20100101 Firefox/5.0"
74.108.156.235 - - [09/Aug/2011:04:43:55 -0700] "GET /images/buttons/about.jpg HTTP/1.1" 200 1869 "http://comprehensivenet.com/contact.php" "Mozilla/5.0 (Windows NT 6.1; WOW64; rv:5.0) Gecko/20100101 Firefox/5.0"
74.108.156.235 - - [09/Aug/2011:04:43:55 -0700] "GET /images/buttons/newsletters.jpg HTTP/1.1" 200 2378 "http://comprehensivenet.com/contact.php" "Mozilla/5.0 (Windows NT 6.1; WOW64; rv:5.0) Gecko/20100101 Firefox/5.0"
216.254.79.108 - - [09/Aug/2011:04:54:38 -0700] "GET /images/outlook_signature.jpg HTTP/1.1" 304 - "-" "Mozilla/4.0 (compatible; MSIE 7.0; Windows NT 5.1; .NET CLR 1.1.4322; .NET CLR 1.0.3705; .NET CLR 2.0.50727; .NET CLR 3.0.4506.2152; .NET CLR 3.5.30729)"
166.137.137.83 - - [09/Aug/2011:05:00:48 -0700] "GET /images/25_facebook.jpg HTTP/1.1" 200 2028 "-" "Mozilla/5.0 (iPhone; U; CPU iPhone OS 4_3_3 like Mac OS X; en-us) AppleWebKit/533.17.9 (KHTML, like Gecko)"
157.55.18.12 - - [09/Aug/2011:05:44:42 -0700] "GET /robots.txt HTTP/1.1" 404 216 "-" "Mozilla/5.0 (compatible; bingbot/2.0; +http://www.bing.com/bingbot.htm)"
74.82.64.160 - - [09/Aug/2011:05:50:41 -0700] "GET /images/buttons/EIPreSchool.jpg HTTP/1.1" 200 6909 "http://www.comprehensivenet.com/p_EIPreSchool.php" "Mozilla/5.0 (BlackBerry; U; BlackBerry 9700; en-US) AppleWebKit/534.8+ (KHTML, like Gecko) Version/6.0.0.448 Mobile Safari/534.8+"
69.171.229.246 - - [09/Aug/2011:05:51:06 -0700] "GET /htmlLinks/../images/signtalk_unplugreconnect_event/Signtalk_unplugreconnect_wine.jpg HTTP/1.1" 200 21059 "-" "facebookexternalhit/1.0 (+http://www.facebook.com/externalhit_uatext.php)"
184.82.131.106 - - [09/Aug/2011:05:53:48 -0700] "GET / HTTP/1.1" 200 14389 "-" "Mozilla/5.0 (X11; U; Linux i686; en-US; rv:1.8.1.20) Gecko/20081217 Firefox/2.0.0.20"
216.254.79.108 - - [09/Aug/2011:05:54:14 -0700] "GET /images/outlook_signature.jpg HTTP/1.1" 304 - "-" "Mozilla/4.0 (compatible; MSIE 7.0; Windows NT 5.1; .NET CLR 2.0.50727; .NET CLR 3.0.4506.2152; .NET CLR 3.5.30729)"
24.146.140.22 - - [09/Aug/2011:05:57:49 -0700] "GET /images/25_facebook.jpg HTTP/1.1" 200 2028 "-" "Mozilla/5.0 (iPhone; U; CPU iPhone OS 4_3_3 like Mac OS X; en-us) AppleWebKit/533.17.9 (KHTML, like Gecko)"
72.225.166.132 - - [09/Aug/2011:06:05:44 -0700] "GET /images/buttons/EIPreSchool.jpg HTTP/1.1" 200 6909 "http://www.comprehensivenet.com/j_Nurse.php" "Mozilla/5.0 (Macintosh; Intel Mac OS X 10.6; rv:5.0.1) Gecko/20100101 Firefox/5.0.1"
72.225.166.132 - - [09/Aug/2011:06:05:44 -0700] "GET /images/buttons/interpretation.jpg HTTP/1.1" 200 9675 "http://www.comprehensivenet.com/j_Nurse.php" "Mozilla/5.0 (Macintosh; Intel Mac OS X 10.6; rv:5.0.1) Gecko/20100101 Firefox/5.0.1"
72.225.166.132 - - [09/Aug/2011:06:05:48 -0700] "GET /favicon.ico HTTP/1.1" 200 894 "-" "Mozilla/5.0 (Macintosh; Intel Mac OS X 10.6; rv:5.0.1) Gecko/20100101 Firefox/5.0.1"
38.101.148.126 - - [09/Aug/2011:06:13:51 -0700] "GET /robots.txt HTTP/1.1" 404 216 "-" "Mozilla/5.0 (compatible; discobot/1.1; +http://discoveryengine.com/discobot.html)"
161.38.221.236 - - [09/Aug/2011:06:17:24 -0700] "GET /images/buttons/therapyEval.jpg HTTP/1.1" 200 10385 "http://www.comprehensivenet.com/p_Nursing.php" "Mozilla/5.0 (Windows NT 5.1; rv:2.0) Gecko/20100101 Firefox/4.0"
161.38.221.236 - - [09/Aug/2011:06:17:24 -0700] "GET /images/buttons/nursing.jpg HTTP/1.1" 200 5819 "http://www.comprehensivenet.com/p_Nursing.php" "Mozilla/5.0 (Windows NT 5.1; rv:2.0) Gecko/20100101 Firefox/4.0"
161.38.221.236 - - [09/Aug/2011:06:17:24 -0700] "GET /images/nurses_week.jpg HTTP/1.1" 200 27966 "http://www.comprehensivenet.com/p_Nursing.php" "Mozilla/5.0 (Windows NT 5.1; rv:2.0) Gecko/20100101 Firefox/4.0"
161.38.221.236 - - [09/Aug/2011:06:17:31 -0700] "GET /flash/Header.swf HTTP/1.1" 200 251972 "http://www.comprehensivenet.com/p_Nursing.php" "Mozilla/5.0 (Windows NT 5.1; rv:2.0) Gecko/20100101 Firefox/4.0"
161.38.221.236 - - [09/Aug/2011:06:17:51 -0700] "GET /images/buttons/courses_on.jpg HTTP/1.1" 200 4007 "http://www.comprehensivenet.com/contact.php" "Mozilla/5.0 (Windows NT 5.1; rv:2.0) Gecko/20100101 Firefox/4.0"
205.188.116.195 - - [09/Aug/2011:06:17:51 -0700] "GET /JobListings/skins/images/jobListingFooter.jpg HTTP/1.1" 200 12421 "http://www.comprehensivenet.com/JobListings/show_news.php?subaction=showfull&id=1304601788" "Mozilla/4.0 (compatible; MSIE 7.0; AOL 9.0; Windows NT 5.1; GTB7.1; .NET CLR 1.0.3705; .NET CLR 1.1.4322; Media Center PC 4.0; .NET CLR 2.0.50727; .NET CLR 3.0.4506.2152; .NET CLR 3.5.30729)"
161.38.221.236 - - [09/Aug/2011:06:18:21 -0700] "GET /images/newsletters_thumb_binet.jpg HTTP/1.1" 200 20293 "http://www.comprehensivenet.com/newsletters.php" "Mozilla/5.0 (Windows NT 5.1; rv:2.0) Gecko/20100101 Firefox/4.0"
161.38.221.236 - - [09/Aug/2011:06:18:31 -0700] "GET /images/logos/other_APA.jpg HTTP/1.1" 200 11498 "http://www.comprehensivenet.com/p_ContinuingEd.php" "Mozilla/5.0 (Windows NT 5.1; rv:2.0) Gecko/20100101 Firefox/4.0"
161.38.221.236 - - [09/Aug/2011:06:18:44 -0700] "GET /index.php HTTP/1.1" 200 14389 "http://www.comprehensivenet.com/p_ContinuingEd.php" "Mozilla/5.0 (Windows NT 5.1; rv:2.0) Gecko/20100101 Firefox/4.0"
216.254.79.108 - - [09/Aug/2011:06:31:08 -0700] "GET /images/25_twitter.jpg HTTP/1.1" 304 - "-" "Mozilla/4.0 (compatible; MSIE 7.0; Windows NT 5.1; Trident/4.0; FunWebProducts; GTB7.1; .NET CLR 1.1.4322; .NET CLR 2.0.50727; .NET CLR 3.0.4506.2152; .NET CLR 3.5.30729; .NET4.0C; .NET4.0E; FunWebProducts)"
64.233.172.18 - - [09/Aug/2011:06:35:18 -0700] "GET /blog/wp-content/themes/twentyten/images/headers/comp_header2.jpg HTTP/1.1" 200 65536 "http://www.comprehensivenet.com/blog/?author=1" "Mozilla/5.0 (en-us) AppleWebKit/534.14 (KHTML, like Gecko; Google Wireless Transcoder) Chrome/9.0.597 Safari/534.14"
69.120.6.67 - - [09/Aug/2011:06:36:40 -0700] "GET /favicon.ico HTTP/1.1" 200 894 "-" "Mozilla/4.0 (compatible; MSIE 8.0; Windows NT 5.1; Trident/4.0; .NET CLR 1.1.4322; .NET CLR 2.0.50727; .NET CLR 3.0.4506.2152; .NET CLR 3.5.30729; InfoPath.1; BO1IE8_v1;ENUS)"
108.14.107.236 - - [09/Aug/2011:06:38:10 -0700] "GET /images/25_facebook.jpg HTTP/1.1" 200 2028 "-" "Mozilla/5.0 (Macintosh; U; Intel Mac OS X 10_5_8; en-us) AppleWebKit/530.19.2 (KHTML, like Gecko) Version/4.0.2 Safari/530.19"
71.190.154.205 - - [09/Aug/2011:06:41:56 -0700] "GET /images/buttons/therapyEval_Y.jpg HTTP/1.1" 200 10923 "http://www.comprehensivenet.com/c_Nursing.php" "Mozilla/4.0 (compatible; MSIE 8.0; Windows NT 6.1; WOW64; Trident/4.0; GTB7.1; SLCC2; .NET CLR 2.0.50727; .NET CLR 3.5.30729; .NET CLR 3.0.30729; Media Center PC 6.0; MDDC; .NET4.0C; BRI/1)"
71.190.154.205 - - [09/Aug/2011:06:42:08 -0700] "GET /images/25_twitter.jpg HTTP/1.1" 200 2319 "http://www.comprehensivenet.com/p_EIPreSchool.php" "Mozilla/4.0 (compatible; MSIE 8.0; Windows NT 6.1; WOW64; Trident/4.0; GTB7.1; SLCC2; .NET CLR 2.0.50727; .NET CLR 3.5.30729; .NET CLR 3.0.30729; Media Center PC 6.0; MDDC; .NET4.0C; BRI/1)"
71.190.154.205 - - [09/Aug/2011:06:42:08 -0700] "GET /images/buttons/continuingEd.jpg HTTP/1.1" 200 8472 "http://www.comprehensivenet.com/p_EIPreSchool.php" "Mozilla/4.0 (compatible; MSIE 8.0; Windows NT 6.1; WOW64; Trident/4.0; GTB7.1; SLCC2; .NET CLR 2.0.50727; .NET CLR 3.5.30729; .NET CLR 3.0.30729; Media Center PC 6.0; MDDC; .NET4.0C; BRI/1)"
71.190.154.205 - - [09/Aug/2011:06:42:08 -0700] "GET /images/logos/netCare.jpg HTTP/1.1" 200 7217 "http://www.comprehensivenet.com/p_EIPreSchool.php" "Mozilla/4.0 (compatible; MSIE 8.0; Windows NT 6.1; WOW64; Trident/4.0; GTB7.1; SLCC2; .NET CLR 2.0.50727; .NET CLR 3.5.30729; .NET CLR 3.0.30729; Media Center PC 6.0; MDDC; .NET4.0C; BRI/1)"
71.190.154.205 - - [09/Aug/2011:06:42:10 -0700] "GET /images/buttons/newsletters_on.jpg HTTP/1.1" 200 2692 "http://www.comprehensivenet.com/p_EIPreSchool.php" "Mozilla/4.0 (compatible; MSIE 8.0; Windows NT 6.1; WOW64; Trident/4.0; GTB7.1; SLCC2; .NET CLR 2.0.50727; .NET CLR 3.5.30729; .NET CLR 3.0.30729; Media Center PC 6.0; MDDC; .NET4.0C; BRI/1)"
216.254.79.108 - - [09/Aug/2011:06:44:14 -0700] "GET /images/outlook_signature.jpg HTTP/1.1" 304 - "-" "Mozilla/4.0 (compatible; MSIE 7.0; Windows NT 5.1; Trident/4.0; GTB7.1; .NET CLR 1.1.4322; .NET CLR 2.0.50727; .NET CLR 3.0.4506.2152; .NET CLR 3.5.30729; InfoPath.1)"
107.57.88.134 - - [09/Aug/2011:06:44:43 -0700] "GET /images/buttons/contact.jpg HTTP/1.1" 200 2274 "http://www.comprehensivenet.com/j_SpeechPathologist.php" "Mozilla/5.0 (Linux; U; Android 2.2.1; en-us; SPH-D700 Build/FROYO) AppleWebKit/533.1 (KHTML, like Gecko) Version/4.0 Mobile Safari/533.1"
107.57.88.134 - - [09/Aug/2011:06:44:43 -0700] "GET /images/buttons/professional.jpg HTTP/1.1" 200 4977 "http://www.comprehensivenet.com/j_SpeechPathologist.php" "Mozilla/5.0 (Linux; U; Android 2.2.1; en-us; SPH-D700 Build/FROYO) AppleWebKit/533.1 (KHTML, like Gecko) Version/4.0 Mobile Safari/533.1"
107.57.88.134 - - [09/Aug/2011:06:44:43 -0700] "GET /images/buttons/jobListings.jpg HTTP/1.1" 200 4761 "http://www.comprehensivenet.com/j_SpeechPathologist.php" "Mozilla/5.0 (Linux; U; Android 2.2.1; en-us; SPH-D700 Build/FROYO) AppleWebKit/533.1 (KHTML, like Gecko) Version/4.0 Mobile Safari/533.1"
107.57.88.134 - - [09/Aug/2011:06:44:46 -0700] "GET /flash/Header.swf HTTP/1.1" 200 251972 "http://www.comprehensivenet.com/j_SpeechPathologist.php" "Mozilla/5.0 (Linux; U; Android 2.2.1; en-us; SPH-D700 Build/FROYO) AppleWebKit/533.1 (KHTML, like Gecko) Version/4.0 Mobile Safari/533.1"
66.249.67.153 - - [09/Aug/2011:06:44:47 -0700] "GET /newsletters/9_11_02/html/Newsletter_1.htm HTTP/1.1" 200 17303 "-" "Mozilla/5.0 (compatible; Googlebot/2.1; +http://www.google.com/bot.html)"
107.57.88.134 - - [09/Aug/2011:06:45:17 -0700] "GET /JobListings/skins/images/jobListingFooter.jpg HTTP/1.1" 200 12421 "http://www.comprehensivenet.com/JobListings/show_news.php?subaction=showfull&id=1267736071&archive=&template=" "Mozilla/5.0 (Linux; U; Android 2.2.1; en-us; SPH-D700 Build/FROYO) AppleWebKit/533.1 (KHTML, like Gecko) Version/4.0 Mobile Safari/533.1"
71.190.154.205 - - [09/Aug/2011:06:45:36 -0700] "GET /p_EIPreSchool.php HTTP/1.1" 200 11215 "http://www.google.com/url?sa=t&source=web&cd=9&sqi=2&ved=0CGcQFjAI&url=http%3A%2F%2Fwww.comprehensivenet.com%2Fp_EIPreSchool.php&rct=j&q=employment%20agency%20nyc%20for%20early%20intervention&ei=7jlBTvy2NMy1twfasdyoCQ&usg=AFQjCNG4TUeTciIG7F6pa4wTQPOYP-s7MA" "Mozilla/4.0 (compatible; MSIE 8.0; Windows NT 6.1; WOW64; Trident/4.0; GTB7.1; SLCC2; .NET CLR 2.0.50727; .NET CLR 3.5.30729; .NET CLR 3.0.30729; Media Center PC 6.0; MDDC; .NET4.0C; BRI/1)"
184.82.131.106 - - [09/Aug/2011:06:47:56 -0700] "GET / HTTP/1.1" 200 14389 "-" "Mozilla/5.0 (X11; U; Linux i686; en-US; rv:1.8.1.20) Gecko/20081217 Firefox/2.0.0.20"
216.254.79.108 - - [09/Aug/2011:06:49:40 -0700] "GET /images/outlook_signature.jpg HTTP/1.1" 304 - "-" "Mozilla/4.0 (compatible; MSIE 7.0; Windows NT 5.1; Trident/4.0; GTB7.0; FunWebProducts; .NET CLR 1.1.4322; .NET CLR 2.0.50727; InfoPath.1; .NET CLR 3.0.4506.2152; .NET CLR 3.5.30729; FunWebProducts)"
208.105.83.157 - - [09/Aug/2011:06:54:06 -0700] "GET /images/25_facebook.jpg HTTP/1.1" 200 2028 "http://36ohk6dgmcd1n.yom.mail.yahoo.net/om/api/1.0/openmail.app.invoke/36ohk6dgmcd1n/4/1.0.35/us/en-US/view.html" "Mozilla/4.0 (compatible; MSIE 8.0; Windows NT 5.1; Trident/4.0; GTB7.1; .NET CLR 1.1.4322; .NET CLR 2.0.50727; .NET CLR 3.0.04506.30; MDDR; .NET CLR 3.0.4506.2152; .NET CLR 3.5.30729)"
208.105.83.157 - - [09/Aug/2011:06:54:11 -0700] "GET /images/25_facebook.jpg HTTP/1.1" 304 - "http://us.mg5.mail.yahoo.com/neo/launch?.rand=28l08ufqfs025" "Mozilla/4.0 (compatible; MSIE 8.0; Windows NT 5.1; Trident/4.0; GTB7.1; .NET CLR 1.1.4322; .NET CLR 2.0.50727; .NET CLR 3.0.04506.30; MDDR; .NET CLR 3.0.4506.2152; .NET CLR 3.5.30729)"
216.254.79.108 - - [09/Aug/2011:06:55:26 -0700] "GET /images/outlook_signature.jpg HTTP/1.1" 304 - "-" "Mozilla/4.0 (compatible; MSIE 7.0; Windows NT 5.1; Trident/4.0; GTB7.0; FunWebProducts; .NET CLR 1.1.4322; .NET CLR 2.0.50727; InfoPath.1; .NET CLR 3.0.4506.2152; .NET CLR 3.5.30729; FunWebProducts)"
216.254.79.108 - - [09/Aug/2011:06:56:34 -0700] "GET /images/25_facebook.jpg HTTP/1.1" 304 - "-" "Mozilla/4.0 (compatible; MSIE 7.0; Windows NT 5.1; Trident/4.0; GTB7.0; FunWebProducts; .NET CLR 1.1.4322; .NET CLR 2.0.50727; InfoPath.1; .NET CLR 3.0.4506.2152; .NET CLR 3.5.30729; FunWebProducts)"
216.254.79.108 - - [09/Aug/2011:06:56:34 -0700] "GET /images/25_twitter.jpg HTTP/1.1" 304 - "-" "Mozilla/4.0 (compatible; MSIE 7.0; Windows NT 5.1; Trident/4.0; GTB7.0; FunWebProducts; .NET CLR 1.1.4322; .NET CLR 2.0.50727; InfoPath.1; .NET CLR 3.0.4506.2152; .NET CLR 3.5.30729; FunWebProducts)"
216.254.79.108 - - [09/Aug/2011:06:58:58 -0700] "GET /images/25_facebook.jpg HTTP/1.1" 304 - "-" "Mozilla/4.0 (compatible; MSIE 7.0; Windows NT 5.1; Trident/4.0; GTB7.1; .NET CLR 1.1.4322; .NET CLR 2.0.50727; .NET CLR 3.0.4506.2152; .NET CLR 3.5.30729; InfoPath.1)"
165.155.110.1 - - [09/Aug/2011:07:03:39 -0700] "GET /images/25_twitter.jpg HTTP/1.1" 304 - "-" "Mozilla/4.0 (compatible; MSIE 7.0; Windows NT 5.1; Trident/4.0; .NET CLR 1.1.4322; .NET CLR 2.0.50727; .NET CLR 3.0.4506.2152; .NET CLR 3.5.30729; InfoPath.2; .NET4.0C; MSOffice 12)"
184.82.131.106 - - [09/Aug/2011:07:06:22 -0700] "GET / HTTP/1.1" 200 14389 "-" "Mozilla/5.0 (X11; U; Linux i686; en-US; rv:1.8.1.20) Gecko/20081217 Firefox/2.0.0.20"
98.113.30.119 - - [09/Aug/2011:07:09:23 -0700] "GET /images/buttons/home.jpg HTTP/1.1" 200 1438 "http://www.comprehensivenet.com/p_EIPreSchool.php" "Mozilla/5.0 (Macintosh; U; Intel Mac OS X 10_6_8; en-us) AppleWebKit/533.21.1 (KHTML, like Gecko) Version/5.0.5 Safari/533.21.1"
98.113.30.119 - - [09/Aug/2011:07:09:24 -0700] "GET /images/buttons/EIPreSchool.jpg HTTP/1.1" 200 6909 "http://www.comprehensivenet.com/p_EIPreSchool.php" "Mozilla/5.0 (Macintosh; U; Intel Mac OS X 10_6_8; en-us) AppleWebKit/533.21.1 (KHTML, like Gecko) Version/5.0.5 Safari/533.21.1"
98.113.30.119 - - [09/Aug/2011:07:09:24 -0700] "GET /images/buttons/jobListings.jpg HTTP/1.1" 200 4761 "http://www.comprehensivenet.com/p_EIPreSchool.php" "Mozilla/5.0 (Macintosh; U; Intel Mac OS X 10_6_8; en-us) AppleWebKit/533.21.1 (KHTML, like Gecko) Version/5.0.5 Safari/533.21.1"
98.113.30.119 - - [09/Aug/2011:07:09:24 -0700] "GET /images/buttons/about_on.jpg HTTP/1.1" 200 2141 "http://www.comprehensivenet.com/p_EIPreSchool.php" "Mozilla/5.0 (Macintosh; U; Intel Mac OS X 10_6_8; en-us) AppleWebKit/533.21.1 (KHTML, like Gecko) Version/5.0.5 Safari/533.21.1"
98.113.30.119 - - [09/Aug/2011:07:09:39 -0700] "GET /images/jobList_Img.jpg HTTP/1.1" 200 71154 "http://www.comprehensivenet.com/p_JobListings.php" "Mozilla/5.0 (Macintosh; U; Intel Mac OS X 10_6_8; en-us) AppleWebKit/533.21.1 (KHTML, like Gecko) Version/5.0.5 Safari/533.21.1"
67.181.191.41 - - [09/Aug/2011:07:10:00 -0700] "GET /JobListings/show_news.php?subaction=showfull&id=1269311864 HTTP/1.1" 200 4378 "http://www.indeed.com/jobs?q=Sign+Language+Interpreter&l=New+York,+NY&from=vj" "Mozilla/5.0 (Macintosh; U; Intel Mac OS X 10_6_6; en-us) AppleWebKit/533.20.25 (KHTML, like Gecko) Version/5.0.4 Safari/533.20.27"
98.113.30.119 - - [09/Aug/2011:07:10:10 -0700] "GET /p_ContinuingEd.php HTTP/1.1" 200 13599 "http://www.comprehensivenet.com/p_Tutoring.php" "Mozilla/5.0 (Macintosh; U; Intel Mac OS X 10_6_8; en-us) AppleWebKit/533.21.1 (KHTML, like Gecko) Version/5.0.5 Safari/533.21.1"
98.113.30.119 - - [09/Aug/2011:07:10:10 -0700] "GET /images/logos/other_RID.jpg HTTP/1.1" 200 16919 "http://www.comprehensivenet.com/p_ContinuingEd.php" "Mozilla/5.0 (Macintosh; U; Intel Mac OS X 10_6_8; en-us) AppleWebKit/533.21.1 (KHTML, like Gecko) Version/5.0.5 Safari/533.21.1"
68.195.232.138 - - [09/Aug/2011:07:10:39 -0700] "GET /images/25_twitter.jpg HTTP/1.1" 304 - "-" "Mozilla/4.0 (compatible; MSIE 7.0; Windows NT 5.1; MRSPUTNIK 2, 3, 0, 104; GTB6.6; .NET CLR 1.1.4322; .NET CLR 2.0.50727; .NET CLR 1.0.3705; .NET CLR 3.0.04506.30; .NET CLR 3.0.04506.648; .NET CLR 3.0.4506.2152; .NET CLR 3.5.30729; IPH 1.1.21.4019)"
72.89.88.130 - - [09/Aug/2011:07:11:06 -0700] "GET /ComprehensiveStyles.css HTTP/1.1" 200 1472 "http://www.comprehensivenet.com/p_EIPreSchool.php" "Mozilla/5.0 (Windows; U; Windows NT 5.1; en-US; rv:1.9.1.19) Gecko/20110420 Firefox/3.5.19 (.NET CLR 3.5.30729)"
72.89.88.130 - - [09/Aug/2011:07:11:07 -0700] "GET /images/logos/netCare.jpg HTTP/1.1" 200 7217 "http://www.comprehensivenet.com/p_EIPreSchool.php" "Mozilla/5.0 (Windows; U; Windows NT 5.1; en-US; rv:1.9.1.19) Gecko/20110420 Firefox/3.5.19 (.NET CLR 3.5.30729)"
72.89.88.130 - - [09/Aug/2011:07:11:10 -0700] "GET /p_JobListings.php HTTP/1.1" 200 11041 "http://www.comprehensivenet.com/p_EIPreSchool.php" "Mozilla/5.0 (Windows; U; Windows NT 5.1; en-US; rv:1.9.1.19) Gecko/20110420 Firefox/3.5.19 (.NET CLR 3.5.30729)"
208.252.25.30 - - [09/Aug/2011:07:12:30 -0700] "GET /p_EIPreSchool.php HTTP/1.1" 200 11221 "-" "Mozilla/5.0 (Windows; U; Windows NT 5.1; en-US) AppleWebKit/534.16 (KHTML, like Gecko) Chrome/10.0.648.151 Safari/534.16"
208.252.25.30 - - [09/Aug/2011:07:12:30 -0700] "GET /ComprehensiveStyles.css HTTP/1.1" 200 1472 "http://www.comprehensivenet.com/p_EIPreSchool.php" "Mozilla/5.0 (Windows; U; Windows NT 5.1; en-US) AppleWebKit/534.16 (KHTML, like Gecko) Chrome/10.0.648.151 Safari/534.16"
208.252.25.30 - - [09/Aug/2011:07:12:31 -0700] "GET /images/buttons/about.jpg HTTP/1.1" 200 1869 "http://www.comprehensivenet.com/p_EIPreSchool.php" "Mozilla/5.0 (Windows; U; Windows NT 5.1; en-US) AppleWebKit/534.16 (KHTML, like Gecko) Chrome/10.0.648.151 Safari/534.16"
208.252.25.30 - - [09/Aug/2011:07:12:31 -0700] "GET /images/buttons/contact.jpg HTTP/1.1" 200 2274 "http://www.comprehensivenet.com/p_EIPreSchool.php" "Mozilla/5.0 (Windows; U; Windows NT 5.1; en-US) AppleWebKit/534.16 (KHTML, like Gecko) Chrome/10.0.648.151 Safari/534.16"
208.252.25.30 - - [09/Aug/2011:07:12:31 -0700] "GET /images/buttons/therapyEval.jpg HTTP/1.1" 200 10385 "http://www.comprehensivenet.com/p_EIPreSchool.php" "Mozilla/5.0 (Windows; U; Windows NT 5.1; en-US) AppleWebKit/534.16 (KHTML, like Gecko) Chrome/10.0.648.151 Safari/534.16"
208.252.25.30 - - [09/Aug/2011:07:12:32 -0700] "GET /images/buttons/tutoring.jpg HTTP/1.1" 200 5948 "http://www.comprehensivenet.com/p_EIPreSchool.php" "Mozilla/5.0 (Windows; U; Windows NT 5.1; en-US) AppleWebKit/534.16 (KHTML, like Gecko) Chrome/10.0.648.151 Safari/534.16"
208.252.25.30 - - [09/Aug/2011:07:12:44 -0700] "GET /images/buttons/contact_on.jpg HTTP/1.1" 200 2631 "http://www.comprehensivenet.com/p_EIPreSchool.php" "Mozilla/5.0 (Windows; U; Windows NT 5.1; en-US) AppleWebKit/534.16 (KHTML, like Gecko) Chrome/10.0.648.151 Safari/534.16"
208.252.25.30 - - [09/Aug/2011:07:12:45 -0700] "GET /favicon.ico HTTP/1.1" 200 894 "-" "Mozilla/5.0 (Windows; U; Windows NT 5.1; en-US) AppleWebKit/534.16 (KHTML, like Gecko) Chrome/10.0.648.151 Safari/534.16"
208.252.25.30 - - [09/Aug/2011:07:12:46 -0700] "GET /images/anniversary_link.jpg HTTP/1.1" 200 54060 "http://www.comprehensivenet.com/p_JobListings.php" "Mozilla/5.0 (Windows; U; Windows NT 5.1; en-US) AppleWebKit/534.16 (KHTML, like Gecko) Chrome/10.0.648.151 Safari/534.16"
173.52.247.241 - - [09/Aug/2011:07:16:09 -0700] "GET /p_Nursing.php HTTP/1.1" 200 15382 "http://maps.google.com/maps?q=2047+Nostrand+avenue&oe=utf-8&rls=org.mozilla:en-US:official&client=firefox-a&um=1&ie=UTF-8&hq=&hnear=0x89c25b5209886157:0x35f270c9fdef1113,2047+Nostrand+Ave,+Brooklyn,+NY+11210&gl=us&ei=mz9BTqTzEeu80AH3jOHwCQ&sa=X&oi=geocode_result&ct=title&resnum=1&ved=0CBoQ8gEwAA" "Mozilla/5.0 (Windows NT 5.1; rv:5.0) Gecko/20100101 Firefox/5.0"
173.52.247.241 - - [09/Aug/2011:07:16:09 -0700] "GET /Scripts/AC_RunActiveContent.js HTTP/1.1" 200 8029 "http://www.comprehensivenet.com/p_Nursing.php" "Mozilla/5.0 (Windows NT 5.1; rv:5.0) Gecko/20100101 Firefox/5.0"
173.52.247.241 - - [09/Aug/2011:07:16:09 -0700] "GET /images/25_blog.jpg HTTP/1.1" 200 2060 "http://www.comprehensivenet.com/p_Nursing.php" "Mozilla/5.0 (Windows NT 5.1; rv:5.0) Gecko/20100101 Firefox/5.0"
173.52.247.241 - - [09/Aug/2011:07:16:09 -0700] "GET /images/buttons/about.jpg HTTP/1.1" 200 1869 "http://www.comprehensivenet.com/p_Nursing.php" "Mozilla/5.0 (Windows NT 5.1; rv:5.0) Gecko/20100101 Firefox/5.0"
173.52.247.241 - - [09/Aug/2011:07:16:10 -0700] "GET /images/buttons/newsletters.jpg HTTP/1.1" 200 2378 "http://www.comprehensivenet.com/p_Nursing.php" "Mozilla/5.0 (Windows NT 5.1; rv:5.0) Gecko/20100101 Firefox/5.0"
38.96.213.93 - - [09/Aug/2011:07:16:10 -0700] "GET /ComprehensiveStyles.css HTTP/1.0" 200 1472 "http://www.comprehensivenet.com/about.php" "Mozilla/4.0 (compatible; MSIE 8.0; Windows NT 5.1; Trident/4.0; .NET CLR 2.0.50727; .NET CLR 3.0.4506.2152; .NET CLR 3.5.30729; CMDTDF; .NET CLR 1.1.4322; .NET4.0C; .NET4.0E; InfoPath.2)"
38.96.213.93 - - [09/Aug/2011:07:16:10 -0700] "GET /images/buttons/contact.jpg HTTP/1.0" 200 2274 "http://www.comprehensivenet.com/about.php" "Mozilla/4.0 (compatible; MSIE 8.0; Windows NT 5.1; Trident/4.0; .NET CLR 2.0.50727; .NET CLR 3.0.4506.2152; .NET CLR 3.5.30729; CMDTDF; .NET CLR 1.1.4322; .NET4.0C; .NET4.0E; InfoPath.2)"
38.96.213.93 - - [09/Aug/2011:07:16:10 -0700] "GET /images/buttons/newsletters.jpg HTTP/1.0" 200 2378 "http://www.comprehensivenet.com/about.php" "Mozilla/4.0 (compatible; MSIE 8.0; Windows NT 5.1; Trident/4.0; .NET CLR 2.0.50727; .NET CLR 3.0.4506.2152; .NET CLR 3.5.30729; CMDTDF; .NET CLR 1.1.4322; .NET4.0C; .NET4.0E; InfoPath.2)"
38.96.213.93 - - [09/Aug/2011:07:16:10 -0700] "GET /images/buttons/professional.jpg HTTP/1.0" 200 4977 "http://www.comprehensivenet.com/about.php" "Mozilla/4.0 (compatible; MSIE 8.0; Windows NT 5.1; Trident/4.0; .NET CLR 2.0.50727; .NET CLR 3.0.4506.2152; .NET CLR 3.5.30729; CMDTDF; .NET CLR 1.1.4322; .NET4.0C; .NET4.0E; InfoPath.2)"
216.254.79.108 - - [09/Aug/2011:07:16:22 -0700] "GET /images/buttons/courses.jpg HTTP/1.1" 200 3497 "http://www.comprehensivenet.com/" "Mozilla/5.0 (Macintosh; U; Intel Mac OS X 10.6; en-US; rv:1.9.2.19) Gecko/20110707 Firefox/3.6.19"
216.254.79.108 - - [09/Aug/2011:07:16:22 -0700] "GET /Scripts/AC_RunActiveContent.js HTTP/1.1" 200 8029 "http://www.comprehensivenet.com/" "Mozilla/5.0 (Macintosh; U; Intel Mac OS X 10.6; en-US; rv:1.9.2.19) Gecko/20110707 Firefox/3.6.19"
173.52.247.241 - - [09/Aug/2011:07:16:38 -0700] "GET /images/Nursing_Services/Nursing_Services.flv HTTP/1.1" 200 1490944 "-" "Mozilla/5.0 (Windows NT 5.1; rv:5.0) Gecko/20100101 Firefox/5.0"
216.254.79.108 - - [09/Aug/2011:07:16:40 -0700] "GET /images/contact_map1.jpg HTTP/1.1" 200 56953 "http://www.comprehensivenet.com/contact.php" "Mozilla/5.0 (Macintosh; U; Intel Mac OS X 10.6; en-US; rv:1.9.2.19) Gecko/20110707 Firefox/3.6.19"
216.254.79.108 - - [09/Aug/2011:07:16:41 -0700] "GET /flash/Header.swf HTTP/1.1" 206 146368 "http://www.comprehensivenet.com/contact.php" "Mozilla/5.0 (Macintosh; U; Intel Mac OS X 10.6; en-US; rv:1.9.2.19) Gecko/20110707 Firefox/3.6.19"
173.52.247.241 - - [09/Aug/2011:07:16:43 -0700] "GET /images/buttons/home_on.jpg HTTP/1.1" 200 1637 "http://www.comprehensivenet.com/p_JobListings.php" "Mozilla/5.0 (Windows NT 5.1; rv:5.0) Gecko/20100101 Firefox/5.0"
173.52.247.241 - - [09/Aug/2011:07:16:43 -0700] "GET /images/buttons/contact_on.jpg HTTP/1.1" 200 2631 "http://www.comprehensivenet.com/p_JobListings.php" "Mozilla/5.0 (Windows NT 5.1; rv:5.0) Gecko/20100101 Firefox/5.0"
173.52.247.241 - - [09/Aug/2011:07:16:44 -0700] "GET /images/buttons/newsletters_on.jpg HTTP/1.1" 200 2692 "http://www.comprehensivenet.com/p_JobListings.php" "Mozilla/5.0 (Windows NT 5.1; rv:5.0) Gecko/20100101 Firefox/5.0"
216.254.79.108 - - [09/Aug/2011:07:17:48 -0700] "GET /images/25_twitter.jpg HTTP/1.1" 304 - "-" "Mozilla/4.0 (compatible; MSIE 6.0; Windows NT 5.1; SV1; GTB7.1; .NET CLR 2.0.50727)"
216.254.79.108 - - [09/Aug/2011:07:21:42 -0700] "GET /images/outlook_signature.jpg HTTP/1.1" 304 - "-" "Mozilla/4.0 (compatible; MSIE 6.0; Windows NT 5.1; SV1; GTB7.1; .NET CLR 2.0.50727)"
216.254.79.108 - - [09/Aug/2011:07:21:46 -0700] "GET /images/outlook_signature.jpg HTTP/1.1" 304 - "-" "Mozilla/4.0 (compatible; MSIE 7.0; Windows NT 5.1; Trident/4.0; GTB7.1; .NET CLR 1.1.4322; .NET CLR 2.0.50727; .NET CLR 3.0.4506.2152; .NET CLR 3.5.30729; InfoPath.1)"
216.254.79.108 - - [09/Aug/2011:07:25:40 -0700] "GET /images/25_facebook.jpg HTTP/1.1" 304 - "-" "Mozilla/4.0 (compatible; MSIE 7.0; Windows NT 5.1; Trident/4.0; GTB7.1; .NET CLR 1.1.4322; .NET CLR 2.0.50727; .NET CLR 3.0.4506.2152; .NET CLR 3.5.30729; InfoPath.1)"
216.254.79.108 - - [09/Aug/2011:07:25:42 -0700] "GET /images/25_twitter.jpg HTTP/1.1" 304 - "-" "Mozilla/4.0 (compatible; MSIE 7.0; Windows NT 5.1; Trident/4.0; GTB7.1; .NET CLR 1.1.4322; .NET CLR 2.0.50727; .NET CLR 3.0.4506.2152; .NET CLR 3.5.30729; InfoPath.1)"
216.254.79.108 - - [09/Aug/2011:07:26:06 -0700] "GET /images/25_twitter.jpg HTTP/1.1" 304 - "-" "Mozilla/4.0 (compatible; MSIE 6.0; Windows NT 5.1; SV1; GTB7.1; .NET CLR 2.0.50727)"
216.254.79.108 - - [09/Aug/2011:07:27:23 -0700] "GET /images/outlook_signature.jpg HTTP/1.1" 206 7057 "-" "Mozilla/4.0 (compatible; MSIE 7.0; Windows NT 5.1; Trident/4.0; FunWebProducts; .NET CLR 1.1.4322; .NET CLR 1.0.3705; .NET CLR 2.0.50727; AskTbORJ/5.12.3.17451)"
216.254.79.108 - - [09/Aug/2011:07:28:00 -0700] "GET /images/outlook_signature.jpg HTTP/1.1" 304 - "-" "Mozilla/4.0 (compatible; MSIE 6.0; Windows NT 5.1; SV1; Mozilla/4.0 (compatible; MSIE 6.0; Windows NT 5.1; SV1) ;  Embedded Web Browser from: http://bsalsa.com/; .NET CLR 1.1.4322; .NET CLR 2.0.50727; .NET CLR 3.0.04506.30; .NET CLR 3.0.4506.2152; .NET CLR 3.5.30729; MDDR)"
216.254.79.108 - - [09/Aug/2011:07:30:52 -0700] "GET /images/outlook_signature.jpg HTTP/1.1" 304 - "-" "Mozilla/4.0 (compatible; MSIE 7.0; Windows NT 5.1; Trident/4.0; GTB7.0; FunWebProducts; .NET CLR 1.1.4322; .NET CLR 2.0.50727; InfoPath.1; .NET CLR 3.0.4506.2152; .NET CLR 3.5.30729; FunWebProducts)"
216.254.79.108 - - [09/Aug/2011:07:30:53 -0700] "GET /images/25_facebook.jpg HTTP/1.1" 304 - "-" "Mozilla/4.0 (compatible; MSIE 7.0; Windows NT 5.1; Trident/4.0; GTB7.0; FunWebProducts; .NET CLR 1.1.4322; .NET CLR 2.0.50727; InfoPath.1; .NET CLR 3.0.4506.2152; .NET CLR 3.5.30729; FunWebProducts)"
216.254.79.108 - - [09/Aug/2011:07:30:54 -0700] "GET /images/25_twitter.jpg HTTP/1.1" 304 - "-" "Mozilla/4.0 (compatible; MSIE 7.0; Windows NT 5.1; Trident/4.0; GTB7.0; FunWebProducts; .NET CLR 1.1.4322; .NET CLR 2.0.50727; InfoPath.1; .NET CLR 3.0.4506.2152; .NET CLR 3.5.30729; FunWebProducts)"
74.64.10.235 - - [09/Aug/2011:07:32:31 -0700] "GET /images/buttons/contact.jpg HTTP/1.1" 200 2274 "http://www.comprehensivenet.com/" "Mozilla/5.0 (Windows NT 6.1; rv:5.0) Gecko/20100101 Firefox/5.0"
74.64.10.235 - - [09/Aug/2011:07:32:31 -0700] "GET /images/buttons/professional.jpg HTTP/1.1" 200 4977 "http://www.comprehensivenet.com/" "Mozilla/5.0 (Windows NT 6.1; rv:5.0) Gecko/20100101 Firefox/5.0"
74.64.10.235 - - [09/Aug/2011:07:32:32 -0700] "GET /images/home_catLinks.jpg HTTP/1.1" 200 90721 "http://www.comprehensivenet.com/" "Mozilla/5.0 (Windows NT 6.1; rv:5.0) Gecko/20100101 Firefox/5.0"
74.64.10.235 - - [09/Aug/2011:07:32:37 -0700] "GET /images/buttons/home_on.jpg HTTP/1.1" 200 1637 "http://www.comprehensivenet.com/" "Mozilla/5.0 (Windows NT 6.1; rv:5.0) Gecko/20100101 Firefox/5.0"
64.233.172.18 - - [09/Aug/2011:07:32:56 -0700] "GET /images/buttons/professional.jpg HTTP/1.1" 200 4977 "http://www.comprehensivenet.com/p_Nursing.php" "Mozilla/5.0 (X11; Linux x86_64) AppleWebKit/534.24 (KHTML, like Gecko; Google Web Preview) Chrome/11.0.696 Safari/534.24"
74.125.75.20 - - [09/Aug/2011:07:32:56 -0700] "GET /images/buttons/home.jpg HTTP/1.1" 200 1438 "http://www.comprehensivenet.com/p_Nursing.php" "Mozilla/5.0 (X11; Linux x86_64) AppleWebKit/534.24 (KHTML, like Gecko; Google Web Preview) Chrome/11.0.696 Safari/534.24"
74.125.75.20 - - [09/Aug/2011:07:32:56 -0700] "GET /images/buttons/about.jpg HTTP/1.1" 200 1869 "http://www.comprehensivenet.com/p_Nursing.php" "Mozilla/5.0 (X11; Linux x86_64) AppleWebKit/534.24 (KHTML, like Gecko; Google Web Preview) Chrome/11.0.696 Safari/534.24"
74.64.10.235 - - [09/Aug/2011:07:34:10 -0700] "GET /images/buttons/aboutYellow.jpg HTTP/1.1" 200 2404 "http://www.comprehensivenet.com/clients.php" "Mozilla/5.0 (Windows NT 6.1; rv:5.0) Gecko/20100101 Firefox/5.0"
74.64.10.235 - - [09/Aug/2011:07:34:10 -0700] "GET /images/buttons/contactYellow.jpg HTTP/1.1" 200 2948 "http://www.comprehensivenet.com/clients.php" "Mozilla/5.0 (Windows NT 6.1; rv:5.0) Gecko/20100101 Firefox/5.0"
74.64.10.235 - - [09/Aug/2011:07:34:10 -0700] "GET /images/buttons/clientsYellow.jpg HTTP/1.1" 200 3222 "http://www.comprehensivenet.com/clients.php" "Mozilla/5.0 (Windows NT 6.1; rv:5.0) Gecko/20100101 Firefox/5.0"
74.64.10.235 - - [09/Aug/2011:07:34:11 -0700] "GET /flash/Header.swf HTTP/1.1" 200 251972 "http://www.comprehensivenet.com/clients.php" "Mozilla/5.0 (Windows NT 6.1; rv:5.0) Gecko/20100101 Firefox/5.0"
74.64.10.235 - - [09/Aug/2011:07:34:47 -0700] "GET /c_EIPreSchool.php HTTP/1.1" 200 8300 "http://www.comprehensivenet.com/clients.php" "Mozilla/5.0 (Windows NT 6.1; rv:5.0) Gecko/20100101 Firefox/5.0"
152.216.11.5 - - [09/Aug/2011:07:35:06 -0700] "GET /images/outlook_signature.jpg HTTP/1.1" 200 39193 "-" "Mozilla/4.0 (compatible; MSIE 7.0; Windows NT 5.1; Trident/4.0; InfoPath.1; .NET CLR 1.1.4322; .NET CLR 2.0.50727; .NET CLR 3.0.04506.30; MS-RTC LM 8)"
74.64.10.235 - - [09/Aug/2011:07:35:09 -0700] "GET /images/tutoring_Img.jpg HTTP/1.1" 200 22841 "http://www.comprehensivenet.com/c_Tutoring.php" "Mozilla/5.0 (Windows NT 6.1; rv:5.0) Gecko/20100101 Firefox/5.0"
74.64.10.235 - - [09/Aug/2011:07:35:10 -0700] "GET /flash/Header.swf HTTP/1.1" 200 251972 "http://www.comprehensivenet.com/c_Tutoring.php" "Mozilla/5.0 (Windows NT 6.1; rv:5.0) Gecko/20100101 Firefox/5.0"
74.64.10.235 - - [09/Aug/2011:07:35:53 -0700] "GET /flash/Header.swf HTTP/1.1" 200 251972 "http://www.comprehensivenet.com/j_Psychologist.php" "Mozilla/5.0 (Windows NT 6.1; rv:5.0) Gecko/20100101 Firefox/5.0"
68.195.25.166 - - [09/Aug/2011:07:35:54 -0700] "GET /images/25_twitter.jpg HTTP/1.1" 200 2319 "-" "Mozilla/5.0 (compatible; MSIE 9.0; AOL 9.6; AOLBuild 4340.5004; Windows NT 6.0; WOW64; Trident/5.0)"
74.64.10.235 - - [09/Aug/2011:07:36:33 -0700] "GET /JobListings/show_news.php?subaction=showfull&id=1285171594&archive=&template= HTTP/1.1" 200 3474 "http://www.comprehensivenet.com/j_Tutor.php" "Mozilla/5.0 (Windows NT 6.1; rv:5.0) Gecko/20100101 Firefox/5.0"
68.195.232.138 - - [09/Aug/2011:07:39:12 -0700] "GET /images/outlook_signature.jpg HTTP/1.1" 304 - "-" "Mozilla/4.0 (compatible; MSIE 6.0; Windows NT 5.1; SV1; GTB7.1; .NET CLR 1.1.4322; .NET CLR 1.0.3705; .NET CLR 2.0.50727; .NET CLR 3.0.04506.30; .NET CLR 3.0.04506.648; .NET CLR 3.0.4506.2152; .NET CLR 3.5.30729; IPH 1.1.21.4019)"
69.235.206.171 - - [09/Aug/2011:07:42:22 -0700] "GET /images/25_facebook.jpg HTTP/1.1" 200 2028 "http://36ohk6dgmcd1n.yom.mail.yahoo.net/om/api/1.0/openmail.app.invoke/36ohk6dgmcd1n/4/1.0.35/us/en-US/view.html" "Mozilla/4.0 (compatible; MSIE 8.0; Windows NT 5.1; Trident/4.0; GTB6; .NET CLR 1.1.4322; InfoPath.2; .NET CLR 2.0.50727; .NET CLR 3.0.4506.2152; .NET CLR 3.5.30729)"
74.64.10.235 - - [09/Aug/2011:07:42:56 -0700] "GET /flash/Header.swf HTTP/1.1" 200 251972 "http://www.comprehensivenet.com/j_CFY.php" "Mozilla/5.0 (Windows NT 6.1; rv:5.0) Gecko/20100101 Firefox/5.0"
108.46.47.62 - - [09/Aug/2011:07:42:59 -0700] "GET /p_Nursing.php HTTP/1.1" 200 15382 "http://www.google.com/url?sa=t&source=web&cd=1&sqi=2&ved=0CBYQFjAA&url=http%3A%2F%2Fwww.beaschoolnurse.com%2F&rct=j&q=www.beaschoolnurse.com&ei=bUdBTqHOF6Hw0gHk_9ywCQ&usg=AFQjCNGGcnc0GALwbnQVZm2nqRP7iDtatw" "Mozilla/4.0 (compatible; MSIE 8.0; Windows NT 6.1; WOW64; Trident/4.0; GTB7.1; SLCC2; .NET CLR 2.0.50727; .NET CLR 3.5.30729; .NET CLR 3.0.30729; Media Center PC 6.0; .NET4.0C)"
108.46.47.62 - - [09/Aug/2011:07:43:00 -0700] "GET /ComprehensiveStyles.css HTTP/1.1" 200 1472 "http://www.comprehensivenet.com/p_Nursing.php" "Mozilla/4.0 (compatible; MSIE 8.0; Windows NT 6.1; WOW64; Trident/4.0; GTB7.1; SLCC2; .NET CLR 2.0.50727; .NET CLR 3.5.30729; .NET CLR 3.0.30729; Media Center PC 6.0; .NET4.0C)"
108.46.47.62 - - [09/Aug/2011:07:43:00 -0700] "GET /images/buttons/jobListings.jpg HTTP/1.1" 200 4761 "http://www.comprehensivenet.com/p_Nursing.php" "Mozilla/4.0 (compatible; MSIE 8.0; Windows NT 6.1; WOW64; Trident/4.0; GTB7.1; SLCC2; .NET CLR 2.0.50727; .NET CLR 3.5.30729; .NET CLR 3.0.30729; Media Center PC 6.0; .NET4.0C)"
108.46.47.62 - - [09/Aug/2011:07:43:01 -0700] "GET /images/buttons/home.jpg HTTP/1.1" 200 1438 "http://www.comprehensivenet.com/p_Nursing.php" "Mozilla/4.0 (compatible; MSIE 8.0; Windows NT 6.1; WOW64; Trident/4.0; GTB7.1; SLCC2; .NET CLR 2.0.50727; .NET CLR 3.5.30729; .NET CLR 3.0.30729; Media Center PC 6.0; .NET4.0C)"
108.46.47.62 - - [09/Aug/2011:07:43:01 -0700] "GET /images/buttons/professional.jpg HTTP/1.1" 200 4977 "http://www.comprehensivenet.com/p_Nursing.php" "Mozilla/4.0 (compatible; MSIE 8.0; Windows NT 6.1; WOW64; Trident/4.0; GTB7.1; SLCC2; .NET CLR 2.0.50727; .NET CLR 3.5.30729; .NET CLR 3.0.30729; Media Center PC 6.0; .NET4.0C)"
165.155.204.11 - - [09/Aug/2011:07:43:39 -0700] "GET /JobListings/skins/images/jobListingFooter.jpg HTTP/1.1" 304 - "http://www.comprehensivenet.com/JobListings/show_news.php?subaction=showfull&id=1268755935" "Mozilla/4.0 (compatible; MSIE 6.0; Windows NT 5.1; GTB6.5; SV1; InfoPath.1; .NET CLR 2.0.50727)"
108.46.47.62 - - [09/Aug/2011:07:43:48 -0700] "GET /p_JobListings.php HTTP/1.1" 200 11035 "http://www.comprehensivenet.com/p_Nursing.php" "Mozilla/4.0 (compatible; MSIE 8.0; Windows NT 6.1; WOW64; Trident/4.0; GTB7.1; SLCC2; .NET CLR 2.0.50727; .NET CLR 3.5.30729; .NET CLR 3.0.30729; Media Center PC 6.0; .NET4.0C)"
108.46.47.62 - - [09/Aug/2011:07:43:53 -0700] "GET /images/buttons/newsletters_on.jpg HTTP/1.1" 200 2692 "http://www.comprehensivenet.com/p_JobListings.php" "Mozilla/4.0 (compatible; MSIE 8.0; Windows NT 6.1; WOW64; Trident/4.0; GTB7.1; SLCC2; .NET CLR 2.0.50727; .NET CLR 3.5.30729; .NET CLR 3.0.30729; Media Center PC 6.0; .NET4.0C)"
108.46.47.62 - - [09/Aug/2011:07:43:55 -0700] "GET /images/buttons/contact_on.jpg HTTP/1.1" 200 2631 "http://www.comprehensivenet.com/j_Nurse.php" "Mozilla/4.0 (compatible; MSIE 8.0; Windows NT 6.1; WOW64; Trident/4.0; GTB7.1; SLCC2; .NET CLR 2.0.50727; .NET CLR 3.5.30729; .NET CLR 3.0.30729; Media Center PC 6.0; .NET4.0C)"
108.46.47.62 - - [09/Aug/2011:07:44:29 -0700] "GET /JobListings/skins/images/jobListingFooter.jpg HTTP/1.1" 200 12421 "http://www.comprehensivenet.com/JobListings/show_news.php?subaction=showfull&id=1282835471&archive=&template=" "Mozilla/4.0 (compatible; MSIE 8.0; Windows NT 6.1; WOW64; Trident/4.0; GTB7.1; SLCC2; .NET CLR 2.0.50727; .NET CLR 3.5.30729; .NET CLR 3.0.30729; Media Center PC 6.0; .NET4.0C)"
216.254.79.108 - - [09/Aug/2011:07:45:33 -0700] "GET /images/outlook_signature.jpg HTTP/1.1" 304 - "-" "Mozilla/4.0 (compatible; MSIE 6.0; Windows NT 5.1; SV1; GTB7.1; .NET CLR 2.0.50727)"
108.46.47.62 - - [09/Aug/2011:07:47:09 -0700] "GET /index.php HTTP/1.1" 200 14389 "http://www.comprehensivenet.com/j_Nurse.php" "Mozilla/4.0 (compatible; MSIE 8.0; Windows NT 6.1; WOW64; Trident/4.0; GTB7.1; SLCC2; .NET CLR 2.0.50727; .NET CLR 3.5.30729; .NET CLR 3.0.30729; Media Center PC 6.0; .NET4.0C)"
108.46.47.62 - - [09/Aug/2011:07:47:09 -0700] "GET /ComprehensiveStyles.css HTTP/1.1" 304 - "http://www.comprehensivenet.com/index.php" "Mozilla/4.0 (compatible; MSIE 8.0; Windows NT 6.1; WOW64; Trident/4.0; GTB7.1; SLCC2; .NET CLR 2.0.50727; .NET CLR 3.5.30729; .NET CLR 3.0.30729; Media Center PC 6.0; .NET4.0C)"
108.46.47.62 - - [09/Aug/2011:07:47:09 -0700] "GET /Scripts/AC_RunActiveContent.js HTTP/1.1" 304 - "http://www.comprehensivenet.com/index.php" "Mozilla/4.0 (compatible; MSIE 8.0; Windows NT 6.1; WOW64; Trident/4.0; GTB7.1; SLCC2; .NET CLR 2.0.50727; .NET CLR 3.5.30729; .NET CLR 3.0.30729; Media Center PC 6.0; .NET4.0C)"
164.82.146.3 - - [09/Aug/2011:07:51:39 -0700] "GET /JobListings/skins/images/jobListingFooter.jpg HTTP/1.1" 200 12421 "http://www.comprehensivenet.com/JobListings/show_news.php?subaction=showfull&id=1302014626" "Mozilla/4.0 (compatible; MSIE 8.0; Windows NT 5.1; Trident/4.0; GTB7.1; .NET CLR 1.1.4322; .NET CLR 2.0.50727; .NET CLR 3.0.4506.2152; .NET CLR 3.5.30729; InfoPath.2)"
164.82.146.3 - - [09/Aug/2011:07:51:40 -0700] "GET /favicon.ico HTTP/1.1" 200 894 "-" "Mozilla/4.0 (compatible; MSIE 8.0; Windows NT 5.1; Trident/4.0; GTB7.1; .NET CLR 1.1.4322; .NET CLR 2.0.50727; .NET CLR 3.0.4506.2152; .NET CLR 3.5.30729; InfoPath.2)"
216.254.79.108 - - [09/Aug/2011:07:56:01 -0700] "GET /images/25_twitter.jpg HTTP/1.1" 304 - "-" "Mozilla/4.0 (compatible; MSIE 6.0; Windows NT 5.1; SV1; Mozilla/4.0 (compatible; MSIE 6.0; Windows NT 5.1; SV1) ;  Embedded Web Browser from: http://bsalsa.com/; .NET CLR 1.1.4322; .NET CLR 2.0.50727; .NET CLR 3.0.04506.30; .NET CLR 3.0.4506.2152; .NET CLR 3.5.30729; MDDR)"
216.254.79.108 - - [09/Aug/2011:07:57:22 -0700] "GET /images/25_twitter.jpg HTTP/1.1" 304 - "-" "Mozilla/4.0 (compatible; MSIE 6.0; Windows NT 5.1; SV1; GTB7.1; .NET CLR 1.1.4322; .NET CLR 2.0.50727)"
216.254.79.108 - - [09/Aug/2011:07:57:23 -0700] "GET /images/outlook_signature.jpg HTTP/1.1" 304 - "-" "Mozilla/4.0 (compatible; MSIE 6.0; Windows NT 5.1; SV1; GTB7.1; .NET CLR 1.1.4322; .NET CLR 2.0.50727)"
68.195.232.138 - - [09/Aug/2011:08:01:24 -0700] "GET /images/25_facebook.jpg HTTP/1.1" 304 - "-" "Mozilla/4.0 (compatible; MSIE 7.0; Windows NT 5.1; MRSPUTNIK 2, 3, 0, 104; GTB6.6; .NET CLR 1.1.4322; .NET CLR 2.0.50727; .NET CLR 1.0.3705; .NET CLR 3.0.04506.30; .NET CLR 3.0.04506.648; .NET CLR 3.0.4506.2152; .NET CLR 3.5.30729; IPH 1.1.21.4019)"
66.31.34.160 - - [09/Aug/2011:08:01:59 -0700] "GET /images/25_blog.jpg HTTP/1.1" 200 2060 "http://www.comprehensivenet.com/p_EIPreSchool.php" "Mozilla/5.0 (Macintosh; Intel Mac OS X 10_6_4) AppleWebKit/535.1 (KHTML, like Gecko) Chrome/13.0.782.107 Safari/535.1"
66.31.34.160 - - [09/Aug/2011:08:01:59 -0700] "GET /images/buttons/professional.jpg HTTP/1.1" 200 4977 "http://www.comprehensivenet.com/p_EIPreSchool.php" "Mozilla/5.0 (Macintosh; Intel Mac OS X 10_6_4) AppleWebKit/535.1 (KHTML, like Gecko) Chrome/13.0.782.107 Safari/535.1"
66.31.34.160 - - [09/Aug/2011:08:01:59 -0700] "GET /images/buttons/therapyEval.jpg HTTP/1.1" 200 10385 "http://www.comprehensivenet.com/p_EIPreSchool.php" "Mozilla/5.0 (Macintosh; Intel Mac OS X 10_6_4) AppleWebKit/535.1 (KHTML, like Gecko) Chrome/13.0.782.107 Safari/535.1"
68.195.232.138 - - [09/Aug/2011:08:03:12 -0700] "GET /images/outlook_signature.jpg HTTP/1.1" 304 - "-" "Mozilla/4.0 (compatible; MSIE 7.0; Windows NT 5.1; MRSPUTNIK 2, 3, 0, 104; GTB6.6; .NET CLR 1.1.4322; .NET CLR 2.0.50727; .NET CLR 1.0.3705; .NET CLR 3.0.04506.30; .NET CLR 3.0.04506.648; .NET CLR 3.0.4506.2152; .NET CLR 3.5.30729; IPH 1.1.21.4019)"
24.185.207.129 - - [09/Aug/2011:08:06:12 -0700] "GET /images/25_twitter.jpg HTTP/1.1" 200 2319 "-" "Mozilla/5.0 (iPhone; U; CPU iPhone OS 4_3_3 like Mac OS X; en-us) AppleWebKit/533.17.9 (KHTML, like Gecko)"
216.254.79.108 - - [09/Aug/2011:08:08:42 -0700] "GET /images/25_facebook.jpg HTTP/1.1" 200 2028 "-" "Mozilla/4.0 (compatible; MSIE 7.0; Windows NT 5.1; Trident/4.0; GTB7.1; .NET CLR 1.1.4322; .NET CLR 2.0.50727; .NET CLR 3.0.4506.2152; .NET CLR 3.5.30729; .NET4.0C; InfoPath.1)"
216.254.79.108 - - [09/Aug/2011:08:13:32 -0700] "GET /images/outlook_signature.jpg HTTP/1.1" 304 - "-" "Mozilla/4.0 (compatible; MSIE 7.0; Windows NT 6.1; Trident/4.0; SLCC2; .NET CLR 2.0.50727; .NET CLR 3.5.30729; .NET CLR 3.0.30729; Media Center PC 6.0; .NET4.0C; .NET4.0E; BRI/1)"
149.10.211.100 - - [09/Aug/2011:08:15:20 -0700] "GET /images/25_twitter.jpg HTTP/1.1" 200 2319 "-" "Mozilla/4.0 (compatible; MSIE 7.0; Windows NT 5.1; Trident/4.0; .NET CLR 1.1.4322; InfoPath.1; .NET CLR 2.0.50727; .NET CLR 3.0.4506.2152; .NET CLR 3.5.30729)"
216.254.79.108 - - [09/Aug/2011:08:16:31 -0700] "GET /images/outlook_signature.jpg HTTP/1.1" 304 - "-" "Mozilla/4.0 (compatible; MSIE 7.0; Windows NT 5.1; Trident/4.0; GTB7.1; .NET CLR 1.1.4322; .NET CLR 2.0.50727; .NET CLR 3.0.4506.2152; .NET CLR 3.5.30729; .NET4.0C; InfoPath.1)"
216.254.79.108 - - [09/Aug/2011:08:16:44 -0700] "GET /images/outlook_signature.jpg HTTP/1.1" 304 - "-" "Mozilla/4.0 (compatible; MSIE 7.0; Windows NT 5.1; Trident/4.0; BTRS86393; .NET CLR 1.0.3705; .NET CLR 2.0.50727; .NET CLR 3.0.4506.2152; .NET CLR 3.5.30729)"
74.105.184.88 - - [09/Aug/2011:08:23:30 -0700] "GET /JobListings/show_news.php?subaction=showfull&id=1282249075 HTTP/1.1" 200 4725 "http://www.indeed.com/jobs?q=occupational+therapy&l=New+York%2C+NY" "Mozilla/4.0 (compatible; MSIE 8.0; Windows NT 6.0; Trident/4.0; GTB7.0; SLCC1; .NET CLR 2.0.50727; Tablet PC 2.0; .NET CLR 3.5.30729; .NET CLR 3.0.30729; .NET4.0C; InfoPath.3; 88680780603; patch:202165)"
81.30.76.204 - - [09/Aug/2011:08:24:34 -0700] "GET / HTTP/1.1" 200 14395 "http://www.comprehensive-group.org" "Mozilla/5.0 (Macintosh; U; Intel Mac OS X 10_5_7; nl-nl) AppleWebKit/528.16 (KHTML, like Gecko) Version/4.0 Safari/528.16"
216.254.79.108 - - [09/Aug/2011:08:25:56 -0700] "GET /images/outlook_signature.jpg HTTP/1.1" 304 - "-" "Mozilla/4.0 (compatible; MSIE 7.0; Windows NT 5.1; Trident/4.0; .NET CLR 1.1.4322; .NET CLR 2.0.50727; .NET CLR 3.0.4506.2152; .NET CLR 3.5.30729; .NET4.0C; .NET4.0E; yie8)"
216.254.79.108 - - [09/Aug/2011:08:25:57 -0700] "GET /images/25_facebook.jpg HTTP/1.1" 304 - "-" "Mozilla/4.0 (compatible; MSIE 7.0; Windows NT 5.1; Trident/4.0; .NET CLR 1.1.4322; .NET CLR 2.0.50727; .NET CLR 3.0.4506.2152; .NET CLR 3.5.30729; .NET4.0C; .NET4.0E; yie8)"
216.254.79.108 - - [09/Aug/2011:08:26:22 -0700] "GET /images/25_facebook.jpg HTTP/1.1" 304 - "-" "Mozilla/4.0 (compatible; MSIE 7.0; Windows NT 5.1; Trident/4.0; .NET CLR 1.1.4322; .NET CLR 2.0.50727; .NET CLR 3.0.4506.2152; .NET CLR 3.5.30729; .NET4.0C; .NET4.0E; yie8)"
68.195.232.138 - - [09/Aug/2011:08:27:06 -0700] "GET /images/25_facebook.jpg HTTP/1.1" 304 - "-" "Mozilla/4.0 (compatible; MSIE 7.0; Windows NT 5.1; .NET CLR 2.0.50727; .NET CLR 3.0.4506.2152; .NET CLR 3.5.30729)"
68.195.232.138 - - [09/Aug/2011:08:28:48 -0700] "GET /images/25_facebook.jpg HTTP/1.1" 304 - "-" "Mozilla/4.0 (compatible; MSIE 6.0; Windows NT 5.1; SV1; GTB6.6; .NET CLR 1.1.4322; .NET CLR 2.0.50727; Windows-Media-Player/10.00.00.3990)"
68.195.232.138 - - [09/Aug/2011:08:28:49 -0700] "GET /images/outlook_signature.jpg HTTP/1.1" 304 - "-" "Mozilla/4.0 (compatible; MSIE 6.0; Windows NT 5.1; SV1; GTB6.6; .NET CLR 1.1.4322; .NET CLR 2.0.50727; Windows-Media-Player/10.00.00.3990)"
149.10.211.82 - - [09/Aug/2011:08:29:15 -0700] "GET /images/25_facebook.jpg HTTP/1.1" 200 2028 "-" "Mozilla/4.0 (compatible; MSIE 6.0; Windows NT 5.1; SV1; .NET CLR 2.0.50727; InfoPath.1; .NET CLR 3.0.4506.2152; .NET CLR 3.5.30729; .NET CLR 1.1.4322)"
98.137.80.68 - - [09/Aug/2011:08:36:45 -0700] "GET /images/25_facebook.jpg HTTP/1.0" 200 2028 "-" "YahooExternalCache"
216.254.79.108 - - [09/Aug/2011:08:37:15 -0700] "GET /images/outlook_signature.jpg HTTP/1.1" 304 - "-" "Mozilla/4.0 (compatible; MSIE 7.0; Windows NT 5.1; Trident/4.0; FunWebProducts; GTB7.1; .NET CLR 1.1.4322; .NET CLR 2.0.50727; .NET CLR 3.0.4506.2152; .NET CLR 3.5.30729; .NET4.0C; .NET4.0E; FunWebProducts)"
216.254.79.108 - - [09/Aug/2011:08:39:42 -0700] "GET /images/buttons/newsletters.jpg HTTP/1.1" 200 2378 "http://www.comprehensivenet.com/" "Mozilla/5.0 (Windows; U; Windows NT 5.1; en-US; rv:1.9.2.18) Gecko/20110614 BTRS86393 Firefox/3.6.18 ( .NET CLR 3.5.30729)"
216.254.79.108 - - [09/Aug/2011:08:39:52 -0700] "GET /blog/wp-content/uploads/2010/08/relax-199x300.jpg HTTP/1.1" 200 26060 "http://www.comprehensivenet.com/blog/" "Mozilla/5.0 (Windows; U; Windows NT 5.1; en-US; rv:1.9.2.18) Gecko/20110614 BTRS86393 Firefox/3.6.18 ( .NET CLR 3.5.30729)"
216.254.79.108 - - [09/Aug/2011:08:39:52 -0700] "GET /blog/ HTTP/1.1" 200 20423 "http://www.comprehensivenet.com/" "Mozilla/5.0 (Windows; U; Windows NT 5.1; en-US; rv:1.9.2.18) Gecko/20110614 BTRS86393 Firefox/3.6.18 ( .NET CLR 3.5.30729)"
