208.115.111.67 - - [09/Aug/2011:00:30:39 -0700] "GET /tahiti/index.htm HTTP/1.1" 404 222 "-" "Mozilla/5.0 (compatible; Ezooms/1.0; ezooms.bot@gmail.com)"
109.65.24.111 - - [09/Aug/2011:00:42:34 -0700] "GET /images/buttons/about.jpg HTTP/1.1" 200 1869 "http://www.comprehensivenet.com/p_ContinuingEd.php" "Mozilla/5.0 (Windows NT 6.1; WOW64; rv:5.0) Gecko/20100101 Firefox/5.0"
109.65.24.111 - - [09/Aug/2011:00:42:34 -0700] "GET /images/buttons/therapyEval.jpg HTTP/1.1" 200 10385 "http://www.comprehensivenet.com/p_ContinuingEd.php" "Mozilla/5.0 (Windows NT 6.1; WOW64; rv:5.0) Gecko/20100101 Firefox/5.0"
109.65.24.111 - - [09/Aug/2011:00:42:36 -0700] "GET /images/logos/other_RID.jpg HTTP/1.1" 200 16919 "http://www.comprehensivenet.com/p_ContinuingEd.php" "Mozilla/5.0 (Windows NT 6.1; WOW64; rv:5.0) Gecko/20100101 Firefox/5.0"
109.65.24.111 - - [09/Aug/2011:00:42:40 -0700] "GET /images/buttons/contact_on.jpg HTTP/1.1" 200 2631 "http://www.comprehensivenet.com/p_ContinuingEd.php" "Mozilla/5.0 (Windows NT 6.1; WOW64; rv:5.0) Gecko/20100101 Firefox/5.0"
68.4.61.107 - - [09/Aug/2011:00:54:01 -0700] "GET /images/25_twitter.jpg HTTP/1.1" 200 2319 "http://by166w.bay166.mail.live.com/default.aspx" "Mozilla/5.0 (compatible; MSIE 9.0; Windows NT 6.1; WOW64; Trident/5.0)"
67.195.112.25 - - [09/Aug/2011:00:56:18 -0700] "GET /blog/wp-content/themes/twentyten/style.css HTTP/1.0" 304 - "http://www.comprehensivenet.com/blog/?p=58" "Mozilla/5.0 (compatible; Yahoo! Slurp; http://help.yahoo.com/help/us/ysearch/slurp)"
74.73.230.183 - - [09/Aug/2011:01:42:55 -0700] "GET /images/buttons/newsletters.jpg HTTP/1.1" 200 2378 "http://www.comprehensivenet.com/" "Mozilla/5.0 (Macintosh; U; Intel Mac OS X 10_6_8; en-us) AppleWebKit/533.21.1 (KHTML, like Gecko) Version/5.0.5 Safari/533.21.1"
74.73.230.183 - - [09/Aug/2011:01:42:56 -0700] "GET /images/home_catLinks.jpg HTTP/1.1" 200 90721 "http://www.comprehensivenet.com/" "Mozilla/5.0 (Macintosh; U; Intel Mac OS X 10_6_8; en-us) AppleWebKit/533.21.1 (KHTML, like Gecko) Version/5.0.5 Safari/533.21.1"
123.125.71.82 - - [09/Aug/2011:02:39:26 -0700] "GET /c_Tutoring.php HTTP/1.1" 200 11245 "-" "Mozilla/5.0 (compatible; Baiduspider/2.0; +http://www.baidu.com/search/spider.html)"
69.113.11.108 - - [09/Aug/2011:02:57:24 -0700] "GET /JobListings/show_news.php?subaction=showfull&id=1269304300 HTTP/1.1" 200 4208 "-" "Mozilla/5.0 (Macintosh; U; Intel Mac OS X 10_5_8; en-us) AppleWebKit/533.21.1 (KHTML, like Gecko) Version/5.0.5 Safari/533.21.1"
69.113.11.108 - - [09/Aug/2011:02:57:25 -0700] "GET /JobListings/skins/images/jobListingFooter.jpg HTTP/1.1" 200 12421 "http://www.comprehensivenet.com/JobListings/show_news.php?subaction=showfull&id=1269304300" "Mozilla/5.0 (Macintosh; U; Intel Mac OS X 10_5_8; en-us) AppleWebKit/533.21.1 (KHTML, like Gecko) Version/5.0.5 Safari/533.21.1"
74.125.90.83 - - [09/Aug/2011:03:01:39 -0700] "GET /googlehostedservice.html HTTP/1.1" 404 230 "-" "Jakarta Commons-HttpClient/3.1"
74.125.90.83 - - [09/Aug/2011:03:01:39 -0700] "GET /googlehostedservice.html HTTP/1.1" 404 230 "-" "Jakarta Commons-HttpClient/3.1"
72.89.146.222 - - [09/Aug/2011:03:41:54 -0700] "GET /images/25_facebook.jpg HTTP/1.1" 304 - "http://bl157w.blu157.mail.live.com/default.aspx?rru=inbox" "Mozilla/4.0 (compatible; MSIE 7.0; Windows NT 5.1; Trident/4.0; GTB7.1; .NET CLR 1.1.4322; .NET CLR 2.0.50727; .NET CLR 3.0.4506.2152; .NET CLR 3.5.30729; WinTSI 01.10.2009)"
74.90.216.116 - - [09/Aug/2011:03:49:23 -0700] "GET /images/25_twitter.jpg HTTP/1.1" 200 2319 "http://www.comprehensivenet.com/p_EIPreSchool.php" "Mozilla/4.0 (compatible; MSIE 8.0; Windows NT 5.1; Trident/4.0)"
74.90.216.116 - - [09/Aug/2011:03:49:23 -0700] "GET /images/buttons/professional.jpg HTTP/1.1" 200 4977 "http://www.comprehensivenet.com/p_EIPreSchool.php" "Mozilla/4.0 (compatible; MSIE 8.0; Windows NT 5.1; Trident/4.0)"
74.90.216.116 - - [09/Aug/2011:03:49:23 -0700] "GET /images/buttons/Advantage.jpg HTTP/1.1" 200 21282 "http://www.comprehensivenet.com/p_EIPreSchool.php" "Mozilla/4.0 (compatible; MSIE 8.0; Windows NT 5.1; Trident/4.0)"
74.90.216.116 - - [09/Aug/2011:03:49:27 -0700] "GET /images/jobList_Img.jpg HTTP/1.1" 200 71154 "http://www.comprehensivenet.com/p_JobListings.php" "Mozilla/4.0 (compatible; MSIE 8.0; Windows NT 5.1; Trident/4.0)"
74.90.216.116 - - [09/Aug/2011:03:49:30 -0700] "GET /images/buttons/home_on.jpg HTTP/1.1" 200 1637 "http://www.comprehensivenet.com/p_JobListings.php" "Mozilla/4.0 (compatible; MSIE 8.0; Windows NT 5.1; Trident/4.0)"
74.90.216.116 - - [09/Aug/2011:03:49:53 -0700] "GET /j_SpecialEducator.php HTTP/1.1" 200 29331 "-" "Mozilla/4.0 (compatible; MSIE 8.0; Windows NT 5.1; Trident/4.0)"
74.108.156.235 - - [09/Aug/2011:04:43:34 -0700] "GET /ComprehensiveStyles.css HTTP/1.1" 200 1472 "http://comprehensivenet.com/c_Tutoring.php" "Mozilla/5.0 (Windows NT 6.1; WOW64; rv:5.0) Gecko/20100101 Firefox/5.0"
74.108.156.235 - - [09/Aug/2011:04:43:34 -0700] "GET /images/buttons/contactYellow.jpg HTTP/1.1" 200 2948 "http://comprehensivenet.com/c_Tutoring.php" "Mozilla/5.0 (Windows NT 6.1; WOW64; rv:5.0) Gecko/20100101 Firefox/5.0"
74.108.156.235 - - [09/Aug/2011:04:43:35 -0700] "GET /images/buttons/therapyEval_Y.jpg HTTP/1.1" 200 10923 "http://comprehensivenet.com/c_Tutoring.php" "Mozilla/5.0 (Windows NT 6.1; WOW64; rv:5.0) Gecko/20100101 Firefox/5.0"
74.108.156.235 - - [09/Aug/2011:04:43:46 -0700] "GET /c_Tutoring.php/favicon.ico HTTP/1.1" 200 11245 "-" "Mozilla/5.0 (Windows NT 6.1; WOW64; rv:5.0) Gecko/20100101 Firefox/5.0"
74.108.156.235 - - [09/Aug/2011:04:43:56 -0700] "GET /images/contact_map3.jpg HTTP/1.1" 200 62644 "http://comprehensivenet.com/contact.php" "Mozilla/5.0 (Windows NT 6.1; WOW64; rv:5.0) Gecko/20100101 Firefox/5.0"
74.108.156.235 - - [09/Aug/2011:04:44:06 -0700] "GET /images/buttons/about_on.jpg HTTP/1.1" 200 2141 "http://comprehensivenet.com/contact.php" "Mozilla/5.0 (Windows NT 6.1; WOW64; rv:5.0) Gecko/20100101 Firefox/5.0"
216.254.79.108 - - [09/Aug/2011:04:54:38 -0700] "GET /images/25_facebook.jpg HTTP/1.1" 304 - "-" "Mozilla/4.0 (compatible; MSIE 7.0; Windows NT 5.1; .NET CLR 1.1.4322; .NET CLR 1.0.3705; .NET CLR 2.0.50727; .NET CLR 3.0.4506.2152; .NET CLR 3.5.30729)"
216.254.79.108 - - [09/Aug/2011:05:00:22 -0700] "GET /images/25_facebook.jpg HTTP/1.1" 304 - "-" "Mozilla/4.0 (compatible; MSIE 7.0; Windows NT 5.1; .NET CLR 1.1.4322; .NET CLR 1.0.3705; .NET CLR 2.0.50727; .NET CLR 3.0.4506.2152; .NET CLR 3.5.30729)"
166.137.137.83 - - [09/Aug/2011:05:18:07 -0700] "GET /images/outlook_signature.jpg HTTP/1.1" 304 - "-" "Mozilla/5.0 (iPhone; U; CPU iPhone OS 4_3_3 like Mac OS X; en-us) AppleWebKit/533.17.9 (KHTML, like Gecko)"
68.192.96.171 - - [09/Aug/2011:05:26:20 -0700] "GET /images/25_facebook.jpg HTTP/1.1" 200 2028 "http://mail.aol.com/34007-311/aol-6/en-us/Suite.aspx" "Mozilla/4.0 (compatible; MSIE 8.0; Windows NT 6.0; Trident/4.0; GTB6.6; SLCC1; .NET CLR 2.0.50727; Media Center PC 5.0; .NET CLR 3.5.30729; .NET CLR 3.0.30618; .NET4.0C)"
68.192.96.171 - - [09/Aug/2011:05:26:20 -0700] "GET /images/25_twitter.jpg HTTP/1.1" 200 2319 "http://mail.aol.com/34007-311/aol-6/en-us/Suite.aspx" "Mozilla/4.0 (compatible; MSIE 8.0; Windows NT 6.0; Trident/4.0; GTB6.6; SLCC1; .NET CLR 2.0.50727; Media Center PC 5.0; .NET CLR 3.5.30729; .NET CLR 3.0.30618; .NET4.0C)"
68.197.155.179 - - [09/Aug/2011:05:36:21 -0700] "GET /images/25_facebook.jpg HTTP/1.1" 200 2028 "http://mail.aol.com/34007-311/aol-6/en-us/Suite.aspx" "Mozilla/5.0 (compatible; MSIE 9.0; Windows NT 6.0; Trident/5.0)"
74.82.64.160 - - [09/Aug/2011:05:50:40 -0700] "GET /images/25_facebook.jpg HTTP/1.1" 200 2028 "http://www.comprehensivenet.com/p_EIPreSchool.php" "Mozilla/5.0 (BlackBerry; U; BlackBerry 9700; en-US) AppleWebKit/534.8+ (KHTML, like Gecko) Version/6.0.0.448 Mobile Safari/534.8+"
74.82.64.160 - - [09/Aug/2011:05:50:40 -0700] "GET /images/25_twitter.jpg HTTP/1.1" 200 2319 "http://www.comprehensivenet.com/p_EIPreSchool.php" "Mozilla/5.0 (BlackBerry; U; BlackBerry 9700; en-US) AppleWebKit/534.8+ (KHTML, like Gecko) Version/6.0.0.448 Mobile Safari/534.8+"
74.82.64.160 - - [09/Aug/2011:05:50:42 -0700] "GET /images/buttons/jobListings.jpg HTTP/1.1" 200 4761 "http://www.comprehensivenet.com/p_EIPreSchool.php" "Mozilla/5.0 (BlackBerry; U; BlackBerry 9700; en-US) AppleWebKit/534.8+ (KHTML, like Gecko) Version/6.0.0.448 Mobile Safari/534.8+"
216.254.79.108 - - [09/Aug/2011:05:52:52 -0700] "GET /images/outlook_signature.jpg HTTP/1.1" 200 39193 "-" "Mozilla/4.0 (compatible; MSIE 7.0; Windows NT 5.1; Trident/4.0; GTB7.1; .NET CLR 1.1.4322; .NET CLR 2.0.50727; .NET CLR 3.0.4506.2152; .NET CLR 3.5.30729; .NET4.0C; InfoPath.1)"
216.254.79.108 - - [09/Aug/2011:05:54:14 -0700] "GET /images/25_facebook.jpg HTTP/1.1" 304 - "-" "Mozilla/4.0 (compatible; MSIE 7.0; Windows NT 5.1; .NET CLR 2.0.50727; .NET CLR 3.0.4506.2152; .NET CLR 3.5.30729)"
58.22.101.247 - - [09/Aug/2011:05:54:41 -0700] "GET /blog/ HTTP/1.0" 200 20381 "http://www.comprehensivenet.com/blog/" "Mozilla/4.0 (compatible; MSIE 6.0; Windows NT 5.2; Win64; x64; SV1; .NET CLR 2.0.50727)"
74.82.64.144 - - [09/Aug/2011:05:56:27 -0700] "GET /p_JobListings.php HTTP/1.1" 200 11041 "http://www.comprehensivenet.com/" "Mozilla/5.0 (BlackBerry; U; BlackBerry 9700; en-US) AppleWebKit/534.8+ (KHTML, like Gecko) Version/6.0.0.448 Mobile Safari/534.8+"
74.82.64.144 - - [09/Aug/2011:05:56:38 -0700] "GET /j_MentalHealth.php HTTP/1.1" 200 29427 "http://www.comprehensivenet.com/p_JobListings.php" "Mozilla/5.0 (BlackBerry; U; BlackBerry 9700; en-US) AppleWebKit/534.8+ (KHTML, like Gecko) Version/6.0.0.448 Mobile Safari/534.8+"
24.146.140.22 - - [09/Aug/2011:05:57:49 -0700] "GET /images/outlook_signature.jpg HTTP/1.1" 200 39193 "-" "Mozilla/5.0 (iPhone; U; CPU iPhone OS 4_3_3 like Mac OS X; en-us) AppleWebKit/533.17.9 (KHTML, like Gecko)"
74.116.90.15 - - [09/Aug/2011:05:58:45 -0700] "GET /images/signtalk_unplugreconnect_8411/rid_acet_logo.jpg HTTP/1.1" 304 - "-" "VRPS/$Rev: 43290 $"
69.142.52.67 - - [09/Aug/2011:06:01:01 -0700] "GET /images/outlook_signature.jpg HTTP/1.1" 200 39193 "-" "Mozilla/5.0 (Macintosh; Intel Mac OS X 10_5_8) AppleWebKit/534.50.2 (KHTML, like Gecko) Version/5.0.6 Safari/533.22.3"
184.82.131.106 - - [09/Aug/2011:06:02:52 -0700] "GET / HTTP/1.1" 200 14395 "-" "Mozilla/5.0 (X11; U; Linux i686; en-US; rv:1.8.1.20) Gecko/20081217 Firefox/2.0.0.20"
72.225.166.132 - - [09/Aug/2011:06:05:43 -0700] "GET /images/buttons/contact.jpg HTTP/1.1" 200 2274 "http://www.comprehensivenet.com/j_Nurse.php" "Mozilla/5.0 (Macintosh; Intel Mac OS X 10.6; rv:5.0.1) Gecko/20100101 Firefox/5.0.1"
72.225.166.132 - - [09/Aug/2011:06:05:43 -0700] "GET /images/buttons/newsletters.jpg HTTP/1.1" 200 2378 "http://www.comprehensivenet.com/j_Nurse.php" "Mozilla/5.0 (Macintosh; Intel Mac OS X 10.6; rv:5.0.1) Gecko/20100101 Firefox/5.0.1"
72.225.166.132 - - [09/Aug/2011:06:05:45 -0700] "GET /images/buttons/tutoring.jpg HTTP/1.1" 200 5948 "http://www.comprehensivenet.com/j_Nurse.php" "Mozilla/5.0 (Macintosh; Intel Mac OS X 10.6; rv:5.0.1) Gecko/20100101 Firefox/5.0.1"
184.82.131.106 - - [09/Aug/2011:06:09:04 -0700] "GET / HTTP/1.1" 200 14395 "-" "Mozilla/5.0 (X11; U; Linux i686; en-US; rv:1.8.1.20) Gecko/20081217 Firefox/2.0.0.20"
95.108.158.237 - - [09/Aug/2011:06:14:13 -0700] "GET /images/buttons/interpretation.jpg HTTP/1.1" 304 - "-" "Mozilla/5.0 (compatible; YandexImages/3.0; +http://yandex.com/bots)"
96.57.30.154 - - [09/Aug/2011:06:16:35 -0700] "GET /JobListings/show_news.php?subaction=showfull&id=1282159531 HTTP/1.1" 200 6027 "http://www.indeed.com/jobs?q=child+care+worker&l=Woodmere%2C+NY+11598&radius=10&sort=date" "Mozilla/4.0 (compatible; MSIE 8.0; Windows NT 5.1; Trident/4.0; InfoPath.1; .NET CLR 1.1.4322; .NET CLR 1.0.3705; .NET CLR 2.0.50727; .NET CLR 3.0.4506.2152; .NET CLR 3.5.30729; IEMB3; msn OptimizedIE8;ENUS)"
161.38.221.236 - - [09/Aug/2011:06:17:23 -0700] "GET /p_Nursing.php HTTP/1.1" 200 15382 "http://www.google.com/url?sa=t&source=web&cd=1&ved=0CBgQFjAA&url=http%3A%2F%2Fwww.beaschoolnurse.com%2F&rct=j&q=comprehensive%20resources%20brooklyn%20ny&ei=TTNBTubECqHmiALB473LBQ&usg=AFQjCNGGcnc0GALwbnQVZm2nqRP7iDtatw" "Mozilla/5.0 (Windows NT 5.1; rv:2.0) Gecko/20100101 Firefox/4.0"
161.38.221.236 - - [09/Aug/2011:06:17:24 -0700] "GET /images/buttons/about.jpg HTTP/1.1" 200 1869 "http://www.comprehensivenet.com/p_Nursing.php" "Mozilla/5.0 (Windows NT 5.1; rv:2.0) Gecko/20100101 Firefox/4.0"
161.38.221.236 - - [09/Aug/2011:06:17:24 -0700] "GET /images/buttons/interpretation.jpg HTTP/1.1" 200 9675 "http://www.comprehensivenet.com/p_Nursing.php" "Mozilla/5.0 (Windows NT 5.1; rv:2.0) Gecko/20100101 Firefox/4.0"
161.38.221.236 - - [09/Aug/2011:06:17:24 -0700] "GET /images/buttons/Advantage.jpg HTTP/1.1" 200 21282 "http://www.comprehensivenet.com/p_Nursing.php" "Mozilla/5.0 (Windows NT 5.1; rv:2.0) Gecko/20100101 Firefox/4.0"
161.38.221.236 - - [09/Aug/2011:06:17:29 -0700] "GET /FLVPlayer_Progressive.swf HTTP/1.1" 200 9038 "http://www.comprehensivenet.com/p_Nursing.php" "Mozilla/5.0 (Windows NT 5.1; rv:2.0) Gecko/20100101 Firefox/4.0"
161.38.221.236 - - [09/Aug/2011:06:17:49 -0700] "GET /images/Nursing_Services/Nursing_Services.flv HTTP/1.1" 200 1425408 "-" "Mozilla/5.0 (Windows NT 5.1; rv:2.0) Gecko/20100101 Firefox/4.0"
161.38.221.236 - - [09/Aug/2011:06:17:49 -0700] "GET /images/contact_map1.jpg HTTP/1.1" 200 56953 "http://www.comprehensivenet.com/contact.php" "Mozilla/5.0 (Windows NT 5.1; rv:2.0) Gecko/20100101 Firefox/4.0"
66.151.103.9 - - [09/Aug/2011:06:17:53 -0700] "GET /favicon.ico HTTP/1.1" 200 894 "-" "Mozilla/4.0 (compatible; MSIE 7.0; Windows NT 5.1; .NET CLR 2.0.50727; .NET CLR 3.0.04506.30; .NET CLR 3.0.04506.648; InfoPath.2)"
184.82.131.106 - - [09/Aug/2011:06:18:29 -0700] "GET / HTTP/1.1" 200 14389 "-" "Mozilla/5.0 (X11; U; Linux i686; en-US; rv:1.8.1.20) Gecko/20081217 Firefox/2.0.0.20"
161.38.221.236 - - [09/Aug/2011:06:19:03 -0700] "GET /professionals.php HTTP/1.1" 200 11894 "http://www.comprehensivenet.com/index.php" "Mozilla/5.0 (Windows NT 5.1; rv:2.0) Gecko/20100101 Firefox/4.0"
68.195.232.138 - - [09/Aug/2011:06:23:04 -0700] "GET /images/25_twitter.jpg HTTP/1.1" 304 - "-" "Mozilla/4.0 (compatible; MSIE 7.0; Windows NT 5.1; GTB7.1; .NET CLR 1.1.4322; .NET CLR 2.0.50727; .NET CLR 1.0.3705; .NET CLR 3.0.04506.30; .NET CLR 3.0.04506.648; .NET CLR 3.0.4506.2152; .NET CLR 3.5.30729; IPH 1.1.21.4019)"
216.254.79.108 - - [09/Aug/2011:06:24:59 -0700] "GET /images/outlook_signature.jpg HTTP/1.1" 304 - "-" "Mozilla/4.0 (compatible; MSIE 7.0; Windows NT 5.1; Trident/4.0; GTB7.1; .NET CLR 1.1.4322; .NET CLR 2.0.50727; .NET CLR 3.0.4506.2152; .NET CLR 3.5.30729; InfoPath.1)"
216.254.79.108 - - [09/Aug/2011:06:25:04 -0700] "GET /images/25_facebook.jpg HTTP/1.1" 304 - "-" "Mozilla/4.0 (compatible; MSIE 7.0; Windows NT 5.1; GTB7.1; .NET CLR 1.1.4322; .NET CLR 2.0.50727; Hotbar 10.2.236.0)"
216.254.79.108 - - [09/Aug/2011:06:25:04 -0700] "GET /images/outlook_signature.jpg HTTP/1.1" 304 - "-" "Mozilla/4.0 (compatible; MSIE 7.0; Windows NT 5.1; GTB7.1; .NET CLR 1.1.4322; .NET CLR 2.0.50727; Hotbar 10.2.236.0)"
216.254.79.108 - - [09/Aug/2011:06:25:04 -0700] "GET /images/25_twitter.jpg HTTP/1.1" 304 - "-" "Mozilla/4.0 (compatible; MSIE 7.0; Windows NT 5.1; GTB7.1; .NET CLR 1.1.4322; .NET CLR 2.0.50727; Hotbar 10.2.236.0)"
64.233.172.18 - - [09/Aug/2011:06:35:14 -0700] "GET /blog/?author=1 HTTP/1.1" 200 13806 "-" "Mozilla/5.0 (en-us) AppleWebKit/534.14 (KHTML, like Gecko; Google Wireless Transcoder) Chrome/9.0.597 Safari/534.14"
69.120.6.67 - - [09/Aug/2011:06:36:39 -0700] "GET /JobListings/show_news.php?subaction=showfull&id=1304601788 HTTP/1.1" 200 3972 "-" "Mozilla/4.0 (compatible; MSIE 8.0; Windows NT 5.1; Trident/4.0; .NET CLR 1.1.4322; .NET CLR 2.0.50727; .NET CLR 3.0.4506.2152; .NET CLR 3.5.30729; InfoPath.1; BO1IE8_v1;ENUS)"
69.120.6.67 - - [09/Aug/2011:06:36:39 -0700] "GET /JobListings/skins/images/jobListingFooter.jpg HTTP/1.1" 200 12421 "http://www.comprehensivenet.com/JobListings/show_news.php?subaction=showfull&id=1304601788" "Mozilla/4.0 (compatible; MSIE 8.0; Windows NT 5.1; Trident/4.0; .NET CLR 1.1.4322; .NET CLR 2.0.50727; .NET CLR 3.0.4506.2152; .NET CLR 3.5.30729; InfoPath.1; BO1IE8_v1;ENUS)"
69.120.6.67 - - [09/Aug/2011:06:36:39 -0700] "GET /JobListings/skins/images/jobListingHeader.jpg HTTP/1.1" 200 39507 "http://www.comprehensivenet.com/JobListings/show_news.php?subaction=showfull&id=1304601788" "Mozilla/4.0 (compatible; MSIE 8.0; Windows NT 5.1; Trident/4.0; .NET CLR 1.1.4322; .NET CLR 2.0.50727; .NET CLR 3.0.4506.2152; .NET CLR 3.5.30729; InfoPath.1; BO1IE8_v1;ENUS)"
216.254.79.108 - - [09/Aug/2011:06:39:05 -0700] "GET /images/25_facebook.jpg HTTP/1.1" 304 - "-" "Mozilla/4.0 (compatible; MSIE 7.0; Windows NT 5.1; Trident/4.0; GTB7.1; .NET CLR 1.1.4322; .NET CLR 2.0.50727; .NET CLR 3.0.4506.2152; .NET CLR 3.5.30729; InfoPath.1)"
71.190.154.205 - - [09/Aug/2011:06:41:56 -0700] "GET /images/buttons/aboutYellow.jpg HTTP/1.1" 200 2404 "http://www.comprehensivenet.com/c_Nursing.php" "Mozilla/4.0 (compatible; MSIE 8.0; Windows NT 6.1; WOW64; Trident/4.0; GTB7.1; SLCC2; .NET CLR 2.0.50727; .NET CLR 3.5.30729; .NET CLR 3.0.30729; Media Center PC 6.0; MDDC; .NET4.0C; BRI/1)"
71.190.154.205 - - [09/Aug/2011:06:42:08 -0700] "GET /images/buttons/professional.jpg HTTP/1.1" 200 4977 "http://www.comprehensivenet.com/p_EIPreSchool.php" "Mozilla/4.0 (compatible; MSIE 8.0; Windows NT 6.1; WOW64; Trident/4.0; GTB7.1; SLCC2; .NET CLR 2.0.50727; .NET CLR 3.5.30729; .NET CLR 3.0.30729; Media Center PC 6.0; MDDC; .NET4.0C; BRI/1)"
71.190.154.205 - - [09/Aug/2011:06:42:08 -0700] "GET /images/buttons/EIPreSchool.jpg HTTP/1.1" 200 6909 "http://www.comprehensivenet.com/p_EIPreSchool.php" "Mozilla/4.0 (compatible; MSIE 8.0; Windows NT 6.1; WOW64; Trident/4.0; GTB7.1; SLCC2; .NET CLR 2.0.50727; .NET CLR 3.5.30729; .NET CLR 3.0.30729; Media Center PC 6.0; MDDC; .NET4.0C; BRI/1)"
71.190.154.205 - - [09/Aug/2011:06:42:10 -0700] "GET /images/buttons/about_on.jpg HTTP/1.1" 200 2141 "http://www.comprehensivenet.com/p_EIPreSchool.php" "Mozilla/4.0 (compatible; MSIE 8.0; Windows NT 6.1; WOW64; Trident/4.0; GTB7.1; SLCC2; .NET CLR 2.0.50727; .NET CLR 3.5.30729; .NET CLR 3.0.30729; Media Center PC 6.0; MDDC; .NET4.0C; BRI/1)"
165.155.204.11 - - [09/Aug/2011:06:44:05 -0700] "GET /JobListings/show_news.php?subaction=showfull&id=1268755935 HTTP/1.1" 200 4420 "http://www.indeed.com/q-Preschool-Teacher-l-Harlem,-NY-jobs.html" "Mozilla/4.0 (compatible; MSIE 6.0; Windows NT 5.1; GTB6.5; SV1; InfoPath.1; .NET CLR 2.0.50727)"
216.254.79.108 - - [09/Aug/2011:06:44:15 -0700] "GET /images/25_facebook.jpg HTTP/1.1" 304 - "-" "Mozilla/4.0 (compatible; MSIE 7.0; Windows NT 5.1; Trident/4.0; GTB7.1; .NET CLR 1.1.4322; .NET CLR 2.0.50727; .NET CLR 3.0.4506.2152; .NET CLR 3.5.30729; InfoPath.1)"
184.82.131.106 - - [09/Aug/2011:06:44:36 -0700] "GET / HTTP/1.1" 200 14389 "-" "Mozilla/5.0 (X11; U; Linux i686; en-US; rv:1.8.1.20) Gecko/20081217 Firefox/2.0.0.20"
107.57.88.134 - - [09/Aug/2011:06:44:43 -0700] "GET /images/buttons/newsletters.jpg HTTP/1.1" 200 2378 "http://www.comprehensivenet.com/j_SpeechPathologist.php" "Mozilla/5.0 (Linux; U; Android 2.2.1; en-us; SPH-D700 Build/FROYO) AppleWebKit/533.1 (KHTML, like Gecko) Version/4.0 Mobile Safari/533.1"
107.57.88.134 - - [09/Aug/2011:06:44:43 -0700] "GET /images/25_blog.jpg HTTP/1.1" 200 2060 "http://www.comprehensivenet.com/j_SpeechPathologist.php" "Mozilla/5.0 (Linux; U; Android 2.2.1; en-us; SPH-D700 Build/FROYO) AppleWebKit/533.1 (KHTML, like Gecko) Version/4.0 Mobile Safari/533.1"
107.57.88.134 - - [09/Aug/2011:06:44:43 -0700] "GET /images/buttons/home.jpg HTTP/1.1" 200 1438 "http://www.comprehensivenet.com/j_SpeechPathologist.php" "Mozilla/5.0 (Linux; U; Android 2.2.1; en-us; SPH-D700 Build/FROYO) AppleWebKit/533.1 (KHTML, like Gecko) Version/4.0 Mobile Safari/533.1"
107.57.88.134 - - [09/Aug/2011:06:44:45 -0700] "GET /favicon.ico HTTP/1.1" 200 894 "http://www.comprehensivenet.com/j_SpeechPathologist.php" "Mozilla/5.0 (Linux; U; Android 2.2.1; en-us; SPH-D700 Build/FROYO) AppleWebKit/533.1 (KHTML, like Gecko) Version/4.0 Mobile Safari/533.1"
107.57.88.134 - - [09/Aug/2011:06:44:45 -0700] "GET /images/buttons/courses_on.jpg HTTP/1.1" 200 4007 "http://www.comprehensivenet.com/j_SpeechPathologist.php" "Mozilla/5.0 (Linux; U; Android 2.2.1; en-us; SPH-D700 Build/FROYO) AppleWebKit/533.1 (KHTML, like Gecko) Version/4.0 Mobile Safari/533.1"
107.57.88.134 - - [09/Aug/2011:06:45:17 -0700] "GET /JobListings/skins/images/jobListingHeader.jpg HTTP/1.1" 200 39507 "http://www.comprehensivenet.com/JobListings/show_news.php?subaction=showfull&id=1267736071&archive=&template=" "Mozilla/5.0 (Linux; U; Android 2.2.1; en-us; SPH-D700 Build/FROYO) AppleWebKit/533.1 (KHTML, like Gecko) Version/4.0 Mobile Safari/533.1"
71.190.154.205 - - [09/Aug/2011:06:45:41 -0700] "GET /p_TherapyEval.php HTTP/1.1" 200 10531 "http://www.comprehensivenet.com/p_EIPreSchool.php" "Mozilla/4.0 (compatible; MSIE 8.0; Windows NT 6.1; WOW64; Trident/4.0; GTB7.1; SLCC2; .NET CLR 2.0.50727; .NET CLR 3.5.30729; .NET CLR 3.0.30729; Media Center PC 6.0; MDDC; .NET4.0C; BRI/1)"
216.254.79.108 - - [09/Aug/2011:06:48:55 -0700] "GET /images/25_twitter.jpg HTTP/1.1" 200 2319 "-" "Mozilla/4.0 (compatible; MSIE 7.0; Windows NT 5.1; Trident/4.0; GTB7.0; FunWebProducts; .NET CLR 1.1.4322; .NET CLR 2.0.50727; InfoPath.1; .NET CLR 3.0.4506.2152; .NET CLR 3.5.30729; FunWebProducts)"
216.254.79.108 - - [09/Aug/2011:06:49:41 -0700] "GET /images/25_twitter.jpg HTTP/1.1" 304 - "-" "Mozilla/4.0 (compatible; MSIE 7.0; Windows NT 5.1; Trident/4.0; GTB7.0; FunWebProducts; .NET CLR 1.1.4322; .NET CLR 2.0.50727; InfoPath.1; .NET CLR 3.0.4506.2152; .NET CLR 3.5.30729; FunWebProducts)"
216.254.79.108 - - [09/Aug/2011:06:49:50 -0700] "GET /images/outlook_signature.jpg HTTP/1.1" 304 - "-" "Mozilla/4.0 (compatible; MSIE 7.0; Windows NT 5.1; Trident/4.0; FunWebProducts; GTB7.1; .NET CLR 1.1.4322; .NET CLR 2.0.50727; .NET CLR 3.0.4506.2152; .NET CLR 3.5.30729; .NET4.0C; .NET4.0E; FunWebProducts)"
208.105.83.157 - - [09/Aug/2011:06:54:06 -0700] "GET /images/outlook_signature.jpg HTTP/1.1" 200 39193 "http://36ohk6dgmcd1n.yom.mail.yahoo.net/om/api/1.0/openmail.app.invoke/36ohk6dgmcd1n/4/1.0.35/us/en-US/view.html" "Mozilla/4.0 (compatible; MSIE 8.0; Windows NT 5.1; Trident/4.0; GTB7.1; .NET CLR 1.1.4322; .NET CLR 2.0.50727; .NET CLR 3.0.04506.30; MDDR; .NET CLR 3.0.4506.2152; .NET CLR 3.5.30729)"
184.82.131.106 - - [09/Aug/2011:06:54:08 -0700] "GET / HTTP/1.1" 200 14395 "-" "Mozilla/5.0 (X11; U; Linux i686; en-US; rv:1.8.1.20) Gecko/20081217 Firefox/2.0.0.20"
216.254.79.108 - - [09/Aug/2011:06:54:58 -0700] "GET /images/25_facebook.jpg HTTP/1.1" 304 - "-" "Mozilla/4.0 (compatible; MSIE 7.0; Windows NT 5.1; Trident/4.0; GTB7.0; FunWebProducts; .NET CLR 1.1.4322; .NET CLR 2.0.50727; InfoPath.1; .NET CLR 3.0.4506.2152; .NET CLR 3.5.30729; FunWebProducts)"
216.254.79.108 - - [09/Aug/2011:06:54:59 -0700] "GET /images/25_twitter.jpg HTTP/1.1" 304 - "-" "Mozilla/4.0 (compatible; MSIE 7.0; Windows NT 5.1; Trident/4.0; GTB7.0; FunWebProducts; .NET CLR 1.1.4322; .NET CLR 2.0.50727; InfoPath.1; .NET CLR 3.0.4506.2152; .NET CLR 3.5.30729; FunWebProducts)"
216.254.79.108 - - [09/Aug/2011:06:55:24 -0700] "GET /images/25_facebook.jpg HTTP/1.1" 304 - "-" "Mozilla/4.0 (compatible; MSIE 7.0; Windows NT 5.1; Trident/4.0; GTB7.0; FunWebProducts; .NET CLR 1.1.4322; .NET CLR 2.0.50727; InfoPath.1; .NET CLR 3.0.4506.2152; .NET CLR 3.5.30729; FunWebProducts)"
184.82.131.106 - - [09/Aug/2011:07:03:22 -0700] "GET / HTTP/1.1" 200 14395 "-" "Mozilla/5.0 (X11; U; Linux i686; en-US; rv:1.8.1.20) Gecko/20081217 Firefox/2.0.0.20"
165.155.110.1 - - [09/Aug/2011:07:03:39 -0700] "GET /images/25_facebook.jpg HTTP/1.1" 304 - "-" "Mozilla/4.0 (compatible; MSIE 7.0; Windows NT 5.1; Trident/4.0; .NET CLR 1.1.4322; .NET CLR 2.0.50727; .NET CLR 3.0.4506.2152; .NET CLR 3.5.30729; InfoPath.2; .NET4.0C; MSOffice 12)"
98.113.30.119 - - [09/Aug/2011:07:09:23 -0700] "GET /images/25_facebook.jpg HTTP/1.1" 200 2028 "http://www.comprehensivenet.com/p_EIPreSchool.php" "Mozilla/5.0 (Macintosh; U; Intel Mac OS X 10_6_8; en-us) AppleWebKit/533.21.1 (KHTML, like Gecko) Version/5.0.5 Safari/533.21.1"
98.113.30.119 - - [09/Aug/2011:07:09:24 -0700] "GET /images/EI_Img.jpg HTTP/1.1" 200 38914 "http://www.comprehensivenet.com/p_EIPreSchool.php" "Mozilla/5.0 (Macintosh; U; Intel Mac OS X 10_6_8; en-us) AppleWebKit/533.21.1 (KHTML, like Gecko) Version/5.0.5 Safari/533.21.1"
98.113.30.119 - - [09/Aug/2011:07:09:24 -0700] "GET /images/buttons/Advantage.jpg HTTP/1.1" 200 21282 "http://www.comprehensivenet.com/p_EIPreSchool.php" "Mozilla/5.0 (Macintosh; U; Intel Mac OS X 10_6_8; en-us) AppleWebKit/533.21.1 (KHTML, like Gecko) Version/5.0.5 Safari/533.21.1"
98.113.30.119 - - [09/Aug/2011:07:09:24 -0700] "GET /images/buttons/home_on.jpg HTTP/1.1" 200 1637 "http://www.comprehensivenet.com/p_EIPreSchool.php" "Mozilla/5.0 (Macintosh; U; Intel Mac OS X 10_6_8; en-us) AppleWebKit/533.21.1 (KHTML, like Gecko) Version/5.0.5 Safari/533.21.1"
98.113.30.119 - - [09/Aug/2011:07:09:39 -0700] "GET /p_JobListings.php HTTP/1.1" 200 11041 "http://www.comprehensivenet.com/p_EIPreSchool.php" "Mozilla/5.0 (Macintosh; U; Intel Mac OS X 10_6_8; en-us) AppleWebKit/533.21.1 (KHTML, like Gecko) Version/5.0.5 Safari/533.21.1"
98.113.30.119 - - [09/Aug/2011:07:09:59 -0700] "GET /j_SpecialEducator.php HTTP/1.1" 200 29331 "http://www.comprehensivenet.com/p_JobListings.php" "Mozilla/5.0 (Macintosh; U; Intel Mac OS X 10_6_8; en-us) AppleWebKit/533.21.1 (KHTML, like Gecko) Version/5.0.5 Safari/533.21.1"
98.113.30.119 - - [09/Aug/2011:07:10:21 -0700] "GET /p_JobListings.php HTTP/1.1" 200 11035 "http://www.comprehensivenet.com/p_EIPreSchool.php" "Mozilla/5.0 (Macintosh; U; Intel Mac OS X 10_6_8; en-us) AppleWebKit/533.21.1 (KHTML, like Gecko) Version/5.0.5 Safari/533.21.1"
216.254.79.108 - - [09/Aug/2011:07:10:30 -0700] "GET /images/25_facebook.jpg HTTP/1.1" 304 - "-" "Mozilla/4.0 (compatible; MSIE 6.0; Windows NT 5.1; SV1; Mozilla/4.0 (compatible; MSIE 6.0; Windows NT 5.1; SV1) ;  Embedded Web Browser from: http://bsalsa.com/; .NET CLR 1.1.4322; .NET CLR 2.0.50727; .NET CLR 3.0.04506.30; .NET CLR 3.0.4506.2152; .NET CLR 3.5.30729; MDDR)"
68.195.232.138 - - [09/Aug/2011:07:10:45 -0700] "GET /images/25_twitter.jpg HTTP/1.1" 304 - "-" "Mozilla/4.0 (compatible; MSIE 7.0; Windows NT 5.1; MRSPUTNIK 2, 3, 0, 104; GTB6.6; .NET CLR 1.1.4322; .NET CLR 2.0.50727; .NET CLR 1.0.3705; .NET CLR 3.0.04506.30; .NET CLR 3.0.04506.648; .NET CLR 3.0.4506.2152; .NET CLR 3.5.30729; IPH 1.1.21.4019)"
68.195.232.138 - - [09/Aug/2011:07:10:45 -0700] "GET /images/outlook_signature.jpg HTTP/1.1" 304 - "-" "Mozilla/4.0 (compatible; MSIE 7.0; Windows NT 5.1; MRSPUTNIK 2, 3, 0, 104; GTB6.6; .NET CLR 1.1.4322; .NET CLR 2.0.50727; .NET CLR 1.0.3705; .NET CLR 3.0.04506.30; .NET CLR 3.0.04506.648; .NET CLR 3.0.4506.2152; .NET CLR 3.5.30729; IPH 1.1.21.4019)"
72.89.88.130 - - [09/Aug/2011:07:11:06 -0700] "GET /images/buttons/courses.jpg HTTP/1.1" 200 3497 "http://www.comprehensivenet.com/p_EIPreSchool.php" "Mozilla/5.0 (Windows; U; Windows NT 5.1; en-US; rv:1.9.1.19) Gecko/20110420 Firefox/3.5.19 (.NET CLR 3.5.30729)"
72.89.88.130 - - [09/Aug/2011:07:11:06 -0700] "GET /images/buttons/professional.jpg HTTP/1.1" 200 4977 "http://www.comprehensivenet.com/p_EIPreSchool.php" "Mozilla/5.0 (Windows; U; Windows NT 5.1; en-US; rv:1.9.1.19) Gecko/20110420 Firefox/3.5.19 (.NET CLR 3.5.30729)"
72.89.88.130 - - [09/Aug/2011:07:11:06 -0700] "GET /images/buttons/EIPreSchool.jpg HTTP/1.1" 200 6909 "http://www.comprehensivenet.com/p_EIPreSchool.php" "Mozilla/5.0 (Windows; U; Windows NT 5.1; en-US; rv:1.9.1.19) Gecko/20110420 Firefox/3.5.19 (.NET CLR 3.5.30729)"
72.89.88.130 - - [09/Aug/2011:07:11:09 -0700] "GET /images/buttons/about_on.jpg HTTP/1.1" 200 2141 "http://www.comprehensivenet.com/p_EIPreSchool.php" "Mozilla/5.0 (Windows; U; Windows NT 5.1; en-US; rv:1.9.1.19) Gecko/20110420 Firefox/3.5.19 (.NET CLR 3.5.30729)"
72.89.88.130 - - [09/Aug/2011:07:11:11 -0700] "GET /images/jobList_Img.jpg HTTP/1.1" 200 71154 "http://www.comprehensivenet.com/p_JobListings.php" "Mozilla/5.0 (Windows; U; Windows NT 5.1; en-US; rv:1.9.1.19) Gecko/20110420 Firefox/3.5.19 (.NET CLR 3.5.30729)"
208.252.25.30 - - [09/Aug/2011:07:12:31 -0700] "GET /images/25_blog.jpg HTTP/1.1" 200 2060 "http://www.comprehensivenet.com/p_EIPreSchool.php" "Mozilla/5.0 (Windows; U; Windows NT 5.1; en-US) AppleWebKit/534.16 (KHTML, like Gecko) Chrome/10.0.648.151 Safari/534.16"
208.252.25.30 - - [09/Aug/2011:07:12:31 -0700] "GET /images/buttons/newsletters.jpg HTTP/1.1" 200 2378 "http://www.comprehensivenet.com/p_EIPreSchool.php" "Mozilla/5.0 (Windows; U; Windows NT 5.1; en-US) AppleWebKit/534.16 (KHTML, like Gecko) Chrome/10.0.648.151 Safari/534.16"
208.252.25.30 - - [09/Aug/2011:07:12:44 -0700] "GET /images/buttons/home_on.jpg HTTP/1.1" 200 1637 "http://www.comprehensivenet.com/p_EIPreSchool.php" "Mozilla/5.0 (Windows; U; Windows NT 5.1; en-US) AppleWebKit/534.16 (KHTML, like Gecko) Chrome/10.0.648.151 Safari/534.16"
208.252.25.30 - - [09/Aug/2011:07:12:44 -0700] "GET /images/buttons/newsletters_on.jpg HTTP/1.1" 200 2692 "http://www.comprehensivenet.com/p_EIPreSchool.php" "Mozilla/5.0 (Windows; U; Windows NT 5.1; en-US) AppleWebKit/534.16 (KHTML, like Gecko) Chrome/10.0.648.151 Safari/534.16"
208.252.25.30 - - [09/Aug/2011:07:12:46 -0700] "GET /images/jobList_Img.jpg HTTP/1.1" 200 71154 "http://www.comprehensivenet.com/p_JobListings.php" "Mozilla/5.0 (Windows; U; Windows NT 5.1; en-US) AppleWebKit/534.16 (KHTML, like Gecko) Chrome/10.0.648.151 Safari/534.16"
173.52.247.241 - - [09/Aug/2011:07:16:10 -0700] "GET /images/buttons/clients.jpg HTTP/1.1" 200 3194 "http://www.comprehensivenet.com/p_Nursing.php" "Mozilla/5.0 (Windows NT 5.1; rv:5.0) Gecko/20100101 Firefox/5.0"
173.52.247.241 - - [09/Aug/2011:07:16:10 -0700] "GET /images/buttons/nursing.jpg HTTP/1.1" 200 5819 "http://www.comprehensivenet.com/p_Nursing.php" "Mozilla/5.0 (Windows NT 5.1; rv:5.0) Gecko/20100101 Firefox/5.0"
38.96.213.93 - - [09/Aug/2011:07:16:10 -0700] "GET /images/25_facebook.jpg HTTP/1.0" 200 2028 "http://www.comprehensivenet.com/about.php" "Mozilla/4.0 (compatible; MSIE 8.0; Windows NT 5.1; Trident/4.0; .NET CLR 2.0.50727; .NET CLR 3.0.4506.2152; .NET CLR 3.5.30729; CMDTDF; .NET CLR 1.1.4322; .NET4.0C; .NET4.0E; InfoPath.2)"
38.96.213.93 - - [09/Aug/2011:07:16:10 -0700] "GET /images/buttons/about.jpg HTTP/1.0" 200 1869 "http://www.comprehensivenet.com/about.php" "Mozilla/4.0 (compatible; MSIE 8.0; Windows NT 5.1; Trident/4.0; .NET CLR 2.0.50727; .NET CLR 3.0.4506.2152; .NET CLR 3.5.30729; CMDTDF; .NET CLR 1.1.4322; .NET4.0C; .NET4.0E; InfoPath.2)"
38.96.213.93 - - [09/Aug/2011:07:16:10 -0700] "GET /images/about_Img HTTP/1.0" 200 75781 "http://www.comprehensivenet.com/about.php" "Mozilla/4.0 (compatible; MSIE 8.0; Windows NT 5.1; Trident/4.0; .NET CLR 2.0.50727; .NET CLR 3.0.4506.2152; .NET CLR 3.5.30729; CMDTDF; .NET CLR 1.1.4322; .NET4.0C; .NET4.0E; InfoPath.2)"
173.52.247.241 - - [09/Aug/2011:07:16:15 -0700] "GET /favicon.ico HTTP/1.1" 200 894 "-" "Mozilla/5.0 (Windows NT 5.1; rv:5.0) Gecko/20100101 Firefox/5.0"
216.254.79.108 - - [09/Aug/2011:07:16:23 -0700] "GET /images/buttons/newsletters.jpg HTTP/1.1" 200 2378 "http://www.comprehensivenet.com/" "Mozilla/5.0 (Macintosh; U; Intel Mac OS X 10.6; en-US; rv:1.9.2.19) Gecko/20110707 Firefox/3.6.19"
216.254.79.108 - - [09/Aug/2011:07:16:25 -0700] "GET /images/Comprehensive_coin.swf HTTP/1.1" 200 124002 "http://www.comprehensivenet.com/" "Mozilla/5.0 (Macintosh; U; Intel Mac OS X 10.6; en-US; rv:1.9.2.19) Gecko/20110707 Firefox/3.6.19"
216.254.79.108 - - [09/Aug/2011:07:16:27 -0700] "GET /images/buttons/newsletters_on.jpg HTTP/1.1" 200 2692 "http://www.comprehensivenet.com/" "Mozilla/5.0 (Macintosh; U; Intel Mac OS X 10.6; en-US; rv:1.9.2.19) Gecko/20110707 Firefox/3.6.19"
216.254.79.108 - - [09/Aug/2011:07:16:27 -0700] "GET /images/buttons/contact_on.jpg HTTP/1.1" 200 2631 "http://www.comprehensivenet.com/" "Mozilla/5.0 (Macintosh; U; Intel Mac OS X 10.6; en-US; rv:1.9.2.19) Gecko/20110707 Firefox/3.6.19"
216.254.79.108 - - [09/Aug/2011:07:16:28 -0700] "GET /favicon.ico HTTP/1.1" 200 894 "-" "Mozilla/5.0 (Macintosh; U; Intel Mac OS X 10.6; en-US; rv:1.9.2.19) Gecko/20110707 Firefox/3.6.19"
216.254.79.108 - - [09/Aug/2011:07:16:40 -0700] "GET /images/contact_map3.jpg HTTP/1.1" 200 62644 "http://www.comprehensivenet.com/contact.php" "Mozilla/5.0 (Macintosh; U; Intel Mac OS X 10.6; en-US; rv:1.9.2.19) Gecko/20110707 Firefox/3.6.19"
146.96.34.149 - - [09/Aug/2011:07:17:33 -0700] "GET /JobListings/show_news.php?subaction=showfull&id=1304601788 HTTP/1.1" 200 3972 "http://www.indeed.com/q-School-Psychologist-l-New-York,-NY-jobs.html" "Mozilla/4.0 (compatible; MSIE 8.0; Windows NT 6.1; Trident/4.0; SLCC2; .NET CLR 2.0.50727; .NET CLR 3.5.30729; .NET CLR 3.0.30729; Media Center PC 6.0; .NET4.0C; InfoPath.3)"
146.96.34.149 - - [09/Aug/2011:07:17:33 -0700] "GET /JobListings/skins/images/jobListingFooter.jpg HTTP/1.1" 200 12421 "http://www.comprehensivenet.com/JobListings/show_news.php?subaction=showfull&id=1304601788" "Mozilla/4.0 (compatible; MSIE 8.0; Windows NT 6.1; Trident/4.0; SLCC2; .NET CLR 2.0.50727; .NET CLR 3.5.30729; .NET CLR 3.0.30729; Media Center PC 6.0; .NET4.0C; InfoPath.3)"
146.96.34.149 - - [09/Aug/2011:07:17:49 -0700] "GET /JobListings/show_news.php?subaction=showfull&id=1304601788 HTTP/1.1" 200 3972 "http://www.indeed.com/q-School-Psychologist-l-New-York,-NY-jobs.html" "Mozilla/4.0 (compatible; MSIE 8.0; Windows NT 6.1; Trident/4.0; SLCC2; .NET CLR 2.0.50727; .NET CLR 3.5.30729; .NET CLR 3.0.30729; Media Center PC 6.0; .NET4.0C; InfoPath.3)"
96.242.169.68 - - [09/Aug/2011:07:21:47 -0700] "GET /JobListings/show_news.php?subaction=showfull&id=1269304439 HTTP/1.1" 200 4326 "http://www.indeed.com/jobs?q=speech+language+pathologist&l=nyc&start=10" "Mozilla/4.0 (compatible; MSIE 8.0; Windows NT 6.1; WOW64; Trident/4.0; GTB7.1; SLCC2; .NET CLR 2.0.50727; .NET CLR 3.5.30729; .NET CLR 3.0.30729; Media Center PC 6.0; .NET4.0C)"
216.254.79.108 - - [09/Aug/2011:07:23:47 -0700] "GET /images/outlook_signature.jpg HTTP/1.1" 304 - "-" "Mozilla/4.0 (compatible; MSIE 6.0; Windows NT 5.1; SV1; GTB7.1; .NET CLR 2.0.50727)"
216.254.79.108 - - [09/Aug/2011:07:25:40 -0700] "GET /images/25_twitter.jpg HTTP/1.1" 304 - "-" "Mozilla/4.0 (compatible; MSIE 6.0; Windows NT 5.1; SV1; GTB7.1; .NET CLR 2.0.50727)"
216.254.79.108 - - [09/Aug/2011:07:28:43 -0700] "GET /images/25_twitter.jpg HTTP/1.1" 304 - "-" "Mozilla/4.0 (compatible; MSIE 7.0; Windows NT 5.1; Trident/4.0; BTRS86393; .NET CLR 1.0.3705; .NET CLR 2.0.50727; .NET CLR 3.0.4506.2152; .NET CLR 3.5.30729)"
216.254.79.108 - - [09/Aug/2011:07:28:43 -0700] "GET /images/outlook_signature.jpg HTTP/1.1" 304 - "-" "Mozilla/4.0 (compatible; MSIE 7.0; Windows NT 5.1; Trident/4.0; BTRS86393; .NET CLR 1.0.3705; .NET CLR 2.0.50727; .NET CLR 3.0.4506.2152; .NET CLR 3.5.30729)"
216.254.79.108 - - [09/Aug/2011:07:30:53 -0700] "GET /images/outlook_signature.jpg HTTP/1.1" 304 - "-" "Mozilla/4.0 (compatible; MSIE 7.0; Windows NT 5.1; Trident/4.0; GTB7.0; FunWebProducts; .NET CLR 1.1.4322; .NET CLR 2.0.50727; InfoPath.1; .NET CLR 3.0.4506.2152; .NET CLR 3.5.30729; FunWebProducts)"
74.64.10.235 - - [09/Aug/2011:07:32:31 -0700] "GET /images/25_blog.jpg HTTP/1.1" 200 2060 "http://www.comprehensivenet.com/" "Mozilla/5.0 (Windows NT 6.1; rv:5.0) Gecko/20100101 Firefox/5.0"
74.64.10.235 - - [09/Aug/2011:07:32:31 -0700] "GET /images/buttons/courses.jpg HTTP/1.1" 200 3497 "http://www.comprehensivenet.com/" "Mozilla/5.0 (Windows NT 6.1; rv:5.0) Gecko/20100101 Firefox/5.0"
74.64.10.235 - - [09/Aug/2011:07:32:31 -0700] "GET /images/buttons/home.jpg HTTP/1.1" 200 1438 "http://www.comprehensivenet.com/" "Mozilla/5.0 (Windows NT 6.1; rv:5.0) Gecko/20100101 Firefox/5.0"
74.64.10.235 - - [09/Aug/2011:07:32:31 -0700] "GET /images/buttons/about.jpg HTTP/1.1" 200 1869 "http://www.comprehensivenet.com/" "Mozilla/5.0 (Windows NT 6.1; rv:5.0) Gecko/20100101 Firefox/5.0"
74.64.10.235 - - [09/Aug/2011:07:33:13 -0700] "GET /images/contact_title.jpg HTTP/1.1" 200 15747 "http://www.comprehensivenet.com/contact.php" "Mozilla/5.0 (Windows NT 6.1; rv:5.0) Gecko/20100101 Firefox/5.0"
74.64.10.235 - - [09/Aug/2011:07:33:13 -0700] "GET /images/contact_mapLink.jpg HTTP/1.1" 200 8389 "http://www.comprehensivenet.com/contact.php" "Mozilla/5.0 (Windows NT 6.1; rv:5.0) Gecko/20100101 Firefox/5.0"
74.64.10.235 - - [09/Aug/2011:07:33:14 -0700] "GET /flash/Header.swf HTTP/1.1" 200 251972 "http://www.comprehensivenet.com/contact.php" "Mozilla/5.0 (Windows NT 6.1; rv:5.0) Gecko/20100101 Firefox/5.0"
74.64.10.235 - - [09/Aug/2011:07:33:39 -0700] "GET /flash/Header.swf HTTP/1.1" 200 251972 "http://www.comprehensivenet.com/about.php" "Mozilla/5.0 (Windows NT 6.1; rv:5.0) Gecko/20100101 Firefox/5.0"
74.64.10.235 - - [09/Aug/2011:07:34:10 -0700] "GET /images/YellowLeftSpace.jpg HTTP/1.1" 200 382 "http://www.comprehensivenet.com/clients.php" "Mozilla/5.0 (Windows NT 6.1; rv:5.0) Gecko/20100101 Firefox/5.0"
216.254.79.108 - - [09/Aug/2011:07:34:15 -0700] "GET /images/25_facebook.jpg HTTP/1.1" 304 - "-" "Mozilla/4.0 (compatible; MSIE 7.0; Windows NT 5.1; Trident/4.0; BTRS86393; .NET CLR 1.0.3705; .NET CLR 2.0.50727; .NET CLR 3.0.4506.2152; .NET CLR 3.5.30729)"
216.254.79.108 - - [09/Aug/2011:07:34:15 -0700] "GET /images/outlook_signature.jpg HTTP/1.1" 304 - "-" "Mozilla/4.0 (compatible; MSIE 7.0; Windows NT 5.1; Trident/4.0; BTRS86393; .NET CLR 1.0.3705; .NET CLR 2.0.50727; .NET CLR 3.0.4506.2152; .NET CLR 3.5.30729)"
216.254.79.108 - - [09/Aug/2011:07:34:15 -0700] "GET /images/25_facebook.jpg HTTP/1.1" 304 - "-" "Mozilla/4.0 (compatible; MSIE 7.0; Windows NT 5.1; Trident/4.0; BTRS86393; .NET CLR 1.0.3705; .NET CLR 2.0.50727; .NET CLR 3.0.4506.2152; .NET CLR 3.5.30729)"
74.64.10.235 - - [09/Aug/2011:07:34:45 -0700] "GET /images/buttons/nursing.jpg HTTP/1.1" 200 5819 "http://www.comprehensivenet.com/p_JobListings.php" "Mozilla/5.0 (Windows NT 6.1; rv:5.0) Gecko/20100101 Firefox/5.0"
74.64.10.235 - - [09/Aug/2011:07:34:45 -0700] "GET /images/buttons/tutoring.jpg HTTP/1.1" 200 5948 "http://www.comprehensivenet.com/p_JobListings.php" "Mozilla/5.0 (Windows NT 6.1; rv:5.0) Gecko/20100101 Firefox/5.0"
74.64.10.235 - - [09/Aug/2011:07:34:45 -0700] "GET /images/jobList_Img.jpg HTTP/1.1" 200 71154 "http://www.comprehensivenet.com/p_JobListings.php" "Mozilla/5.0 (Windows NT 6.1; rv:5.0) Gecko/20100101 Firefox/5.0"
74.64.10.235 - - [09/Aug/2011:07:34:47 -0700] "GET /images/EI_Img.jpg HTTP/1.1" 200 38914 "http://www.comprehensivenet.com/c_EIPreSchool.php" "Mozilla/5.0 (Windows NT 6.1; rv:5.0) Gecko/20100101 Firefox/5.0"
68.195.25.166 - - [09/Aug/2011:07:35:54 -0700] "GET /images/25_facebook.jpg HTTP/1.1" 200 2028 "-" "Mozilla/5.0 (compatible; MSIE 9.0; AOL 9.6; AOLBuild 4340.5004; Windows NT 6.0; WOW64; Trident/5.0)"
74.64.10.235 - - [09/Aug/2011:07:36:16 -0700] "GET /j_SocialWorker.php HTTP/1.1" 200 29520 "http://www.comprehensivenet.com/j_Psychologist.php" "Mozilla/5.0 (Windows NT 6.1; rv:5.0) Gecko/20100101 Firefox/5.0"
74.64.10.235 - - [09/Aug/2011:07:36:51 -0700] "GET /j_Psychologist.php HTTP/1.1" 200 26290 "http://www.comprehensivenet.com/j_Tutor.php" "Mozilla/5.0 (Windows NT 6.1; rv:5.0) Gecko/20100101 Firefox/5.0"
68.198.161.168 - - [09/Aug/2011:07:37:12 -0700] "GET /images/25_twitter.jpg HTTP/1.1" 304 - "-" "Mozilla/4.0 (compatible; MSIE 7.0; Windows NT 5.1; Trident/4.0; SearchToolbar 1.1; FunWebProducts; GTB7.1; .NET CLR 1.1.4322; .NET CLR 2.0.50727; .NET CLR 3.0.4506.2152; .NET CLR 3.5.30729; BRI/2; .NET4.0C; FunWebProducts; AskTbFWV5/5.9.1.14019; MSOffice 12)"
74.64.10.235 - - [09/Aug/2011:07:37:16 -0700] "GET /flash/Header.swf HTTP/1.1" 200 251972 "http://www.comprehensivenet.com/j_Administrative.php" "Mozilla/5.0 (Windows NT 6.1; rv:5.0) Gecko/20100101 Firefox/5.0"
68.195.232.138 - - [09/Aug/2011:07:39:10 -0700] "GET /images/outlook_signature.jpg HTTP/1.1" 304 - "-" "Mozilla/4.0 (compatible; MSIE 6.0; Windows NT 5.1; SV1; GTB7.1; .NET CLR 1.1.4322; .NET CLR 1.0.3705; .NET CLR 2.0.50727; .NET CLR 3.0.04506.30; .NET CLR 3.0.04506.648; .NET CLR 3.0.4506.2152; .NET CLR 3.5.30729; IPH 1.1.21.4019)"
68.195.232.138 - - [09/Aug/2011:07:39:10 -0700] "GET /images/25_facebook.jpg HTTP/1.1" 304 - "-" "Mozilla/4.0 (compatible; MSIE 6.0; Windows NT 5.1; SV1; GTB7.1; .NET CLR 1.1.4322; .NET CLR 1.0.3705; .NET CLR 2.0.50727; .NET CLR 3.0.04506.30; .NET CLR 3.0.04506.648; .NET CLR 3.0.4506.2152; .NET CLR 3.5.30729; IPH 1.1.21.4019)"
68.195.232.138 - - [09/Aug/2011:07:39:12 -0700] "GET /images/25_twitter.jpg HTTP/1.1" 304 - "-" "Mozilla/4.0 (compatible; MSIE 6.0; Windows NT 5.1; SV1; GTB7.1; .NET CLR 1.1.4322; .NET CLR 1.0.3705; .NET CLR 2.0.50727; .NET CLR 3.0.04506.30; .NET CLR 3.0.04506.648; .NET CLR 3.0.4506.2152; .NET CLR 3.5.30729; IPH 1.1.21.4019)"
69.235.206.171 - - [09/Aug/2011:07:42:22 -0700] "GET /images/25_twitter.jpg HTTP/1.1" 200 2319 "http://36ohk6dgmcd1n.yom.mail.yahoo.net/om/api/1.0/openmail.app.invoke/36ohk6dgmcd1n/4/1.0.35/us/en-US/view.html" "Mozilla/4.0 (compatible; MSIE 8.0; Windows NT 5.1; Trident/4.0; GTB6; .NET CLR 1.1.4322; InfoPath.2; .NET CLR 2.0.50727; .NET CLR 3.0.4506.2152; .NET CLR 3.5.30729)"
74.64.10.235 - - [09/Aug/2011:07:42:40 -0700] "GET /flash/Header.swf HTTP/1.1" 200 251972 "http://www.comprehensivenet.com/j_MentalHealth.php" "Mozilla/5.0 (Windows NT 6.1; rv:5.0) Gecko/20100101 Firefox/5.0"
108.46.47.62 - - [09/Aug/2011:07:43:00 -0700] "GET /images/25_facebook.jpg HTTP/1.1" 200 2028 "http://www.comprehensivenet.com/p_Nursing.php" "Mozilla/4.0 (compatible; MSIE 8.0; Windows NT 6.1; WOW64; Trident/4.0; GTB7.1; SLCC2; .NET CLR 2.0.50727; .NET CLR 3.5.30729; .NET CLR 3.0.30729; Media Center PC 6.0; .NET4.0C)"
108.46.47.62 - - [09/Aug/2011:07:43:00 -0700] "GET /images/nurses_week.jpg HTTP/1.1" 200 27966 "http://www.comprehensivenet.com/p_Nursing.php" "Mozilla/4.0 (compatible; MSIE 8.0; Windows NT 6.1; WOW64; Trident/4.0; GTB7.1; SLCC2; .NET CLR 2.0.50727; .NET CLR 3.5.30729; .NET CLR 3.0.30729; Media Center PC 6.0; .NET4.0C)"
108.46.47.62 - - [09/Aug/2011:07:43:01 -0700] "GET /images/buttons/newsletters.jpg HTTP/1.1" 200 2378 "http://www.comprehensivenet.com/p_Nursing.php" "Mozilla/4.0 (compatible; MSIE 8.0; Windows NT 6.1; WOW64; Trident/4.0; GTB7.1; SLCC2; .NET CLR 2.0.50727; .NET CLR 3.5.30729; .NET CLR 3.0.30729; Media Center PC 6.0; .NET4.0C)"
108.46.47.62 - - [09/Aug/2011:07:43:01 -0700] "GET /images/buttons/therapyEval.jpg HTTP/1.1" 200 10385 "http://www.comprehensivenet.com/p_Nursing.php" "Mozilla/4.0 (compatible; MSIE 8.0; Windows NT 6.1; WOW64; Trident/4.0; GTB7.1; SLCC2; .NET CLR 2.0.50727; .NET CLR 3.5.30729; .NET CLR 3.0.30729; Media Center PC 6.0; .NET4.0C)"
108.46.47.62 - - [09/Aug/2011:07:43:01 -0700] "GET /images/buttons/tutoring.jpg HTTP/1.1" 200 5948 "http://www.comprehensivenet.com/p_Nursing.php" "Mozilla/4.0 (compatible; MSIE 8.0; Windows NT 6.1; WOW64; Trident/4.0; GTB7.1; SLCC2; .NET CLR 2.0.50727; .NET CLR 3.5.30729; .NET CLR 3.0.30729; Media Center PC 6.0; .NET4.0C)"
165.155.204.74 - - [09/Aug/2011:07:43:40 -0700] "GET /images/25_twitter.jpg HTTP/1.1" 304 - "http://us.mg205.mail.yahoo.com/dc/launch?.gx=1&.rand=c5bb47dcqad2r" "Mozilla/4.0 (compatible; MSIE 6.0; Windows NT 5.1; SV1; InfoPath.2; .NET CLR 2.0.50727; .NET CLR 3.0.04506.648; .NET CLR 3.5.21022; .NET CLR 3.0.4506.2152; .NET CLR 3.5.30729)"
108.46.47.62 - - [09/Aug/2011:07:43:50 -0700] "GET /images/buttons/about_on.jpg HTTP/1.1" 200 2141 "http://www.comprehensivenet.com/p_JobListings.php" "Mozilla/4.0 (compatible; MSIE 8.0; Windows NT 6.1; WOW64; Trident/4.0; GTB7.1; SLCC2; .NET CLR 2.0.50727; .NET CLR 3.5.30729; .NET CLR 3.0.30729; Media Center PC 6.0; .NET4.0C)"
108.46.47.62 - - [09/Aug/2011:07:43:55 -0700] "GET /j_Nurse.php HTTP/1.1" 200 21000 "-" "Mozilla/4.0 (compatible; MSIE 8.0; Windows NT 6.1; WOW64; Trident/4.0; GTB7.1; SLCC2; .NET CLR 2.0.50727; .NET CLR 3.5.30729; .NET CLR 3.0.30729; Media Center PC 6.0; .NET4.0C)"
216.254.79.108 - - [09/Aug/2011:07:44:01 -0700] "GET /images/outlook_signature.jpg HTTP/1.1" 304 - "-" "Mozilla/4.0 (compatible; MSIE 6.0; Windows NT 5.1; SV1; GTB7.1; .NET CLR 2.0.50727)"
108.46.47.62 - - [09/Aug/2011:07:47:09 -0700] "GET /images/buttons/about.jpg HTTP/1.1" 304 - "http://www.comprehensivenet.com/index.php" "Mozilla/4.0 (compatible; MSIE 8.0; Windows NT 6.1; WOW64; Trident/4.0; GTB7.1; SLCC2; .NET CLR 2.0.50727; .NET CLR 3.5.30729; .NET CLR 3.0.30729; Media Center PC 6.0; .NET4.0C)"
108.46.47.62 - - [09/Aug/2011:07:47:09 -0700] "GET /images/buttons/home_on.jpg HTTP/1.1" 304 - "http://www.comprehensivenet.com/index.php" "Mozilla/4.0 (compatible; MSIE 8.0; Windows NT 6.1; WOW64; Trident/4.0; GTB7.1; SLCC2; .NET CLR 2.0.50727; .NET CLR 3.5.30729; .NET CLR 3.0.30729; Media Center PC 6.0; .NET4.0C)"
69.171.224.244 - - [09/Aug/2011:07:48:08 -0700] "GET /htmlLinks/../images/signtalk_unplugreconnect_event/Signtalk_unplugreconnect_wine.jpg HTTP/1.0" 200 21059 "-" "facebookexternalhit/1.0 (+http://www.facebook.com/externalhit_uatext.php)"
72.89.173.48 - - [09/Aug/2011:07:49:14 -0700] "GET /Scripts/AC_RunActiveContent.js HTTP/1.1" 200 8029 "http://www.comprehensivenet.com/" "Mozilla/5.0 (Macintosh; Intel Mac OS X 10.6; rv:5.0.1) Gecko/20100101 Firefox/5.0.1"
72.89.173.48 - - [09/Aug/2011:07:49:15 -0700] "GET /images/buttons/contact.jpg HTTP/1.1" 200 2274 "http://www.comprehensivenet.com/" "Mozilla/5.0 (Macintosh; Intel Mac OS X 10.6; rv:5.0.1) Gecko/20100101 Firefox/5.0.1"
72.89.173.48 - - [09/Aug/2011:07:49:15 -0700] "GET /images/buttons/professional.jpg HTTP/1.1" 200 4977 "http://www.comprehensivenet.com/" "Mozilla/5.0 (Macintosh; Intel Mac OS X 10.6; rv:5.0.1) Gecko/20100101 Firefox/5.0.1"
65.55.237.92 - - [09/Aug/2011:07:49:57 -0700] "GET /images/25_twitter.jpg HTTP/1.1" 200 2319 "-" "Mozilla/4.0 (compatible; MSIE 6.0; Windows NT 5.1; SV1; .NET CLR 1.1.4322; .NET CLR 2.0.50727; .NET CLR 3.0.4506.2152; .NET CLR 3.5.30729; .NET4.0C)"
216.254.79.108 - - [09/Aug/2011:07:50:54 -0700] "GET /images/25_twitter.jpg HTTP/1.1" 304 - "-" "Mozilla/4.0 (compatible; MSIE 7.0; Windows NT 5.1; Trident/4.0; GTB7.1; .NET CLR 1.1.4322; .NET CLR 1.0.3705; .NET CLR 2.0.50727; .NET CLR 3.0.4506.2152; .NET CLR 3.5.30729; OfficeLiveConnector.1.3; OfficeLivePatch.0.0; InfoPath.1)"
216.254.79.108 - - [09/Aug/2011:07:50:54 -0700] "GET /images/25_twitter.jpg HTTP/1.1" 304 - "-" "Mozilla/4.0 (compatible; MSIE 7.0; Windows NT 5.1; Trident/4.0; GTB7.1; .NET CLR 1.1.4322; .NET CLR 1.0.3705; .NET CLR 2.0.50727; .NET CLR 3.0.4506.2152; .NET CLR 3.5.30729; OfficeLiveConnector.1.3; OfficeLivePatch.0.0; InfoPath.1)"
216.254.79.108 - - [09/Aug/2011:07:54:58 -0700] "GET /images/25_facebook.jpg HTTP/1.1" 304 - "-" "Mozilla/4.0 (compatible; MSIE 6.0; Windows NT 5.1; SV1; GTB7.1; .NET CLR 2.0.50727)"
216.254.79.108 - - [09/Aug/2011:07:55:18 -0700] "GET /images/outlook_signature.jpg HTTP/1.1" 304 - "-" "Mozilla/4.0 (compatible; MSIE 7.0; Windows NT 5.1; GTB7.1; .NET CLR 1.1.4322; .NET CLR 2.0.50727; InfoPath.1; .NET CLR 3.0.4506.2152; .NET CLR 3.5.30729)"
216.254.79.108 - - [09/Aug/2011:07:55:22 -0700] "GET /images/25_facebook.jpg HTTP/1.1" 304 - "-" "Mozilla/4.0 (compatible; MSIE 7.0; Windows NT 5.1; GTB7.1; .NET CLR 1.1.4322; .NET CLR 2.0.50727; InfoPath.1; .NET CLR 3.0.4506.2152; .NET CLR 3.5.30729)"
216.254.79.108 - - [09/Aug/2011:07:55:22 -0700] "GET /images/25_twitter.jpg HTTP/1.1" 304 - "-" "Mozilla/4.0 (compatible; MSIE 7.0; Windows NT 5.1; GTB7.1; .NET CLR 1.1.4322; .NET CLR 2.0.50727; InfoPath.1; .NET CLR 3.0.4506.2152; .NET CLR 3.5.30729)"
68.28.105.227 - - [09/Aug/2011:07:55:58 -0700] "GET /JobListings/skins/images/jobListingFooter.jpg HTTP/1.1" 200 12421 "http://www.comprehensivenet.com/JobListings/show_news.php?subaction=showfull&id=1302014626" "Mozilla/4.0 (compatible; MSIE 8.0; Windows NT 6.0; Trident/4.0; GTB7.1; SLCC1; .NET CLR 2.0.50727; Media Center PC 5.1; .NET CLR 3.5.30729; .NET CLR 3.0.30729; .NET4.0C)"
216.254.79.108 - - [09/Aug/2011:07:56:09 -0700] "GET /images/25_twitter.jpg HTTP/1.1" 304 - "-" "Mozilla/4.0 (compatible; MSIE 6.0; Windows NT 5.1; SV1; Mozilla/4.0 (compatible; MSIE 6.0; Windows NT 5.1; SV1) ;  Embedded Web Browser from: http://bsalsa.com/; .NET CLR 1.1.4322; .NET CLR 2.0.50727; .NET CLR 3.0.04506.30; .NET CLR 3.0.4506.2152; .NET CLR 3.5.30729; MDDR)"
216.254.79.108 - - [09/Aug/2011:07:57:21 -0700] "GET /images/outlook_signature.jpg HTTP/1.1" 304 - "-" "Mozilla/4.0 (compatible; MSIE 6.0; Windows NT 5.1; SV1; GTB7.1; .NET CLR 1.1.4322; .NET CLR 2.0.50727)"
216.254.79.108 - - [09/Aug/2011:07:57:34 -0700] "GET /images/outlook_signature.jpg HTTP/1.1" 304 - "-" "Mozilla/4.0 (compatible; MSIE 6.0; Windows NT 5.1; SV1; GTB7.1; .NET CLR 1.1.4322; .NET CLR 2.0.50727)"
216.254.79.108 - - [09/Aug/2011:08:00:44 -0700] "GET /images/outlook_signature.jpg HTTP/1.1" 304 - "-" "Mozilla/4.0 (compatible; MSIE 7.0; Windows NT 5.1; GTB7.1; .NET CLR 1.1.4322; .NET CLR 2.0.50727; InfoPath.1; .NET CLR 3.0.4506.2152; .NET CLR 3.5.30729)"
68.195.232.138 - - [09/Aug/2011:08:01:24 -0700] "GET /images/25_facebook.jpg HTTP/1.1" 304 - "-" "Mozilla/4.0 (compatible; MSIE 7.0; Windows NT 5.1; MRSPUTNIK 2, 3, 0, 104; GTB6.6; .NET CLR 1.1.4322; .NET CLR 2.0.50727; .NET CLR 1.0.3705; .NET CLR 3.0.04506.30; .NET CLR 3.0.04506.648; .NET CLR 3.0.4506.2152; .NET CLR 3.5.30729; IPH 1.1.21.4019)"
66.31.34.160 - - [09/Aug/2011:08:01:59 -0700] "GET /images/buttons/courses.jpg HTTP/1.1" 200 3497 "http://www.comprehensivenet.com/p_EIPreSchool.php" "Mozilla/5.0 (Macintosh; Intel Mac OS X 10_6_4) AppleWebKit/535.1 (KHTML, like Gecko) Chrome/13.0.782.107 Safari/535.1"
