216.254.79.108 - - [12/Aug/2011:09:27:29 -0700] "GET /images/25_facebook.jpg HTTP/1.1" 304 - "-" "Mozilla/4.0 (compatible; MSIE 6.0; Windows NT 5.1; SV1; .NET CLR 1.1.4322; .NET CLR 1.0.3705; .NET CLR 2.0.50727; Creative ZENcast v1.01.06; .NET CLR 3.0.4506.2152; .NET CLR 3.5.30729)"
216.254.79.108 - - [12/Aug/2011:09:27:29 -0700] "GET /images/25_twitter.jpg HTTP/1.1" 304 - "-" "Mozilla/4.0 (compatible; MSIE 6.0; Windows NT 5.1; SV1; .NET CLR 1.1.4322; .NET CLR 1.0.3705; .NET CLR 2.0.50727; Creative ZENcast v1.01.06; .NET CLR 3.0.4506.2152; .NET CLR 3.5.30729)"
216.254.79.108 - - [12/Aug/2011:09:27:51 -0700] "GET /images/25_facebook.jpg HTTP/1.1" 304 - "-" "Mozilla/4.0 (compatible; MSIE 7.0; Windows NT 5.1; Trident/4.0; .NET CLR 1.1.4322; .NET CLR 2.0.50727; .NET CLR 3.0.4506.2152; .NET CLR 3.5.30729; .NET4.0C; .NET4.0E; yie8)"
216.254.79.108 - - [12/Aug/2011:09:27:53 -0700] "GET /images/25_twitter.jpg HTTP/1.1" 304 - "-" "Mozilla/4.0 (compatible; MSIE 7.0; Windows NT 5.1; Trident/4.0; .NET CLR 1.1.4322; .NET CLR 2.0.50727; .NET CLR 3.0.4506.2152; .NET CLR 3.5.30729; .NET4.0C; .NET4.0E; yie8)"
216.254.79.108 - - [12/Aug/2011:09:30:18 -0700] "GET /images/25_twitter.jpg HTTP/1.1" 304 - "-" "Mozilla/4.0 (compatible; MSIE 7.0; Windows NT 5.1; Trident/4.0; GTB7.1; .NET CLR 1.1.4322; .NET CLR 2.0.50727; .NET CLR 3.0.4506.2152; .NET CLR 3.5.30729; InfoPath.1; .NET4.0C)"
216.254.79.108 - - [12/Aug/2011:09:30:23 -0700] "GET /images/25_facebook.jpg HTTP/1.1" 304 - "-" "Mozilla/4.0 (compatible; MSIE 7.0; Windows NT 5.1; Trident/4.0; GTB7.1; .NET CLR 1.1.4322; .NET CLR 2.0.50727; .NET CLR 3.0.4506.2152; .NET CLR 3.5.30729; InfoPath.1; .NET4.0C)"
216.254.79.108 - - [12/Aug/2011:09:30:24 -0700] "GET /images/outlook_signature.jpg HTTP/1.1" 304 - "-" "Mozilla/4.0 (compatible; MSIE 7.0; Windows NT 5.1; Trident/4.0; GTB7.1; .NET CLR 1.1.4322; .NET CLR 2.0.50727; .NET CLR 3.0.4506.2152; .NET CLR 3.5.30729; InfoPath.1; .NET4.0C)"
216.254.79.108 - - [12/Aug/2011:09:30:25 -0700] "GET /images/25_twitter.jpg HTTP/1.1" 304 - "-" "Mozilla/4.0 (compatible; MSIE 6.0; Windows NT 5.1; SV1; GTB7.1; .NET CLR 1.1.4322; .NET CLR 2.0.50727)"
216.254.79.108 - - [12/Aug/2011:09:30:26 -0700] "GET /images/25_twitter.jpg HTTP/1.1" 304 - "-" "Mozilla/4.0 (compatible; MSIE 6.0; Windows NT 5.1; SV1; GTB7.1; .NET CLR 1.1.4322; .NET CLR 2.0.50727)"
216.254.79.108 - - [12/Aug/2011:09:36:07 -0700] "GET /images/outlook_signature.jpg HTTP/1.1" 304 - "-" "Mozilla/4.0 (compatible; MSIE 7.0; Windows NT 5.1; Trident/4.0; GTB7.1; .NET CLR 1.1.4322; .NET CLR 2.0.50727; .NET CLR 3.0.4506.2152; .NET CLR 3.5.30729; InfoPath.1)"
75.250.17.16 - - [12/Aug/2011:09:40:36 -0700] "GET /images/25_facebook.jpg HTTP/1.1" 304 - "-" "Mozilla/5.0 (iPad; U; CPU OS 4_3_3 like Mac OS X; en-us) AppleWebKit/533.17.9 (KHTML, like Gecko)"
24.228.209.216 - - [12/Aug/2011:09:42:59 -0700] "GET /images/25_twitter.jpg HTTP/1.1" 304 - "-" "Mozilla/4.0 (compatible; MSIE 7.0; Windows NT 5.1; .NET CLR 1.1.4322)"
216.254.79.108 - - [12/Aug/2011:09:43:17 -0700] "GET /images/25_twitter.jpg HTTP/1.1" 304 - "-" "Mozilla/4.0 (compatible; MSIE 7.0; Windows NT 5.1; Trident/4.0; .NET CLR 1.1.4322; .NET CLR 2.0.50727; .NET CLR 3.0.4506.2152; .NET CLR 3.5.30729; .NET4.0C; .NET4.0E; yie8)"
216.254.79.108 - - [12/Aug/2011:09:47:09 -0700] "GET /images/25_twitter.jpg HTTP/1.1" 304 - "-" "Mozilla/4.0 (compatible; MSIE 7.0; Windows NT 5.1; Trident/4.0; .NET CLR 1.1.4322; .NET CLR 2.0.50727; .NET CLR 3.0.4506.2152; .NET CLR 3.5.30729; .NET4.0C; .NET4.0E; yie8)"
64.134.103.113 - - [12/Aug/2011:09:48:40 -0700] "GET /images/buttons/contact.jpg HTTP/1.1" 200 2274 "http://www.comprehensivenet.com/" "Mozilla/5.0 (Macintosh; U; Intel Mac OS X 10_6_7; en-us) AppleWebKit/533.21.1 (KHTML, like Gecko) Version/5.0.5 Safari/533.21.1"
64.134.103.113 - - [12/Aug/2011:09:49:36 -0700] "GET /flash/Header.swf HTTP/1.1" 200 251972 "http://www.comprehensivenet.com/about.php" "Mozilla/5.0 (Macintosh; U; Intel Mac OS X 10_6_7; en-us) AppleWebKit/533.21.1 (KHTML, like Gecko) Version/5.0.5 Safari/533.21.1"
92.249.127.111 - - [12/Aug/2011:09:50:03 -0700] "GET / HTTP/1.0" 200 14361 "http://uspalintion.10bb.ru/" "Mozilla/4.0 (compatible; MSIE 6.0; Windows NT 5.1; SV1; .NET CLR 1.1.4322)"
208.43.22.34 - - [12/Aug/2011:09:52:52 -0700] "GET /JobListings/show_news.php?subaction=showfull&id=1268754758 HTTP/1.1" 200 5147 "-" "Mozilla/4.0 (compatible; MSIE 7.0; Windows NT 5.1; SV1; .NET CLR 1.1.4322)"
208.43.22.34 - - [12/Aug/2011:09:53:00 -0700] "GET /JobListings/show_news.php?subaction=showfull&id=1267735670 HTTP/1.1" 200 7446 "-" "Mozilla/4.0 (compatible; MSIE 7.0; Windows NT 5.1; SV1; .NET CLR 1.1.4322)"
24.193.247.147 - - [12/Aug/2011:09:53:33 -0700] "GET /favicon.ico HTTP/1.1" 200 894 "-" "Mozilla/4.0 (compatible; MSIE 8.0; Windows NT 6.0; Trident/4.0; FBSMTWB; SLCC1; .NET CLR 2.0.50727; Media Center PC 5.0; .NET CLR 3.5.30729; .NET CLR 3.0.30618; MS-RTC EA 2; .NET4.0C; BRI/1; BRI/2)"
24.193.247.147 - - [12/Aug/2011:09:55:17 -0700] "GET /ComprehensiveStyles.css HTTP/1.1" 200 1472 "http://www.comprehensivenet.com/" "Mozilla/4.0 (compatible; MSIE 8.0; Windows NT 6.0; Trident/4.0; FBSMTWB; SLCC1; .NET CLR 2.0.50727; Media Center PC 5.0; .NET CLR 3.5.30729; .NET CLR 3.0.30618; MS-RTC EA 2; .NET4.0C; BRI/1; BRI/2)"
24.193.247.147 - - [12/Aug/2011:09:55:22 -0700] "GET /images/buttons/contact.jpg HTTP/1.1" 200 2274 "http://www.comprehensivenet.com/" "Mozilla/4.0 (compatible; MSIE 8.0; Windows NT 6.0; Trident/4.0; FBSMTWB; SLCC1; .NET CLR 2.0.50727; Media Center PC 5.0; .NET CLR 3.5.30729; .NET CLR 3.0.30618; MS-RTC EA 2; .NET4.0C; BRI/1; BRI/2)"
24.193.247.147 - - [12/Aug/2011:09:55:26 -0700] "GET /images/buttons/newsletters_on.jpg HTTP/1.1" 200 2692 "http://www.comprehensivenet.com/" "Mozilla/4.0 (compatible; MSIE 8.0; Windows NT 6.0; Trident/4.0; FBSMTWB; SLCC1; .NET CLR 2.0.50727; Media Center PC 5.0; .NET CLR 3.5.30729; .NET CLR 3.0.30618; MS-RTC EA 2; .NET4.0C; BRI/1; BRI/2)"
24.193.247.147 - - [12/Aug/2011:09:55:28 -0700] "GET /images/buttons/courses_on.jpg HTTP/1.1" 200 4007 "http://www.comprehensivenet.com/" "Mozilla/4.0 (compatible; MSIE 8.0; Windows NT 6.0; Trident/4.0; FBSMTWB; SLCC1; .NET CLR 2.0.50727; Media Center PC 5.0; .NET CLR 3.5.30729; .NET CLR 3.0.30618; MS-RTC EA 2; .NET4.0C; BRI/1; BRI/2)"
24.193.247.147 - - [12/Aug/2011:09:55:42 -0700] "GET /images/contact_map1.jpg HTTP/1.1" 200 56953 "http://www.comprehensivenet.com/contact.php" "Mozilla/4.0 (compatible; MSIE 8.0; Windows NT 6.0; Trident/4.0; FBSMTWB; SLCC1; .NET CLR 2.0.50727; Media Center PC 5.0; .NET CLR 3.5.30729; .NET CLR 3.0.30618; MS-RTC EA 2; .NET4.0C; BRI/1; BRI/2)"
24.193.247.147 - - [12/Aug/2011:09:55:55 -0700] "GET /images/buttons/therapyEval.jpg HTTP/1.1" 200 10385 "http://www.comprehensivenet.com/professionals.php" "Mozilla/4.0 (compatible; MSIE 8.0; Windows NT 6.0; Trident/4.0; FBSMTWB; SLCC1; .NET CLR 2.0.50727; Media Center PC 5.0; .NET CLR 3.5.30729; .NET CLR 3.0.30618; MS-RTC EA 2; .NET4.0C; BRI/1; BRI/2)"
24.193.247.147 - - [12/Aug/2011:09:55:55 -0700] "GET /images/buttons/jobListings.jpg HTTP/1.1" 200 4761 "http://www.comprehensivenet.com/professionals.php" "Mozilla/4.0 (compatible; MSIE 8.0; Windows NT 6.0; Trident/4.0; FBSMTWB; SLCC1; .NET CLR 2.0.50727; Media Center PC 5.0; .NET CLR 3.5.30729; .NET CLR 3.0.30618; MS-RTC EA 2; .NET4.0C; BRI/1; BRI/2)"
24.193.247.147 - - [12/Aug/2011:09:56:04 -0700] "GET /j_Administrative.php HTTP/1.1" 200 15658 "-" "Mozilla/4.0 (compatible; MSIE 8.0; Windows NT 6.0; Trident/4.0; FBSMTWB; SLCC1; .NET CLR 2.0.50727; Media Center PC 5.0; .NET CLR 3.5.30729; .NET CLR 3.0.30618; MS-RTC EA 2; .NET4.0C; BRI/1; BRI/2)"
68.195.232.138 - - [12/Aug/2011:09:56:28 -0700] "GET /images/25_facebook.jpg HTTP/1.1" 304 - "-" "Mozilla/4.0 (compatible; MSIE 6.0; Windows NT 5.1; GTB6.6; .NET CLR 1.1.4322; .NET CLR 1.0.3705; .NET CLR 2.0.50727)"
24.193.247.147 - - [12/Aug/2011:09:56:38 -0700] "GET /JobListings/skins/images/jobListingFooter.jpg HTTP/1.1" 304 - "http://www.comprehensivenet.com/JobListings/show_news.php?subaction=showfull&id=1302014626&archive=&template=" "Mozilla/4.0 (compatible; MSIE 8.0; Windows NT 6.0; Trident/4.0; FBSMTWB; SLCC1; .NET CLR 2.0.50727; Media Center PC 5.0; .NET CLR 3.5.30729; .NET CLR 3.0.30618; MS-RTC EA 2; .NET4.0C; BRI/1; BRI/2)"
24.193.247.147 - - [12/Aug/2011:09:57:05 -0700] "GET /JobListings/skins/images/jobListingFooter.jpg HTTP/1.1" 304 - "http://www.comprehensivenet.com/JobListings/show_news.php?subaction=showfull&id=1302014626&archive=&template=" "Mozilla/4.0 (compatible; MSIE 8.0; Windows NT 6.0; Trident/4.0; FBSMTWB; SLCC1; .NET CLR 2.0.50727; Media Center PC 5.0; .NET CLR 3.5.30729; .NET CLR 3.0.30618; MS-RTC EA 2; .NET4.0C; BRI/1; BRI/2)"
216.254.79.108 - - [12/Aug/2011:09:59:15 -0700] "GET /images/outlook_signature.jpg HTTP/1.1" 304 - "-" "Mozilla/4.0 (compatible; MSIE 6.0; Windows NT 5.1; SV1; FunWebProducts; GTB7.1; .NET CLR 1.1.4322; .NET CLR 1.0.3705; .NET CLR 2.0.50727; .NET CLR 3.0.4506.2152; .NET CLR 3.5.30729; FunWebProducts)"
216.254.79.108 - - [12/Aug/2011:09:59:30 -0700] "GET /images/25_facebook.jpg HTTP/1.1" 304 - "-" "Mozilla/4.0 (compatible; MSIE 6.0; Windows NT 5.1; SV1; Mozilla/4.0 (compatible; MSIE 6.0; Windows NT 5.1; SV1) ;  Embedded Web Browser from: http://bsalsa.com/; .NET CLR 1.1.4322; .NET CLR 2.0.50727; .NET CLR 3.0.04506.30; .NET CLR 3.0.4506.2152; .NET CLR 3.5.30729; MDDR)"
216.254.79.108 - - [12/Aug/2011:09:59:33 -0700] "GET /images/25_twitter.jpg HTTP/1.1" 304 - "-" "Mozilla/4.0 (compatible; MSIE 6.0; Windows NT 5.1; SV1; Mozilla/4.0 (compatible; MSIE 6.0; Windows NT 5.1; SV1) ;  Embedded Web Browser from: http://bsalsa.com/; .NET CLR 1.1.4322; .NET CLR 2.0.50727; .NET CLR 3.0.04506.30; .NET CLR 3.0.4506.2152; .NET CLR 3.5.30729; MDDR)"
74.116.90.15 - - [12/Aug/2011:10:03:24 -0700] "GET /images/25_twitter.jpg HTTP/1.1" 200 2319 "-" "VRPS/$Rev: 43290 $"
24.193.247.147 - - [12/Aug/2011:10:03:37 -0700] "GET /images/contact_title.jpg HTTP/1.1" 304 - "http://www.comprehensivenet.com/contact.php" "Mozilla/4.0 (compatible; MSIE 8.0; Windows NT 6.0; Trident/4.0; FBSMTWB; SLCC1; .NET CLR 2.0.50727; Media Center PC 5.0; .NET CLR 3.5.30729; .NET CLR 3.0.30618; MS-RTC EA 2; .NET4.0C; BRI/1; BRI/2)"
24.193.247.147 - - [12/Aug/2011:10:03:41 -0700] "GET /images/buttons/about_on.jpg HTTP/1.1" 304 - "http://www.comprehensivenet.com/contact.php" "Mozilla/4.0 (compatible; MSIE 8.0; Windows NT 6.0; Trident/4.0; FBSMTWB; SLCC1; .NET CLR 2.0.50727; Media Center PC 5.0; .NET CLR 3.5.30729; .NET CLR 3.0.30618; MS-RTC EA 2; .NET4.0C; BRI/1; BRI/2)"
74.116.90.15 - - [12/Aug/2011:10:03:46 -0700] "GET /images/25_twitter.jpg HTTP/1.1" 200 2319 "-" "VRPS/$Rev: 43290 $"
74.116.90.15 - - [12/Aug/2011:10:05:21 -0700] "GET /images/25_twitter.jpg HTTP/1.1" 200 2319 "-" "VRPS/$Rev: 43290 $"
98.158.179.23 - - [12/Aug/2011:10:06:45 -0700] "GET /JobListings/show_news.php?subaction=showfull&id=1304611453 HTTP/1.0" 200 4352 "-" "Mozilla/4.0 (compatible; MSIE 7.0; Windows NT 5.1)"
68.195.232.138 - - [12/Aug/2011:10:08:34 -0700] "GET /images/25_facebook.jpg HTTP/1.1" 304 - "-" "Mozilla/4.0 (compatible; MSIE 7.0; Windows NT 6.1; WOW64; Trident/4.0; SLCC2; .NET CLR 2.0.50727; .NET CLR 3.5.30729; .NET CLR 3.0.30729; Media Center PC 6.0; MDDC; IPH 1.1.21.4019)"
68.195.232.138 - - [12/Aug/2011:10:08:34 -0700] "GET /images/outlook_signature.jpg HTTP/1.1" 304 - "-" "Mozilla/4.0 (compatible; MSIE 7.0; Windows NT 6.1; WOW64; Trident/4.0; SLCC2; .NET CLR 2.0.50727; .NET CLR 3.5.30729; .NET CLR 3.0.30729; Media Center PC 6.0; MDDC; IPH 1.1.21.4019)"
165.155.110.6 - - [12/Aug/2011:10:14:25 -0700] "GET /images/outlook_signature.jpg HTTP/1.1" 304 - "-" "Mozilla/4.0 (compatible; MSIE 7.0; Windows NT 5.1; Trident/4.0; GTB7.1; .NET CLR 1.1.4322; .NET CLR 2.0.50727; .NET CLR 3.0.04506.30; .NET CLR 3.0.04506.648; .NET CLR 3.5.21022; MS-RTC LM 8; OfficeLiveConnector.1.3; OfficeLivePatch.0.0; .NET CLR 3.0.4506.2152; .NET CLR 3.5.30729; InfoPath.3; msn OptimizedIE8;ENUS; ms-office; MSOffice 14)"
206.212.89.240 - - [12/Aug/2011:10:16:18 -0700] "GET /images/outlook_signature.jpg HTTP/1.1" 200 39193 "-" "Mozilla/4.0 (compatible; MSIE 7.0; Windows NT 5.1; .NET CLR 1.1.4322; .NET CLR 2.0.50727; InfoPath.1)"
206.212.89.240 - - [12/Aug/2011:10:16:18 -0700] "GET /images/25_facebook.jpg HTTP/1.1" 200 2028 "-" "Mozilla/4.0 (compatible; MSIE 7.0; Windows NT 5.1; .NET CLR 1.1.4322; .NET CLR 2.0.50727; InfoPath.1)"
216.254.79.108 - - [12/Aug/2011:10:20:51 -0700] "GET /images/25_twitter.jpg HTTP/1.1" 304 - "-" "Mozilla/4.0 (compatible; MSIE 7.0; Windows NT 5.1; Trident/4.0; GTB7.1; .NET CLR 1.1.4322; .NET CLR 2.0.50727; .NET CLR 3.0.4506.2152; .NET CLR 3.5.30729; InfoPath.1; .NET4.0C)"
216.254.79.108 - - [12/Aug/2011:10:20:51 -0700] "GET /images/25_facebook.jpg HTTP/1.1" 304 - "-" "Mozilla/4.0 (compatible; MSIE 7.0; Windows NT 5.1; Trident/4.0; GTB7.1; .NET CLR 1.1.4322; .NET CLR 2.0.50727; .NET CLR 3.0.4506.2152; .NET CLR 3.5.30729; InfoPath.1; .NET4.0C)"
165.155.110.6 - - [12/Aug/2011:10:23:26 -0700] "GET /images/25_twitter.jpg HTTP/1.1" 200 2319 "-" "Mozilla/4.0 (compatible; MSIE 7.0; Windows NT 5.1; Trident/4.0; GTB7.1; .NET CLR 2.0.50727; .NET CLR 3.0.04506.648; .NET CLR 3.5.21022; InfoPath.1; .NET CLR 3.0.4506.2152; .NET CLR 3.5.30729; .NET4.0C; .NET4.0E)"
165.155.110.6 - - [12/Aug/2011:10:25:32 -0700] "GET /images/25_facebook.jpg HTTP/1.1" 304 - "-" "Mozilla/4.0 (compatible; MSIE 7.0; Windows NT 6.1; WOW64; Trident/5.0; SLCC2; .NET CLR 2.0.50727; .NET CLR 3.5.30729; .NET CLR 3.0.30729; InfoPath.3; .NET4.0C; Media Center PC 6.0; .NET4.0E; ms-office; MSOffice 14)"
64.134.103.113 - - [12/Aug/2011:10:32:23 -0700] "GET /images/jobList_Img.jpg HTTP/1.1" 200 71154 "http://www.comprehensivenet.com/p_JobListings.php" "Mozilla/5.0 (Macintosh; U; Intel Mac OS X 10_6_7; en-us) AppleWebKit/533.21.1 (KHTML, like Gecko) Version/5.0.5 Safari/533.21.1"
216.254.79.108 - - [12/Aug/2011:10:32:40 -0700] "GET /images/25_twitter.jpg HTTP/1.1" 304 - "-" "Mozilla/4.0 (compatible; MSIE 7.0; Windows NT 5.1; GTB7.1; .NET CLR 1.1.4322; .NET CLR 2.0.50727; Hotbar 10.2.236.0)"
216.254.79.108 - - [12/Aug/2011:10:33:27 -0700] "GET /images/outlook_signature.jpg HTTP/1.1" 304 - "-" "Mozilla/4.0 (compatible; MSIE 7.0; Windows NT 5.1; .NET CLR 1.1.4322; .NET CLR 1.0.3705; .NET CLR 2.0.50727; .NET CLR 3.0.4506.2152; .NET CLR 3.5.30729; InfoPath.1)"
69.227.2.206 - - [12/Aug/2011:10:37:30 -0700] "GET /ComprehensiveStyles.css HTTP/1.1" 200 1472 "http://www.comprehensivenet.com/p_ContinuingEd.php" "Mozilla/5.0 (Macintosh; Intel Mac OS X 10.5; rv:5.0.1) Gecko/20100101 Firefox/5.0.1"
69.227.2.206 - - [12/Aug/2011:10:37:30 -0700] "GET /images/buttons/professional.jpg HTTP/1.1" 200 4977 "http://www.comprehensivenet.com/p_ContinuingEd.php" "Mozilla/5.0 (Macintosh; Intel Mac OS X 10.5; rv:5.0.1) Gecko/20100101 Firefox/5.0.1"
69.227.2.206 - - [12/Aug/2011:10:37:31 -0700] "GET /images/buttons/tutoring.jpg HTTP/1.1" 200 5948 "http://www.comprehensivenet.com/p_ContinuingEd.php" "Mozilla/5.0 (Macintosh; Intel Mac OS X 10.5; rv:5.0.1) Gecko/20100101 Firefox/5.0.1"
69.227.2.206 - - [12/Aug/2011:10:37:32 -0700] "GET /images/buttons/newsletters_on.jpg HTTP/1.1" 200 2692 "http://www.comprehensivenet.com/p_ContinuingEd.php" "Mozilla/5.0 (Macintosh; Intel Mac OS X 10.5; rv:5.0.1) Gecko/20100101 Firefox/5.0.1"
128.95.240.228 - - [12/Aug/2011:10:38:43 -0700] "GET /JobListings/show_news.php?subaction=showfull&id=1269304439 HTTP/1.1" 200 4332 "http://www.indeed.com/q-Speech-Language-Pathologist-Pediatric-l-New-York,-NY-jobs.html" "Mozilla/4.0 (compatible; MSIE 8.0; Windows NT 6.0; Trident/4.0; SLCC1; .NET CLR 2.0.50727; MDDR; .NET CLR 3.5.30729; .NET CLR 3.0.30729; InfoPath.2; .NET4.0C)"
119.63.196.54 - - [12/Aug/2011:10:53:00 -0700] "GET /robots.txt HTTP/1.1" 404 216 "-" "Baiduspider+(+http://www.baidu.com/search/spider.htm)"
74.116.90.15 - - [12/Aug/2011:10:57:31 -0700] "GET /images/25_twitter.jpg HTTP/1.1" 200 2319 "-" "VRPS/$Rev: 43290 $"
216.254.79.108 - - [12/Aug/2011:11:00:35 -0700] "GET /images/outlook_signature.jpg HTTP/1.1" 304 - "-" "Mozilla/4.0 (compatible; MSIE 7.0; Windows NT 5.1; Trident/4.0; BTRS86393; .NET CLR 1.0.3705; .NET CLR 2.0.50727; .NET CLR 3.0.4506.2152; .NET CLR 3.5.30729)"
208.47.199.194 - - [12/Aug/2011:11:02:42 -0700] "GET /images/25_twitter.jpg HTTP/1.1" 200 2319 "http://www.comprehensivenet.com/" "Mozilla/4.0 (compatible; MSIE 8.0; Windows NT 5.1; Trident/4.0; .NET CLR 1.1.4322; .NET4.0C)"
208.47.199.194 - - [12/Aug/2011:11:02:42 -0700] "GET /images/buttons/about.jpg HTTP/1.1" 200 1869 "http://www.comprehensivenet.com/" "Mozilla/4.0 (compatible; MSIE 8.0; Windows NT 5.1; Trident/4.0; .NET CLR 1.1.4322; .NET4.0C)"
208.47.199.194 - - [12/Aug/2011:11:02:47 -0700] "GET /images/buttons/home_on.jpg HTTP/1.1" 200 1637 "http://www.comprehensivenet.com/" "Mozilla/4.0 (compatible; MSIE 8.0; Windows NT 5.1; Trident/4.0; .NET CLR 1.1.4322; .NET4.0C)"
65.91.117.75 - - [12/Aug/2011:11:13:55 -0700] "GET /images/outlook_signature.jpg HTTP/1.1" 304 - "-" "Mozilla/4.0 (compatible; MSIE 6.0; Windows NT 5.1)"
174.252.23.33 - - [12/Aug/2011:11:18:43 -0700] "GET /JobListings/skins/images/jobListingFooter.jpg HTTP/1.1" 200 12421 "http://www.comprehensivenet.com/JobListings/show_news.php?subaction=showfull&id=1267736474" "Mozilla/5.0 (Linux; U; Android 2.2; en-us; DROID2 Build/VZW) AppleWebKit/533.1 (KHTML, like Gecko) Version/4.0 Mobile Safari/533.1 480X854 motorola DROID2"
208.47.199.194 - - [12/Aug/2011:11:19:22 -0700] "GET /images/buttons/home.jpg HTTP/1.1" 304 - "http://www.comprehensivenet.com/p_JobListings.php" "Mozilla/4.0 (compatible; MSIE 8.0; Windows NT 5.1; Trident/4.0; .NET CLR 1.1.4322; .NET4.0C)"
208.47.199.194 - - [12/Aug/2011:11:19:22 -0700] "GET /images/buttons/professional.jpg HTTP/1.1" 304 - "http://www.comprehensivenet.com/p_JobListings.php" "Mozilla/4.0 (compatible; MSIE 8.0; Windows NT 5.1; Trident/4.0; .NET CLR 1.1.4322; .NET4.0C)"
208.47.199.194 - - [12/Aug/2011:11:19:22 -0700] "GET /images/buttons/tutoring.jpg HTTP/1.1" 200 5948 "http://www.comprehensivenet.com/p_JobListings.php" "Mozilla/4.0 (compatible; MSIE 8.0; Windows NT 5.1; Trident/4.0; .NET CLR 1.1.4322; .NET4.0C)"
208.47.199.194 - - [12/Aug/2011:11:20:21 -0700] "GET /JobListings/show_news.php?subaction=showfull&id=1286464973&archive=&template= HTTP/1.1" 200 3398 "-" "Mozilla/4.0 (compatible; MSIE 8.0; Windows NT 5.1; Trident/4.0; .NET CLR 1.1.4322; .NET4.0C)"
208.47.199.194 - - [12/Aug/2011:11:20:21 -0700] "GET /JobListings/skins/images/jobListingHeader.jpg HTTP/1.1" 304 - "http://www.comprehensivenet.com/JobListings/show_news.php?subaction=showfull&id=1286464973&archive=&template=" "Mozilla/4.0 (compatible; MSIE 8.0; Windows NT 5.1; Trident/4.0; .NET CLR 1.1.4322; .NET4.0C)"
208.47.199.194 - - [12/Aug/2011:11:20:33 -0700] "GET /JobListings/show_news.php?subaction=showfull&id=1302014626&archive=&template= HTTP/1.1" 200 13148 "-" "Mozilla/4.0 (compatible; MSIE 8.0; Windows NT 5.1; Trident/4.0; .NET CLR 1.1.4322; .NET4.0C)"
208.47.199.194 - - [12/Aug/2011:11:21:19 -0700] "GET /images/buttons/courses.jpg HTTP/1.1" 304 - "http://www.comprehensivenet.com/contact.php" "Mozilla/4.0 (compatible; MSIE 8.0; Windows NT 5.1; Trident/4.0; .NET CLR 1.1.4322; .NET4.0C)"
208.47.199.194 - - [12/Aug/2011:11:21:19 -0700] "GET /images/contact_locations.jpg HTTP/1.1" 200 29468 "http://www.comprehensivenet.com/contact.php" "Mozilla/4.0 (compatible; MSIE 8.0; Windows NT 5.1; Trident/4.0; .NET CLR 1.1.4322; .NET4.0C)"
208.47.199.194 - - [12/Aug/2011:11:21:19 -0700] "GET /images/contact_map3.jpg HTTP/1.1" 200 62644 "http://www.comprehensivenet.com/contact.php" "Mozilla/4.0 (compatible; MSIE 8.0; Windows NT 5.1; Trident/4.0; .NET CLR 1.1.4322; .NET4.0C)"
208.47.199.194 - - [12/Aug/2011:11:21:24 -0700] "GET /images/buttons/home_on.jpg HTTP/1.1" 304 - "http://www.comprehensivenet.com/contact.php" "Mozilla/4.0 (compatible; MSIE 8.0; Windows NT 5.1; Trident/4.0; .NET CLR 1.1.4322; .NET4.0C)"
208.47.199.194 - - [12/Aug/2011:11:22:23 -0700] "GET /images/buttons/therapyEval.jpg HTTP/1.1" 304 - "http://www.comprehensivenet.com/p_JobListings.php" "Mozilla/4.0 (compatible; MSIE 8.0; Windows NT 5.1; Trident/4.0; .NET CLR 1.1.4322; .NET4.0C)"
208.47.199.194 - - [12/Aug/2011:11:22:23 -0700] "GET /images/buttons/tutoring.jpg HTTP/1.1" 304 - "http://www.comprehensivenet.com/p_JobListings.php" "Mozilla/4.0 (compatible; MSIE 8.0; Windows NT 5.1; Trident/4.0; .NET CLR 1.1.4322; .NET4.0C)"
208.47.199.194 - - [12/Aug/2011:11:22:23 -0700] "GET /images/anniversary_link.jpg HTTP/1.1" 304 - "http://www.comprehensivenet.com/p_JobListings.php" "Mozilla/4.0 (compatible; MSIE 8.0; Windows NT 5.1; Trident/4.0; .NET CLR 1.1.4322; .NET4.0C)"
208.47.199.194 - - [12/Aug/2011:11:22:25 -0700] "GET /j_Administrative.php HTTP/1.1" 200 15652 "-" "Mozilla/4.0 (compatible; MSIE 8.0; Windows NT 5.1; Trident/4.0; .NET CLR 1.1.4322; .NET4.0C)"
208.47.199.194 - - [12/Aug/2011:11:23:09 -0700] "GET /contact.php HTTP/1.1" 200 12702 "http://www.comprehensivenet.com/p_JobListings.php" "Mozilla/4.0 (compatible; MSIE 8.0; Windows NT 5.1; Trident/4.0; .NET CLR 1.1.4322; .NET4.0C)"
68.195.232.138 - - [12/Aug/2011:11:23:54 -0700] "GET /images/outlook_signature.jpg HTTP/1.1" 304 - "-" "Mozilla/4.0 (compatible; MSIE 7.0; Windows NT 6.1; WOW64; Trident/4.0; SLCC2; .NET CLR 2.0.50727; .NET CLR 3.5.30729; .NET CLR 3.0.30729; Media Center PC 6.0; MDDC; IPH 1.1.21.4019)"
220.181.108.108 - - [12/Aug/2011:11:28:29 -0700] "GET /index.php HTTP/1.1" 200 14389 "-" "Mozilla/5.0 (compatible; Baiduspider/2.0; +http://www.baidu.com/search/spider.html)"
220.181.108.118 - - [12/Aug/2011:11:28:35 -0700] "GET /ComprehensiveStyles.css HTTP/1.1" 200 1472 "-" "Mozilla/5.0 (compatible; Baiduspider/2.0; +http://www.baidu.com/search/spider.html)"
24.146.140.22 - - [12/Aug/2011:11:32:30 -0700] "GET /images/25_facebook.jpg HTTP/1.1" 304 - "-" "Mozilla/5.0 (iPhone; U; CPU iPhone OS 4_3_3 like Mac OS X; en-us) AppleWebKit/533.17.9 (KHTML, like Gecko)"
24.146.140.22 - - [12/Aug/2011:11:33:02 -0700] "GET /images/outlook_signature.jpg HTTP/1.1" 304 - "-" "Mozilla/5.0 (iPhone; U; CPU iPhone OS 4_3_3 like Mac OS X; en-us) AppleWebKit/533.17.9 (KHTML, like Gecko)"
24.146.140.22 - - [12/Aug/2011:11:33:04 -0700] "GET /images/outlook_signature.jpg HTTP/1.1" 304 - "-" "Mozilla/5.0 (iPhone; U; CPU iPhone OS 4_3_3 like Mac OS X; en-us) AppleWebKit/533.17.9 (KHTML, like Gecko)"
24.146.140.22 - - [12/Aug/2011:11:33:25 -0700] "GET /images/buttons/courses.jpg HTTP/1.1" 200 3497 "http://www.comprehensivenet.com/" "Mozilla/5.0 (iPhone; U; CPU iPhone OS 4_3_3 like Mac OS X; en-us) AppleWebKit/533.17.9 (KHTML, like Gecko) Version/5.0.2 Mobile/8J2 Safari/6533.18.5"
24.146.140.22 - - [12/Aug/2011:11:33:51 -0700] "GET /images/contact_map3.jpg HTTP/1.1" 200 62644 "http://www.comprehensivenet.com/contact.php" "Mozilla/5.0 (iPhone; U; CPU iPhone OS 4_3_3 like Mac OS X; en-us) AppleWebKit/533.17.9 (KHTML, like Gecko) Version/5.0.2 Mobile/8J2 Safari/6533.18.5"
69.113.238.48 - - [12/Aug/2011:12:00:42 -0700] "GET /JobListings/skins/images/jobListingHeader.jpg HTTP/1.1" 200 39507 "http://www.comprehensivenet.com/JobListings/show_news.php?subaction=showfull&id=1302014626" "Mozilla/4.0 (compatible; MSIE 8.0; Windows NT 6.1; WOW64; Trident/4.0; SLCC2; .NET CLR 2.0.50727; .NET CLR 3.5.30729; .NET CLR 3.0.30729; Media Center PC 6.0; .NET4.0C; InfoPath.3)"
2.144.150.169 - - [12/Aug/2011:12:03:56 -0700] "GET /images/25_twitter.jpg HTTP/1.1" 200 2319 "http://us.mc1301.mail.yahoo.com/mc/welcome?.gx=1&.tm=1313174834&.rand=dfq3ur65c9fk2" "Mozilla/4.0 (compatible; MSIE 8.0; Windows NT 5.1; Trident/4.0; BTRS5231; SIMBAR={8F9B52F0-FD5E-4161-BF14-CA159EEA2A4E}; .NET CLR 2.0.50727; .NET CLR 3.0.4506.2152; .NET CLR 3.5.30729; AskTbCDS2/5.12.2.16749)"
174.254.177.67 - - [12/Aug/2011:12:10:04 -0700] "GET /images/25_twitter.jpg HTTP/1.1" 200 2319 "-" "Mozilla/5.0 (iPhone; U; CPU iPhone OS 4_2_6 like Mac OS X; en-us) AppleWebKit/533.17.9 (KHTML, like Gecko)"
68.197.56.64 - - [12/Aug/2011:12:21:56 -0700] "GET /robots.txt HTTP/1.1" 404 216 "-" "Mozilla/5.0 (compatible; 008/0.83; http://www.80legs.com/webcrawler.html;) Gecko/2008032620"
87.250.254.243 - - [12/Aug/2011:12:24:01 -0700] "GET /flash/Header.swf HTTP/1.1" 200 251972 "-" "Mozilla/5.0 (compatible; YandexBot/3.0; +http://yandex.com/bots)"
165.155.110.6 - - [12/Aug/2011:12:29:30 -0700] "GET /images/outlook_signature.jpg HTTP/1.1" 304 - "-" "Mozilla/4.0 (compatible; MSIE 7.0; Windows NT 5.1; Trident/4.0; GTB7.1; .NET CLR 1.1.4322; .NET CLR 2.0.50727; .NET CLR 3.0.04506.30; .NET CLR 3.0.04506.648; .NET CLR 3.5.21022; MS-RTC LM 8; OfficeLiveConnector.1.3; OfficeLivePatch.0.0; .NET CLR 3.0.4506.2152; .NET CLR 3.5.30729; InfoPath.3; msn OptimizedIE8;ENUS; ms-office; MSOffice 14)"
165.155.110.6 - - [12/Aug/2011:12:29:32 -0700] "GET /images/outlook_signature.jpg HTTP/1.1" 304 - "-" "Mozilla/4.0 (compatible; MSIE 7.0; Windows NT 5.1; Trident/4.0; GTB7.1; .NET CLR 1.1.4322; .NET CLR 2.0.50727; .NET CLR 3.0.04506.30; .NET CLR 3.0.04506.648; .NET CLR 3.5.21022; MS-RTC LM 8; OfficeLiveConnector.1.3; OfficeLivePatch.0.0; .NET CLR 3.0.4506.2152; .NET CLR 3.5.30729; InfoPath.3; msn OptimizedIE8;ENUS; ms-office; MSOffice 14)"
87.250.254.243 - - [12/Aug/2011:12:30:55 -0700] "GET /blog/ HTTP/1.1" 200 20342 "-" "Mozilla/5.0 (compatible; YandexBot/3.0; +http://yandex.com/bots)"
184.91.136.122 - - [12/Aug/2011:12:36:12 -0700] "GET / HTTP/1.1" 200 14389 "http://aolsearcht6.search.aol.com/aol/search?&query=netcare+Inc&invocationType=tb50sony" "Mozilla/4.0 (compatible; MSIE 8.0; Windows NT 6.0; Trident/4.0; SLCC1; .NET CLR 2.0.50727; Media Center PC 5.0; .NET CLR 3.5.30729; .NET CLR 3.0.30729)"
184.91.136.122 - - [12/Aug/2011:12:36:17 -0700] "GET /images/buttons/home.jpg HTTP/1.1" 200 1438 "http://www.comprehensivenet.com/" "Mozilla/4.0 (compatible; MSIE 8.0; Windows NT 6.0; Trident/4.0; SLCC1; .NET CLR 2.0.50727; Media Center PC 5.0; .NET CLR 3.5.30729; .NET CLR 3.0.30729)"
184.91.136.122 - - [12/Aug/2011:12:36:17 -0700] "GET /images/25_twitter.jpg HTTP/1.1" 200 2319 "http://www.comprehensivenet.com/" "Mozilla/4.0 (compatible; MSIE 8.0; Windows NT 6.0; Trident/4.0; SLCC1; .NET CLR 2.0.50727; Media Center PC 5.0; .NET CLR 3.5.30729; .NET CLR 3.0.30729)"
184.91.136.122 - - [12/Aug/2011:12:36:20 -0700] "GET /images/buttons/about_on.jpg HTTP/1.1" 200 2141 "http://www.comprehensivenet.com/" "Mozilla/4.0 (compatible; MSIE 8.0; Windows NT 6.0; Trident/4.0; SLCC1; .NET CLR 2.0.50727; Media Center PC 5.0; .NET CLR 3.5.30729; .NET CLR 3.0.30729)"
184.91.136.122 - - [12/Aug/2011:12:36:21 -0700] "GET /images/buttons/newsletters_on.jpg HTTP/1.1" 200 2692 "http://www.comprehensivenet.com/" "Mozilla/4.0 (compatible; MSIE 8.0; Windows NT 6.0; Trident/4.0; SLCC1; .NET CLR 2.0.50727; Media Center PC 5.0; .NET CLR 3.5.30729; .NET CLR 3.0.30729)"
184.91.136.122 - - [12/Aug/2011:12:36:21 -0700] "GET /images/buttons/courses_on.jpg HTTP/1.1" 200 4007 "http://www.comprehensivenet.com/" "Mozilla/4.0 (compatible; MSIE 8.0; Windows NT 6.0; Trident/4.0; SLCC1; .NET CLR 2.0.50727; Media Center PC 5.0; .NET CLR 3.5.30729; .NET CLR 3.0.30729)"
130.36.62.225 - - [12/Aug/2011:12:40:06 -0700] "GET /images/buttons/professionalYellow.jpg HTTP/1.1" 200 5021 "http://www.comprehensivenet.com/c_Tutoring.php" "Mozilla/4.0 (compatible; MSIE 8.0; Windows NT 6.1; Trident/4.0; SLCC2; .NET CLR 2.0.50727; .NET CLR 3.5.30729; .NET CLR 3.0.30729; Media Center PC 6.0; .NET4.0C)"
130.36.62.225 - - [12/Aug/2011:12:40:06 -0700] "GET /images/buttons/contactYellow.jpg HTTP/1.1" 200 2948 "http://www.comprehensivenet.com/c_Tutoring.php" "Mozilla/4.0 (compatible; MSIE 8.0; Windows NT 6.1; Trident/4.0; SLCC2; .NET CLR 2.0.50727; .NET CLR 3.5.30729; .NET CLR 3.0.30729; Media Center PC 6.0; .NET4.0C)"
130.36.62.225 - - [12/Aug/2011:12:40:46 -0700] "GET /professionals.php HTTP/1.1" 200 11894 "http://www.comprehensivenet.com/c_Tutoring.php" "Mozilla/4.0 (compatible; MSIE 8.0; Windows NT 6.1; Trident/4.0; SLCC2; .NET CLR 2.0.50727; .NET CLR 3.5.30729; .NET CLR 3.0.30729; Media Center PC 6.0; .NET4.0C)"
130.36.62.225 - - [12/Aug/2011:12:40:47 -0700] "GET /images/buttons/about.jpg HTTP/1.1" 200 1869 "http://www.comprehensivenet.com/professionals.php" "Mozilla/4.0 (compatible; MSIE 8.0; Windows NT 6.1; Trident/4.0; SLCC2; .NET CLR 2.0.50727; .NET CLR 3.5.30729; .NET CLR 3.0.30729; Media Center PC 6.0; .NET4.0C)"
130.36.62.225 - - [12/Aug/2011:12:40:47 -0700] "GET /images/buttons/tutoring.jpg HTTP/1.1" 200 5948 "http://www.comprehensivenet.com/professionals.php" "Mozilla/4.0 (compatible; MSIE 8.0; Windows NT 6.1; Trident/4.0; SLCC2; .NET CLR 2.0.50727; .NET CLR 3.5.30729; .NET CLR 3.0.30729; Media Center PC 6.0; .NET4.0C)"
130.36.62.225 - - [12/Aug/2011:12:40:48 -0700] "GET /images/buttons/about_on.jpg HTTP/1.1" 200 2141 "http://www.comprehensivenet.com/professionals.php" "Mozilla/4.0 (compatible; MSIE 8.0; Windows NT 6.1; Trident/4.0; SLCC2; .NET CLR 2.0.50727; .NET CLR 3.5.30729; .NET CLR 3.0.30729; Media Center PC 6.0; .NET4.0C)"
130.36.62.225 - - [12/Aug/2011:12:40:48 -0700] "GET /images/buttons/newsletters_on.jpg HTTP/1.1" 200 2692 "http://www.comprehensivenet.com/professionals.php" "Mozilla/4.0 (compatible; MSIE 8.0; Windows NT 6.1; Trident/4.0; SLCC2; .NET CLR 2.0.50727; .NET CLR 3.5.30729; .NET CLR 3.0.30729; Media Center PC 6.0; .NET4.0C)"
216.254.79.108 - - [12/Aug/2011:12:43:19 -0700] "GET /images/25_facebook.jpg HTTP/1.1" 304 - "-" "Mozilla/4.0 (compatible; MSIE 6.0; Windows NT 5.1; SV1; GTB7.1; .NET CLR 1.1.4322; .NET CLR 2.0.50727)"
130.36.62.225 - - [12/Aug/2011:12:44:04 -0700] "GET /c_Tutoring.php HTTP/1.1" 200 11245 "-" "Mozilla/4.0 (compatible;)"
174.252.18.92 - - [12/Aug/2011:12:47:37 -0700] "GET /images/25_twitter.jpg HTTP/1.1" 200 2319 "-" "Mozilla/5.0 (iPhone; U; CPU iPhone OS 4_2_6 like Mac OS X; en-us) AppleWebKit/533.17.9 (KHTML, like Gecko)"
216.254.79.108 - - [12/Aug/2011:12:48:51 -0700] "GET /images/outlook_signature.jpg HTTP/1.1" 304 - "-" "Mozilla/4.0 (compatible; MSIE 6.0; Windows NT 5.1; SV1; GTB7.1; .NET CLR 1.1.4322; .NET CLR 2.0.50727)"
96.232.135.13 - - [12/Aug/2011:12:52:49 -0700] "GET /images/outlook_signature.jpg HTTP/1.1" 200 39193 "-" "Mozilla/5.0 (Macintosh; U; Intel Mac OS X 10_6_8; en-us) AppleWebKit/533.21.1 (KHTML, like Gecko) Version/5.0.5 Safari/533.21.1"
68.199.53.139 - - [12/Aug/2011:13:08:11 -0700] "GET /images/25_twitter.jpg HTTP/1.1" 200 2319 "http://sn104w.snt104.mail.live.com/default.aspx" "Mozilla/5.0 (Windows NT 5.1) AppleWebKit/535.1 (KHTML, like Gecko) Chrome/13.0.782.112 Safari/535.1"
67.195.112.25 - - [12/Aug/2011:13:16:06 -0700] "GET /newsletters.php HTTP/1.0" 200 12949 "-" "Mozilla/5.0 (compatible; Yahoo! Slurp; http://help.yahoo.com/help/us/ysearch/slurp)"
208.89.250.11 - - [12/Aug/2011:13:18:56 -0700] "GET /j_CFY.php HTTP/1.1" 200 29402 "-" "Mozilla/4.0 (compatible; MSIE 7.0; Windows NT 5.1; MyIE2)"
208.89.250.11 - - [12/Aug/2011:13:18:57 -0700] "GET /j_HealthAide.php HTTP/1.1" 200 29345 "-" "Mozilla/4.0 (compatible; MSIE 7.0; Windows NT 5.1; MyIE2)"
208.89.250.11 - - [12/Aug/2011:13:19:00 -0700] "GET /j_HealthAide.php HTTP/1.1" 200 29351 "-" "Mozilla/4.0 (compatible; MSIE 7.0; Windows NT 5.1; MyIE2)"
216.254.79.108 - - [12/Aug/2011:13:22:55 -0700] "GET /images/buttons/courses.jpg HTTP/1.1" 200 3497 "http://www.comprehensivenet.com/p_Nursing.php" "Mozilla/5.0 (Windows; U; Windows NT 5.1; en-US; rv:1.9.2.18) Gecko/20110614 Firefox/3.6.18 (.NET CLR 3.5.30729)"
216.254.79.108 - - [12/Aug/2011:13:22:55 -0700] "GET /images/buttons/EIPreSchool.jpg HTTP/1.1" 200 6909 "http://www.comprehensivenet.com/p_Nursing.php" "Mozilla/5.0 (Windows; U; Windows NT 5.1; en-US; rv:1.9.2.18) Gecko/20110614 Firefox/3.6.18 (.NET CLR 3.5.30729)"
216.254.79.108 - - [12/Aug/2011:13:22:56 -0700] "GET /images/logos/resources.jpg HTTP/1.1" 200 10766 "http://www.comprehensivenet.com/p_Nursing.php" "Mozilla/5.0 (Windows; U; Windows NT 5.1; en-US; rv:1.9.2.18) Gecko/20110614 Firefox/3.6.18 (.NET CLR 3.5.30729)"
76.173.2.22 - - [12/Aug/2011:13:26:43 -0700] "GET /images/25_facebook.jpg HTTP/1.1" 200 2028 "http://36ohk6dgmcd1n.yom.mail.yahoo.net/om/api/1.0/openmail.app.invoke/36ohk6dgmcd1n/4/1.0.35/us/en-US/view.html" "Mozilla/5.0 (Windows NT 6.0; rv:5.0) Gecko/20100101 Firefox/5.0"
71.245.243.113 - - [12/Aug/2011:13:26:48 -0700] "GET /JobListings/show_news.php?subaction=showfull&id=1268755935 HTTP/1.1" 200 4414 "http://www.indeed.com/q-Preschool-Teacher-l-Westchester,-NY-jobs.html" "Mozilla/4.0 (compatible; MSIE 8.0; Windows NT 5.1; Trident/4.0; .NET CLR 1.1.4322; yie8)"
68.186.33.134 - - [12/Aug/2011:13:26:50 -0700] "GET /clients.php HTTP/1.0" 200 8716 "-" "nutch-solr-integration-test/Nutch-1.2 (MoonValley Web Crawler using Nutch 1.2; http://www.moonvalley.com/; cwoolum@moonvalley.com)"
68.186.33.134 - - [12/Aug/2011:13:29:45 -0700] "GET /professionals.php HTTP/1.0" 200 11860 "-" "nutch-solr-integration-test/Nutch-1.2 (MoonValley Web Crawler using Nutch 1.2; http://www.moonvalley.com/; cwoolum@moonvalley.com)"
216.254.79.108 - - [12/Aug/2011:13:38:08 -0700] "GET /images/Nursing_Services/Nursing_Services.flv HTTP/1.1" 200 32949946 "-" "Mozilla/5.0 (Windows; U; Windows NT 5.1; en-US; rv:1.9.2.18) Gecko/20110614 Firefox/3.6.18 (.NET CLR 3.5.30729)"
74.101.163.112 - - [12/Aug/2011:13:39:48 -0700] "GET /ComprehensiveStyles.css HTTP/1.1" 200 1472 "http://www.comprehensivenet.com/p_Nursing.php" "Mozilla/4.0 (compatible; MSIE 8.0; Windows NT 6.0; Trident/4.0; GTB7.0; SLCC1; .NET CLR 2.0.50727; Media Center PC 5.0; .NET CLR 3.5.30729; .NET CLR 3.0.30618; .NET4.0C; BRI/1; BRI/2; yie8)"
74.101.163.112 - - [12/Aug/2011:13:39:48 -0700] "GET /images/25_blog.jpg HTTP/1.1" 200 2060 "http://www.comprehensivenet.com/p_Nursing.php" "Mozilla/4.0 (compatible; MSIE 8.0; Windows NT 6.0; Trident/4.0; GTB7.0; SLCC1; .NET CLR 2.0.50727; Media Center PC 5.0; .NET CLR 3.5.30729; .NET CLR 3.0.30618; .NET4.0C; BRI/1; BRI/2; yie8)"
74.101.163.112 - - [12/Aug/2011:13:39:50 -0700] "GET /images/buttons/Advantage.jpg HTTP/1.1" 200 21282 "http://www.comprehensivenet.com/p_Nursing.php" "Mozilla/4.0 (compatible; MSIE 8.0; Windows NT 6.0; Trident/4.0; GTB7.0; SLCC1; .NET CLR 2.0.50727; Media Center PC 5.0; .NET CLR 3.5.30729; .NET CLR 3.0.30618; .NET4.0C; BRI/1; BRI/2; yie8)"
74.101.163.112 - - [12/Aug/2011:13:40:41 -0700] "GET /images/Nursing_Services/Nursing_Services.flv HTTP/1.1" 200 32949946 "http://www.comprehensivenet.com/FLVPlayer_Progressive.swf" "Mozilla/4.0 (compatible; MSIE 8.0; Windows NT 6.0; Trident/4.0; GTB7.0; SLCC1; .NET CLR 2.0.50727; Media Center PC 5.0; .NET CLR 3.5.30729; .NET CLR 3.0.30618; .NET4.0C; BRI/1; BRI/2; yie8)"
74.101.163.112 - - [12/Aug/2011:13:42:35 -0700] "GET /p_ContinuingEd.php HTTP/1.1" 200 13593 "http://www.comprehensivenet.com/p_Nursing.php" "Mozilla/4.0 (compatible; MSIE 8.0; Windows NT 6.0; Trident/4.0; GTB7.0; SLCC1; .NET CLR 2.0.50727; Media Center PC 5.0; .NET CLR 3.5.30729; .NET CLR 3.0.30618; .NET4.0C; BRI/1; BRI/2; yie8)"
74.101.163.112 - - [12/Aug/2011:13:42:35 -0700] "GET /images/logos/other_RID.jpg HTTP/1.1" 200 16919 "http://www.comprehensivenet.com/p_ContinuingEd.php" "Mozilla/4.0 (compatible; MSIE 8.0; Windows NT 6.0; Trident/4.0; GTB7.0; SLCC1; .NET CLR 2.0.50727; Media Center PC 5.0; .NET CLR 3.5.30729; .NET CLR 3.0.30618; .NET4.0C; BRI/1; BRI/2; yie8)"
74.101.163.112 - - [12/Aug/2011:13:42:36 -0700] "GET /images/buttons/home_on.jpg HTTP/1.1" 200 1637 "http://www.comprehensivenet.com/p_ContinuingEd.php" "Mozilla/4.0 (compatible; MSIE 8.0; Windows NT 6.0; Trident/4.0; GTB7.0; SLCC1; .NET CLR 2.0.50727; Media Center PC 5.0; .NET CLR 3.5.30729; .NET CLR 3.0.30618; .NET4.0C; BRI/1; BRI/2; yie8)"
74.101.163.112 - - [12/Aug/2011:13:45:31 -0700] "GET /images/25_facebook.jpg HTTP/1.1" 304 - "http://www.comprehensivenet.com/p_Nursing.php" "Mozilla/4.0 (compatible; MSIE 8.0; Windows NT 6.0; Trident/4.0; GTB7.0; SLCC1; .NET CLR 2.0.50727; Media Center PC 5.0; .NET CLR 3.5.30729; .NET CLR 3.0.30618; .NET4.0C; BRI/1; BRI/2; yie8)"
74.101.163.112 - - [12/Aug/2011:13:45:31 -0700] "GET /images/buttons/contact.jpg HTTP/1.1" 304 - "http://www.comprehensivenet.com/p_Nursing.php" "Mozilla/4.0 (compatible; MSIE 8.0; Windows NT 6.0; Trident/4.0; GTB7.0; SLCC1; .NET CLR 2.0.50727; Media Center PC 5.0; .NET CLR 3.5.30729; .NET CLR 3.0.30618; .NET4.0C; BRI/1; BRI/2; yie8)"
74.101.163.112 - - [12/Aug/2011:13:45:31 -0700] "GET /images/buttons/about.jpg HTTP/1.1" 304 - "http://www.comprehensivenet.com/p_Nursing.php" "Mozilla/4.0 (compatible; MSIE 8.0; Windows NT 6.0; Trident/4.0; GTB7.0; SLCC1; .NET CLR 2.0.50727; Media Center PC 5.0; .NET CLR 3.5.30729; .NET CLR 3.0.30618; .NET4.0C; BRI/1; BRI/2; yie8)"
74.101.163.112 - - [12/Aug/2011:13:45:31 -0700] "GET /images/buttons/clients.jpg HTTP/1.1" 304 - "http://www.comprehensivenet.com/p_Nursing.php" "Mozilla/4.0 (compatible; MSIE 8.0; Windows NT 6.0; Trident/4.0; GTB7.0; SLCC1; .NET CLR 2.0.50727; Media Center PC 5.0; .NET CLR 3.5.30729; .NET CLR 3.0.30618; .NET4.0C; BRI/1; BRI/2; yie8)"
74.101.163.112 - - [12/Aug/2011:13:45:31 -0700] "GET /images/buttons/therapyEval.jpg HTTP/1.1" 304 - "http://www.comprehensivenet.com/p_Nursing.php" "Mozilla/4.0 (compatible; MSIE 8.0; Windows NT 6.0; Trident/4.0; GTB7.0; SLCC1; .NET CLR 2.0.50727; Media Center PC 5.0; .NET CLR 3.5.30729; .NET CLR 3.0.30618; .NET4.0C; BRI/1; BRI/2; yie8)"
74.101.163.112 - - [12/Aug/2011:13:45:31 -0700] "GET /images/buttons/interpretation.jpg HTTP/1.1" 304 - "http://www.comprehensivenet.com/p_Nursing.php" "Mozilla/4.0 (compatible; MSIE 8.0; Windows NT 6.0; Trident/4.0; GTB7.0; SLCC1; .NET CLR 2.0.50727; Media Center PC 5.0; .NET CLR 3.5.30729; .NET CLR 3.0.30618; .NET4.0C; BRI/1; BRI/2; yie8)"
74.101.163.112 - - [12/Aug/2011:13:45:31 -0700] "GET /images/nursing_Img.jpg HTTP/1.1" 304 - "http://www.comprehensivenet.com/p_Nursing.php" "Mozilla/4.0 (compatible; MSIE 8.0; Windows NT 6.0; Trident/4.0; GTB7.0; SLCC1; .NET CLR 2.0.50727; Media Center PC 5.0; .NET CLR 3.5.30729; .NET CLR 3.0.30618; .NET4.0C; BRI/1; BRI/2; yie8)"
74.101.163.112 - - [12/Aug/2011:13:45:32 -0700] "GET /images/Nursing_Services/Nursing_Services.flv HTTP/1.1" 304 - "http://www.comprehensivenet.com/FLVPlayer_Progressive.swf" "Mozilla/4.0 (compatible; MSIE 8.0; Windows NT 6.0; Trident/4.0; GTB7.0; SLCC1; .NET CLR 2.0.50727; Media Center PC 5.0; .NET CLR 3.5.30729; .NET CLR 3.0.30618; .NET4.0C; BRI/1; BRI/2; yie8)"
74.52.245.146 - - [12/Aug/2011:14:21:40 -0700] "GET / HTTP/1.0" 200 14361 "-" "Mozilla/5.0 (X11; U; Linux i686; en-US; rv:1.7.5) Gecko/20041107 Firefox/1.0"
98.204.49.140 - - [12/Aug/2011:14:24:19 -0700] "GET /images/25_twitter.jpg HTTP/1.1" 200 2319 "http://www.comprehensivenet.com/" "Mozilla/5.0 (Macintosh; U; Intel Mac OS X 10_6_7; en-us) AppleWebKit/533.20.25 (KHTML, like Gecko) Version/5.0.4 Safari/533.20.27"
98.204.49.140 - - [12/Aug/2011:14:24:20 -0700] "GET /images/Comprehensive_coin.swf HTTP/1.1" 200 124002 "http://www.comprehensivenet.com/" "Mozilla/5.0 (Macintosh; U; Intel Mac OS X 10_6_7; en-us) AppleWebKit/533.20.25 (KHTML, like Gecko) Version/5.0.4 Safari/533.20.27"
98.204.49.140 - - [12/Aug/2011:14:24:31 -0700] "GET /images/buttons/home_on.jpg HTTP/1.1" 200 1637 "http://www.comprehensivenet.com/" "Mozilla/5.0 (Macintosh; U; Intel Mac OS X 10_6_7; en-us) AppleWebKit/533.20.25 (KHTML, like Gecko) Version/5.0.4 Safari/533.20.27"
98.204.49.140 - - [12/Aug/2011:14:24:37 -0700] "GET /images/buttons/EIPreSchool.jpg HTTP/1.1" 200 6909 "http://www.comprehensivenet.com/p_ContinuingEd.php" "Mozilla/5.0 (Macintosh; U; Intel Mac OS X 10_6_7; en-us) AppleWebKit/533.20.25 (KHTML, like Gecko) Version/5.0.4 Safari/533.20.27"
98.204.49.140 - - [12/Aug/2011:14:24:37 -0700] "GET /images/buttons/tutoring.jpg HTTP/1.1" 200 5948 "http://www.comprehensivenet.com/p_ContinuingEd.php" "Mozilla/5.0 (Macintosh; U; Intel Mac OS X 10_6_7; en-us) AppleWebKit/533.20.25 (KHTML, like Gecko) Version/5.0.4 Safari/533.20.27"
98.204.49.140 - - [12/Aug/2011:14:24:37 -0700] "GET /images/buttons/therapyEval.jpg HTTP/1.1" 200 10385 "http://www.comprehensivenet.com/p_ContinuingEd.php" "Mozilla/5.0 (Macintosh; U; Intel Mac OS X 10_6_7; en-us) AppleWebKit/533.20.25 (KHTML, like Gecko) Version/5.0.4 Safari/533.20.27"
98.204.49.140 - - [12/Aug/2011:14:24:37 -0700] "GET /images/logos/other_RID.jpg HTTP/1.1" 200 16919 "http://www.comprehensivenet.com/p_ContinuingEd.php" "Mozilla/5.0 (Macintosh; U; Intel Mac OS X 10_6_7; en-us) AppleWebKit/533.20.25 (KHTML, like Gecko) Version/5.0.4 Safari/533.20.27"
98.204.49.140 - - [12/Aug/2011:14:24:37 -0700] "GET /images/continuingEd_Img.jpg HTTP/1.1" 200 49291 "http://www.comprehensivenet.com/p_ContinuingEd.php" "Mozilla/5.0 (Macintosh; U; Intel Mac OS X 10_6_7; en-us) AppleWebKit/533.20.25 (KHTML, like Gecko) Version/5.0.4 Safari/533.20.27"
173.56.98.24 - - [12/Aug/2011:14:32:02 -0700] "GET /JobListings/show_news.php?subaction=showfull&id=1268755935 HTTP/1.1" 200 4414 "http://www.indeed.com/jobs?q=Security&l=New+York%2C+NY&start=90" "Mozilla/5.0 (iPad; U; CPU OS 4_3_3 like Mac OS X; en-us) AppleWebKit/533.17.9 (KHTML, like Gecko) Version/5.0.2 Mobile/8J2 Safari/6533.18.5"
