24.193.247.147 - - [12/Aug/2011:09:56:20 -0700] "GET /JobListings/skins/images/jobListingFooter.jpg HTTP/1.1" 304 - "http://www.comprehensivenet.com/JobListings/show_news.php?subaction=showfull&id=1310496453&archive=&template=" "Mozilla/4.0 (compatible; MSIE 8.0; Windows NT 6.0; Trident/4.0; FBSMTWB; SLCC1; .NET CLR 2.0.50727; Media Center PC 5.0; .NET CLR 3.5.30729; .NET CLR 3.0.30618; MS-RTC EA 2; .NET4.0C; BRI/1; BRI/2)"
216.254.79.108 - - [12/Aug/2011:09:57:42 -0700] "GET /images/25_facebook.jpg HTTP/1.1" 304 - "-" "Mozilla/4.0 (compatible; MSIE 7.0; Windows NT 5.1; Trident/4.0; .NET CLR 2.0.50727; InfoPath.1; .NET CLR 3.0.4506.2152; .NET CLR 3.5.30729)"
216.254.79.108 - - [12/Aug/2011:09:59:31 -0700] "GET /images/outlook_signature.jpg HTTP/1.1" 304 - "-" "Mozilla/4.0 (compatible; MSIE 6.0; Windows NT 5.1; SV1; Mozilla/4.0 (compatible; MSIE 6.0; Windows NT 5.1; SV1) ;  Embedded Web Browser from: http://bsalsa.com/; .NET CLR 1.1.4322; .NET CLR 2.0.50727; .NET CLR 3.0.04506.30; .NET CLR 3.0.4506.2152; .NET CLR 3.5.30729; MDDR)"
216.254.79.108 - - [12/Aug/2011:10:01:07 -0700] "GET /images/25_facebook.jpg HTTP/1.1" 304 - "-" "Mozilla/4.0 (compatible; MSIE 7.0; Windows NT 5.1; Trident/4.0; .NET CLR 2.0.50727; .NET CLR 3.0.4506.2152; .NET CLR 3.5.30729; InfoPath.1; .NET CLR 1.1.4322; .NET4.0C)"
24.193.247.147 - - [12/Aug/2011:10:03:36 -0700] "GET /images/buttons/home.jpg HTTP/1.1" 304 - "http://www.comprehensivenet.com/contact.php" "Mozilla/4.0 (compatible; MSIE 8.0; Windows NT 6.0; Trident/4.0; FBSMTWB; SLCC1; .NET CLR 2.0.50727; Media Center PC 5.0; .NET CLR 3.5.30729; .NET CLR 3.0.30618; MS-RTC EA 2; .NET4.0C; BRI/1; BRI/2)"
24.193.247.147 - - [12/Aug/2011:10:03:40 -0700] "GET /images/contact_mapLink.jpg HTTP/1.1" 304 - "http://www.comprehensivenet.com/contact.php" "Mozilla/4.0 (compatible; MSIE 8.0; Windows NT 6.0; Trident/4.0; FBSMTWB; SLCC1; .NET CLR 2.0.50727; Media Center PC 5.0; .NET CLR 3.5.30729; .NET CLR 3.0.30618; MS-RTC EA 2; .NET4.0C; BRI/1; BRI/2)"
24.193.247.147 - - [12/Aug/2011:10:03:41 -0700] "GET /images/buttons/courses_on.jpg HTTP/1.1" 304 - "http://www.comprehensivenet.com/contact.php" "Mozilla/4.0 (compatible; MSIE 8.0; Windows NT 6.0; Trident/4.0; FBSMTWB; SLCC1; .NET CLR 2.0.50727; Media Center PC 5.0; .NET CLR 3.5.30729; .NET CLR 3.0.30618; MS-RTC EA 2; .NET4.0C; BRI/1; BRI/2)"
74.116.90.15 - - [12/Aug/2011:10:07:03 -0700] "GET /images/25_twitter.jpg HTTP/1.1" 200 2319 "-" "VRPS/$Rev: 43290 $"
99.30.125.102 - - [12/Aug/2011:10:10:47 -0700] "GET /images/outlook_signature.jpg HTTP/1.1" 200 39193 "-" "Mozilla/5.0 (iPhone; U; CPU iPhone OS 4_3_5 like Mac OS X; en-us) AppleWebKit/533.17.9 (KHTML, like Gecko)"
74.116.90.15 - - [12/Aug/2011:10:13:31 -0700] "GET /images/25_twitter.jpg HTTP/1.1" 200 2319 "-" "VRPS/$Rev: 43290 $"
165.155.110.6 - - [12/Aug/2011:10:14:21 -0700] "GET /images/25_facebook.jpg HTTP/1.1" 304 - "-" "Mozilla/4.0 (compatible; MSIE 7.0; Windows NT 5.1; Trident/4.0; GTB7.1; .NET CLR 1.1.4322; .NET CLR 2.0.50727; .NET CLR 3.0.04506.30; .NET CLR 3.0.04506.648; .NET CLR 3.5.21022; MS-RTC LM 8; OfficeLiveConnector.1.3; OfficeLivePatch.0.0; .NET CLR 3.0.4506.2152; .NET CLR 3.5.30729; InfoPath.3; msn OptimizedIE8;ENUS; ms-office; MSOffice 14)"
165.155.110.6 - - [12/Aug/2011:10:14:21 -0700] "GET /images/25_twitter.jpg HTTP/1.1" 304 - "-" "Mozilla/4.0 (compatible; MSIE 7.0; Windows NT 5.1; Trident/4.0; GTB7.1; .NET CLR 1.1.4322; .NET CLR 2.0.50727; .NET CLR 3.0.04506.30; .NET CLR 3.0.04506.648; .NET CLR 3.5.21022; MS-RTC LM 8; OfficeLiveConnector.1.3; OfficeLivePatch.0.0; .NET CLR 3.0.4506.2152; .NET CLR 3.5.30729; InfoPath.3; msn OptimizedIE8;ENUS; ms-office; MSOffice 14)"
216.254.79.108 - - [12/Aug/2011:10:23:08 -0700] "GET /images/outlook_signature.jpg HTTP/1.1" 304 - "-" "Mozilla/4.0 (compatible; MSIE 7.0; Windows NT 5.1; GTB7.1; .NET CLR 1.1.4322; .NET CLR 2.0.50727; InfoPath.1; .NET CLR 3.0.4506.2152; .NET CLR 3.5.30729)"
216.254.79.108 - - [12/Aug/2011:10:23:09 -0700] "GET /images/25_twitter.jpg HTTP/1.1" 304 - "-" "Mozilla/4.0 (compatible; MSIE 7.0; Windows NT 5.1; GTB7.1; .NET CLR 1.1.4322; .NET CLR 2.0.50727; InfoPath.1; .NET CLR 3.0.4506.2152; .NET CLR 3.5.30729)"
74.101.14.122 - - [12/Aug/2011:10:29:08 -0700] "GET /images/25_twitter.jpg HTTP/1.1" 304 - "-" "Mozilla/4.0 (compatible; MSIE 6.0; Windows NT 5.1; SV1; .NET CLR 1.1.4322; .NET CLR 2.0.50727; .NET CLR 3.0.4506.2152; .NET CLR 3.5.30729; .NET4.0C; .NET4.0E; MSOffice 12)"
74.101.14.122 - - [12/Aug/2011:10:29:08 -0700] "GET /images/25_facebook.jpg HTTP/1.1" 304 - "-" "Mozilla/4.0 (compatible; MSIE 6.0; Windows NT 5.1; SV1; .NET CLR 1.1.4322; .NET CLR 2.0.50727; .NET CLR 3.0.4506.2152; .NET CLR 3.5.30729; .NET4.0C; .NET4.0E; MSOffice 12)"
74.116.90.15 - - [12/Aug/2011:10:30:07 -0700] "GET /images/25_twitter.jpg HTTP/1.1" 200 2319 "http://sn126w.snt126.mail.live.com/default.aspx?rru=inbox" "VRPS/$Rev: 43290 $"
64.134.103.113 - - [12/Aug/2011:10:34:22 -0700] "GET /j_MentalHealth.php HTTP/1.1" 200 29433 "http://www.comprehensivenet.com/p_JobListings.php" "Mozilla/5.0 (Macintosh; U; Intel Mac OS X 10_6_7; en-us) AppleWebKit/533.21.1 (KHTML, like Gecko) Version/5.0.5 Safari/533.21.1"
165.155.110.6 - - [12/Aug/2011:10:34:58 -0700] "GET /images/outlook_signature.jpg HTTP/1.1" 304 - "-" "Mozilla/4.0 (compatible; MSIE 7.0; Windows NT 6.1; WOW64; Trident/5.0; SLCC2; .NET CLR 2.0.50727; .NET CLR 3.5.30729; .NET CLR 3.0.30729; InfoPath.3; .NET4.0C; Media Center PC 6.0; .NET4.0E; ms-office; MSOffice 14)"
74.101.14.122 - - [12/Aug/2011:10:37:26 -0700] "GET /images/25_twitter.jpg HTTP/1.1" 304 - "-" "Mozilla/4.0 (compatible; MSIE 6.0; Windows NT 5.1; SV1; .NET CLR 1.1.4322; .NET CLR 2.0.50727; .NET CLR 3.0.4506.2152; .NET CLR 3.5.30729; .NET4.0C; .NET4.0E; MSOffice 12)"
74.101.14.122 - - [12/Aug/2011:10:37:26 -0700] "GET /images/25_facebook.jpg HTTP/1.1" 304 - "-" "Mozilla/4.0 (compatible; MSIE 6.0; Windows NT 5.1; SV1; .NET CLR 1.1.4322; .NET CLR 2.0.50727; .NET CLR 3.0.4506.2152; .NET CLR 3.5.30729; .NET4.0C; .NET4.0E; MSOffice 12)"
69.227.2.206 - - [12/Aug/2011:10:37:30 -0700] "GET /p_ContinuingEd.php HTTP/1.1" 200 13593 "-" "Mozilla/5.0 (Macintosh; Intel Mac OS X 10.5; rv:5.0.1) Gecko/20100101 Firefox/5.0.1"
69.227.2.206 - - [12/Aug/2011:10:37:32 -0700] "GET /images/buttons/about_on.jpg HTTP/1.1" 200 2141 "http://www.comprehensivenet.com/p_ContinuingEd.php" "Mozilla/5.0 (Macintosh; Intel Mac OS X 10.5; rv:5.0.1) Gecko/20100101 Firefox/5.0.1"
165.155.110.6 - - [12/Aug/2011:10:39:44 -0700] "GET /images/25_twitter.jpg HTTP/1.1" 304 - "-" "Mozilla/4.0 (compatible; MSIE 7.0; Windows NT 6.1; WOW64; Trident/5.0; SLCC2; .NET CLR 2.0.50727; .NET CLR 3.5.30729; .NET CLR 3.0.30729; InfoPath.3; .NET4.0C; Media Center PC 6.0; .NET4.0E; ms-office; MSOffice 14)"
96.246.51.241 - - [12/Aug/2011:10:40:33 -0700] "GET /images/25_facebook.jpg HTTP/1.1" 200 2028 "-" "Mozilla/5.0 (Windows; U; Windows NT 5.1; en-US; rv:1.9.2.18) Gecko/20110614 Firefox/3.6.18"
74.73.224.111 - - [12/Aug/2011:10:42:30 -0700] "GET /images/25_facebook.jpg HTTP/1.1" 304 - "http://36ohk6dgmcd1n.yom.mail.yahoo.net/om/api/1.0/openmail.app.invoke/36ohk6dgmcd1n/4/1.0.35/us/en-US/view.html" "Mozilla/4.0 (compatible; MSIE 8.0; Windows NT 5.1; Trident/4.0; MS Internet Explorer; .NET CLR 1.1.4322; .NET CLR 2.0.50727; .NET CLR 3.0.4506.2152; .NET CLR 3.5.30729; .NET4.0C; AskTbIMB/5.12.2.16749)"
72.229.181.207 - - [12/Aug/2011:10:44:44 -0700] "GET /images/25_facebook.jpg HTTP/1.1" 200 2028 "http://www.comprehensivenet.com/" "Mozilla/5.0 (iPad; U; CPU OS 4_3_5 like Mac OS X; en-us) AppleWebKit/533.17.9 (KHTML, like Gecko) Version/5.0.2 Mobile/8L1 Safari/6533.18.5"
72.229.181.207 - - [12/Aug/2011:10:44:45 -0700] "GET /images/buttons/newsletters.jpg HTTP/1.1" 200 2378 "http://www.comprehensivenet.com/" "Mozilla/5.0 (iPad; U; CPU OS 4_3_5 like Mac OS X; en-us) AppleWebKit/533.17.9 (KHTML, like Gecko) Version/5.0.2 Mobile/8L1 Safari/6533.18.5"
72.229.181.207 - - [12/Aug/2011:10:44:45 -0700] "GET /images/buttons/clients.jpg HTTP/1.1" 200 3194 "http://www.comprehensivenet.com/" "Mozilla/5.0 (iPad; U; CPU OS 4_3_5 like Mac OS X; en-us) AppleWebKit/533.17.9 (KHTML, like Gecko) Version/5.0.2 Mobile/8L1 Safari/6533.18.5"
72.229.181.207 - - [12/Aug/2011:10:44:45 -0700] "GET /images/buttons/home_on.jpg HTTP/1.1" 200 1637 "http://www.comprehensivenet.com/" "Mozilla/5.0 (iPad; U; CPU OS 4_3_5 like Mac OS X; en-us) AppleWebKit/533.17.9 (KHTML, like Gecko) Version/5.0.2 Mobile/8L1 Safari/6533.18.5"
72.229.181.207 - - [12/Aug/2011:10:44:45 -0700] "GET /images/buttons/newsletters_on.jpg HTTP/1.1" 200 2692 "http://www.comprehensivenet.com/" "Mozilla/5.0 (iPad; U; CPU OS 4_3_5 like Mac OS X; en-us) AppleWebKit/533.17.9 (KHTML, like Gecko) Version/5.0.2 Mobile/8L1 Safari/6533.18.5"
74.116.90.15 - - [12/Aug/2011:10:48:38 -0700] "GET /images/25_twitter.jpg HTTP/1.1" 200 2319 "http://mail.aol.com/34007-311/aol-6/en-us/Suite.aspx" "VRPS/$Rev: 43290 $"
216.254.79.108 - - [12/Aug/2011:11:00:31 -0700] "GET /images/25_twitter.jpg HTTP/1.1" 304 - "-" "Mozilla/4.0 (compatible; MSIE 7.0; Windows NT 5.1; Trident/4.0; BTRS86393; .NET CLR 1.0.3705; .NET CLR 2.0.50727; .NET CLR 3.0.4506.2152; .NET CLR 3.5.30729)"
208.47.199.194 - - [12/Aug/2011:11:01:58 -0700] "GET /JobListings/skins/images/jobListingFooter.jpg HTTP/1.1" 200 12421 "http://www.comprehensivenet.com/JobListings/show_news.php?subaction=showfull&id=1302014626" "Mozilla/4.0 (compatible; MSIE 8.0; Windows NT 5.1; Trident/4.0; .NET CLR 1.1.4322; .NET4.0C)"
208.47.199.194 - - [12/Aug/2011:11:02:42 -0700] "GET /images/buttons/newsletters.jpg HTTP/1.1" 200 2378 "http://www.comprehensivenet.com/" "Mozilla/4.0 (compatible; MSIE 8.0; Windows NT 5.1; Trident/4.0; .NET CLR 1.1.4322; .NET4.0C)"
68.195.232.138 - - [12/Aug/2011:11:06:49 -0700] "GET /images/25_facebook.jpg HTTP/1.1" 304 - "-" "Mozilla/4.0 (compatible; MSIE 7.0; Windows NT 5.1; Trident/4.0; SIMBAR={31F5CB45-5C94-4917-903C-1A6195497489}; .NET CLR 2.0.50727; .NET CLR 3.0.4506.2152; .NET CLR 3.5.30729; .NET CLR 1.1.4322; InfoPath.1; .NET4.0C)"
65.91.117.75 - - [12/Aug/2011:11:13:44 -0700] "GET /images/outlook_signature.jpg HTTP/1.1" 304 - "-" "Mozilla/4.0 (compatible; MSIE 6.0; Windows NT 5.1)"
174.252.23.33 - - [12/Aug/2011:11:18:42 -0700] "GET /JobListings/skins/images/jobListingHeader.jpg HTTP/1.1" 200 39507 "http://www.comprehensivenet.com/JobListings/show_news.php?subaction=showfull&id=1267736474" "Mozilla/5.0 (Linux; U; Android 2.2; en-us; DROID2 Build/VZW) AppleWebKit/533.1 (KHTML, like Gecko) Version/4.0 Mobile Safari/533.1 480X854 motorola DROID2"
208.47.199.194 - - [12/Aug/2011:11:19:03 -0700] "GET /images/buttons/courses.jpg HTTP/1.1" 304 - "http://www.comprehensivenet.com/" "Mozilla/4.0 (compatible; MSIE 8.0; Windows NT 5.1; Trident/4.0; .NET CLR 1.1.4322; .NET4.0C)"
208.47.199.194 - - [12/Aug/2011:11:19:12 -0700] "GET /images/buttons/newsletters.jpg HTTP/1.1" 304 - "http://www.comprehensivenet.com/" "Mozilla/4.0 (compatible; MSIE 8.0; Windows NT 5.1; Trident/4.0; .NET CLR 1.1.4322; .NET4.0C)"
208.47.199.194 - - [12/Aug/2011:11:19:18 -0700] "GET /p_JobListings.php HTTP/1.1" 200 11041 "http://www.comprehensivenet.com/" "Mozilla/4.0 (compatible; MSIE 8.0; Windows NT 5.1; Trident/4.0; .NET CLR 1.1.4322; .NET4.0C)"
208.47.199.194 - - [12/Aug/2011:11:19:22 -0700] "GET /images/25_facebook.jpg HTTP/1.1" 304 - "http://www.comprehensivenet.com/p_JobListings.php" "Mozilla/4.0 (compatible; MSIE 8.0; Windows NT 5.1; Trident/4.0; .NET CLR 1.1.4322; .NET4.0C)"
208.47.199.194 - - [12/Aug/2011:11:19:22 -0700] "GET /images/25_blog.jpg HTTP/1.1" 304 - "http://www.comprehensivenet.com/p_JobListings.php" "Mozilla/4.0 (compatible; MSIE 8.0; Windows NT 5.1; Trident/4.0; .NET CLR 1.1.4322; .NET4.0C)"
208.47.199.194 - - [12/Aug/2011:11:19:22 -0700] "GET /images/buttons/EIPreSchool.jpg HTTP/1.1" 200 6909 "http://www.comprehensivenet.com/p_JobListings.php" "Mozilla/4.0 (compatible; MSIE 8.0; Windows NT 5.1; Trident/4.0; .NET CLR 1.1.4322; .NET4.0C)"
208.47.199.194 - - [12/Aug/2011:11:19:22 -0700] "GET /images/buttons/jobListings.jpg HTTP/1.1" 200 4761 "http://www.comprehensivenet.com/p_JobListings.php" "Mozilla/4.0 (compatible; MSIE 8.0; Windows NT 5.1; Trident/4.0; .NET CLR 1.1.4322; .NET4.0C)"
208.47.199.194 - - [12/Aug/2011:11:21:19 -0700] "GET /images/25_blog.jpg HTTP/1.1" 304 - "http://www.comprehensivenet.com/contact.php" "Mozilla/4.0 (compatible; MSIE 8.0; Windows NT 5.1; Trident/4.0; .NET CLR 1.1.4322; .NET4.0C)"
208.47.199.194 - - [12/Aug/2011:11:21:19 -0700] "GET /images/buttons/contact.jpg HTTP/1.1" 304 - "http://www.comprehensivenet.com/contact.php" "Mozilla/4.0 (compatible; MSIE 8.0; Windows NT 5.1; Trident/4.0; .NET CLR 1.1.4322; .NET4.0C)"
208.47.199.194 - - [12/Aug/2011:11:21:19 -0700] "GET /images/buttons/clients.jpg HTTP/1.1" 304 - "http://www.comprehensivenet.com/contact.php" "Mozilla/4.0 (compatible; MSIE 8.0; Windows NT 5.1; Trident/4.0; .NET CLR 1.1.4322; .NET4.0C)"
208.47.199.194 - - [12/Aug/2011:11:21:19 -0700] "GET /images/contact_mapLink.jpg HTTP/1.1" 200 8389 "http://www.comprehensivenet.com/contact.php" "Mozilla/4.0 (compatible; MSIE 8.0; Windows NT 5.1; Trident/4.0; .NET CLR 1.1.4322; .NET4.0C)"
208.47.199.194 - - [12/Aug/2011:11:21:24 -0700] "GET /images/buttons/contact_on.jpg HTTP/1.1" 304 - "http://www.comprehensivenet.com/contact.php" "Mozilla/4.0 (compatible; MSIE 8.0; Windows NT 5.1; Trident/4.0; .NET CLR 1.1.4322; .NET4.0C)"
208.47.199.194 - - [12/Aug/2011:11:22:23 -0700] "GET /images/buttons/continuingEd.jpg HTTP/1.1" 304 - "http://www.comprehensivenet.com/p_JobListings.php" "Mozilla/4.0 (compatible; MSIE 8.0; Windows NT 5.1; Trident/4.0; .NET CLR 1.1.4322; .NET4.0C)"
123.125.71.81 - - [12/Aug/2011:11:23:24 -0700] "GET /c_Tutoring.php HTTP/1.1" 200 11245 "-" "Mozilla/5.0 (compatible; Baiduspider/2.0; +http://www.baidu.com/search/spider.html)"
67.195.37.154 - - [12/Aug/2011:11:27:57 -0700] "GET /ComprehensiveStyles.css HTTP/1.0" 304 - "http://comprehensivenet.com/p_ContinuingEd.php" "Mozilla/5.0 (compatible; Yahoo! Slurp; http://help.yahoo.com/help/us/ysearch/slurp)"
216.254.79.108 - - [12/Aug/2011:11:31:44 -0700] "GET /images/25_twitter.jpg HTTP/1.1" 200 2319 "-" "Mozilla/4.0 (compatible; MSIE 7.0; Windows NT 5.1; Trident/4.0; FunWebProducts; .NET CLR 1.1.4322; .NET CLR 1.0.3705; .NET CLR 2.0.50727; AskTbORJ/5.12.3.17451)"
216.254.79.108 - - [12/Aug/2011:11:31:45 -0700] "GET /images/outlook_signature.jpg HTTP/1.1" 206 3833 "-" "Mozilla/4.0 (compatible; MSIE 7.0; Windows NT 5.1; Trident/4.0; FunWebProducts; .NET CLR 1.1.4322; .NET CLR 1.0.3705; .NET CLR 2.0.50727; AskTbORJ/5.12.3.17451)"
24.146.140.22 - - [12/Aug/2011:11:32:28 -0700] "GET /images/25_facebook.jpg HTTP/1.1" 200 2028 "-" "Mozilla/5.0 (iPhone; U; CPU iPhone OS 4_3_3 like Mac OS X; en-us) AppleWebKit/533.17.9 (KHTML, like Gecko)"
166.137.139.253 - - [12/Aug/2011:11:33:02 -0700] "GET /images/25_facebook.jpg HTTP/1.1" 200 2028 "-" "Mozilla/5.0 (iPhone; U; CPU iPhone OS 3_1_3 like Mac OS X; en-us) AppleWebKit/528.18 (KHTML, like Gecko)"
24.146.140.22 - - [12/Aug/2011:11:33:25 -0700] "GET /images/buttons/home.jpg HTTP/1.1" 200 1438 "http://www.comprehensivenet.com/" "Mozilla/5.0 (iPhone; U; CPU iPhone OS 4_3_3 like Mac OS X; en-us) AppleWebKit/533.17.9 (KHTML, like Gecko) Version/5.0.2 Mobile/8J2 Safari/6533.18.5"
24.146.140.22 - - [12/Aug/2011:11:33:25 -0700] "GET /images/buttons/contact.jpg HTTP/1.1" 200 2274 "http://www.comprehensivenet.com/" "Mozilla/5.0 (iPhone; U; CPU iPhone OS 4_3_3 like Mac OS X; en-us) AppleWebKit/533.17.9 (KHTML, like Gecko) Version/5.0.2 Mobile/8J2 Safari/6533.18.5"
24.146.140.22 - - [12/Aug/2011:11:33:27 -0700] "GET /images/buttons/newsletters_on.jpg HTTP/1.1" 200 2692 "http://www.comprehensivenet.com/" "Mozilla/5.0 (iPhone; U; CPU iPhone OS 4_3_3 like Mac OS X; en-us) AppleWebKit/533.17.9 (KHTML, like Gecko) Version/5.0.2 Mobile/8J2 Safari/6533.18.5"
24.146.140.22 - - [12/Aug/2011:11:33:50 -0700] "GET /contact.php HTTP/1.1" 200 12702 "http://www.comprehensivenet.com/" "Mozilla/5.0 (iPhone; U; CPU iPhone OS 4_3_3 like Mac OS X; en-us) AppleWebKit/533.17.9 (KHTML, like Gecko) Version/5.0.2 Mobile/8J2 Safari/6533.18.5"
24.146.140.22 - - [12/Aug/2011:11:33:51 -0700] "GET /images/contact_mapLink.jpg HTTP/1.1" 200 8389 "http://www.comprehensivenet.com/contact.php" "Mozilla/5.0 (iPhone; U; CPU iPhone OS 4_3_3 like Mac OS X; en-us) AppleWebKit/533.17.9 (KHTML, like Gecko) Version/5.0.2 Mobile/8J2 Safari/6533.18.5"
165.155.110.6 - - [12/Aug/2011:11:35:38 -0700] "GET /images/25_facebook.jpg HTTP/1.1" 304 - "-" "Mozilla/4.0 (compatible; MSIE 7.0; Windows NT 6.1; WOW64; Trident/5.0; SLCC2; .NET CLR 2.0.50727; .NET CLR 3.5.30729; .NET CLR 3.0.30729; InfoPath.3; .NET4.0C; Media Center PC 6.0; .NET4.0E; ms-office; MSOffice 14)"
74.116.90.15 - - [12/Aug/2011:11:37:05 -0700] "GET /images/25_twitter.jpg HTTP/1.1" 200 2319 "-" "VRPS/$Rev: 43290 $"
165.155.110.6 - - [12/Aug/2011:11:38:41 -0700] "GET /images/outlook_signature.jpg HTTP/1.1" 304 - "-" "Mozilla/4.0 (compatible; MSIE 7.0; Windows NT 6.1; WOW64; Trident/5.0; SLCC2; .NET CLR 2.0.50727; .NET CLR 3.5.30729; .NET CLR 3.0.30729; InfoPath.3; .NET4.0C; Media Center PC 6.0; .NET4.0E; ms-office; MSOffice 14)"
165.155.110.6 - - [12/Aug/2011:11:38:41 -0700] "GET /images/25_twitter.jpg HTTP/1.1" 304 - "-" "Mozilla/4.0 (compatible; MSIE 7.0; Windows NT 6.1; WOW64; Trident/5.0; SLCC2; .NET CLR 2.0.50727; .NET CLR 3.5.30729; .NET CLR 3.0.30729; InfoPath.3; .NET4.0C; Media Center PC 6.0; .NET4.0E; ms-office; MSOffice 14)"
165.155.110.6 - - [12/Aug/2011:11:39:58 -0700] "GET /images/25_twitter.jpg HTTP/1.1" 200 2319 "-" "Mozilla/4.0 (compatible; MSIE 7.0; Windows NT 5.1; Trident/4.0; GTB7.1; .NET CLR 2.0.50727; .NET CLR 3.0.04506.648; .NET CLR 3.5.21022; InfoPath.1; .NET CLR 3.0.4506.2152; .NET CLR 3.5.30729; .NET4.0C; .NET4.0E)"
66.249.67.179 - - [12/Aug/2011:11:50:11 -0700] "GET /c_Nursing.php HTTP/1.1" 200 9848 "-" "Mozilla/5.0 (compatible; Googlebot/2.1; +http://www.google.com/bot.html)"
216.254.79.108 - - [12/Aug/2011:11:50:40 -0700] "GET /images/25_facebook.jpg HTTP/1.1" 304 - "-" "Mozilla/4.0 (compatible; MSIE 7.0; Windows NT 5.1; Trident/4.0; GTB7.1; .NET CLR 1.1.4322; .NET CLR 2.0.50727; .NET CLR 3.0.4506.2152; .NET CLR 3.5.30729; InfoPath.1; .NET4.0C)"
216.254.79.108 - - [12/Aug/2011:11:57:35 -0700] "GET /images/25_facebook.jpg HTTP/1.1" 304 - "-" "Mozilla/4.0 (compatible; MSIE 7.0; Windows NT 5.1; Trident/4.0; GTB7.1; .NET CLR 1.1.4322; .NET CLR 2.0.50727; .NET CLR 3.0.4506.2152; .NET CLR 3.5.30729; InfoPath.1; .NET4.0C)"
69.113.238.48 - - [12/Aug/2011:12:00:43 -0700] "GET /favicon.ico HTTP/1.1" 200 894 "-" "Mozilla/4.0 (compatible; MSIE 8.0; Windows NT 6.1; WOW64; Trident/4.0; SLCC2; .NET CLR 2.0.50727; .NET CLR 3.5.30729; .NET CLR 3.0.30729; Media Center PC 6.0; .NET4.0C; InfoPath.3)"
95.108.158.237 - - [12/Aug/2011:12:05:55 -0700] "GET /robots.txt HTTP/1.1" 404 216 "-" "Mozilla/5.0 (compatible; YandexImages/3.0; +http://yandex.com/bots)"
174.254.177.67 - - [12/Aug/2011:12:10:07 -0700] "GET /images/25_twitter.jpg HTTP/1.1" 304 - "-" "Mozilla/5.0 (iPhone; U; CPU iPhone OS 4_2_6 like Mac OS X; en-us) AppleWebKit/533.17.9 (KHTML, like Gecko)"
174.254.177.67 - - [12/Aug/2011:12:10:14 -0700] "GET /images/25_facebook.jpg HTTP/1.1" 200 2028 "-" "Mozilla/5.0 (iPhone; U; CPU iPhone OS 4_2_6 like Mac OS X; en-us) AppleWebKit/533.17.9 (KHTML, like Gecko)"
216.254.79.108 - - [12/Aug/2011:12:23:56 -0700] "GET /images/25_facebook.jpg HTTP/1.1" 304 - "-" "Mozilla/4.0 (compatible; MSIE 7.0; Windows NT 5.1; GTB7.1; .NET CLR 1.1.4322; .NET CLR 2.0.50727; InfoPath.1; .NET CLR 3.0.4506.2152; .NET CLR 3.5.30729)"
216.254.79.108 - - [12/Aug/2011:12:23:56 -0700] "GET /images/25_twitter.jpg HTTP/1.1" 304 - "-" "Mozilla/4.0 (compatible; MSIE 7.0; Windows NT 5.1; GTB7.1; .NET CLR 1.1.4322; .NET CLR 2.0.50727; InfoPath.1; .NET CLR 3.0.4506.2152; .NET CLR 3.5.30729)"
165.155.110.6 - - [12/Aug/2011:12:29:32 -0700] "GET /images/25_twitter.jpg HTTP/1.1" 304 - "-" "Mozilla/4.0 (compatible; MSIE 7.0; Windows NT 5.1; Trident/4.0; GTB7.1; .NET CLR 1.1.4322; .NET CLR 2.0.50727; .NET CLR 3.0.04506.30; .NET CLR 3.0.04506.648; .NET CLR 3.5.21022; MS-RTC LM 8; OfficeLiveConnector.1.3; OfficeLivePatch.0.0; .NET CLR 3.0.4506.2152; .NET CLR 3.5.30729; InfoPath.3; msn OptimizedIE8;ENUS; ms-office; MSOffice 14)"
165.155.110.6 - - [12/Aug/2011:12:35:11 -0700] "GET /images/25_twitter.jpg HTTP/1.1" 304 - "-" "Mozilla/4.0 (compatible; MSIE 7.0; Windows NT 5.1; Trident/4.0; GTB7.1; .NET CLR 1.1.4322; .NET CLR 2.0.50727; .NET CLR 3.0.04506.30; .NET CLR 3.0.04506.648; .NET CLR 3.5.21022; MS-RTC LM 8; OfficeLiveConnector.1.3; OfficeLivePatch.0.0; .NET CLR 3.0.4506.2152; .NET CLR 3.5.30729; InfoPath.3; msn OptimizedIE8;ENUS; ms-office; MSOffice 14)"
184.91.136.122 - - [12/Aug/2011:12:36:17 -0700] "GET /images/buttons/newsletters.jpg HTTP/1.1" 200 2378 "http://www.comprehensivenet.com/" "Mozilla/4.0 (compatible; MSIE 8.0; Windows NT 6.0; Trident/4.0; SLCC1; .NET CLR 2.0.50727; Media Center PC 5.0; .NET CLR 3.5.30729; .NET CLR 3.0.30729)"
184.91.136.122 - - [12/Aug/2011:12:36:19 -0700] "GET /flash/Header.swf HTTP/1.1" 200 251972 "http://www.comprehensivenet.com/" "Mozilla/4.0 (compatible; MSIE 8.0; Windows NT 6.0; Trident/4.0; SLCC1; .NET CLR 2.0.50727; Media Center PC 5.0; .NET CLR 3.5.30729; .NET CLR 3.0.30729)"
184.91.136.122 - - [12/Aug/2011:12:36:21 -0700] "GET /images/buttons/home_on.jpg HTTP/1.1" 200 1637 "http://www.comprehensivenet.com/" "Mozilla/4.0 (compatible; MSIE 8.0; Windows NT 6.0; Trident/4.0; SLCC1; .NET CLR 2.0.50727; Media Center PC 5.0; .NET CLR 3.5.30729; .NET CLR 3.0.30729)"
184.91.136.122 - - [12/Aug/2011:12:36:56 -0700] "GET /images/contact_mapLink.jpg HTTP/1.1" 200 8389 "http://www.comprehensivenet.com/contact.php" "Mozilla/4.0 (compatible; MSIE 8.0; Windows NT 6.0; Trident/4.0; SLCC1; .NET CLR 2.0.50727; Media Center PC 5.0; .NET CLR 3.5.30729; .NET CLR 3.0.30729)"
130.36.62.225 - - [12/Aug/2011:12:40:02 -0700] "GET /ComprehensiveStyles.css HTTP/1.1" 200 1472 "http://www.comprehensivenet.com/c_Tutoring.php" "Mozilla/4.0 (compatible; MSIE 8.0; Windows NT 6.1; Trident/4.0; SLCC2; .NET CLR 2.0.50727; .NET CLR 3.5.30729; .NET CLR 3.0.30729; Media Center PC 6.0; .NET4.0C)"
130.36.62.225 - - [12/Aug/2011:12:40:06 -0700] "GET /images/buttons/interpretation_Y.jpg HTTP/1.1" 200 10122 "http://www.comprehensivenet.com/c_Tutoring.php" "Mozilla/4.0 (compatible; MSIE 8.0; Windows NT 6.1; Trident/4.0; SLCC2; .NET CLR 2.0.50727; .NET CLR 3.5.30729; .NET CLR 3.0.30729; Media Center PC 6.0; .NET4.0C)"
130.36.62.225 - - [12/Aug/2011:12:40:07 -0700] "GET /images/buttons/therapyEval_Y.jpg HTTP/1.1" 200 10923 "http://www.comprehensivenet.com/c_Tutoring.php" "Mozilla/4.0 (compatible; MSIE 8.0; Windows NT 6.1; Trident/4.0; SLCC2; .NET CLR 2.0.50727; .NET CLR 3.5.30729; .NET CLR 3.0.30729; Media Center PC 6.0; .NET4.0C)"
130.36.62.225 - - [12/Aug/2011:12:40:47 -0700] "GET /images/buttons/home.jpg HTTP/1.1" 200 1438 "http://www.comprehensivenet.com/professionals.php" "Mozilla/4.0 (compatible; MSIE 8.0; Windows NT 6.1; Trident/4.0; SLCC2; .NET CLR 2.0.50727; .NET CLR 3.5.30729; .NET CLR 3.0.30729; Media Center PC 6.0; .NET4.0C)"
130.36.62.225 - - [12/Aug/2011:12:40:47 -0700] "GET /images/buttons/jobListings.jpg HTTP/1.1" 200 4761 "http://www.comprehensivenet.com/professionals.php" "Mozilla/4.0 (compatible; MSIE 8.0; Windows NT 6.1; Trident/4.0; SLCC2; .NET CLR 2.0.50727; .NET CLR 3.5.30729; .NET CLR 3.0.30729; Media Center PC 6.0; .NET4.0C)"
130.36.62.225 - - [12/Aug/2011:12:40:47 -0700] "GET /images/buttons/therapyEval.jpg HTTP/1.1" 200 10385 "http://www.comprehensivenet.com/professionals.php" "Mozilla/4.0 (compatible; MSIE 8.0; Windows NT 6.1; Trident/4.0; SLCC2; .NET CLR 2.0.50727; .NET CLR 3.5.30729; .NET CLR 3.0.30729; Media Center PC 6.0; .NET4.0C)"
130.36.62.225 - - [12/Aug/2011:12:40:47 -0700] "GET /images/buttons/nursing.jpg HTTP/1.1" 200 5819 "http://www.comprehensivenet.com/professionals.php" "Mozilla/4.0 (compatible; MSIE 8.0; Windows NT 6.1; Trident/4.0; SLCC2; .NET CLR 2.0.50727; .NET CLR 3.5.30729; .NET CLR 3.0.30729; Media Center PC 6.0; .NET4.0C)"
208.115.111.67 - - [12/Aug/2011:12:42:47 -0700] "GET /index.php?option=com_jevents&task=day.listevents&year=2014&month=03&day=09&catids=43%7C40%7C42&Itemid=1&lang=en HTTP/1.1" 200 14389 "-" "Mozilla/5.0 (compatible; Ezooms/1.0; ezooms.bot@gmail.com)"
208.115.111.67 - - [12/Aug/2011:12:42:48 -0700] "GET /list/6_55_295/ HTTP/1.1" 404 220 "-" "Mozilla/5.0 (compatible; Ezooms/1.0; ezooms.bot@gmail.com)"
216.254.79.108 - - [12/Aug/2011:12:46:40 -0700] "GET /images/outlook_signature.jpg HTTP/1.1" 304 - "-" "Mozilla/4.0 (compatible; MSIE 6.0; Windows NT 5.1; SV1; GTB7.1; .NET CLR 1.1.4322; .NET CLR 2.0.50727)"
216.254.79.108 - - [12/Aug/2011:12:46:41 -0700] "GET /images/25_twitter.jpg HTTP/1.1" 304 - "-" "Mozilla/4.0 (compatible; MSIE 6.0; Windows NT 5.1; SV1; GTB7.1; .NET CLR 1.1.4322; .NET CLR 2.0.50727)"
130.36.62.225 - - [12/Aug/2011:12:59:59 -0700] "GET /c_Tutoring.php HTTP/1.1" 200 11245 "-" "Mozilla/4.0 (compatible;)"
216.254.79.108 - - [12/Aug/2011:13:12:58 -0700] "GET /images/outlook_signature.jpg HTTP/1.1" 304 - "-" "Mozilla/4.0 (compatible; MSIE 6.0; Windows NT 5.1; SV1; GTB7.1; .NET CLR 1.1.4322; .NET CLR 2.0.50727)"
130.36.62.225 - - [12/Aug/2011:13:15:59 -0700] "GET /c_Tutoring.php HTTP/1.1" 200 11245 "-" "Mozilla/4.0 (compatible;)"
208.89.250.11 - - [12/Aug/2011:13:18:55 -0700] "GET /j_HealthAide.php HTTP/1.1" 200 29345 "-" "Mozilla/4.0 (compatible; MSIE 7.0; Windows NT 5.1; MyIE2)"
208.89.250.11 - - [12/Aug/2011:13:18:56 -0700] "GET /j_HealthAide.php HTTP/1.1" 200 29351 "-" "Mozilla/4.0 (compatible; MSIE 7.0; Windows NT 5.1; MyIE2)"
208.89.250.11 - - [12/Aug/2011:13:18:58 -0700] "GET /j_CFY.php HTTP/1.1" 200 29408 "-" "Mozilla/4.0 (compatible; MSIE 7.0; Windows NT 5.1; MyIE2)"
208.89.250.11 - - [12/Aug/2011:13:18:59 -0700] "GET /j_HealthAide.php HTTP/1.1" 200 29351 "-" "Mozilla/4.0 (compatible; MSIE 7.0; Windows NT 5.1; MyIE2)"
208.89.250.11 - - [12/Aug/2011:13:18:59 -0700] "GET /j_HealthAide.php HTTP/1.1" 200 29345 "-" "Mozilla/4.0 (compatible; MSIE 7.0; Windows NT 5.1; MyIE2)"
207.38.182.12 - - [12/Aug/2011:13:19:14 -0700] "GET /images/outlook_signature.jpg HTTP/1.1" 304 - "-" "Mozilla/5.0 (iPhone; U; CPU iPhone OS 4_3_3 like Mac OS X; en-us) AppleWebKit/533.17.9 (KHTML, like Gecko)"
207.38.182.12 - - [12/Aug/2011:13:20:47 -0700] "GET /images/25_facebook.jpg HTTP/1.1" 304 - "-" "Mozilla/5.0 (iPhone; U; CPU iPhone OS 4_3_3 like Mac OS X; en-us) AppleWebKit/533.17.9 (KHTML, like Gecko)"
68.195.232.138 - - [12/Aug/2011:13:21:29 -0700] "GET /images/25_twitter.jpg HTTP/1.1" 304 - "-" "Mozilla/4.0 (compatible; MSIE 7.0; Windows NT 5.1; Trident/4.0; .NET CLR 2.0.50727; .NET CLR 3.0.4506.2152; .NET CLR 3.5.30729; .NET CLR 1.1.4322)"
68.195.232.138 - - [12/Aug/2011:13:21:29 -0700] "GET /images/outlook_signature.jpg HTTP/1.1" 304 - "-" "Mozilla/4.0 (compatible; MSIE 7.0; Windows NT 5.1; Trident/4.0; .NET CLR 2.0.50727; .NET CLR 3.0.4506.2152; .NET CLR 3.5.30729; .NET CLR 1.1.4322)"
207.38.182.12 - - [12/Aug/2011:13:21:49 -0700] "GET /images/outlook_signature.jpg HTTP/1.1" 304 - "-" "Mozilla/5.0 (iPhone; U; CPU iPhone OS 4_3_3 like Mac OS X; en-us) AppleWebKit/533.17.9 (KHTML, like Gecko)"
207.38.182.12 - - [12/Aug/2011:13:22:03 -0700] "GET /images/25_facebook.jpg HTTP/1.1" 304 - "-" "Mozilla/5.0 (iPhone; U; CPU iPhone OS 4_3_3 like Mac OS X; en-us) AppleWebKit/533.17.9 (KHTML, like Gecko)"
216.254.79.108 - - [12/Aug/2011:13:22:55 -0700] "GET /images/buttons/clients.jpg HTTP/1.1" 200 3194 "http://www.comprehensivenet.com/p_Nursing.php" "Mozilla/5.0 (Windows; U; Windows NT 5.1; en-US; rv:1.9.2.18) Gecko/20110614 Firefox/3.6.18 (.NET CLR 3.5.30729)"
216.254.79.108 - - [12/Aug/2011:13:22:55 -0700] "GET /images/buttons/therapyEval.jpg HTTP/1.1" 200 10385 "http://www.comprehensivenet.com/p_Nursing.php" "Mozilla/5.0 (Windows; U; Windows NT 5.1; en-US; rv:1.9.2.18) Gecko/20110614 Firefox/3.6.18 (.NET CLR 3.5.30729)"
216.254.79.108 - - [12/Aug/2011:13:22:56 -0700] "GET /images/buttons/Advantage.jpg HTTP/1.1" 200 21282 "http://www.comprehensivenet.com/p_Nursing.php" "Mozilla/5.0 (Windows; U; Windows NT 5.1; en-US; rv:1.9.2.18) Gecko/20110614 Firefox/3.6.18 (.NET CLR 3.5.30729)"
216.254.79.108 - - [12/Aug/2011:13:22:59 -0700] "GET /images/buttons/newsletters_on.jpg HTTP/1.1" 200 2692 "http://www.comprehensivenet.com/p_Nursing.php" "Mozilla/5.0 (Windows; U; Windows NT 5.1; en-US; rv:1.9.2.18) Gecko/20110614 Firefox/3.6.18 (.NET CLR 3.5.30729)"
174.252.44.18 - - [12/Aug/2011:13:34:38 -0700] "GET /images/outlook_signature.jpg HTTP/1.1" 304 - "-" "Mozilla/5.0 (iPhone; U; CPU iPhone OS 4_2_8 like Mac OS X; en-us) AppleWebKit/533.17.9 (KHTML, like Gecko)"
68.173.10.191 - - [12/Aug/2011:13:35:08 -0700] "GET /images/outlook_signature.jpg HTTP/1.1" 200 39193 "-" "Mozilla/5.0 (Macintosh; U; Intel Mac OS X 10_5_8; en-us) AppleWebKit/533.21.1 (KHTML, like Gecko) Version/5.0.5 Safari/533.21.1"
174.252.44.18 - - [12/Aug/2011:13:37:38 -0700] "GET /images/25_twitter.jpg HTTP/1.1" 200 2319 "-" "Mozilla/5.0 (iPhone; U; CPU iPhone OS 4_2_8 like Mac OS X; en-us) AppleWebKit/533.17.9 (KHTML, like Gecko)"
74.101.163.112 - - [12/Aug/2011:13:39:48 -0700] "GET /Scripts/AC_RunActiveContent.js HTTP/1.1" 200 8029 "http://www.comprehensivenet.com/p_Nursing.php" "Mozilla/4.0 (compatible; MSIE 8.0; Windows NT 6.0; Trident/4.0; GTB7.0; SLCC1; .NET CLR 2.0.50727; Media Center PC 5.0; .NET CLR 3.5.30729; .NET CLR 3.0.30618; .NET4.0C; BRI/1; BRI/2; yie8)"
74.101.163.112 - - [12/Aug/2011:13:39:48 -0700] "GET /images/buttons/EIPreSchool.jpg HTTP/1.1" 200 6909 "http://www.comprehensivenet.com/p_Nursing.php" "Mozilla/4.0 (compatible; MSIE 8.0; Windows NT 6.0; Trident/4.0; GTB7.0; SLCC1; .NET CLR 2.0.50727; Media Center PC 5.0; .NET CLR 3.5.30729; .NET CLR 3.0.30618; .NET4.0C; BRI/1; BRI/2; yie8)"
74.101.163.112 - - [12/Aug/2011:13:39:49 -0700] "GET /images/buttons/therapyEval.jpg HTTP/1.1" 200 10385 "http://www.comprehensivenet.com/p_Nursing.php" "Mozilla/4.0 (compatible; MSIE 8.0; Windows NT 6.0; Trident/4.0; GTB7.0; SLCC1; .NET CLR 2.0.50727; Media Center PC 5.0; .NET CLR 3.5.30729; .NET CLR 3.0.30618; .NET4.0C; BRI/1; BRI/2; yie8)"
74.101.163.112 - - [12/Aug/2011:13:39:50 -0700] "GET /Corona_Skin_1.swf HTTP/1.1" 200 12497 "http://www.comprehensivenet.com/FLVPlayer_Progressive.swf" "Mozilla/4.0 (compatible; MSIE 8.0; Windows NT 6.0; Trident/4.0; GTB7.0; SLCC1; .NET CLR 2.0.50727; Media Center PC 5.0; .NET CLR 3.5.30729; .NET CLR 3.0.30618; .NET4.0C; BRI/1; BRI/2; yie8)"
74.101.163.112 - - [12/Aug/2011:13:42:35 -0700] "GET /images/continuingEd_Img.jpg HTTP/1.1" 200 49291 "http://www.comprehensivenet.com/p_ContinuingEd.php" "Mozilla/4.0 (compatible; MSIE 8.0; Windows NT 6.0; Trident/4.0; GTB7.0; SLCC1; .NET CLR 2.0.50727; Media Center PC 5.0; .NET CLR 3.5.30729; .NET CLR 3.0.30618; .NET4.0C; BRI/1; BRI/2; yie8)"
74.101.163.112 - - [12/Aug/2011:13:42:36 -0700] "GET /images/buttons/newsletters_on.jpg HTTP/1.1" 200 2692 "http://www.comprehensivenet.com/p_ContinuingEd.php" "Mozilla/4.0 (compatible; MSIE 8.0; Windows NT 6.0; Trident/4.0; GTB7.0; SLCC1; .NET CLR 2.0.50727; Media Center PC 5.0; .NET CLR 3.5.30729; .NET CLR 3.0.30618; .NET4.0C; BRI/1; BRI/2; yie8)"
74.101.163.112 - - [12/Aug/2011:13:43:27 -0700] "GET /p_JobListings.php HTTP/1.1" 200 11035 "http://www.comprehensivenet.com/p_ContinuingEd.php" "Mozilla/4.0 (compatible; MSIE 8.0; Windows NT 6.0; Trident/4.0; GTB7.0; SLCC1; .NET CLR 2.0.50727; Media Center PC 5.0; .NET CLR 3.5.30729; .NET CLR 3.0.30618; .NET4.0C; BRI/1; BRI/2; yie8)"
74.101.163.112 - - [12/Aug/2011:13:43:27 -0700] "GET /images/jobList_Img.jpg HTTP/1.1" 200 71154 "http://www.comprehensivenet.com/p_JobListings.php" "Mozilla/4.0 (compatible; MSIE 8.0; Windows NT 6.0; Trident/4.0; GTB7.0; SLCC1; .NET CLR 2.0.50727; Media Center PC 5.0; .NET CLR 3.5.30729; .NET CLR 3.0.30618; .NET4.0C; BRI/1; BRI/2; yie8)"
208.54.45.223 - - [12/Aug/2011:13:45:16 -0700] "GET /images/outlook_signature.jpg HTTP/1.1" 304 - "-" "Mozilla/5.0 (Linux; U; Android 2.2.1; en-us; SGH-T959V Build/FROYO) AppleWebKit/533.1 (KHTML, like Gecko) Version/4.0 Mobile Safari/533.1"
74.101.163.112 - - [12/Aug/2011:13:45:31 -0700] "GET /images/buttons/courses.jpg HTTP/1.1" 304 - "http://www.comprehensivenet.com/p_Nursing.php" "Mozilla/4.0 (compatible; MSIE 8.0; Windows NT 6.0; Trident/4.0; GTB7.0; SLCC1; .NET CLR 2.0.50727; Media Center PC 5.0; .NET CLR 3.5.30729; .NET CLR 3.0.30618; .NET4.0C; BRI/1; BRI/2; yie8)"
74.101.163.112 - - [12/Aug/2011:13:45:31 -0700] "GET /images/buttons/EIPreSchool.jpg HTTP/1.1" 304 - "http://www.comprehensivenet.com/p_Nursing.php" "Mozilla/4.0 (compatible; MSIE 8.0; Windows NT 6.0; Trident/4.0; GTB7.0; SLCC1; .NET CLR 2.0.50727; Media Center PC 5.0; .NET CLR 3.5.30729; .NET CLR 3.0.30618; .NET4.0C; BRI/1; BRI/2; yie8)"
74.101.163.112 - - [12/Aug/2011:13:45:31 -0700] "GET /images/buttons/nursing.jpg HTTP/1.1" 304 - "http://www.comprehensivenet.com/p_Nursing.php" "Mozilla/4.0 (compatible; MSIE 8.0; Windows NT 6.0; Trident/4.0; GTB7.0; SLCC1; .NET CLR 2.0.50727; Media Center PC 5.0; .NET CLR 3.5.30729; .NET CLR 3.0.30618; .NET4.0C; BRI/1; BRI/2; yie8)"
74.101.163.112 - - [12/Aug/2011:13:45:31 -0700] "GET /images/buttons/continuingEd.jpg HTTP/1.1" 304 - "http://www.comprehensivenet.com/p_Nursing.php" "Mozilla/4.0 (compatible; MSIE 8.0; Windows NT 6.0; Trident/4.0; GTB7.0; SLCC1; .NET CLR 2.0.50727; Media Center PC 5.0; .NET CLR 3.5.30729; .NET CLR 3.0.30618; .NET4.0C; BRI/1; BRI/2; yie8)"
188.143.233.34 - - [12/Aug/2011:13:57:36 -0700] "GET /myhood/?p=20 HTTP/1.0" 404 201 "http://www.comprehensivenet.com/myhood/?p=20" "Mozilla/2.0 (compatible; MSIE 3.02; Windows CE; 240x320)"
130.36.62.225 - - [12/Aug/2011:14:04:02 -0700] "GET /c_Tutoring.php HTTP/1.1" 200 11245 "-" "Mozilla/4.0 (compatible;)"
95.108.158.237 - - [12/Aug/2011:14:04:54 -0700] "GET /images/buttons/contact.jpg HTTP/1.1" 304 - "-" "Mozilla/5.0 (compatible; YandexImages/3.0; +http://yandex.com/bots)"
67.186.13.251 - - [12/Aug/2011:14:20:16 -0700] "GET /robots.txt HTTP/1.1" 404 216 "-" "Mozilla/5.0 (compatible; 008/0.83; http://www.80legs.com/webcrawler.html;) Gecko/2008032620"
98.204.49.140 - - [12/Aug/2011:14:24:13 -0700] "GET / HTTP/1.1" 200 14395 "-" "Mozilla/5.0 (Macintosh; U; Intel Mac OS X 10_6_7; en-us) AppleWebKit/533.20.25 (KHTML, like Gecko) Version/5.0.4 Safari/533.20.27"
98.204.49.140 - - [12/Aug/2011:14:24:19 -0700] "GET /images/buttons/newsletters.jpg HTTP/1.1" 200 2378 "http://www.comprehensivenet.com/" "Mozilla/5.0 (Macintosh; U; Intel Mac OS X 10_6_7; en-us) AppleWebKit/533.20.25 (KHTML, like Gecko) Version/5.0.4 Safari/533.20.27"
98.204.49.140 - - [12/Aug/2011:14:24:36 -0700] "GET /p_ContinuingEd.php HTTP/1.1" 200 13593 "http://www.comprehensivenet.com/" "Mozilla/5.0 (Macintosh; U; Intel Mac OS X 10_6_7; en-us) AppleWebKit/533.20.25 (KHTML, like Gecko) Version/5.0.4 Safari/533.20.27"
