207.46.204.182 - - [09/Aug/2011:00:05:51 -0700] "GET /j_SpeechPathologist.php HTTP/1.1" 200 19633 "-" "Mozilla/5.0 (compatible; bingbot/2.0; +http://www.bing.com/bingbot.htm)"
208.115.111.67 - - [09/Aug/2011:00:30:28 -0700] "GET /lawyer/lawyer_dir/search/jsp/profile_viewFirm.jsp?officeUid=22080240&map=1 HTTP/1.1" 404 255 "-" "Mozilla/5.0 (compatible; Ezooms/1.0; ezooms.bot@gmail.com)"
109.65.24.111 - - [09/Aug/2011:00:42:35 -0700] "GET /images/25_twitter.jpg HTTP/1.1" 200 2319 "http://www.comprehensivenet.com/p_ContinuingEd.php" "Mozilla/5.0 (Windows NT 6.1; WOW64; rv:5.0) Gecko/20100101 Firefox/5.0"
109.65.24.111 - - [09/Aug/2011:00:42:35 -0700] "GET /images/buttons/continuingEd.jpg HTTP/1.1" 200 8472 "http://www.comprehensivenet.com/p_ContinuingEd.php" "Mozilla/5.0 (Windows NT 6.1; WOW64; rv:5.0) Gecko/20100101 Firefox/5.0"
109.65.24.111 - - [09/Aug/2011:00:42:36 -0700] "GET /images/buttons/interpretation.jpg HTTP/1.1" 200 9675 "http://www.comprehensivenet.com/p_ContinuingEd.php" "Mozilla/5.0 (Windows NT 6.1; WOW64; rv:5.0) Gecko/20100101 Firefox/5.0"
109.65.24.111 - - [09/Aug/2011:00:42:36 -0700] "GET /images/buttons/jobListings.jpg HTTP/1.1" 200 4761 "http://www.comprehensivenet.com/p_ContinuingEd.php" "Mozilla/5.0 (Windows NT 6.1; WOW64; rv:5.0) Gecko/20100101 Firefox/5.0"
109.65.24.111 - - [09/Aug/2011:00:42:36 -0700] "GET /images/anniversary_link.jpg HTTP/1.1" 200 54060 "http://www.comprehensivenet.com/p_ContinuingEd.php" "Mozilla/5.0 (Windows NT 6.1; WOW64; rv:5.0) Gecko/20100101 Firefox/5.0"
109.65.24.111 - - [09/Aug/2011:00:43:14 -0700] "GET /p_ContinuingEd.php HTTP/1.1" 200 13593 "http://www.comprehensivenet.com/p_ContinuingEd.php" "Mozilla/5.0 (Windows NT 6.1; WOW64; rv:5.0) Gecko/20100101 Firefox/5.0"
207.46.204.188 - - [09/Aug/2011:00:50:44 -0700] "GET /robots.txt HTTP/1.1" 404 216 "-" "Mozilla/5.0 (compatible; bingbot/2.0; +http://www.bing.com/bingbot.htm)"
208.107.60.134 - - [09/Aug/2011:00:51:03 -0700] "GET /robots.txt HTTP/1.0" 404 204 "-" "Mozilla/5.0 (compatible; MJ12bot/v1.4.0; http://www.majestic12.co.uk/bot.php?+)"
74.73.230.183 - - [09/Aug/2011:01:42:55 -0700] "GET /images/25_twitter.jpg HTTP/1.1" 200 2319 "http://www.comprehensivenet.com/" "Mozilla/5.0 (Macintosh; U; Intel Mac OS X 10_6_8; en-us) AppleWebKit/533.21.1 (KHTML, like Gecko) Version/5.0.5 Safari/533.21.1"
74.73.230.183 - - [09/Aug/2011:01:42:55 -0700] "GET /images/buttons/about.jpg HTTP/1.1" 200 1869 "http://www.comprehensivenet.com/" "Mozilla/5.0 (Macintosh; U; Intel Mac OS X 10_6_8; en-us) AppleWebKit/533.21.1 (KHTML, like Gecko) Version/5.0.5 Safari/533.21.1"
74.73.230.183 - - [09/Aug/2011:01:42:56 -0700] "GET /images/buttons/clients.jpg HTTP/1.1" 200 3194 "http://www.comprehensivenet.com/" "Mozilla/5.0 (Macintosh; U; Intel Mac OS X 10_6_8; en-us) AppleWebKit/533.21.1 (KHTML, like Gecko) Version/5.0.5 Safari/533.21.1"
74.73.230.183 - - [09/Aug/2011:01:42:56 -0700] "GET /images/buttons/courses_on.jpg HTTP/1.1" 200 4007 "http://www.comprehensivenet.com/" "Mozilla/5.0 (Macintosh; U; Intel Mac OS X 10_6_8; en-us) AppleWebKit/533.21.1 (KHTML, like Gecko) Version/5.0.5 Safari/533.21.1"
74.73.230.183 - - [09/Aug/2011:01:43:16 -0700] "GET /about.php HTTP/1.1" 200 12513 "http://www.comprehensivenet.com/" "Mozilla/5.0 (Macintosh; U; Intel Mac OS X 10_6_8; en-us) AppleWebKit/533.21.1 (KHTML, like Gecko) Version/5.0.5 Safari/533.21.1"
74.90.216.116 - - [09/Aug/2011:03:49:23 -0700] "GET /images/25_facebook.jpg HTTP/1.1" 200 2028 "http://www.comprehensivenet.com/p_EIPreSchool.php" "Mozilla/4.0 (compatible; MSIE 8.0; Windows NT 5.1; Trident/4.0)"
74.90.216.116 - - [09/Aug/2011:03:49:23 -0700] "GET /images/buttons/courses.jpg HTTP/1.1" 200 3497 "http://www.comprehensivenet.com/p_EIPreSchool.php" "Mozilla/4.0 (compatible; MSIE 8.0; Windows NT 5.1; Trident/4.0)"
74.90.216.116 - - [09/Aug/2011:03:49:24 -0700] "GET /images/buttons/nursing.jpg HTTP/1.1" 200 5819 "http://www.comprehensivenet.com/p_EIPreSchool.php" "Mozilla/4.0 (compatible; MSIE 8.0; Windows NT 5.1; Trident/4.0)"
74.90.216.116 - - [09/Aug/2011:03:49:24 -0700] "GET /images/EI_Img.jpg HTTP/1.1" 200 38914 "http://www.comprehensivenet.com/p_EIPreSchool.php" "Mozilla/4.0 (compatible; MSIE 8.0; Windows NT 5.1; Trident/4.0)"
74.90.216.116 - - [09/Aug/2011:03:49:30 -0700] "GET /images/buttons/courses_on.jpg HTTP/1.1" 200 4007 "http://www.comprehensivenet.com/p_JobListings.php" "Mozilla/4.0 (compatible; MSIE 8.0; Windows NT 5.1; Trident/4.0)"
74.90.216.116 - - [09/Aug/2011:03:49:31 -0700] "GET /images/buttons/contact_on.jpg HTTP/1.1" 200 2631 "http://www.comprehensivenet.com/p_JobListings.php" "Mozilla/4.0 (compatible; MSIE 8.0; Windows NT 5.1; Trident/4.0)"
71.190.200.116 - - [09/Aug/2011:03:53:13 -0700] "GET /favicon.ico HTTP/1.1" 200 894 "-" "Mozilla/5.0 (compatible; MSIE 9.0; Windows NT 6.1; Trident/5.0)"
67.195.112.25 - - [09/Aug/2011:04:00:13 -0700] "GET /htmlLinks/CE_Feeding2011.html HTTP/1.0" 200 7250 "-" "Mozilla/5.0 (compatible; Yahoo! Slurp; http://help.yahoo.com/help/us/ysearch/slurp)"
98.113.27.195 - - [09/Aug/2011:04:23:39 -0700] "GET /images/outlook_signature.jpg HTTP/1.1" 200 39193 "-" "Mozilla/5.0 (Macintosh; U; Intel Mac OS X 10_5_8; en-us) AppleWebKit/533.19.4 (KHTML, like Gecko) Version/5.0.3 Safari/533.19.4"
207.46.204.236 - - [09/Aug/2011:04:35:30 -0700] "GET /c_Tutoring.php HTTP/1.1" 200 11245 "-" "Mozilla/5.0 (compatible; bingbot/2.0; +http://www.bing.com/bingbot.htm)"
208.115.111.67 - - [09/Aug/2011:04:38:31 -0700] "GET /fr/cartes-virtuelles/carte-bonne-annee/0/0/1 HTTP/1.1" 404 250 "-" "Mozilla/5.0 (compatible; Ezooms/1.0; ezooms.bot@gmail.com)"
74.108.156.235 - - [09/Aug/2011:04:43:35 -0700] "GET /images/YellowLeftSpace.jpg HTTP/1.1" 200 382 "http://comprehensivenet.com/c_Tutoring.php" "Mozilla/5.0 (Windows NT 6.1; WOW64; rv:5.0) Gecko/20100101 Firefox/5.0"
74.108.156.235 - - [09/Aug/2011:04:43:35 -0700] "GET /images/buttons/nursing_Y.jpg HTTP/1.1" 200 5930 "http://comprehensivenet.com/c_Tutoring.php" "Mozilla/5.0 (Windows NT 6.1; WOW64; rv:5.0) Gecko/20100101 Firefox/5.0"
74.108.156.235 - - [09/Aug/2011:04:43:36 -0700] "GET /images/buttons/interpretation_Y.jpg HTTP/1.1" 200 10122 "http://comprehensivenet.com/c_Tutoring.php" "Mozilla/5.0 (Windows NT 6.1; WOW64; rv:5.0) Gecko/20100101 Firefox/5.0"
74.108.156.235 - - [09/Aug/2011:04:43:37 -0700] "GET /images/JobLink1.jpg HTTP/1.1" 200 50144 "http://comprehensivenet.com/c_Tutoring.php" "Mozilla/5.0 (Windows NT 6.1; WOW64; rv:5.0) Gecko/20100101 Firefox/5.0"
74.108.156.235 - - [09/Aug/2011:04:43:56 -0700] "GET /images/buttons/courses.jpg HTTP/1.1" 200 3497 "http://comprehensivenet.com/contact.php" "Mozilla/5.0 (Windows NT 6.1; WOW64; rv:5.0) Gecko/20100101 Firefox/5.0"
74.108.156.235 - - [09/Aug/2011:04:43:56 -0700] "GET /images/contact_locations.jpg HTTP/1.1" 200 29468 "http://comprehensivenet.com/contact.php" "Mozilla/5.0 (Windows NT 6.1; WOW64; rv:5.0) Gecko/20100101 Firefox/5.0"
74.108.156.235 - - [09/Aug/2011:04:43:57 -0700] "GET /images/contact_title.jpg HTTP/1.1" 200 15747 "http://comprehensivenet.com/contact.php" "Mozilla/5.0 (Windows NT 6.1; WOW64; rv:5.0) Gecko/20100101 Firefox/5.0"
91.186.253.30 - - [09/Aug/2011:04:52:01 -0700] "GET /JobListings/show_news.php?subaction=showfull&id=1304611453 HTTP/1.1" 200 4372 "http://www.indeed.com/jobs?q=arabic+Translator+Interpreter&l=" "Mozilla/5.0 (Windows NT 6.0; rv:5.0) Gecko/20100101 Firefox/5.0"
216.254.79.108 - - [09/Aug/2011:04:54:38 -0700] "GET /images/outlook_signature.jpg HTTP/1.1" 304 - "-" "Mozilla/4.0 (compatible; MSIE 7.0; Windows NT 5.1; .NET CLR 1.1.4322; .NET CLR 1.0.3705; .NET CLR 2.0.50727; .NET CLR 3.0.4506.2152; .NET CLR 3.5.30729)"
68.193.33.228 - - [09/Aug/2011:05:18:41 -0700] "GET /images/25_twitter.jpg HTTP/1.1" 200 2319 "http://36ohk6dgmcd1n.yom.mail.yahoo.net/om/api/1.0/openmail.app.invoke/36ohk6dgmcd1n/4/1.0.35/us/en-US/view.html" "Mozilla/5.0 (Macintosh; U; Intel Mac OS X 10_5_8; en-us) AppleWebKit/530.19.2 (KHTML, like Gecko) Version/4.0.2 Safari/530.19"
69.74.224.201 - - [09/Aug/2011:05:24:53 -0700] "GET /images/buttons/courses_on.jpg HTTP/1.1" 304 - "-" "Mozilla/4.0 (compatible;)"
67.195.112.25 - - [09/Aug/2011:05:49:09 -0700] "GET /p_Translation.php HTTP/1.0" 200 11237 "-" "Mozilla/5.0 (compatible; Yahoo! Slurp; http://help.yahoo.com/help/us/ysearch/slurp)"
74.82.64.160 - - [09/Aug/2011:05:50:39 -0700] "GET /ComprehensiveStyles.css HTTP/1.1" 200 1472 "http://www.comprehensivenet.com/p_EIPreSchool.php" "Mozilla/5.0 (BlackBerry; U; BlackBerry 9700; en-US) AppleWebKit/534.8+ (KHTML, like Gecko) Version/6.0.0.448 Mobile Safari/534.8+"
74.82.64.160 - - [09/Aug/2011:05:50:40 -0700] "GET /images/buttons/courses.jpg HTTP/1.1" 200 3497 "http://www.comprehensivenet.com/p_EIPreSchool.php" "Mozilla/5.0 (BlackBerry; U; BlackBerry 9700; en-US) AppleWebKit/534.8+ (KHTML, like Gecko) Version/6.0.0.448 Mobile Safari/534.8+"
74.82.64.160 - - [09/Aug/2011:05:50:40 -0700] "GET /images/buttons/about.jpg HTTP/1.1" 200 1869 "http://www.comprehensivenet.com/p_EIPreSchool.php" "Mozilla/5.0 (BlackBerry; U; BlackBerry 9700; en-US) AppleWebKit/534.8+ (KHTML, like Gecko) Version/6.0.0.448 Mobile Safari/534.8+"
74.82.64.160 - - [09/Aug/2011:05:50:41 -0700] "GET /images/buttons/therapyEval.jpg HTTP/1.1" 200 10385 "http://www.comprehensivenet.com/p_EIPreSchool.php" "Mozilla/5.0 (BlackBerry; U; BlackBerry 9700; en-US) AppleWebKit/534.8+ (KHTML, like Gecko) Version/6.0.0.448 Mobile Safari/534.8+"
74.82.64.160 - - [09/Aug/2011:05:50:43 -0700] "GET /favicon.ico HTTP/1.1" 200 894 "-" "Mozilla/5.0 (BlackBerry; U; BlackBerry 9700; en-US) AppleWebKit/534.8+ (KHTML, like Gecko) Version/6.0.0.448 Mobile Safari/534.8+"
184.82.131.106 - - [09/Aug/2011:05:50:50 -0700] "GET / HTTP/1.1" 200 14389 "-" "Mozilla/5.0 (X11; U; Linux i686; en-US; rv:1.8.1.20) Gecko/20081217 Firefox/2.0.0.20"
74.82.64.160 - - [09/Aug/2011:05:50:53 -0700] "GET /images/anniversary_link.jpg HTTP/1.1" 200 54060 "http://www.comprehensivenet.com/p_JobListings.php" "Mozilla/5.0 (BlackBerry; U; BlackBerry 9700; en-US) AppleWebKit/534.8+ (KHTML, like Gecko) Version/6.0.0.448 Mobile Safari/534.8+"
74.82.64.160 - - [09/Aug/2011:05:51:48 -0700] "GET /JobListings/show_news.php?subaction=showfull&id=1302014626&archive=&template= HTTP/1.1" 200 13148 "http://www.comprehensivenet.com/j_Administrative.php" "Mozilla/5.0 (BlackBerry; U; BlackBerry 9700; en-US) AppleWebKit/534.8+ (KHTML, like Gecko) Version/6.0.0.448 Mobile Safari/534.8+"
216.254.79.108 - - [09/Aug/2011:05:52:53 -0700] "GET /images/25_facebook.jpg HTTP/1.1" 200 2028 "-" "Mozilla/4.0 (compatible; MSIE 7.0; Windows NT 5.1; Trident/4.0; GTB7.1; .NET CLR 1.1.4322; .NET CLR 2.0.50727; .NET CLR 3.0.4506.2152; .NET CLR 3.5.30729; .NET4.0C; InfoPath.1)"
72.225.166.132 - - [09/Aug/2011:06:05:43 -0700] "GET /images/25_facebook.jpg HTTP/1.1" 200 2028 "http://www.comprehensivenet.com/j_Nurse.php" "Mozilla/5.0 (Macintosh; Intel Mac OS X 10.6; rv:5.0.1) Gecko/20100101 Firefox/5.0.1"
72.225.166.132 - - [09/Aug/2011:06:05:44 -0700] "GET /j_Nurse.php HTTP/1.1" 200 21000 "http://www.google.com/url?sa=t&source=web&cd=3&ved=0CC8QFjAC&url=http%3A%2F%2Fwww.comprehensivenet.com%2Fj_Nurse.php&rct=j&q=school%20nurse%20jobs%20new%20york&ei=jDBBTquxJebl0QGhq5i4CQ&usg=AFQjCNGjseZThCqnAefq9Yuw1TtSrO1R9A" "Mozilla/5.0 (Macintosh; Intel Mac OS X 10.6; rv:5.0.1) Gecko/20100101 Firefox/5.0.1"
96.239.62.21 - - [09/Aug/2011:06:07:27 -0700] "GET /images/25_facebook.jpg HTTP/1.1" 200 2028 "http://co113w.col113.mail.live.com/mail/InboxLight.aspx?n=1424220901" "Mozilla/5.0 (Windows NT 6.0; rv:5.0) Gecko/20100101 Firefox/5.0"
184.82.131.106 - - [09/Aug/2011:06:12:14 -0700] "GET / HTTP/1.1" 200 14389 "-" "Mozilla/5.0 (X11; U; Linux i686; en-US; rv:1.8.1.20) Gecko/20081217 Firefox/2.0.0.20"
68.195.232.138 - - [09/Aug/2011:06:13:27 -0700] "GET /images/outlook_signature.jpg HTTP/1.1" 304 - "-" "Mozilla/4.0 (compatible; MSIE 7.0; Windows NT 5.1; Trident/4.0; GTB6.5; .NET CLR 2.0.50727; .NET CLR 3.0.4506.2152; .NET CLR 3.5.30729; .NET4.0C; .NET CLR 1.1.4322; InfoPath.1; IPH 1.1.21.4019; IE0006_ver1;EN_US)"
68.195.232.138 - - [09/Aug/2011:06:13:27 -0700] "GET /images/25_twitter.jpg HTTP/1.1" 304 - "-" "Mozilla/4.0 (compatible; MSIE 7.0; Windows NT 5.1; Trident/4.0; GTB6.5; .NET CLR 2.0.50727; .NET CLR 3.0.4506.2152; .NET CLR 3.5.30729; .NET4.0C; .NET CLR 1.1.4322; InfoPath.1; IPH 1.1.21.4019; IE0006_ver1;EN_US)"
68.195.232.138 - - [09/Aug/2011:06:13:29 -0700] "GET /images/25_twitter.jpg HTTP/1.1" 304 - "-" "Mozilla/4.0 (compatible; MSIE 7.0; Windows NT 5.1; Trident/4.0; GTB6.5; .NET CLR 2.0.50727; .NET CLR 3.0.4506.2152; .NET CLR 3.5.30729; .NET4.0C; .NET CLR 1.1.4322; InfoPath.1; IPH 1.1.21.4019; IE0006_ver1;EN_US)"
161.38.221.236 - - [09/Aug/2011:06:17:24 -0700] "GET /Scripts/AC_RunActiveContent.js HTTP/1.1" 200 8029 "http://www.comprehensivenet.com/p_Nursing.php" "Mozilla/5.0 (Windows NT 5.1; rv:2.0) Gecko/20100101 Firefox/4.0"
161.38.221.236 - - [09/Aug/2011:06:17:24 -0700] "GET /images/buttons/courses.jpg HTTP/1.1" 200 3497 "http://www.comprehensivenet.com/p_Nursing.php" "Mozilla/5.0 (Windows NT 5.1; rv:2.0) Gecko/20100101 Firefox/4.0"
161.38.221.236 - - [09/Aug/2011:06:17:24 -0700] "GET /images/buttons/jobListings.jpg HTTP/1.1" 200 4761 "http://www.comprehensivenet.com/p_Nursing.php" "Mozilla/5.0 (Windows NT 5.1; rv:2.0) Gecko/20100101 Firefox/4.0"
161.38.221.236 - - [09/Aug/2011:06:17:24 -0700] "GET /images/nursing_Img.jpg HTTP/1.1" 200 52563 "http://www.comprehensivenet.com/p_Nursing.php" "Mozilla/5.0 (Windows NT 5.1; rv:2.0) Gecko/20100101 Firefox/4.0"
161.38.221.236 - - [09/Aug/2011:06:17:49 -0700] "GET /images/contact_locations.jpg HTTP/1.1" 200 29468 "http://www.comprehensivenet.com/contact.php" "Mozilla/5.0 (Windows NT 5.1; rv:2.0) Gecko/20100101 Firefox/4.0"
161.38.221.236 - - [09/Aug/2011:06:17:50 -0700] "GET /images/contact_title.jpg HTTP/1.1" 200 15747 "http://www.comprehensivenet.com/contact.php" "Mozilla/5.0 (Windows NT 5.1; rv:2.0) Gecko/20100101 Firefox/4.0"
205.188.116.15 - - [09/Aug/2011:06:17:52 -0700] "GET /JobListings/skins/images/jobListingHeader.jpg HTTP/1.1" 200 39507 "http://www.comprehensivenet.com/JobListings/show_news.php?subaction=showfull&id=1304601788" "Mozilla/4.0 (compatible; MSIE 7.0; AOL 9.0; Windows NT 5.1; GTB7.1; .NET CLR 1.0.3705; .NET CLR 1.1.4322; Media Center PC 4.0; .NET CLR 2.0.50727; .NET CLR 3.0.4506.2152; .NET CLR 3.5.30729)"
161.38.221.236 - - [09/Aug/2011:06:18:21 -0700] "GET /images/newsletters_thumb_9-11.jpg HTTP/1.1" 200 15931 "http://www.comprehensivenet.com/newsletters.php" "Mozilla/5.0 (Windows NT 5.1; rv:2.0) Gecko/20100101 Firefox/4.0"
161.38.221.236 - - [09/Aug/2011:06:18:46 -0700] "GET /images/Comprehensive_coin.swf HTTP/1.1" 200 124002 "http://www.comprehensivenet.com/index.php" "Mozilla/5.0 (Windows NT 5.1; rv:2.0) Gecko/20100101 Firefox/4.0"
161.38.221.236 - - [09/Aug/2011:06:19:41 -0700] "GET /images/Nursing_Services/Nursing_Services.flv HTTP/1.1" 200 1081344 "-" "Mozilla/5.0 (Windows NT 5.1; rv:2.0) Gecko/20100101 Firefox/4.0"
64.131.144.231 - - [09/Aug/2011:06:21:16 -0700] "GET /images/25_facebook.jpg HTTP/1.1" 200 2028 "http://bl128w.blu128.mail.live.com/mail/InboxLight.aspx?mid=ae681b43-c1e4-11e0-b818-002264c1d38c&n=128219608" "Mozilla/4.0 (compatible; MSIE 8.0; Windows NT 6.1; WOW64; Trident/4.0; SLCC2; .NET CLR 2.0.50727; .NET CLR 3.5.30729; .NET CLR 3.0.30729; Media Center PC 6.0; CPNTDF; .NET4.0C; InfoPath.2; BRI/1)"
184.82.131.106 - - [09/Aug/2011:06:21:31 -0700] "GET / HTTP/1.1" 200 14389 "-" "Mozilla/5.0 (X11; U; Linux i686; en-US; rv:1.8.1.20) Gecko/20081217 Firefox/2.0.0.20"
68.195.232.138 - - [09/Aug/2011:06:23:05 -0700] "GET /images/outlook_signature.jpg HTTP/1.1" 304 - "-" "Mozilla/4.0 (compatible; MSIE 7.0; Windows NT 5.1; GTB7.1; .NET CLR 1.1.4322; .NET CLR 2.0.50727; .NET CLR 1.0.3705; .NET CLR 3.0.04506.30; .NET CLR 3.0.04506.648; .NET CLR 3.0.4506.2152; .NET CLR 3.5.30729; IPH 1.1.21.4019)"
146.95.11.26 - - [09/Aug/2011:06:25:43 -0700] "GET /JobListings/skins/images/jobListingFooter.jpg HTTP/1.1" 200 12421 "http://www.comprehensivenet.com/JobListings/show_news.php?subaction=showfull&id=1302014626" "Mozilla/5.0 (Windows NT 5.1; rv:5.0) Gecko/20100101 Firefox/5.0"
146.95.11.26 - - [09/Aug/2011:06:25:44 -0700] "GET /favicon.ico HTTP/1.1" 200 894 "-" "Mozilla/5.0 (Windows NT 5.1; rv:5.0) Gecko/20100101 Firefox/5.0"
184.82.131.106 - - [09/Aug/2011:06:37:27 -0700] "GET / HTTP/1.1" 200 14389 "-" "Mozilla/5.0 (X11; U; Linux i686; en-US; rv:1.8.1.20) Gecko/20081217 Firefox/2.0.0.20"
216.254.79.108 - - [09/Aug/2011:06:39:04 -0700] "GET /images/outlook_signature.jpg HTTP/1.1" 304 - "-" "Mozilla/4.0 (compatible; MSIE 7.0; Windows NT 5.1; Trident/4.0; GTB7.1; .NET CLR 1.1.4322; .NET CLR 2.0.50727; .NET CLR 3.0.4506.2152; .NET CLR 3.5.30729; InfoPath.1)"
216.254.79.108 - - [09/Aug/2011:06:39:07 -0700] "GET /images/25_facebook.jpg HTTP/1.1" 304 - "-" "Mozilla/4.0 (compatible; MSIE 7.0; Windows NT 5.1; Trident/4.0; GTB7.1; .NET CLR 1.1.4322; .NET CLR 2.0.50727; .NET CLR 3.0.4506.2152; .NET CLR 3.5.30729; InfoPath.1)"
71.190.154.205 - - [09/Aug/2011:06:41:57 -0700] "GET /images/buttons/professionalYellow.jpg HTTP/1.1" 200 5021 "http://www.comprehensivenet.com/c_Nursing.php" "Mozilla/4.0 (compatible; MSIE 8.0; Windows NT 6.1; WOW64; Trident/4.0; GTB7.1; SLCC2; .NET CLR 2.0.50727; .NET CLR 3.5.30729; .NET CLR 3.0.30729; Media Center PC 6.0; MDDC; .NET4.0C; BRI/1)"
71.190.154.205 - - [09/Aug/2011:06:42:09 -0700] "GET /images/buttons/courses.jpg HTTP/1.1" 200 3497 "http://www.comprehensivenet.com/p_EIPreSchool.php" "Mozilla/4.0 (compatible; MSIE 8.0; Windows NT 6.1; WOW64; Trident/4.0; GTB7.1; SLCC2; .NET CLR 2.0.50727; .NET CLR 3.5.30729; .NET CLR 3.0.30729; Media Center PC 6.0; MDDC; .NET4.0C; BRI/1)"
71.190.154.205 - - [09/Aug/2011:06:42:09 -0700] "GET /images/buttons/tutoring.jpg HTTP/1.1" 200 5948 "http://www.comprehensivenet.com/p_EIPreSchool.php" "Mozilla/4.0 (compatible; MSIE 8.0; Windows NT 6.1; WOW64; Trident/4.0; GTB7.1; SLCC2; .NET CLR 2.0.50727; .NET CLR 3.5.30729; .NET CLR 3.0.30729; Media Center PC 6.0; MDDC; .NET4.0C; BRI/1)"
71.190.154.205 - - [09/Aug/2011:06:42:10 -0700] "GET /images/buttons/courses_on.jpg HTTP/1.1" 200 4007 "http://www.comprehensivenet.com/p_EIPreSchool.php" "Mozilla/4.0 (compatible; MSIE 8.0; Windows NT 6.1; WOW64; Trident/4.0; GTB7.1; SLCC2; .NET CLR 2.0.50727; .NET CLR 3.5.30729; .NET CLR 3.0.30729; Media Center PC 6.0; MDDC; .NET4.0C; BRI/1)"
165.155.204.11 - - [09/Aug/2011:06:44:05 -0700] "GET /JobListings/skins/images/jobListingHeader.jpg HTTP/1.1" 200 39507 "http://www.comprehensivenet.com/JobListings/show_news.php?subaction=showfull&id=1268755935" "Mozilla/4.0 (compatible; MSIE 6.0; Windows NT 5.1; GTB6.5; SV1; InfoPath.1; .NET CLR 2.0.50727)"
107.57.88.134 - - [09/Aug/2011:06:44:43 -0700] "GET /images/25_twitter.jpg HTTP/1.1" 200 2319 "http://www.comprehensivenet.com/j_SpeechPathologist.php" "Mozilla/5.0 (Linux; U; Android 2.2.1; en-us; SPH-D700 Build/FROYO) AppleWebKit/533.1 (KHTML, like Gecko) Version/4.0 Mobile Safari/533.1"
107.57.88.134 - - [09/Aug/2011:06:44:45 -0700] "GET /images/buttons/home_on.jpg HTTP/1.1" 200 1637 "http://www.comprehensivenet.com/j_SpeechPathologist.php" "Mozilla/5.0 (Linux; U; Android 2.2.1; en-us; SPH-D700 Build/FROYO) AppleWebKit/533.1 (KHTML, like Gecko) Version/4.0 Mobile Safari/533.1"
107.57.88.134 - - [09/Aug/2011:06:45:16 -0700] "GET /JobListings/show_news.php?subaction=showfull&id=1267736071&archive=&template= HTTP/1.1" 200 7688 "http://www.comprehensivenet.com/j_SpeechPathologist.php" "Mozilla/5.0 (Linux; U; Android 2.2.1; en-us; SPH-D700 Build/FROYO) AppleWebKit/533.1 (KHTML, like Gecko) Version/4.0 Mobile Safari/533.1"
216.254.79.108 - - [09/Aug/2011:06:48:54 -0700] "GET /images/outlook_signature.jpg HTTP/1.1" 200 39193 "-" "Mozilla/4.0 (compatible; MSIE 7.0; Windows NT 5.1; Trident/4.0; GTB7.0; FunWebProducts; .NET CLR 1.1.4322; .NET CLR 2.0.50727; InfoPath.1; .NET CLR 3.0.4506.2152; .NET CLR 3.5.30729; FunWebProducts)"
69.117.62.237 - - [09/Aug/2011:06:49:32 -0700] "GET /images/25_twitter.jpg HTTP/1.1" 200 2319 "-" "Mozilla/5.0 (compatible; MSIE 9.0; Windows NT 6.1; Trident/5.0)"
216.254.79.108 - - [09/Aug/2011:06:49:49 -0700] "GET /images/25_twitter.jpg HTTP/1.1" 304 - "-" "Mozilla/4.0 (compatible; MSIE 7.0; Windows NT 5.1; Trident/4.0; FunWebProducts; GTB7.1; .NET CLR 1.1.4322; .NET CLR 2.0.50727; .NET CLR 3.0.4506.2152; .NET CLR 3.5.30729; .NET4.0C; .NET4.0E; FunWebProducts)"
184.82.131.106 - - [09/Aug/2011:06:51:08 -0700] "GET / HTTP/1.1" 200 14389 "-" "Mozilla/5.0 (X11; U; Linux i686; en-US; rv:1.8.1.20) Gecko/20081217 Firefox/2.0.0.20"
216.254.79.108 - - [09/Aug/2011:06:53:27 -0700] "GET /images/25_twitter.jpg HTTP/1.1" 304 - "-" "Mozilla/4.0 (compatible; MSIE 7.0; Windows NT 5.1; GTB7.1; .NET CLR 1.1.4322; .NET CLR 2.0.50727; Hotbar 10.2.236.0)"
166.248.3.124 - - [09/Aug/2011:07:08:49 -0700] "GET /images/outlook_signature.jpg HTTP/1.1" 200 39193 "-" "Mozilla/5.0 (Linux; U; Android 2.2.1; en-us; ADR6400L Build/FRG83D) AppleWebKit/533.1 (KHTML, like Gecko) Version/4.0 Mobile Safari/533.1"
98.113.30.119 - - [09/Aug/2011:07:09:24 -0700] "GET /images/25_twitter.jpg HTTP/1.1" 200 2319 "http://www.comprehensivenet.com/p_EIPreSchool.php" "Mozilla/5.0 (Macintosh; U; Intel Mac OS X 10_6_8; en-us) AppleWebKit/533.21.1 (KHTML, like Gecko) Version/5.0.5 Safari/533.21.1"
67.181.191.41 - - [09/Aug/2011:07:10:01 -0700] "GET /JobListings/skins/images/jobListingFooter.jpg HTTP/1.1" 200 12421 "http://www.comprehensivenet.com/JobListings/show_news.php?subaction=showfull&id=1269311864" "Mozilla/5.0 (Macintosh; U; Intel Mac OS X 10_6_6; en-us) AppleWebKit/533.20.25 (KHTML, like Gecko) Version/5.0.4 Safari/533.20.27"
216.254.79.108 - - [09/Aug/2011:07:10:30 -0700] "GET /images/outlook_signature.jpg HTTP/1.1" 304 - "-" "Mozilla/4.0 (compatible; MSIE 6.0; Windows NT 5.1; SV1; Mozilla/4.0 (compatible; MSIE 6.0; Windows NT 5.1; SV1) ;  Embedded Web Browser from: http://bsalsa.com/; .NET CLR 1.1.4322; .NET CLR 2.0.50727; .NET CLR 3.0.04506.30; .NET CLR 3.0.4506.2152; .NET CLR 3.5.30729; MDDR)"
216.254.79.108 - - [09/Aug/2011:07:10:35 -0700] "GET /images/25_facebook.jpg HTTP/1.1" 304 - "-" "Mozilla/4.0 (compatible; MSIE 6.0; Windows NT 5.1; SV1; Mozilla/4.0 (compatible; MSIE 6.0; Windows NT 5.1; SV1) ;  Embedded Web Browser from: http://bsalsa.com/; .NET CLR 1.1.4322; .NET CLR 2.0.50727; .NET CLR 3.0.04506.30; .NET CLR 3.0.4506.2152; .NET CLR 3.5.30729; MDDR)"
68.195.232.138 - - [09/Aug/2011:07:10:45 -0700] "GET /images/25_facebook.jpg HTTP/1.1" 304 - "-" "Mozilla/4.0 (compatible; MSIE 7.0; Windows NT 5.1; MRSPUTNIK 2, 3, 0, 104; GTB6.6; .NET CLR 1.1.4322; .NET CLR 2.0.50727; .NET CLR 1.0.3705; .NET CLR 3.0.04506.30; .NET CLR 3.0.04506.648; .NET CLR 3.0.4506.2152; .NET CLR 3.5.30729; IPH 1.1.21.4019)"
68.195.232.138 - - [09/Aug/2011:07:10:45 -0700] "GET /images/25_facebook.jpg HTTP/1.1" 304 - "-" "Mozilla/4.0 (compatible; MSIE 7.0; Windows NT 5.1; MRSPUTNIK 2, 3, 0, 104; GTB6.6; .NET CLR 1.1.4322; .NET CLR 2.0.50727; .NET CLR 1.0.3705; .NET CLR 3.0.04506.30; .NET CLR 3.0.04506.648; .NET CLR 3.0.4506.2152; .NET CLR 3.5.30729; IPH 1.1.21.4019)"
72.89.88.130 - - [09/Aug/2011:07:11:06 -0700] "GET /images/buttons/about.jpg HTTP/1.1" 200 1869 "http://www.comprehensivenet.com/p_EIPreSchool.php" "Mozilla/5.0 (Windows; U; Windows NT 5.1; en-US; rv:1.9.1.19) Gecko/20110420 Firefox/3.5.19 (.NET CLR 3.5.30729)"
72.89.88.130 - - [09/Aug/2011:07:11:06 -0700] "GET /images/buttons/therapyEval.jpg HTTP/1.1" 200 10385 "http://www.comprehensivenet.com/p_EIPreSchool.php" "Mozilla/5.0 (Windows; U; Windows NT 5.1; en-US; rv:1.9.1.19) Gecko/20110420 Firefox/3.5.19 (.NET CLR 3.5.30729)"
72.89.88.130 - - [09/Aug/2011:07:11:07 -0700] "GET /images/buttons/tutoring.jpg HTTP/1.1" 200 5948 "http://www.comprehensivenet.com/p_EIPreSchool.php" "Mozilla/5.0 (Windows; U; Windows NT 5.1; en-US; rv:1.9.1.19) Gecko/20110420 Firefox/3.5.19 (.NET CLR 3.5.30729)"
72.89.88.130 - - [09/Aug/2011:07:11:07 -0700] "GET /images/25_twitter.jpg HTTP/1.1" 200 2319 "http://www.comprehensivenet.com/p_EIPreSchool.php" "Mozilla/5.0 (Windows; U; Windows NT 5.1; en-US; rv:1.9.1.19) Gecko/20110420 Firefox/3.5.19 (.NET CLR 3.5.30729)"
72.89.88.130 - - [09/Aug/2011:07:11:07 -0700] "GET /images/buttons/Advantage.jpg HTTP/1.1" 200 21282 "http://www.comprehensivenet.com/p_EIPreSchool.php" "Mozilla/5.0 (Windows; U; Windows NT 5.1; en-US; rv:1.9.1.19) Gecko/20110420 Firefox/3.5.19 (.NET CLR 3.5.30729)"
72.89.88.130 - - [09/Aug/2011:07:11:09 -0700] "GET /images/buttons/contact_on.jpg HTTP/1.1" 200 2631 "http://www.comprehensivenet.com/p_EIPreSchool.php" "Mozilla/5.0 (Windows; U; Windows NT 5.1; en-US; rv:1.9.1.19) Gecko/20110420 Firefox/3.5.19 (.NET CLR 3.5.30729)"
208.252.25.30 - - [09/Aug/2011:07:12:31 -0700] "GET /images/buttons/professional.jpg HTTP/1.1" 200 4977 "http://www.comprehensivenet.com/p_EIPreSchool.php" "Mozilla/5.0 (Windows; U; Windows NT 5.1; en-US) AppleWebKit/534.16 (KHTML, like Gecko) Chrome/10.0.648.151 Safari/534.16"
208.252.25.30 - - [09/Aug/2011:07:12:32 -0700] "GET /images/25_facebook.jpg HTTP/1.1" 200 2028 "http://www.comprehensivenet.com/p_EIPreSchool.php" "Mozilla/5.0 (Windows; U; Windows NT 5.1; en-US) AppleWebKit/534.16 (KHTML, like Gecko) Chrome/10.0.648.151 Safari/534.16"
208.252.25.30 - - [09/Aug/2011:07:12:32 -0700] "GET /images/buttons/continuingEd.jpg HTTP/1.1" 200 8472 "http://www.comprehensivenet.com/p_EIPreSchool.php" "Mozilla/5.0 (Windows; U; Windows NT 5.1; en-US) AppleWebKit/534.16 (KHTML, like Gecko) Chrome/10.0.648.151 Safari/534.16"
208.252.25.30 - - [09/Aug/2011:07:12:32 -0700] "GET /images/logos/netCare.jpg HTTP/1.1" 200 7217 "http://www.comprehensivenet.com/p_EIPreSchool.php" "Mozilla/5.0 (Windows; U; Windows NT 5.1; en-US) AppleWebKit/534.16 (KHTML, like Gecko) Chrome/10.0.648.151 Safari/534.16"
173.52.247.241 - - [09/Aug/2011:07:16:10 -0700] "GET /images/25_facebook.jpg HTTP/1.1" 200 2028 "http://www.comprehensivenet.com/p_Nursing.php" "Mozilla/5.0 (Windows NT 5.1; rv:5.0) Gecko/20100101 Firefox/5.0"
173.52.247.241 - - [09/Aug/2011:07:16:11 -0700] "GET /images/buttons/tutoring.jpg HTTP/1.1" 200 5948 "http://www.comprehensivenet.com/p_Nursing.php" "Mozilla/5.0 (Windows NT 5.1; rv:5.0) Gecko/20100101 Firefox/5.0"
173.52.247.241 - - [09/Aug/2011:07:16:11 -0700] "GET /images/buttons/Advantage.jpg HTTP/1.1" 200 21282 "http://www.comprehensivenet.com/p_Nursing.php" "Mozilla/5.0 (Windows NT 5.1; rv:5.0) Gecko/20100101 Firefox/5.0"
216.254.79.108 - - [09/Aug/2011:07:16:24 -0700] "GET /images/home_catLinks.jpg HTTP/1.1" 200 90721 "http://www.comprehensivenet.com/" "Mozilla/5.0 (Macintosh; U; Intel Mac OS X 10.6; en-US; rv:1.9.2.19) Gecko/20110707 Firefox/3.6.19"
216.254.79.108 - - [09/Aug/2011:07:16:26 -0700] "GET /images/buttons/home_on.jpg HTTP/1.1" 200 1637 "http://www.comprehensivenet.com/" "Mozilla/5.0 (Macintosh; U; Intel Mac OS X 10.6; en-US; rv:1.9.2.19) Gecko/20110707 Firefox/3.6.19"
216.254.79.108 - - [09/Aug/2011:07:21:46 -0700] "GET /images/25_facebook.jpg HTTP/1.1" 304 - "-" "Mozilla/4.0 (compatible; MSIE 7.0; Windows NT 5.1; Trident/4.0; GTB7.1; .NET CLR 1.1.4322; .NET CLR 2.0.50727; .NET CLR 3.0.4506.2152; .NET CLR 3.5.30729; InfoPath.1)"
123.125.71.90 - - [09/Aug/2011:07:23:05 -0700] "GET /professionals.php?page=p_Nursing HTTP/1.1" 200 11888 "-" "Mozilla/5.0 (compatible; Baiduspider/2.0; +http://www.baidu.com/search/spider.html)"
166.248.3.124 - - [09/Aug/2011:07:25:25 -0700] "GET /images/25_facebook.jpg HTTP/1.1" 200 2028 "-" "Mozilla/5.0 (Linux; U; Android 2.2.1; en-us; ADR6400L Build/FRG83D) AppleWebKit/533.1 (KHTML, like Gecko) Version/4.0 Mobile Safari/533.1"
216.254.79.108 - - [09/Aug/2011:07:28:01 -0700] "GET /images/25_twitter.jpg HTTP/1.1" 304 - "-" "Mozilla/4.0 (compatible; MSIE 6.0; Windows NT 5.1; SV1; Mozilla/4.0 (compatible; MSIE 6.0; Windows NT 5.1; SV1) ;  Embedded Web Browser from: http://bsalsa.com/; .NET CLR 1.1.4322; .NET CLR 2.0.50727; .NET CLR 3.0.04506.30; .NET CLR 3.0.4506.2152; .NET CLR 3.5.30729; MDDR)"
216.254.79.108 - - [09/Aug/2011:07:28:41 -0700] "GET /images/outlook_signature.jpg HTTP/1.1" 304 - "-" "Mozilla/4.0 (compatible; MSIE 7.0; Windows NT 5.1; Trident/4.0; BTRS86393; .NET CLR 1.0.3705; .NET CLR 2.0.50727; .NET CLR 3.0.4506.2152; .NET CLR 3.5.30729)"
216.254.79.108 - - [09/Aug/2011:07:28:41 -0700] "GET /images/outlook_signature.jpg HTTP/1.1" 304 - "-" "Mozilla/4.0 (compatible; MSIE 7.0; Windows NT 5.1; Trident/4.0; BTRS86393; .NET CLR 1.0.3705; .NET CLR 2.0.50727; .NET CLR 3.0.4506.2152; .NET CLR 3.5.30729)"
216.254.79.108 - - [09/Aug/2011:07:29:15 -0700] "GET /images/25_twitter.jpg HTTP/1.1" 304 - "-" "Mozilla/4.0 (compatible; MSIE 7.0; Windows NT 5.1; Trident/4.0; GTB7.0; FunWebProducts; .NET CLR 1.1.4322; .NET CLR 2.0.50727; InfoPath.1; .NET CLR 3.0.4506.2152; .NET CLR 3.5.30729; FunWebProducts)"
216.254.79.108 - - [09/Aug/2011:07:30:52 -0700] "GET /images/25_twitter.jpg HTTP/1.1" 304 - "-" "Mozilla/4.0 (compatible; MSIE 7.0; Windows NT 5.1; Trident/4.0; GTB7.0; FunWebProducts; .NET CLR 1.1.4322; .NET CLR 2.0.50727; InfoPath.1; .NET CLR 3.0.4506.2152; .NET CLR 3.5.30729; FunWebProducts)"
74.64.10.235 - - [09/Aug/2011:07:32:30 -0700] "GET / HTTP/1.1" 200 14389 "http://www.google.com/search?q=work+agency+brooklyn+NY+11204&ie=utf-8&oe=utf-8&aq=t&rls=org.mozilla:en-US:official&client=firefox-a" "Mozilla/5.0 (Windows NT 6.1; rv:5.0) Gecko/20100101 Firefox/5.0"
74.64.10.235 - - [09/Aug/2011:07:32:31 -0700] "GET /images/buttons/newsletters.jpg HTTP/1.1" 200 2378 "http://www.comprehensivenet.com/" "Mozilla/5.0 (Windows NT 6.1; rv:5.0) Gecko/20100101 Firefox/5.0"
74.64.10.235 - - [09/Aug/2011:07:32:37 -0700] "GET /images/buttons/contact_on.jpg HTTP/1.1" 200 2631 "http://www.comprehensivenet.com/" "Mozilla/5.0 (Windows NT 6.1; rv:5.0) Gecko/20100101 Firefox/5.0"
74.64.10.235 - - [09/Aug/2011:07:32:38 -0700] "GET /images/buttons/newsletters_on.jpg HTTP/1.1" 200 2692 "http://www.comprehensivenet.com/" "Mozilla/5.0 (Windows NT 6.1; rv:5.0) Gecko/20100101 Firefox/5.0"
74.64.10.235 - - [09/Aug/2011:07:32:38 -0700] "GET /images/buttons/courses_on.jpg HTTP/1.1" 200 4007 "http://www.comprehensivenet.com/" "Mozilla/5.0 (Windows NT 6.1; rv:5.0) Gecko/20100101 Firefox/5.0"
74.125.158.86 - - [09/Aug/2011:07:32:56 -0700] "GET /p_Nursing.php HTTP/1.1" 200 15376 "-" "Mozilla/5.0 (X11; Linux x86_64) AppleWebKit/534.24 (KHTML, like Gecko; Google Web Preview) Chrome/11.0.696 Safari/534.24"
74.125.46.91 - - [09/Aug/2011:07:32:56 -0700] "GET /images/buttons/tutoring.jpg HTTP/1.1" 200 5948 "http://www.comprehensivenet.com/p_Nursing.php" "Mozilla/5.0 (X11; Linux x86_64) AppleWebKit/534.24 (KHTML, like Gecko; Google Web Preview) Chrome/11.0.696 Safari/534.24"
74.64.10.235 - - [09/Aug/2011:07:33:12 -0700] "GET /contact.php HTTP/1.1" 200 12702 "http://www.comprehensivenet.com/" "Mozilla/5.0 (Windows NT 6.1; rv:5.0) Gecko/20100101 Firefox/5.0"
216.254.79.108 - - [09/Aug/2011:07:33:43 -0700] "GET /images/outlook_signature.jpg HTTP/1.1" 304 - "-" "Mozilla/4.0 (compatible; MSIE 6.0; Windows NT 5.1; SV1; Mozilla/4.0 (compatible; MSIE 6.0; Windows NT 5.1; SV1) ;  Embedded Web Browser from: http://bsalsa.com/; .NET CLR 1.1.4322; .NET CLR 2.0.50727; .NET CLR 3.0.04506.30; .NET CLR 3.0.4506.2152; .NET CLR 3.5.30729; MDDR)"
74.64.10.235 - - [09/Aug/2011:07:33:55 -0700] "GET /flash/Header.swf HTTP/1.1" 200 251972 "http://www.comprehensivenet.com/contact.php" "Mozilla/5.0 (Windows NT 6.1; rv:5.0) Gecko/20100101 Firefox/5.0"
74.64.10.235 - - [09/Aug/2011:07:34:45 -0700] "GET /images/buttons/therapyEval.jpg HTTP/1.1" 200 10385 "http://www.comprehensivenet.com/p_JobListings.php" "Mozilla/5.0 (Windows NT 6.1; rv:5.0) Gecko/20100101 Firefox/5.0"
74.64.10.235 - - [09/Aug/2011:07:34:47 -0700] "GET /images/logos/netCare.jpg HTTP/1.1" 200 7217 "http://www.comprehensivenet.com/c_EIPreSchool.php" "Mozilla/5.0 (Windows NT 6.1; rv:5.0) Gecko/20100101 Firefox/5.0"
74.64.10.235 - - [09/Aug/2011:07:35:08 -0700] "GET /c_Tutoring.php HTTP/1.1" 200 11245 "http://www.comprehensivenet.com/c_EIPreSchool.php" "Mozilla/5.0 (Windows NT 6.1; rv:5.0) Gecko/20100101 Firefox/5.0"
67.195.112.25 - - [09/Aug/2011:07:36:00 -0700] "GET / HTTP/1.0" 200 14361 "-" "Mozilla/5.0 (compatible; Yahoo! Slurp; http://help.yahoo.com/help/us/ysearch/slurp)"
68.198.161.168 - - [09/Aug/2011:07:37:07 -0700] "GET /images/25_twitter.jpg HTTP/1.1" 200 2319 "-" "Mozilla/4.0 (compatible; MSIE 7.0; Windows NT 5.1; Trident/4.0; SearchToolbar 1.1; FunWebProducts; GTB7.1; .NET CLR 1.1.4322; .NET CLR 2.0.50727; .NET CLR 3.0.4506.2152; .NET CLR 3.5.30729; BRI/2; .NET4.0C; FunWebProducts; AskTbFWV5/5.9.1.14019; MSOffice 12)"
68.198.161.168 - - [09/Aug/2011:07:37:13 -0700] "GET /images/outlook_signature.jpg HTTP/1.1" 304 - "-" "Mozilla/4.0 (compatible; MSIE 7.0; Windows NT 5.1; Trident/4.0; SearchToolbar 1.1; FunWebProducts; GTB7.1; .NET CLR 1.1.4322; .NET CLR 2.0.50727; .NET CLR 3.0.4506.2152; .NET CLR 3.5.30729; BRI/2; .NET4.0C; FunWebProducts; AskTbFWV5/5.9.1.14019; MSOffice 12)"
68.198.161.168 - - [09/Aug/2011:07:37:52 -0700] "GET /images/25_twitter.jpg HTTP/1.1" 304 - "-" "Mozilla/4.0 (compatible; MSIE 7.0; Windows NT 5.1; Trident/4.0; SearchToolbar 1.1; FunWebProducts; GTB7.1; .NET CLR 1.1.4322; .NET CLR 2.0.50727; .NET CLR 3.0.4506.2152; .NET CLR 3.5.30729; BRI/2; .NET4.0C; FunWebProducts; AskTbFWV5/5.9.1.14019; MSOffice 12)"
68.198.161.168 - - [09/Aug/2011:07:37:53 -0700] "GET /images/25_twitter.jpg HTTP/1.1" 304 - "-" "Mozilla/4.0 (compatible; MSIE 7.0; Windows NT 5.1; Trident/4.0; SearchToolbar 1.1; FunWebProducts; GTB7.1; .NET CLR 1.1.4322; .NET CLR 2.0.50727; .NET CLR 3.0.4506.2152; .NET CLR 3.5.30729; BRI/2; .NET4.0C; FunWebProducts; AskTbFWV5/5.9.1.14019; MSOffice 12)"
68.195.232.138 - - [09/Aug/2011:07:40:10 -0700] "GET /images/outlook_signature.jpg HTTP/1.1" 304 - "-" "Mozilla/4.0 (compatible; MSIE 6.0; Windows NT 5.1; SV1; GTB7.1; .NET CLR 1.1.4322; .NET CLR 1.0.3705; .NET CLR 2.0.50727; .NET CLR 3.0.04506.30; .NET CLR 3.0.04506.648; .NET CLR 3.0.4506.2152; .NET CLR 3.5.30729; IPH 1.1.21.4019)"
74.64.10.235 - - [09/Aug/2011:07:41:52 -0700] "GET /JobListings/show_news.php?subaction=showfull&id=1302014626&archive=&template= HTTP/1.1" 200 13148 "http://www.comprehensivenet.com/j_Administrative.php" "Mozilla/5.0 (Windows NT 6.1; rv:5.0) Gecko/20100101 Firefox/5.0"
108.46.47.62 - - [09/Aug/2011:07:43:53 -0700] "GET /images/buttons/courses_on.jpg HTTP/1.1" 200 4007 "http://www.comprehensivenet.com/p_JobListings.php" "Mozilla/4.0 (compatible; MSIE 8.0; Windows NT 6.1; WOW64; Trident/4.0; GTB7.1; SLCC2; .NET CLR 2.0.50727; .NET CLR 3.5.30729; .NET CLR 3.0.30729; Media Center PC 6.0; .NET4.0C)"
108.46.47.62 - - [09/Aug/2011:07:44:29 -0700] "GET /JobListings/skins/images/jobListingHeader.jpg HTTP/1.1" 200 39507 "http://www.comprehensivenet.com/JobListings/show_news.php?subaction=showfull&id=1282835471&archive=&template=" "Mozilla/4.0 (compatible; MSIE 8.0; Windows NT 6.1; WOW64; Trident/4.0; GTB7.1; SLCC2; .NET CLR 2.0.50727; .NET CLR 3.5.30729; .NET CLR 3.0.30729; Media Center PC 6.0; .NET4.0C)"
216.254.79.108 - - [09/Aug/2011:07:45:34 -0700] "GET /images/25_twitter.jpg HTTP/1.1" 304 - "-" "Mozilla/4.0 (compatible; MSIE 6.0; Windows NT 5.1; SV1; GTB7.1; .NET CLR 2.0.50727)"
108.46.47.62 - - [09/Aug/2011:07:47:09 -0700] "GET /images/buttons/courses.jpg HTTP/1.1" 304 - "http://www.comprehensivenet.com/index.php" "Mozilla/4.0 (compatible; MSIE 8.0; Windows NT 6.1; WOW64; Trident/4.0; GTB7.1; SLCC2; .NET CLR 2.0.50727; .NET CLR 3.5.30729; .NET CLR 3.0.30729; Media Center PC 6.0; .NET4.0C)"
108.46.47.62 - - [09/Aug/2011:07:47:11 -0700] "GET /images/buttons/home.jpg HTTP/1.1" 304 - "http://www.comprehensivenet.com/index.php" "Mozilla/4.0 (compatible; MSIE 8.0; Windows NT 6.1; WOW64; Trident/4.0; GTB7.1; SLCC2; .NET CLR 2.0.50727; .NET CLR 3.5.30729; .NET CLR 3.0.30729; Media Center PC 6.0; .NET4.0C)"
95.108.158.237 - - [09/Aug/2011:07:48:14 -0700] "GET /images/buttons/nursing.jpg HTTP/1.1" 304 - "-" "Mozilla/5.0 (compatible; YandexImages/3.0; +http://yandex.com/bots)"
72.89.173.48 - - [09/Aug/2011:07:49:14 -0700] "GET / HTTP/1.1" 200 14395 "http://www.google.com/search?q=employment+agency+brooklyn&ie=utf-8&oe=utf-8&aq=t&rls=org.mozilla:en-US:official&client=firefox-a" "Mozilla/5.0 (Macintosh; Intel Mac OS X 10.6; rv:5.0.1) Gecko/20100101 Firefox/5.0.1"
72.89.173.48 - - [09/Aug/2011:07:49:15 -0700] "GET /images/25_twitter.jpg HTTP/1.1" 200 2319 "http://www.comprehensivenet.com/" "Mozilla/5.0 (Macintosh; Intel Mac OS X 10.6; rv:5.0.1) Gecko/20100101 Firefox/5.0.1"
72.89.173.48 - - [09/Aug/2011:07:49:16 -0700] "GET /images/buttons/courses_on.jpg HTTP/1.1" 200 4007 "http://www.comprehensivenet.com/" "Mozilla/5.0 (Macintosh; Intel Mac OS X 10.6; rv:5.0.1) Gecko/20100101 Firefox/5.0.1"
72.89.173.48 - - [09/Aug/2011:07:49:32 -0700] "GET /new_year.php HTTP/1.1" 200 13695 "http://www.comprehensivenet.com/" "Mozilla/5.0 (Macintosh; Intel Mac OS X 10.6; rv:5.0.1) Gecko/20100101 Firefox/5.0.1"
65.55.237.92 - - [09/Aug/2011:07:49:48 -0700] "GET /images/outlook_signature.jpg HTTP/1.1" 200 39193 "-" "Mozilla/4.0 (compatible; MSIE 6.0; Windows NT 5.1; SV1; .NET CLR 1.1.4322; .NET CLR 2.0.50727; .NET CLR 3.0.4506.2152; .NET CLR 3.5.30729; .NET4.0C)"
216.254.79.108 - - [09/Aug/2011:07:50:54 -0700] "GET /images/25_facebook.jpg HTTP/1.1" 304 - "-" "Mozilla/4.0 (compatible; MSIE 7.0; Windows NT 5.1; Trident/4.0; GTB7.1; .NET CLR 1.1.4322; .NET CLR 1.0.3705; .NET CLR 2.0.50727; .NET CLR 3.0.4506.2152; .NET CLR 3.5.30729; OfficeLiveConnector.1.3; OfficeLivePatch.0.0; InfoPath.1)"
87.250.254.243 - - [09/Aug/2011:07:53:11 -0700] "GET /blog/ HTTP/1.1" 200 20423 "-" "Mozilla/5.0 (compatible; YandexBot/3.0; +http://yandex.com/bots)"
68.28.105.227 - - [09/Aug/2011:07:55:58 -0700] "GET /JobListings/skins/images/jobListingHeader.jpg HTTP/1.1" 200 39507 "http://www.comprehensivenet.com/JobListings/show_news.php?subaction=showfull&id=1302014626" "Mozilla/4.0 (compatible; MSIE 8.0; Windows NT 6.0; Trident/4.0; GTB7.1; SLCC1; .NET CLR 2.0.50727; Media Center PC 5.1; .NET CLR 3.5.30729; .NET CLR 3.0.30729; .NET4.0C)"
216.254.79.108 - - [09/Aug/2011:08:00:46 -0700] "GET /images/25_facebook.jpg HTTP/1.1" 304 - "-" "Mozilla/4.0 (compatible; MSIE 7.0; Windows NT 5.1; GTB7.1; .NET CLR 1.1.4322; .NET CLR 2.0.50727; InfoPath.1; .NET CLR 3.0.4506.2152; .NET CLR 3.5.30729)"
68.195.232.138 - - [09/Aug/2011:08:01:24 -0700] "GET /images/25_twitter.jpg HTTP/1.1" 304 - "-" "Mozilla/4.0 (compatible; MSIE 7.0; Windows NT 5.1; MRSPUTNIK 2, 3, 0, 104; GTB6.6; .NET CLR 1.1.4322; .NET CLR 2.0.50727; .NET CLR 1.0.3705; .NET CLR 3.0.04506.30; .NET CLR 3.0.04506.648; .NET CLR 3.0.4506.2152; .NET CLR 3.5.30729; IPH 1.1.21.4019)"
68.195.232.138 - - [09/Aug/2011:08:01:56 -0700] "GET /images/25_facebook.jpg HTTP/1.1" 304 - "-" "Mozilla/4.0 (compatible; MSIE 7.0; Windows NT 5.1; Trident/4.0; GTB6.5; .NET CLR 2.0.50727; .NET CLR 3.0.4506.2152; .NET CLR 3.5.30729; .NET4.0C; .NET CLR 1.1.4322; InfoPath.1; IPH 1.1.21.4019; IE0006_ver1;EN_US)"
68.195.232.138 - - [09/Aug/2011:08:01:56 -0700] "GET /images/25_facebook.jpg HTTP/1.1" 304 - "-" "Mozilla/4.0 (compatible; MSIE 7.0; Windows NT 5.1; Trident/4.0; GTB6.5; .NET CLR 2.0.50727; .NET CLR 3.0.4506.2152; .NET CLR 3.5.30729; .NET4.0C; .NET CLR 1.1.4322; InfoPath.1; IPH 1.1.21.4019; IE0006_ver1;EN_US)"
66.31.34.160 - - [09/Aug/2011:08:01:57 -0700] "GET /p_EIPreSchool.php HTTP/1.1" 200 11215 "http://www.google.com/url?sa=t&source=web&cd=14&ved=0CG0QFjADOAo&url=http%3A%2F%2Fwww.comprehensivenet.com%2Fp_EIPreSchool.php&rct=j&q=slp%20cfy%20jobs%20nyc&ei=pUtBTqfOKcfa0QGF6dytCQ&usg=AFQjCNG4TUeTciIG7F6pa4wTQPOYP-s7MA" "Mozilla/5.0 (Macintosh; Intel Mac OS X 10_6_4) AppleWebKit/535.1 (KHTML, like Gecko) Chrome/13.0.782.107 Safari/535.1"
66.31.34.160 - - [09/Aug/2011:08:01:59 -0700] "GET /ComprehensiveStyles.css HTTP/1.1" 200 1472 "http://www.comprehensivenet.com/p_EIPreSchool.php" "Mozilla/5.0 (Macintosh; Intel Mac OS X 10_6_4) AppleWebKit/535.1 (KHTML, like Gecko) Chrome/13.0.782.107 Safari/535.1"
66.31.34.160 - - [09/Aug/2011:08:01:59 -0700] "GET /images/buttons/clients.jpg HTTP/1.1" 200 3194 "http://www.comprehensivenet.com/p_EIPreSchool.php" "Mozilla/5.0 (Macintosh; Intel Mac OS X 10_6_4) AppleWebKit/535.1 (KHTML, like Gecko) Chrome/13.0.782.107 Safari/535.1"
66.31.34.160 - - [09/Aug/2011:08:02:01 -0700] "GET /images/buttons/newsletters_on.jpg HTTP/1.1" 200 2692 "http://www.comprehensivenet.com/p_EIPreSchool.php" "Mozilla/5.0 (Macintosh; Intel Mac OS X 10_6_4) AppleWebKit/535.1 (KHTML, like Gecko) Chrome/13.0.782.107 Safari/535.1"
66.31.34.160 - - [09/Aug/2011:08:02:05 -0700] "GET /favicon.ico HTTP/1.1" 200 894 "-" "Mozilla/5.0 (Macintosh; Intel Mac OS X 10_6_4) AppleWebKit/535.1 (KHTML, like Gecko) Chrome/13.0.782.107 Safari/535.1"
68.195.232.138 - - [09/Aug/2011:08:03:14 -0700] "GET /images/25_twitter.jpg HTTP/1.1" 304 - "-" "Mozilla/4.0 (compatible; MSIE 7.0; Windows NT 5.1; MRSPUTNIK 2, 3, 0, 104; GTB6.6; .NET CLR 1.1.4322; .NET CLR 2.0.50727; .NET CLR 1.0.3705; .NET CLR 3.0.04506.30; .NET CLR 3.0.04506.648; .NET CLR 3.0.4506.2152; .NET CLR 3.5.30729; IPH 1.1.21.4019)"
207.46.204.244 - - [09/Aug/2011:08:06:54 -0700] "GET /blog/ HTTP/1.1" 200 20423 "-" "Mozilla/5.0 (compatible; bingbot/2.0; +http://www.bing.com/bingbot.htm)"
207.46.204.244 - - [09/Aug/2011:08:06:55 -0700] "GET /newsletters.php HTTP/1.1" 200 12984 "-" "Mozilla/5.0 (compatible; bingbot/2.0; +http://www.bing.com/bingbot.htm)"
207.46.204.244 - - [09/Aug/2011:08:06:56 -0700] "GET /professionals.php HTTP/1.1" 200 11888 "-" "Mozilla/5.0 (compatible; bingbot/2.0; +http://www.bing.com/bingbot.htm)"
216.254.79.108 - - [09/Aug/2011:08:08:26 -0700] "GET /images/25_twitter.jpg HTTP/1.1" 304 - "-" "Mozilla/4.0 (compatible; MSIE 6.0; Windows NT 5.1; SV1; Mozilla/4.0 (compatible; MSIE 6.0; Windows NT 5.1; SV1) ;  Embedded Web Browser from: http://bsalsa.com/; .NET CLR 1.1.4322; .NET CLR 2.0.50727; .NET CLR 3.0.04506.30; .NET CLR 3.0.4506.2152; .NET CLR 3.5.30729; MDDR)"
216.254.79.108 - - [09/Aug/2011:08:12:23 -0700] "GET /images/25_twitter.jpg HTTP/1.1" 304 - "-" "Mozilla/4.0 (compatible; MSIE 7.0; Windows NT 5.1; Trident/4.0; BTRS86393; .NET CLR 1.0.3705; .NET CLR 2.0.50727; .NET CLR 3.0.4506.2152; .NET CLR 3.5.30729)"
216.254.79.108 - - [09/Aug/2011:08:13:34 -0700] "GET /images/25_twitter.jpg HTTP/1.1" 304 - "-" "Mozilla/4.0 (compatible; MSIE 7.0; Windows NT 6.1; Trident/4.0; SLCC2; .NET CLR 2.0.50727; .NET CLR 3.5.30729; .NET CLR 3.0.30729; Media Center PC 6.0; .NET4.0C; .NET4.0E; BRI/1)"
216.254.79.108 - - [09/Aug/2011:08:13:36 -0700] "GET /images/outlook_signature.jpg HTTP/1.1" 304 - "-" "Mozilla/4.0 (compatible; MSIE 7.0; Windows NT 6.1; Trident/4.0; SLCC2; .NET CLR 2.0.50727; .NET CLR 3.5.30729; .NET CLR 3.0.30729; Media Center PC 6.0; .NET4.0C; .NET4.0E; BRI/1)"
216.254.79.108 - - [09/Aug/2011:08:16:45 -0700] "GET /images/25_facebook.jpg HTTP/1.1" 304 - "-" "Mozilla/4.0 (compatible; MSIE 7.0; Windows NT 5.1; Trident/4.0; BTRS86393; .NET CLR 1.0.3705; .NET CLR 2.0.50727; .NET CLR 3.0.4506.2152; .NET CLR 3.5.30729)"
216.254.79.108 - - [09/Aug/2011:08:25:55 -0700] "GET /images/outlook_signature.jpg HTTP/1.1" 304 - "-" "Mozilla/4.0 (compatible; MSIE 7.0; Windows NT 5.1; Trident/4.0; .NET CLR 1.1.4322; .NET CLR 2.0.50727; .NET CLR 3.0.4506.2152; .NET CLR 3.5.30729; .NET4.0C; .NET4.0E; yie8)"
216.254.79.108 - - [09/Aug/2011:08:25:56 -0700] "GET /images/25_facebook.jpg HTTP/1.1" 304 - "-" "Mozilla/4.0 (compatible; MSIE 7.0; Windows NT 5.1; Trident/4.0; .NET CLR 1.1.4322; .NET CLR 2.0.50727; .NET CLR 3.0.4506.2152; .NET CLR 3.5.30729; .NET4.0C; .NET4.0E; yie8)"
216.254.79.108 - - [09/Aug/2011:08:26:22 -0700] "GET /images/outlook_signature.jpg HTTP/1.1" 304 - "-" "Mozilla/4.0 (compatible; MSIE 7.0; Windows NT 5.1; Trident/4.0; .NET CLR 1.1.4322; .NET CLR 2.0.50727; .NET CLR 3.0.4506.2152; .NET CLR 3.5.30729; .NET4.0C; .NET4.0E; yie8)"
68.195.232.138 - - [09/Aug/2011:08:27:06 -0700] "GET /images/outlook_signature.jpg HTTP/1.1" 304 - "-" "Mozilla/4.0 (compatible; MSIE 7.0; Windows NT 5.1; .NET CLR 2.0.50727; .NET CLR 3.0.4506.2152; .NET CLR 3.5.30729)"
68.195.232.138 - - [09/Aug/2011:08:27:07 -0700] "GET /images/outlook_signature.jpg HTTP/1.1" 304 - "-" "Mozilla/4.0 (compatible; MSIE 7.0; Windows NT 5.1; .NET CLR 2.0.50727; .NET CLR 3.0.4506.2152; .NET CLR 3.5.30729)"
68.195.232.138 - - [09/Aug/2011:08:27:08 -0700] "GET /images/25_twitter.jpg HTTP/1.1" 304 - "-" "Mozilla/4.0 (compatible; MSIE 7.0; Windows NT 5.1; .NET CLR 2.0.50727; .NET CLR 3.0.4506.2152; .NET CLR 3.5.30729)"
74.105.184.88 - - [09/Aug/2011:08:30:17 -0700] "GET /JobListings/skins/images/jobListingFooter.jpg HTTP/1.1" 304 - "http://www.comprehensivenet.com/JobListings/show_news.php?subaction=showfull&id=1269540836" "Mozilla/4.0 (compatible; MSIE 8.0; Windows NT 6.0; Trident/4.0; GTB7.0; SLCC1; .NET CLR 2.0.50727; Tablet PC 2.0; .NET CLR 3.5.30729; .NET CLR 3.0.30729; .NET4.0C; InfoPath.3; 88680780603; patch:202165)"
208.115.111.67 - - [09/Aug/2011:08:32:13 -0700] "GET /images/ucp.php?i=bank&mode=donate&user_id=2 HTTP/1.1" 404 37 "-" "Mozilla/5.0 (compatible; Ezooms/1.0; ezooms.bot@gmail.com)"
216.254.79.108 - - [09/Aug/2011:08:36:12 -0700] "GET /images/25_twitter.jpg HTTP/1.1" 304 - "-" "Mozilla/4.0 (compatible; MSIE 7.0; Windows NT 5.1; GTB7.1; .NET CLR 1.1.4322; .NET CLR 2.0.50727; Hotbar 10.2.236.0)"
216.254.79.108 - - [09/Aug/2011:08:37:25 -0700] "GET /images/25_facebook.jpg HTTP/1.1" 304 - "-" "Mozilla/4.0 (compatible; MSIE 7.0; Windows NT 5.1; Trident/4.0; GTB7.0; FunWebProducts; .NET CLR 1.1.4322; .NET CLR 2.0.50727; InfoPath.1; .NET CLR 3.0.4506.2152; .NET CLR 3.5.30729; FunWebProducts)"
68.195.232.138 - - [09/Aug/2011:08:37:38 -0700] "GET /images/25_twitter.jpg HTTP/1.1" 304 - "-" "Mozilla/4.0 (compatible; MSIE 7.0; Windows NT 5.1; Trident/4.0; .NET CLR 2.0.50727; .NET CLR 3.0.4506.2152; .NET CLR 3.5.30729; .NET CLR 1.1.4322)"
216.254.79.108 - - [09/Aug/2011:08:39:40 -0700] "GET /images/25_blog.jpg HTTP/1.1" 200 2060 "http://www.comprehensivenet.com/" "Mozilla/5.0 (Windows; U; Windows NT 5.1; en-US; rv:1.9.2.18) Gecko/20110614 BTRS86393 Firefox/3.6.18 ( .NET CLR 3.5.30729)"
216.254.79.108 - - [09/Aug/2011:08:39:47 -0700] "GET /images/buttons/contact_on.jpg HTTP/1.1" 200 2631 "http://www.comprehensivenet.com/" "Mozilla/5.0 (Windows; U; Windows NT 5.1; en-US; rv:1.9.2.18) Gecko/20110614 BTRS86393 Firefox/3.6.18 ( .NET CLR 3.5.30729)"
79.183.185.74 - - [09/Aug/2011:08:40:02 -0700] "GET /images/25_facebook.jpg HTTP/1.1" 200 2028 "http://www.comprehensivenet.com/" "Mozilla/5.0 (Windows NT 5.1) AppleWebKit/535.1 (KHTML, like Gecko) Chrome/13.0.782.107 Safari/535.1"
79.183.185.74 - - [09/Aug/2011:08:40:10 -0700] "GET /images/Comprehensive_coin.swf HTTP/1.1" 200 124002 "http://www.comprehensivenet.com/" "Mozilla/5.0 (Windows NT 5.1) AppleWebKit/535.1 (KHTML, like Gecko) Chrome/13.0.782.107 Safari/535.1"
79.183.185.74 - - [09/Aug/2011:08:40:17 -0700] "GET /favicon.ico HTTP/1.1" 200 894 "-" "Mozilla/5.0 (Windows NT 5.1) AppleWebKit/535.1 (KHTML, like Gecko) Chrome/13.0.782.107 Safari/535.1"
68.195.232.138 - - [09/Aug/2011:08:41:04 -0700] "GET /images/25_facebook.jpg HTTP/1.1" 304 - "-" "Mozilla/4.0 (compatible; MSIE 7.0; Windows NT 5.1; MRSPUTNIK 2, 3, 0, 104; GTB6.6; .NET CLR 1.1.4322; .NET CLR 2.0.50727; .NET CLR 1.0.3705; .NET CLR 3.0.04506.30; .NET CLR 3.0.04506.648; .NET CLR 3.0.4506.2152; .NET CLR 3.5.30729; IPH 1.1.21.4019)"
68.195.232.138 - - [09/Aug/2011:08:41:04 -0700] "GET /images/outlook_signature.jpg HTTP/1.1" 304 - "-" "Mozilla/4.0 (compatible; MSIE 7.0; Windows NT 5.1; MRSPUTNIK 2, 3, 0, 104; GTB6.6; .NET CLR 1.1.4322; .NET CLR 2.0.50727; .NET CLR 1.0.3705; .NET CLR 3.0.04506.30; .NET CLR 3.0.04506.648; .NET CLR 3.0.4506.2152; .NET CLR 3.5.30729; IPH 1.1.21.4019)"
216.254.79.108 - - [09/Aug/2011:08:44:52 -0700] "GET /images/outlook_signature.jpg HTTP/1.1" 304 - "-" "Mozilla/4.0 (compatible; MSIE 7.0; Windows NT 5.1; Trident/4.0; .NET CLR 2.0.50727; .NET CLR 3.0.4506.2152; .NET CLR 3.5.30729; InfoPath.1; .NET CLR 1.1.4322; .NET4.0C; .NET4.0E)"
74.101.154.221 - - [09/Aug/2011:08:50:42 -0700] "GET /images/buttons/therapyEval.jpg HTTP/1.1" 200 10385 "http://www.comprehensivenet.com/p_Nursing.php" "Mozilla/5.0 (Windows NT 6.1; WOW64; rv:5.0) Gecko/20100101 Firefox/5.0"
74.101.154.221 - - [09/Aug/2011:08:50:42 -0700] "GET /images/buttons/tutoring.jpg HTTP/1.1" 200 5948 "http://www.comprehensivenet.com/p_Nursing.php" "Mozilla/5.0 (Windows NT 6.1; WOW64; rv:5.0) Gecko/20100101 Firefox/5.0"
74.101.154.221 - - [09/Aug/2011:08:50:42 -0700] "GET /images/buttons/contact.jpg HTTP/1.1" 200 2274 "http://www.comprehensivenet.com/p_Nursing.php" "Mozilla/5.0 (Windows NT 6.1; WOW64; rv:5.0) Gecko/20100101 Firefox/5.0"
74.101.154.221 - - [09/Aug/2011:08:50:43 -0700] "GET /images/nurses_week.jpg HTTP/1.1" 200 27966 "http://www.comprehensivenet.com/p_Nursing.php" "Mozilla/5.0 (Windows NT 6.1; WOW64; rv:5.0) Gecko/20100101 Firefox/5.0"
74.101.154.221 - - [09/Aug/2011:08:50:43 -0700] "GET /images/buttons/professional.jpg HTTP/1.1" 200 4977 "http://www.comprehensivenet.com/p_Nursing.php" "Mozilla/5.0 (Windows NT 6.1; WOW64; rv:5.0) Gecko/20100101 Firefox/5.0"
74.101.154.221 - - [09/Aug/2011:08:50:43 -0700] "GET /images/logos/resources.jpg HTTP/1.1" 200 10766 "http://www.comprehensivenet.com/p_Nursing.php" "Mozilla/5.0 (Windows NT 6.1; WOW64; rv:5.0) Gecko/20100101 Firefox/5.0"
74.101.154.221 - - [09/Aug/2011:08:50:43 -0700] "GET /images/buttons/nursing.jpg HTTP/1.1" 200 5819 "http://www.comprehensivenet.com/p_Nursing.php" "Mozilla/5.0 (Windows NT 6.1; WOW64; rv:5.0) Gecko/20100101 Firefox/5.0"
74.101.154.221 - - [09/Aug/2011:08:50:44 -0700] "GET /images/buttons/Advantage.jpg HTTP/1.1" 200 21282 "http://www.comprehensivenet.com/p_Nursing.php" "Mozilla/5.0 (Windows NT 6.1; WOW64; rv:5.0) Gecko/20100101 Firefox/5.0"
