67.55.106.140 - - [12/Aug/2011:00:36:05 -0700] "GET / HTTP/1.1" 200 14395 "-" "Mozilla/5.0 (Macintosh; Intel Mac OS X 10.6; rv:2.0) Gecko/20100101 Firefox/4.0"
208.115.111.67 - - [12/Aug/2011:00:39:41 -0700] "GET /main.php HTTP/1.1" 404 37 "-" "Mozilla/5.0 (compatible; Ezooms/1.0; ezooms.bot@gmail.com)"
69.124.68.37 - - [12/Aug/2011:00:58:03 -0700] "GET /images/25_facebook.jpg HTTP/1.1" 200 2028 "http://comprehensivenet.com/" "Mozilla/5.0 (Windows NT 5.1) AppleWebKit/535.1 (KHTML, like Gecko) Chrome/13.0.782.112 Safari/535.1"
69.124.68.37 - - [12/Aug/2011:00:58:03 -0700] "GET /images/buttons/home.jpg HTTP/1.1" 200 1438 "http://comprehensivenet.com/" "Mozilla/5.0 (Windows NT 5.1) AppleWebKit/535.1 (KHTML, like Gecko) Chrome/13.0.782.112 Safari/535.1"
69.124.68.37 - - [12/Aug/2011:00:58:04 -0700] "GET /images/home_catLinks.jpg HTTP/1.1" 200 90721 "http://comprehensivenet.com/" "Mozilla/5.0 (Windows NT 5.1) AppleWebKit/535.1 (KHTML, like Gecko) Chrome/13.0.782.112 Safari/535.1"
69.124.68.37 - - [12/Aug/2011:00:58:04 -0700] "GET /images/buttons/contact_on.jpg HTTP/1.1" 200 2631 "http://comprehensivenet.com/" "Mozilla/5.0 (Windows NT 5.1) AppleWebKit/535.1 (KHTML, like Gecko) Chrome/13.0.782.112 Safari/535.1"
69.124.68.37 - - [12/Aug/2011:00:58:41 -0700] "GET /images/buttons/EIPreSchool.jpg HTTP/1.1" 200 6909 "http://comprehensivenet.com/p_JobListings.php" "Mozilla/5.0 (Windows NT 5.1) AppleWebKit/535.1 (KHTML, like Gecko) Chrome/13.0.782.112 Safari/535.1"
69.124.68.37 - - [12/Aug/2011:00:58:41 -0700] "GET /images/buttons/continuingEd.jpg HTTP/1.1" 200 8472 "http://comprehensivenet.com/p_JobListings.php" "Mozilla/5.0 (Windows NT 5.1) AppleWebKit/535.1 (KHTML, like Gecko) Chrome/13.0.782.112 Safari/535.1"
69.124.68.37 - - [12/Aug/2011:00:58:41 -0700] "GET /images/jobList_Img.jpg HTTP/1.1" 200 71154 "http://comprehensivenet.com/p_JobListings.php" "Mozilla/5.0 (Windows NT 5.1) AppleWebKit/535.1 (KHTML, like Gecko) Chrome/13.0.782.112 Safari/535.1"
119.176.165.228 - - [12/Aug/2011:01:03:24 -0700] "GET /c_Tutoring.php/wp-includes/images/blank.gif HTTP/1.1" 200 11245 "-" "-"
119.176.165.228 - - [12/Aug/2011:01:03:30 -0700] "GET /c_Tutoring.php/wp/wp-includes/images/blank.gif HTTP/1.1" 200 11245 "-" "-"
123.125.71.90 - - [12/Aug/2011:01:28:29 -0700] "GET /professionals.php?page=p_Nursing HTTP/1.1" 200 11888 "-" "Mozilla/5.0 (compatible; Baiduspider/2.0; +http://www.baidu.com/search/spider.html)"
202.160.180.44 - - [12/Aug/2011:01:42:07 -0700] "GET /robots.txt HTTP/1.0" 404 204 "-" "Mozilla/5.0 (compatible; Yahoo! Slurp China; http://misc.yahoo.com.cn/help.html)"
67.55.106.140 - - [12/Aug/2011:01:46:14 -0700] "GET / HTTP/1.1" 200 14389 "-" "Mozilla/5.0 (Macintosh; Intel Mac OS X 10.6; rv:2.0) Gecko/20100101 Firefox/4.0"
124.115.0.20 - - [12/Aug/2011:02:01:40 -0700] "GET / HTTP/1.1" 200 14389 "-" "Sosospider+(+http://help.soso.com/webspider.htm)"
68.83.43.192 - - [12/Aug/2011:03:04:13 -0700] "GET /favicon.ico HTTP/1.1" 200 894 "-" "Mozilla/5.0 (Windows NT 6.0) AppleWebKit/535.1 (KHTML, like Gecko) Chrome/13.0.782.112 Safari/535.1"
67.55.106.140 - - [12/Aug/2011:03:04:38 -0700] "GET / HTTP/1.1" 200 14395 "-" "Mozilla/5.0 (Macintosh; Intel Mac OS X 10.6; rv:2.0) Gecko/20100101 Firefox/4.0"
67.55.106.140 - - [12/Aug/2011:03:21:45 -0700] "GET / HTTP/1.1" 200 14389 "-" "Mozilla/5.0 (Macintosh; Intel Mac OS X 10.6; rv:2.0) Gecko/20100101 Firefox/4.0"
67.55.106.140 - - [12/Aug/2011:03:24:52 -0700] "GET / HTTP/1.1" 200 14395 "-" "Mozilla/5.0 (Macintosh; Intel Mac OS X 10.6; rv:2.0) Gecko/20100101 Firefox/4.0"
95.108.150.235 - - [12/Aug/2011:03:33:57 -0700] "GET /p_Nursing.php HTTP/1.1" 200 15376 "-" "Mozilla/5.0 (compatible; YandexBot/3.0; +http://yandex.com/bots)"
67.195.112.25 - - [12/Aug/2011:04:21:59 -0700] "GET /ComprehensiveStyles.css HTTP/1.0" 304 - "http://www.comprehensivenet.com/treasurehunt.php" "Mozilla/5.0 (compatible; Yahoo! Slurp; http://help.yahoo.com/help/us/ysearch/slurp)"
68.192.96.171 - - [12/Aug/2011:04:37:30 -0700] "GET /images/outlook_signature.jpg HTTP/1.1" 200 39193 "http://mail.aol.com/34007-311/aol-6/en-us/Suite.aspx" "Mozilla/4.0 (compatible; MSIE 8.0; Windows NT 6.0; Trident/4.0; GTB6.6; SLCC1; .NET CLR 2.0.50727; Media Center PC 5.0; .NET CLR 3.5.30729; .NET CLR 3.0.30618; .NET4.0C)"
68.192.96.171 - - [12/Aug/2011:04:37:31 -0700] "GET /images/25_twitter.jpg HTTP/1.1" 200 2319 "http://mail.aol.com/34007-311/aol-6/en-us/Suite.aspx" "Mozilla/4.0 (compatible; MSIE 8.0; Windows NT 6.0; Trident/4.0; GTB6.6; SLCC1; .NET CLR 2.0.50727; Media Center PC 5.0; .NET CLR 3.5.30729; .NET CLR 3.0.30618; .NET4.0C)"
208.115.111.67 - - [12/Aug/2011:04:38:31 -0700] "GET /goods/d/tiare-import.com/g/ti-jp005bk/index.shtml HTTP/1.1" 404 255 "-" "Mozilla/5.0 (compatible; Ezooms/1.0; ezooms.bot@gmail.com)"
208.115.111.67 - - [12/Aug/2011:04:38:32 -0700] "GET /sanjuan-puertorico.html HTTP/1.1" 404 229 "-" "Mozilla/5.0 (compatible; Ezooms/1.0; ezooms.bot@gmail.com)"
66.249.67.237 - - [12/Aug/2011:04:39:59 -0700] "GET /home_care.html HTTP/1.1" 404 220 "-" "Mozilla/5.0 (compatible; Googlebot/2.1; +http://www.google.com/bot.html)"
206.183.1.74 - - [12/Aug/2011:04:57:12 -0700] "GET / HTTP/1.1" 200 14395 "-" "Mozilla/4.0 (compatible; http://search.thunderstone.com/texis/websearch/about.html)"
65.52.108.189 - - [12/Aug/2011:04:57:28 -0700] "GET /robots.txt HTTP/1.1" 404 216 "-" "Mozilla/5.0 (compatible; bingbot/2.0; +http://www.bing.com/bingbot.htm)"
98.113.91.251 - - [12/Aug/2011:04:59:12 -0700] "GET /images/25_facebook.jpg HTTP/1.1" 200 2028 "http://www.comprehensivenet.com/" "Mozilla/5.0 (Windows NT 6.1; rv:5.0) Gecko/20100101 Firefox/5.0"
98.113.91.251 - - [12/Aug/2011:04:59:12 -0700] "GET /images/buttons/contact.jpg HTTP/1.1" 200 2274 "http://www.comprehensivenet.com/" "Mozilla/5.0 (Windows NT 6.1; rv:5.0) Gecko/20100101 Firefox/5.0"
98.113.91.251 - - [12/Aug/2011:04:59:12 -0700] "GET /images/buttons/clients.jpg HTTP/1.1" 200 3194 "http://www.comprehensivenet.com/" "Mozilla/5.0 (Windows NT 6.1; rv:5.0) Gecko/20100101 Firefox/5.0"
98.113.91.251 - - [12/Aug/2011:04:59:13 -0700] "GET /images/25_twitter.jpg HTTP/1.1" 200 2319 "http://www.comprehensivenet.com/" "Mozilla/5.0 (Windows NT 6.1; rv:5.0) Gecko/20100101 Firefox/5.0"
98.113.91.251 - - [12/Aug/2011:04:59:14 -0700] "GET /images/buttons/contact_on.jpg HTTP/1.1" 200 2631 "http://www.comprehensivenet.com/" "Mozilla/5.0 (Windows NT 6.1; rv:5.0) Gecko/20100101 Firefox/5.0"
95.108.158.237 - - [12/Aug/2011:05:17:35 -0700] "GET /images/buttons/professional.jpg HTTP/1.1" 304 - "-" "Mozilla/5.0 (compatible; YandexImages/3.0; +http://yandex.com/bots)"
98.116.79.236 - - [12/Aug/2011:05:24:27 -0700] "GET /favicon.ico HTTP/1.1" 200 894 "-" "Mozilla/4.0 (compatible; MSIE 7.0; Windows NT 6.0; SLCC1; .NET CLR 2.0.50727; Media Center PC 5.0; .NET CLR 3.0.30618; .NET CLR 3.5.30729; AskTbBCPA/5.12.2.16749; InfoPath.2; .NET4.0C)"
149.10.211.107 - - [12/Aug/2011:05:30:03 -0700] "GET /images/25_facebook.jpg HTTP/1.1" 304 - "-" "Mozilla/4.0 (compatible; MSIE 7.0; Windows NT 5.1; Trident/4.0; .NET CLR 2.0.50727; InfoPath.1; .NET CLR 3.0.4506.2152; .NET CLR 3.5.30729)"
96.250.87.232 - - [12/Aug/2011:05:39:48 -0700] "GET /images/25_twitter.jpg HTTP/1.1" 200 2319 "-" "Mozilla/5.0 (iPhone; U; CPU iPhone OS 4_3_5 like Mac OS X; en-us) AppleWebKit/533.17.9 (KHTML, like Gecko)"
67.250.67.222 - - [12/Aug/2011:05:41:57 -0700] "GET /images/25_twitter.jpg HTTP/1.1" 200 2319 "-" "Mozilla/5.0 (Macintosh; U; Intel Mac OS X 10_6_8; en-us) AppleWebKit/533.21.1 (KHTML, like Gecko) Version/5.0.5 Safari/533.21.1"
108.58.25.242 - - [12/Aug/2011:05:43:14 -0700] "GET /images/outlook_signature.jpg HTTP/1.1" 304 - "-" "Mozilla/4.0 (compatible; MSIE 7.0; Windows NT 5.1; GTB7.1; .NET CLR 1.1.4322; .NET CLR 2.0.50727; Hotbar 10.2.236.0)"
108.58.25.242 - - [12/Aug/2011:05:43:15 -0700] "GET /images/25_facebook.jpg HTTP/1.1" 304 - "-" "Mozilla/4.0 (compatible; MSIE 7.0; Windows NT 5.1; GTB7.1; .NET CLR 1.1.4322; .NET CLR 2.0.50727; Hotbar 10.2.236.0)"
166.137.138.187 - - [12/Aug/2011:05:43:50 -0700] "GET /images/25_twitter.jpg HTTP/1.1" 200 2319 "-" "Mozilla/5.0 (iPhone; U; CPU iPhone OS 4_0_1 like Mac OS X; en-us) AppleWebKit/532.9 (KHTML, like Gecko)"
166.137.138.187 - - [12/Aug/2011:05:43:50 -0700] "GET /images/outlook_signature.jpg HTTP/1.1" 200 39193 "-" "Mozilla/5.0 (iPhone; U; CPU iPhone OS 4_0_1 like Mac OS X; en-us) AppleWebKit/532.9 (KHTML, like Gecko)"
24.193.62.116 - - [12/Aug/2011:05:43:56 -0700] "GET /images/25_twitter.jpg HTTP/1.1" 200 2319 "-" "Mozilla/5.0 (Macintosh; U; Intel Mac OS X 10_6_7; en-us) AppleWebKit/533.21.1 (KHTML, like Gecko) Version/5.0.5 Safari/533.21.1"
65.91.117.74 - - [12/Aug/2011:05:45:31 -0700] "GET /images/25_facebook.jpg HTTP/1.1" 304 - "-" "Mozilla/4.0 (compatible; MSIE 6.0; Windows NT 5.1)"
24.185.207.129 - - [12/Aug/2011:05:48:20 -0700] "GET /images/25_twitter.jpg HTTP/1.1" 200 2319 "-" "Mozilla/5.0 (iPhone; U; CPU iPhone OS 4_3_3 like Mac OS X; en-us) AppleWebKit/533.17.9 (KHTML, like Gecko)"
24.185.207.129 - - [12/Aug/2011:05:48:44 -0700] "GET /images/25_twitter.jpg HTTP/1.1" 200 2319 "-" "Mozilla/5.0 (iPhone; U; CPU iPhone OS 4_3_3 like Mac OS X; en-us) AppleWebKit/533.17.9 (KHTML, like Gecko)"
108.6.15.245 - - [12/Aug/2011:05:49:55 -0700] "GET /images/25_blog.jpg HTTP/1.1" 200 2060 "http://comprehensivenet.com/" "Mozilla/4.0 (compatible; MSIE 7.0; Windows NT 5.1; .NET CLR 1.1.4322)"
108.6.15.245 - - [12/Aug/2011:05:49:57 -0700] "GET /flash/Header.swf HTTP/1.1" 200 251972 "http://comprehensivenet.com/" "Mozilla/4.0 (compatible; MSIE 7.0; Windows NT 5.1; .NET CLR 1.1.4322)"
108.6.15.245 - - [12/Aug/2011:05:49:58 -0700] "GET /images/buttons/about_on.jpg HTTP/1.1" 200 2141 "http://comprehensivenet.com/" "Mozilla/4.0 (compatible; MSIE 7.0; Windows NT 5.1; .NET CLR 1.1.4322)"
108.6.15.245 - - [12/Aug/2011:05:50:04 -0700] "GET /images/contact_map1.jpg HTTP/1.1" 200 56953 "http://comprehensivenet.com/contact.php" "Mozilla/4.0 (compatible; MSIE 7.0; Windows NT 5.1; .NET CLR 1.1.4322)"
174.252.44.18 - - [12/Aug/2011:05:52:06 -0700] "GET /images/outlook_signature.jpg HTTP/1.1" 200 39193 "-" "Mozilla/5.0 (iPhone; U; CPU iPhone OS 4_2_8 like Mac OS X; en-us) AppleWebKit/533.17.9 (KHTML, like Gecko)"
166.137.136.100 - - [12/Aug/2011:05:52:13 -0700] "GET /images/25_facebook.jpg HTTP/1.1" 200 2028 "-" "Mozilla/5.0 (iPhone; U; CPU iPhone OS 3_1_2 like Mac OS X; en-us) AppleWebKit/528.18 (KHTML, like Gecko)"
108.6.15.245 - - [12/Aug/2011:05:53:53 -0700] "GET /images/buttons/newsletters.jpg HTTP/1.1" 304 - "http://comprehensivenet.com/contact.php" "Mozilla/4.0 (compatible; MSIE 7.0; Windows NT 5.1; .NET CLR 1.1.4322)"
108.6.15.245 - - [12/Aug/2011:05:53:56 -0700] "GET /images/25_facebook.jpg HTTP/1.1" 304 - "http://comprehensivenet.com/index.php" "Mozilla/4.0 (compatible; MSIE 7.0; Windows NT 5.1; .NET CLR 1.1.4322)"
108.6.15.245 - - [12/Aug/2011:05:53:56 -0700] "GET /images/buttons/clients.jpg HTTP/1.1" 304 - "http://comprehensivenet.com/index.php" "Mozilla/4.0 (compatible; MSIE 7.0; Windows NT 5.1; .NET CLR 1.1.4322)"
108.6.15.245 - - [12/Aug/2011:05:53:56 -0700] "GET /images/buttons/home.jpg HTTP/1.1" 304 - "http://comprehensivenet.com/index.php" "Mozilla/4.0 (compatible; MSIE 7.0; Windows NT 5.1; .NET CLR 1.1.4322)"
108.6.15.245 - - [12/Aug/2011:05:54:13 -0700] "GET /images/buttons/EIPreSchool.jpg HTTP/1.1" 200 6909 "http://comprehensivenet.com/p_JobListings.php" "Mozilla/4.0 (compatible; MSIE 7.0; Windows NT 5.1; .NET CLR 1.1.4322)"
108.6.15.245 - - [12/Aug/2011:05:54:13 -0700] "GET /images/buttons/therapyEval.jpg HTTP/1.1" 200 10385 "http://comprehensivenet.com/p_JobListings.php" "Mozilla/4.0 (compatible; MSIE 7.0; Windows NT 5.1; .NET CLR 1.1.4322)"
108.6.15.245 - - [12/Aug/2011:05:54:13 -0700] "GET /images/buttons/jobListings.jpg HTTP/1.1" 200 4761 "http://comprehensivenet.com/p_JobListings.php" "Mozilla/4.0 (compatible; MSIE 7.0; Windows NT 5.1; .NET CLR 1.1.4322)"
108.6.15.245 - - [12/Aug/2011:05:54:55 -0700] "GET /p_TherapyEval.php HTTP/1.1" 200 10525 "http://comprehensivenet.com/j_CFY.php" "Mozilla/4.0 (compatible; MSIE 7.0; Windows NT 5.1; .NET CLR 1.1.4322)"
166.137.139.97 - - [12/Aug/2011:05:55:09 -0700] "GET /images/25_twitter.jpg HTTP/1.1" 200 2319 "-" "Mozilla/5.0 (iPhone; U; CPU iPhone OS 4_3 like Mac OS X; en-us) AppleWebKit/533.17.9 (KHTML, like Gecko)"
166.137.139.97 - - [12/Aug/2011:05:55:09 -0700] "GET /images/outlook_signature.jpg HTTP/1.1" 200 39193 "-" "Mozilla/5.0 (iPhone; U; CPU iPhone OS 4_3 like Mac OS X; en-us) AppleWebKit/533.17.9 (KHTML, like Gecko)"
108.58.25.242 - - [12/Aug/2011:05:56:20 -0700] "GET /images/25_twitter.jpg HTTP/1.1" 304 - "-" "Mozilla/4.0 (compatible; MSIE 7.0; Windows NT 5.1; Trident/4.0; .NET CLR 2.0.50727; .NET CLR 3.0.4506.2152; .NET CLR 3.5.30729; InfoPath.1; .NET CLR 1.1.4322; .NET4.0C)"
68.195.232.138 - - [12/Aug/2011:06:00:33 -0700] "GET /images/25_facebook.jpg HTTP/1.1" 304 - "-" "Mozilla/4.0 (compatible; MSIE 7.0; Windows NT 5.1; Trident/4.0; GTB6.5; .NET CLR 2.0.50727; .NET CLR 3.0.4506.2152; .NET CLR 3.5.30729; .NET4.0C; .NET CLR 1.1.4322; InfoPath.1; IPH 1.1.21.4019; IE0006_ver1;EN_US)"
68.173.252.85 - - [12/Aug/2011:06:02:32 -0700] "GET /images/YellowLeftSpace.jpg HTTP/1.1" 200 382 "http://www.comprehensivenet.com/c_Nursing.php" "Mozilla/5.0 (Macintosh; U; Intel Mac OS X 10.5; en-US; rv:1.9.2.19) Gecko/20110707 Firefox/3.6.19"
68.173.252.85 - - [12/Aug/2011:06:02:33 -0700] "GET /images/buttons/aboutYellow.jpg HTTP/1.1" 200 2404 "http://www.comprehensivenet.com/c_Nursing.php" "Mozilla/5.0 (Macintosh; U; Intel Mac OS X 10.5; en-US; rv:1.9.2.19) Gecko/20110707 Firefox/3.6.19"
68.173.252.85 - - [12/Aug/2011:06:02:33 -0700] "GET /images/buttons/tutoring_Y.jpg HTTP/1.1" 200 6086 "http://www.comprehensivenet.com/c_Nursing.php" "Mozilla/5.0 (Macintosh; U; Intel Mac OS X 10.5; en-US; rv:1.9.2.19) Gecko/20110707 Firefox/3.6.19"
165.155.110.6 - - [12/Aug/2011:06:02:58 -0700] "GET /images/outlook_signature.jpg HTTP/1.1" 200 39193 "-" "Mozilla/4.0 (compatible; MSIE 7.0; Windows NT 5.1; Trident/4.0; GTB7.1; .NET CLR 2.0.50727; .NET CLR 3.0.04506.648; .NET CLR 3.5.21022; InfoPath.1; .NET CLR 3.0.4506.2152; .NET CLR 3.5.30729; .NET4.0C; .NET4.0E)"
208.54.45.165 - - [12/Aug/2011:06:03:31 -0700] "GET /images/25_twitter.jpg HTTP/1.1" 200 2319 "http://co117w.col117.mail.live.com/mail/InboxLight.aspx?n=1924692105" "Mozilla/4.0 (compatible; MSIE 7.0; Windows NT 6.0; WOW64; GTB7.1; SLCC1; .NET CLR 2.0.50727; Media Center PC 5.0; OfficeLiveConnector.1.3; OfficeLivePatch.0.0; .NET CLR 3.5.30729; .NET CLR 3.0.30618; .NET4.0C)"
165.155.110.6 - - [12/Aug/2011:06:08:25 -0700] "GET /images/25_twitter.jpg HTTP/1.1" 304 - "-" "Mozilla/4.0 (compatible; MSIE 7.0; Windows NT 5.1; Trident/4.0; GTB7.1; .NET CLR 1.1.4322; .NET CLR 2.0.50727; .NET CLR 3.0.04506.30; .NET CLR 3.0.04506.648; .NET CLR 3.5.21022; MS-RTC LM 8; OfficeLiveConnector.1.3; OfficeLivePatch.0.0; .NET CLR 3.0.4506.2152; .NET CLR 3.5.30729; InfoPath.3; msn OptimizedIE8;ENUS; ms-office; MSOffice 14)"
108.58.25.242 - - [12/Aug/2011:06:11:34 -0700] "GET /images/25_twitter.jpg HTTP/1.1" 304 - "-" "Mozilla/4.0 (compatible; MSIE 7.0; Windows NT 5.1; GTB7.1; .NET CLR 1.1.4322; .NET CLR 2.0.50727; Hotbar 10.2.236.0)"
206.17.102.83 - - [12/Aug/2011:06:24:15 -0700] "GET /images/outlook_signature.jpg HTTP/1.0" 200 39193 "http://mail.aol.com/34007-311/aol-6/en-us/Suite.aspx" "Mozilla/4.0 (compatible; MSIE 6.0; Windows NT 5.1; SV1; GTB7.1; .NET CLR 1.1.4322; .NET CLR 2.0.50727; .NET CLR 3.0.4506.2152; .NET CLR 3.5.30729)"
108.58.25.242 - - [12/Aug/2011:06:29:22 -0700] "GET /images/25_facebook.jpg HTTP/1.1" 304 - "-" "Mozilla/4.0 (compatible; MSIE 7.0; Windows NT 5.1; GTB7.1; .NET CLR 1.1.4322; .NET CLR 2.0.50727; Hotbar 10.2.236.0)"
108.58.25.242 - - [12/Aug/2011:06:30:04 -0700] "GET /images/25_twitter.jpg HTTP/1.1" 304 - "-" "Mozilla/4.0 (compatible; MSIE 7.0; Windows NT 5.1; Trident/4.0; FunWebProducts; GTB7.1; .NET CLR 1.1.4322; .NET CLR 2.0.50727; .NET CLR 3.0.4506.2152; .NET CLR 3.5.30729; .NET4.0C; .NET4.0E; FunWebProducts)"
108.58.25.242 - - [12/Aug/2011:06:35:40 -0700] "GET /images/outlook_signature.jpg HTTP/1.1" 304 - "-" "Mozilla/4.0 (compatible; MSIE 7.0; Windows NT 5.1; Trident/4.0; GTB7.1; .NET CLR 1.1.4322; .NET CLR 2.0.50727; .NET CLR 3.0.4506.2152; .NET CLR 3.5.30729; InfoPath.1; .NET4.0C)"
166.137.137.118 - - [12/Aug/2011:06:41:49 -0700] "GET /images/outlook_signature.jpg HTTP/1.1" 304 - "-" "Mozilla/5.0 (iPhone; U; CPU iPhone OS 4_3_3 like Mac OS X; en-us) AppleWebKit/533.17.9 (KHTML, like Gecko)"
108.58.25.242 - - [12/Aug/2011:06:48:58 -0700] "GET /images/25_twitter.jpg HTTP/1.1" 304 - "-" "Mozilla/4.0 (compatible; MSIE 7.0; Windows NT 5.1; Trident/4.0; .NET CLR 2.0.50727; .NET CLR 3.0.4506.2152; .NET CLR 3.5.30729; InfoPath.1; .NET CLR 1.1.4322; .NET4.0C)"
108.58.25.242 - - [12/Aug/2011:06:48:58 -0700] "GET /images/25_twitter.jpg HTTP/1.1" 304 - "-" "Mozilla/4.0 (compatible; MSIE 7.0; Windows NT 5.1; Trident/4.0; .NET CLR 2.0.50727; .NET CLR 3.0.4506.2152; .NET CLR 3.5.30729; InfoPath.1; .NET CLR 1.1.4322; .NET4.0C)"
166.137.137.118 - - [12/Aug/2011:06:50:40 -0700] "GET /images/25_facebook.jpg HTTP/1.1" 304 - "-" "Mozilla/5.0 (iPhone; U; CPU iPhone OS 4_3_3 like Mac OS X; en-us) AppleWebKit/533.17.9 (KHTML, like Gecko)"
67.195.112.25 - - [12/Aug/2011:06:52:36 -0700] "GET /25.php HTTP/1.0" 200 13330 "-" "Mozilla/5.0 (compatible; Yahoo! Slurp; http://help.yahoo.com/help/us/ysearch/slurp)"
108.58.25.242 - - [12/Aug/2011:06:55:03 -0700] "GET /images/25_twitter.jpg HTTP/1.1" 304 - "-" "Mozilla/4.0 (compatible; MSIE 6.0; Windows NT 5.1; SV1; GTB7.1; .NET CLR 1.0.3705; .NET CLR 2.0.50727; .NET CLR 3.0.4506.2152; .NET CLR 3.5.30729; .NET CLR 1.1.4322)"
108.58.25.242 - - [12/Aug/2011:06:55:03 -0700] "GET /images/25_facebook.jpg HTTP/1.1" 304 - "-" "Mozilla/4.0 (compatible; MSIE 6.0; Windows NT 5.1; SV1; GTB7.1; .NET CLR 1.0.3705; .NET CLR 2.0.50727; .NET CLR 3.0.4506.2152; .NET CLR 3.5.30729; .NET CLR 1.1.4322)"
108.58.25.242 - - [12/Aug/2011:07:00:28 -0700] "GET /images/25_facebook.jpg HTTP/1.1" 304 - "-" "Mozilla/4.0 (compatible; MSIE 7.0; Windows NT 5.1; Trident/4.0; .NET CLR 2.0.50727; .NET CLR 3.0.4506.2152; .NET CLR 3.5.30729; .NET CLR 1.1.4322; InfoPath.1)"
108.58.25.242 - - [12/Aug/2011:07:00:29 -0700] "GET /images/25_facebook.jpg HTTP/1.1" 304 - "-" "Mozilla/4.0 (compatible; MSIE 7.0; Windows NT 5.1; Trident/4.0; .NET CLR 2.0.50727; .NET CLR 3.0.4506.2152; .NET CLR 3.5.30729; .NET CLR 1.1.4322; InfoPath.1)"
165.155.110.6 - - [12/Aug/2011:07:03:48 -0700] "GET /images/25_twitter.jpg HTTP/1.1" 304 - "-" "Mozilla/4.0 (compatible; MSIE 7.0; Windows NT 6.1; Trident/5.0; SLCC2; .NET CLR 2.0.50727; .NET CLR 3.5.30729; .NET CLR 3.0.30729; Media Center PC 6.0; .NET CLR 3.5.30428; Media Center PC 5.0; OfficeLiveConnector.1.3; OfficeLivePatch.1.3; SLCC1; InfoPath.3; MS-RTC LM 8; .NET4.0C; .NET4.0E; ms-office; MSOffice 14)"
108.58.25.242 - - [12/Aug/2011:07:19:33 -0700] "GET /images/25_twitter.jpg HTTP/1.1" 304 - "-" "Mozilla/4.0 (compatible; MSIE 6.0; Windows NT 5.1; SV1; GTB7.1; .NET CLR 2.0.50727)"
96.250.250.154 - - [12/Aug/2011:07:23:10 -0700] "GET /images/25_twitter.jpg HTTP/1.1" 200 2319 "-" "Mozilla/5.0 (iPhone; U; CPU iPhone OS 4_3_5 like Mac OS X; en-us) AppleWebKit/533.17.9 (KHTML, like Gecko)"
165.155.110.1 - - [12/Aug/2011:07:23:21 -0700] "GET /images/25_twitter.jpg HTTP/1.1" 304 - "-" "Mozilla/4.0 (compatible; MSIE 7.0; Windows NT 5.1; Trident/4.0; .NET CLR 1.1.4322; .NET CLR 2.0.50727; .NET CLR 3.0.4506.2152; .NET CLR 3.5.30729; InfoPath.2; .NET4.0C; MSOffice 12)"
174.252.21.119 - - [12/Aug/2011:07:25:02 -0700] "GET /images/outlook_signature.jpg HTTP/1.1" 200 39193 "-" "Mozilla/5.0 (Linux; U; Android 2.2; en-us; DROID2 Build/VZW) AppleWebKit/533.1 (KHTML, like Gecko) Version/4.0 Mobile Safari/533.1"
67.195.112.25 - - [12/Aug/2011:07:32:28 -0700] "GET /blog/wp-content/themes/twentyten/style.css HTTP/1.0" 200 21403 "http://www.comprehensivenet.com/blog/?p=62" "Mozilla/5.0 (compatible; Yahoo! Slurp; http://help.yahoo.com/help/us/ysearch/slurp)"
204.149.81.20 - - [12/Aug/2011:07:34:16 -0700] "GET /images/25_twitter.jpg HTTP/1.1" 200 2319 "http://www.comprehensivenet.com/p_EIPreSchool.php" "Mozilla/4.0 (compatible; MSIE 8.0; Windows NT 6.1; Trident/4.0; SLCC2; .NET CLR 2.0.50727; .NET CLR 3.5.30729; .NET CLR 3.0.30729; Media Center PC 6.0; MS-RTC LM 8; InfoPath.2)"
204.149.81.20 - - [12/Aug/2011:07:34:16 -0700] "GET /images/buttons/courses.jpg HTTP/1.1" 200 3497 "http://www.comprehensivenet.com/p_EIPreSchool.php" "Mozilla/4.0 (compatible; MSIE 8.0; Windows NT 6.1; Trident/4.0; SLCC2; .NET CLR 2.0.50727; .NET CLR 3.5.30729; .NET CLR 3.0.30729; Media Center PC 6.0; MS-RTC LM 8; InfoPath.2)"
204.149.81.20 - - [12/Aug/2011:07:34:16 -0700] "GET /images/buttons/therapyEval.jpg HTTP/1.1" 200 10385 "http://www.comprehensivenet.com/p_EIPreSchool.php" "Mozilla/4.0 (compatible; MSIE 8.0; Windows NT 6.1; Trident/4.0; SLCC2; .NET CLR 2.0.50727; .NET CLR 3.5.30729; .NET CLR 3.0.30729; Media Center PC 6.0; MS-RTC LM 8; InfoPath.2)"
204.149.81.20 - - [12/Aug/2011:07:34:17 -0700] "GET /images/buttons/jobListings.jpg HTTP/1.1" 200 4761 "http://www.comprehensivenet.com/p_EIPreSchool.php" "Mozilla/4.0 (compatible; MSIE 8.0; Windows NT 6.1; Trident/4.0; SLCC2; .NET CLR 2.0.50727; .NET CLR 3.5.30729; .NET CLR 3.0.30729; Media Center PC 6.0; MS-RTC LM 8; InfoPath.2)"
204.149.81.20 - - [12/Aug/2011:07:34:26 -0700] "GET /ComprehensiveStyles.css HTTP/1.1" 304 - "http://www.comprehensivenet.com/p_JobListings.php" "Mozilla/4.0 (compatible; MSIE 8.0; Windows NT 6.1; Trident/4.0; SLCC2; .NET CLR 2.0.50727; .NET CLR 3.5.30729; .NET CLR 3.0.30729; Media Center PC 6.0; MS-RTC LM 8; InfoPath.2)"
204.149.81.20 - - [12/Aug/2011:07:34:26 -0700] "GET /images/buttons/contact.jpg HTTP/1.1" 304 - "http://www.comprehensivenet.com/p_JobListings.php" "Mozilla/4.0 (compatible; MSIE 8.0; Windows NT 6.1; Trident/4.0; SLCC2; .NET CLR 2.0.50727; .NET CLR 3.5.30729; .NET CLR 3.0.30729; Media Center PC 6.0; MS-RTC LM 8; InfoPath.2)"
204.149.81.20 - - [12/Aug/2011:07:34:27 -0700] "GET /images/buttons/newsletters_on.jpg HTTP/1.1" 200 2692 "http://www.comprehensivenet.com/p_JobListings.php" "Mozilla/4.0 (compatible; MSIE 8.0; Windows NT 6.1; Trident/4.0; SLCC2; .NET CLR 2.0.50727; .NET CLR 3.5.30729; .NET CLR 3.0.30729; Media Center PC 6.0; MS-RTC LM 8; InfoPath.2)"
204.149.81.20 - - [12/Aug/2011:07:34:33 -0700] "GET /images/buttons/tutoring.jpg HTTP/1.1" 304 - "http://www.comprehensivenet.com/j_SpecialEducator.php" "Mozilla/4.0 (compatible; MSIE 8.0; Windows NT 6.1; Trident/4.0; SLCC2; .NET CLR 2.0.50727; .NET CLR 3.5.30729; .NET CLR 3.0.30729; Media Center PC 6.0; MS-RTC LM 8; InfoPath.2)"
204.149.81.20 - - [12/Aug/2011:07:34:33 -0700] "GET /images/buttons/courses.jpg HTTP/1.1" 304 - "http://www.comprehensivenet.com/j_SpecialEducator.php" "Mozilla/4.0 (compatible; MSIE 8.0; Windows NT 6.1; Trident/4.0; SLCC2; .NET CLR 2.0.50727; .NET CLR 3.5.30729; .NET CLR 3.0.30729; Media Center PC 6.0; MS-RTC LM 8; InfoPath.2)"
204.149.81.20 - - [12/Aug/2011:07:34:34 -0700] "GET /images/buttons/courses_on.jpg HTTP/1.1" 304 - "http://www.comprehensivenet.com/j_SpecialEducator.php" "Mozilla/4.0 (compatible; MSIE 8.0; Windows NT 6.1; Trident/4.0; SLCC2; .NET CLR 2.0.50727; .NET CLR 3.5.30729; .NET CLR 3.0.30729; Media Center PC 6.0; MS-RTC LM 8; InfoPath.2)"
108.58.25.242 - - [12/Aug/2011:07:43:42 -0700] "GET /images/25_facebook.jpg HTTP/1.1" 304 - "-" "Mozilla/4.0 (compatible; MSIE 6.0; Windows NT 5.1; SV1; GTB7.1; .NET CLR 2.0.50727)"
108.58.25.242 - - [12/Aug/2011:07:43:43 -0700] "GET /images/outlook_signature.jpg HTTP/1.1" 304 - "-" "Mozilla/4.0 (compatible; MSIE 6.0; Windows NT 5.1; SV1; GTB7.1; .NET CLR 2.0.50727)"
68.37.142.114 - - [12/Aug/2011:07:45:28 -0700] "GET /JobListings/skins/images/jobListingHeader.jpg HTTP/1.1" 200 39507 "http://www.comprehensivenet.com/JobListings/show_news.php?subaction=showfull&id=1282835471" "Mozilla/5.0 (Windows; U; Windows NT 5.1; en-US; rv:1.8.1.12) Gecko/20080219 Firefox/2.0.0.12 Navigator/9.0.0.6"
68.37.142.114 - - [12/Aug/2011:07:45:29 -0700] "GET /favicon.ico HTTP/1.1" 200 894 "-" "Mozilla/5.0 (Windows; U; Windows NT 5.1; en-US; rv:1.8.1.12) Gecko/20080219 Firefox/2.0.0.12 Navigator/9.0.0.6"
108.58.25.242 - - [12/Aug/2011:07:45:33 -0700] "GET /images/outlook_signature.jpg HTTP/1.1" 304 - "-" "Mozilla/4.0 (compatible; MSIE 6.0; Windows NT 5.1; SV1; .NET CLR 1.1.4322; .NET CLR 1.0.3705; .NET CLR 2.0.50727; Creative ZENcast v1.01.06; .NET CLR 3.0.4506.2152; .NET CLR 3.5.30729)"
108.58.25.242 - - [12/Aug/2011:07:45:37 -0700] "GET /images/outlook_signature.jpg HTTP/1.1" 304 - "-" "Mozilla/4.0 (compatible; MSIE 6.0; Windows NT 5.1; SV1; .NET CLR 1.1.4322; .NET CLR 1.0.3705; .NET CLR 2.0.50727; Creative ZENcast v1.01.06; .NET CLR 3.0.4506.2152; .NET CLR 3.5.30729)"
68.195.232.138 - - [12/Aug/2011:07:48:03 -0700] "GET /images/outlook_signature.jpg HTTP/1.1" 304 - "-" "Mozilla/4.0 (compatible; MSIE 7.0; Windows NT 5.1; MRSPUTNIK 2, 3, 0, 104; GTB6.6; .NET CLR 1.1.4322; .NET CLR 2.0.50727; .NET CLR 1.0.3705; .NET CLR 3.0.04506.30; .NET CLR 3.0.04506.648; .NET CLR 3.0.4506.2152; .NET CLR 3.5.30729; IPH 1.1.21.4019)"
128.59.252.87 - - [12/Aug/2011:07:49:15 -0700] "GET /ComprehensiveStyles.css HTTP/1.1" 200 1472 "http://www.comprehensivenet.com/j_Nurse.php" "Mozilla/4.0 (compatible; MSIE 8.0; Windows NT 5.1; Trident/4.0; .NET CLR 1.1.4322; .NET CLR 2.0.50727; .NET CLR 3.0.04506.30; .NET CLR 3.0.04506.648; InfoPath.2; .NET CLR 3.0.4506.2152; .NET CLR 3.5.30729; .NET4.0C; .NET4.0E)"
128.59.252.87 - - [12/Aug/2011:07:49:15 -0700] "GET /images/buttons/contact.jpg HTTP/1.1" 200 2274 "http://www.comprehensivenet.com/j_Nurse.php" "Mozilla/4.0 (compatible; MSIE 8.0; Windows NT 5.1; Trident/4.0; .NET CLR 1.1.4322; .NET CLR 2.0.50727; .NET CLR 3.0.04506.30; .NET CLR 3.0.04506.648; InfoPath.2; .NET CLR 3.0.4506.2152; .NET CLR 3.5.30729; .NET4.0C; .NET4.0E)"
128.59.252.87 - - [12/Aug/2011:07:49:15 -0700] "GET /images/buttons/professional.jpg HTTP/1.1" 200 4977 "http://www.comprehensivenet.com/j_Nurse.php" "Mozilla/4.0 (compatible; MSIE 8.0; Windows NT 5.1; Trident/4.0; .NET CLR 1.1.4322; .NET CLR 2.0.50727; .NET CLR 3.0.04506.30; .NET CLR 3.0.04506.648; InfoPath.2; .NET CLR 3.0.4506.2152; .NET CLR 3.5.30729; .NET4.0C; .NET4.0E)"
128.59.252.87 - - [12/Aug/2011:07:49:17 -0700] "GET /images/buttons/home_on.jpg HTTP/1.1" 200 1637 "http://www.comprehensivenet.com/j_Nurse.php" "Mozilla/4.0 (compatible; MSIE 8.0; Windows NT 5.1; Trident/4.0; .NET CLR 1.1.4322; .NET CLR 2.0.50727; .NET CLR 3.0.04506.30; .NET CLR 3.0.04506.648; InfoPath.2; .NET CLR 3.0.4506.2152; .NET CLR 3.5.30729; .NET4.0C; .NET4.0E)"
108.58.25.242 - - [12/Aug/2011:07:49:27 -0700] "GET /images/outlook_signature.jpg HTTP/1.1" 304 - "-" "Mozilla/4.0 (compatible; MSIE 7.0; Windows NT 5.1; Trident/4.0; GTB7.1; .NET CLR 1.1.4322; .NET CLR 1.0.3705; .NET CLR 2.0.50727; .NET CLR 3.0.4506.2152; .NET CLR 3.5.30729; OfficeLiveConnector.1.3; OfficeLivePatch.0.0; InfoPath.1)"
108.58.25.242 - - [12/Aug/2011:07:57:13 -0700] "GET /images/outlook_signature.jpg HTTP/1.1" 304 - "-" "Mozilla/4.0 (compatible; MSIE 7.0; Windows NT 5.1; .NET CLR 1.1.4322; .NET CLR 1.0.3705; .NET CLR 3.0.4506.2152; .NET CLR 3.5.30729; .NET CLR 2.0.50727)"
108.58.25.242 - - [12/Aug/2011:08:00:20 -0700] "GET /images/25_facebook.jpg HTTP/1.1" 304 - "-" "Mozilla/4.0 (compatible; MSIE 7.0; Windows NT 5.1; Trident/4.0; .NET CLR 2.0.50727; .NET CLR 3.0.4506.2152; .NET CLR 3.5.30729; InfoPath.1; .NET CLR 1.1.4322; .NET4.0C; .NET4.0E)"
108.58.25.242 - - [12/Aug/2011:08:00:20 -0700] "GET /images/25_twitter.jpg HTTP/1.1" 304 - "-" "Mozilla/4.0 (compatible; MSIE 7.0; Windows NT 5.1; Trident/4.0; .NET CLR 2.0.50727; .NET CLR 3.0.4506.2152; .NET CLR 3.5.30729; InfoPath.1; .NET CLR 1.1.4322; .NET4.0C; .NET4.0E)"
108.58.25.242 - - [12/Aug/2011:08:00:37 -0700] "GET /images/25_facebook.jpg HTTP/1.1" 304 - "-" "Mozilla/4.0 (compatible; MSIE 6.0; Windows NT 5.1; SV1; GTB7.1; .NET CLR 2.0.50727)"
173.220.124.122 - - [12/Aug/2011:08:00:41 -0700] "GET /JobListings/skins/images/jobListingFooter.jpg HTTP/1.1" 200 12421 "http://www.comprehensivenet.com/JobListings/show_news.php?subaction=showfull&id=1304601788" "Mozilla/4.0 (compatible; MSIE 8.0; Windows NT 6.1; WOW64; Trident/4.0; SLCC2; .NET CLR 2.0.50727; .NET CLR 3.5.30729; .NET CLR 3.0.30729; Media Center PC 6.0; CMDTDF; InfoPath.2)"
108.58.25.242 - - [12/Aug/2011:08:00:51 -0700] "GET /images/outlook_signature.jpg HTTP/1.1" 304 - "-" "Mozilla/4.0 (compatible; MSIE 7.0; Windows NT 5.1; Trident/4.0; GTB7.1; .NET CLR 1.1.4322; .NET CLR 2.0.50727; .NET CLR 3.0.4506.2152; .NET CLR 3.5.30729; InfoPath.1; .NET4.0C)"
173.220.124.122 - - [12/Aug/2011:08:01:32 -0700] "GET /JobListings/skins/images/jobListingHeader.jpg HTTP/1.1" 304 - "-" "Mozilla/4.0 (compatible; MSIE 7.0; Windows NT 6.1; WOW64; Trident/4.0; SLCC2; .NET CLR 2.0.50727; .NET CLR 3.5.30729; .NET CLR 3.0.30729; Media Center PC 6.0; CMDTDF; InfoPath.2; MSOffice 12)"
208.54.45.144 - - [12/Aug/2011:08:03:55 -0700] "GET /images/outlook_signature.jpg HTTP/1.1" 304 - "-" "Mozilla/5.0 (Linux; U; Android 2.2.1; en-us; SGH-T959V Build/FROYO) AppleWebKit/533.1 (KHTML, like Gecko) Version/4.0 Mobile Safari/533.1"
67.51.59.190 - - [12/Aug/2011:08:08:33 -0700] "GET /images/buttons/about.jpg HTTP/1.1" 200 1869 "http://www.comprehensivenet.com/j_OT.php" "Mozilla/4.0 (compatible; MSIE 8.0; Windows NT 5.1; Trident/4.0; .NET CLR 2.0.50727; .NET CLR 3.0.4506.2152; .NET CLR 3.5.30729; .NET CLR 1.1.4322)"
67.51.59.190 - - [12/Aug/2011:08:08:33 -0700] "GET /images/buttons/jobListings.jpg HTTP/1.1" 200 4761 "http://www.comprehensivenet.com/j_OT.php" "Mozilla/4.0 (compatible; MSIE 8.0; Windows NT 5.1; Trident/4.0; .NET CLR 2.0.50727; .NET CLR 3.0.4506.2152; .NET CLR 3.5.30729; .NET CLR 1.1.4322)"
67.51.59.190 - - [12/Aug/2011:08:08:34 -0700] "GET /images/buttons/home.jpg HTTP/1.1" 200 1438 "http://www.comprehensivenet.com/j_OT.php" "Mozilla/4.0 (compatible; MSIE 8.0; Windows NT 5.1; Trident/4.0; .NET CLR 2.0.50727; .NET CLR 3.0.4506.2152; .NET CLR 3.5.30729; .NET CLR 1.1.4322)"
67.51.59.190 - - [12/Aug/2011:08:08:35 -0700] "GET /flash/Header.swf HTTP/1.1" 200 251972 "http://www.comprehensivenet.com/j_OT.php" "Mozilla/4.0 (compatible; MSIE 8.0; Windows NT 5.1; Trident/4.0; .NET CLR 2.0.50727; .NET CLR 3.0.4506.2152; .NET CLR 3.5.30729; .NET CLR 1.1.4322)"
67.51.59.190 - - [12/Aug/2011:08:08:36 -0700] "GET /images/buttons/about_on.jpg HTTP/1.1" 200 2141 "http://www.comprehensivenet.com/j_OT.php" "Mozilla/4.0 (compatible; MSIE 8.0; Windows NT 5.1; Trident/4.0; .NET CLR 2.0.50727; .NET CLR 3.0.4506.2152; .NET CLR 3.5.30729; .NET CLR 1.1.4322)"
108.58.25.242 - - [12/Aug/2011:08:09:44 -0700] "GET /images/outlook_signature.jpg HTTP/1.1" 304 - "-" "Mozilla/4.0 (compatible; MSIE 7.0; Windows NT 5.1; Trident/4.0; .NET CLR 1.0.3705; .NET CLR 2.0.50727; .NET CLR 3.0.04506.648; .NET CLR 3.5.21022; .NET CLR 3.0.4506.2152; .NET CLR 3.5.30729; InfoPath.1)"
4.79.228.100 - - [12/Aug/2011:08:09:45 -0700] "GET /JobListings/skins/images/jobListingHeader.jpg HTTP/1.1" 200 39507 "http://www.comprehensivenet.com/JobListings/show_news.php?subaction=showfull&id=1302014626" "Mozilla/4.0 (compatible; MSIE 7.0; Windows NT 5.1; .NET CLR 1.1.4322; .NET CLR 2.0.50727; .NET CLR 3.0.04506.648; .NET CLR 3.5.21022; InfoPath.2; .NET CLR 3.0.4506.2152; .NET CLR 3.5.30729; .NET4.0C; .NET4.0E; MS-RTC LM 8; Active Content Browser; Active Content Browser)"
4.79.228.100 - - [12/Aug/2011:08:09:45 -0700] "GET /favicon.ico HTTP/1.1" 200 894 "-" "Mozilla/4.0 (compatible; MSIE 7.0; Windows NT 5.1; .NET CLR 1.1.4322; .NET CLR 2.0.50727; .NET CLR 3.0.04506.648; .NET CLR 3.5.21022; InfoPath.2; .NET CLR 3.0.4506.2152; .NET CLR 3.5.30729; .NET4.0C; .NET4.0E; MS-RTC LM 8; Active Content Browser; Active Content Browser)"
74.89.44.139 - - [12/Aug/2011:08:10:44 -0700] "GET /images/outlook_signature.jpg HTTP/1.1" 200 39193 "-" "Mozilla/5.0 (Macintosh; Intel Mac OS X 10_7) AppleWebKit/534.48.3 (KHTML, like Gecko)"
74.101.14.122 - - [12/Aug/2011:08:10:50 -0700] "GET /images/outlook_signature.jpg HTTP/1.1" 304 - "-" "Mozilla/4.0 (compatible; MSIE 6.0; Windows NT 5.1; SV1; .NET CLR 1.1.4322; .NET CLR 2.0.50727; .NET CLR 3.0.4506.2152; .NET CLR 3.5.30729; .NET4.0C; .NET4.0E; MSOffice 12)"
108.58.25.242 - - [12/Aug/2011:08:11:37 -0700] "GET /images/outlook_signature.jpg HTTP/1.1" 304 - "-" "Mozilla/4.0 (compatible; MSIE 6.0; Windows NT 5.1; SV1; GTB7.1; .NET CLR 2.0.50727)"
108.58.25.242 - - [12/Aug/2011:08:12:41 -0700] "GET /images/outlook_signature.jpg HTTP/1.1" 304 - "-" "Mozilla/4.0 (compatible; MSIE 7.0; Windows NT 5.1; GTB7.1; .NET CLR 1.1.4322; .NET CLR 2.0.50727; InfoPath.1; .NET CLR 3.0.4506.2152; .NET CLR 3.5.30729)"
108.58.25.242 - - [12/Aug/2011:08:12:47 -0700] "GET /images/25_facebook.jpg HTTP/1.1" 304 - "-" "Mozilla/4.0 (compatible; MSIE 7.0; Windows NT 5.1; .NET CLR 1.1.4322; .NET CLR 1.0.3705; .NET CLR 2.0.50727; .NET CLR 3.0.4506.2152; .NET CLR 3.5.30729; InfoPath.1)"
108.58.25.242 - - [12/Aug/2011:08:12:47 -0700] "GET /images/25_twitter.jpg HTTP/1.1" 304 - "-" "Mozilla/4.0 (compatible; MSIE 7.0; Windows NT 5.1; .NET CLR 1.1.4322; .NET CLR 1.0.3705; .NET CLR 2.0.50727; .NET CLR 3.0.4506.2152; .NET CLR 3.5.30729; InfoPath.1)"
108.58.25.242 - - [12/Aug/2011:08:14:10 -0700] "GET /images/25_twitter.jpg HTTP/1.1" 304 - "-" "Mozilla/4.0 (compatible; MSIE 7.0; Windows NT 5.1; Trident/4.0; GTB7.1; .NET CLR 1.1.4322; .NET CLR 2.0.50727; .NET CLR 3.0.4506.2152; .NET CLR 3.5.30729; InfoPath.1; .NET4.0C)"
108.58.25.242 - - [12/Aug/2011:08:15:13 -0700] "GET /images/25_facebook.jpg HTTP/1.1" 304 - "-" "Mozilla/4.0 (compatible; MSIE 6.0; Windows NT 5.1; SV1; GTB7.1; .NET CLR 2.0.50727)"
108.58.25.242 - - [12/Aug/2011:08:15:43 -0700] "GET /images/outlook_signature.jpg HTTP/1.1" 304 - "-" "Mozilla/4.0 (compatible; MSIE 7.0; Windows NT 5.1; .NET CLR 1.1.4322; .NET CLR 1.0.3705; .NET CLR 2.0.50727; .NET CLR 3.0.4506.2152; .NET CLR 3.5.30729; InfoPath.1)"
108.58.25.242 - - [12/Aug/2011:08:16:43 -0700] "GET /images/25_twitter.jpg HTTP/1.1" 304 - "-" "Mozilla/4.0 (compatible; MSIE 7.0; Windows NT 5.1; Trident/4.0; GTB7.1; .NET CLR 1.1.4322; .NET CLR 2.0.50727; .NET CLR 3.0.4506.2152; .NET CLR 3.5.30729; InfoPath.1; .NET4.0C)"
69.86.118.236 - - [12/Aug/2011:08:16:43 -0700] "GET /images/25_twitter.jpg HTTP/1.1" 200 2319 "-" "Mozilla/5.0 (iPhone; U; CPU iPhone OS 4_2_1 like Mac OS X; en-us) AppleWebKit/533.17.9 (KHTML, like Gecko)"
108.58.25.242 - - [12/Aug/2011:08:17:00 -0700] "GET /images/outlook_signature.jpg HTTP/1.1" 304 - "-" "Mozilla/4.0 (compatible; MSIE 7.0; Windows NT 5.1; Trident/4.0; GTB7.1; .NET CLR 1.1.4322; .NET CLR 2.0.50727; .NET CLR 3.0.4506.2152; .NET CLR 3.5.30729; InfoPath.1; .NET4.0C)"
108.58.25.242 - - [12/Aug/2011:08:17:31 -0700] "GET /images/25_twitter.jpg HTTP/1.1" 304 - "-" "Mozilla/4.0 (compatible; MSIE 7.0; Windows NT 5.1; Trident/4.0; .NET CLR 1.0.3705; .NET CLR 2.0.50727; .NET CLR 3.0.04506.648; .NET CLR 3.5.21022; .NET CLR 3.0.4506.2152; .NET CLR 3.5.30729; InfoPath.1)"
108.58.25.242 - - [12/Aug/2011:08:17:44 -0700] "GET /images/25_facebook.jpg HTTP/1.1" 304 - "-" "Mozilla/4.0 (compatible; MSIE 6.0; Windows NT 5.1; SV1; GTB7.1; .NET CLR 2.0.50727)"
108.58.25.242 - - [12/Aug/2011:08:18:10 -0700] "GET /images/25_facebook.jpg HTTP/1.1" 304 - "-" "Mozilla/4.0 (compatible; MSIE 7.0; Windows NT 5.1; Trident/4.0; BTRS86393; .NET CLR 1.0.3705; .NET CLR 2.0.50727; .NET CLR 3.0.4506.2152; .NET CLR 3.5.30729)"
64.246.165.210 - - [12/Aug/2011:08:18:49 -0700] "GET /professionals.php?page=p_Nursing HTTP/1.1" 200 11888 "http://whois.domaintools.com/comprehensiveresources.com" "Mozilla/5.0 (Windows; U; Windows NT 5.1; en; rv:1.9.0.13) Gecko/2009073022 Firefox/3.5.2 (.NET CLR 3.5.30729) SurveyBot/2.3 (DomainTools)"
108.58.25.242 - - [12/Aug/2011:08:21:06 -0700] "GET /images/25_twitter.jpg HTTP/1.1" 304 - "-" "Mozilla/4.0 (compatible; MSIE 7.0; Windows NT 5.1; Trident/4.0; BTRS86393; .NET CLR 1.0.3705; .NET CLR 2.0.50727; .NET CLR 3.0.4506.2152; .NET CLR 3.5.30729)"
208.87.234.180 - - [12/Aug/2011:08:22:26 -0700] "GET /JobListings/skins/images/jobListingFooter.jpg HTTP/1.1" 200 12421 "http://www.comprehensivenet.com/JobListings/show_news.php?subaction=showfull&id=1268755935" "Mozilla/4.0 (compatible; MSIE 8.0; Windows NT 5.1; Trident/4.0; .NET CLR 1.1.4322; .NET CLR 2.0.50727; .NET CLR 3.0.4506.2152; .NET CLR 3.5.30729)"
68.197.23.174 - - [12/Aug/2011:08:23:00 -0700] "GET /images/25_twitter.jpg HTTP/1.1" 200 2319 "http://www.comprehensivenet.com/" "Mozilla/5.0 (Windows NT 5.1) AppleWebKit/535.1 (KHTML, like Gecko) Chrome/13.0.782.112 Safari/535.1"
68.197.23.174 - - [12/Aug/2011:08:23:00 -0700] "GET /images/home_catLinks.jpg HTTP/1.1" 200 90721 "http://www.comprehensivenet.com/" "Mozilla/5.0 (Windows NT 5.1) AppleWebKit/535.1 (KHTML, like Gecko) Chrome/13.0.782.112 Safari/535.1"
68.197.23.174 - - [12/Aug/2011:08:23:01 -0700] "GET /images/buttons/contact.jpg HTTP/1.1" 200 2274 "http://www.comprehensivenet.com/" "Mozilla/5.0 (Windows NT 5.1) AppleWebKit/535.1 (KHTML, like Gecko) Chrome/13.0.782.112 Safari/535.1"
68.197.23.174 - - [12/Aug/2011:08:23:05 -0700] "GET /images/buttons/contact_on.jpg HTTP/1.1" 200 2631 "http://www.comprehensivenet.com/" "Mozilla/5.0 (Windows NT 5.1) AppleWebKit/535.1 (KHTML, like Gecko) Chrome/13.0.782.112 Safari/535.1"
64.246.161.190 - - [12/Aug/2011:08:24:36 -0700] "GET /clients.php?page=c_Nursing HTTP/1.1" 200 8750 "http://whois.domaintools.com/comprehensiveresources.org" "Mozilla/5.0 (Windows; U; Windows NT 5.1; en; rv:1.9.0.13) Gecko/2009073022 Firefox/3.5.2 (.NET CLR 3.5.30729) SurveyBot/2.3 (DomainTools)"
170.146.225.4 - - [12/Aug/2011:08:25:01 -0700] "GET /images/outlook_signature.jpg HTTP/1.1" 200 39193 "http://36ohk6dgmcd1n.yom.mail.yahoo.net/om/api/1.0/openmail.app.invoke/36ohk6dgmcd1n/4/1.0.35/us/en-US/view.html" "Mozilla/4.0 (compatible; MSIE 8.0; Windows NT 5.1; Trident/4.0; .NET CLR 2.0.50727; .NET CLR 1.1.4322; .NET CLR 3.0.04506.30; .NET CLR 3.0.4506.2152; .NET CLR 3.5.30729; MS-RTC LM 8; .NET CLR 1.0.3705; InfoPath.2)"
65.52.110.79 - - [12/Aug/2011:08:30:45 -0700] "GET /robots.txt HTTP/1.1" 404 216 "-" "Mozilla/5.0 (compatible; bingbot/2.0; +http://www.bing.com/bingbot.htm)"
67.195.112.25 - - [12/Aug/2011:08:32:44 -0700] "GET /blog/?p=58 HTTP/1.0" 200 14301 "-" "Mozilla/5.0 (compatible; Yahoo! Slurp; http://help.yahoo.com/help/us/ysearch/slurp)"
208.115.111.67 - - [12/Aug/2011:08:34:31 -0700] "GET /images/categoria.aspx?idcategoria=36&nome=Ciudades HTTP/1.1" 404 227 "-" "Mozilla/5.0 (compatible; Ezooms/1.0; ezooms.bot@gmail.com)"
208.115.111.67 - - [12/Aug/2011:08:34:36 -0700] "GET /p_Translation.php HTTP/1.1" 200 11271 "-" "Mozilla/5.0 (compatible; Ezooms/1.0; ezooms.bot@gmail.com)"
165.155.110.6 - - [12/Aug/2011:08:36:16 -0700] "GET /images/outlook_signature.jpg HTTP/1.1" 200 39193 "-" "Mozilla/4.0 (compatible; MSIE 7.0; Windows NT 5.1; Trident/4.0; GTB7.1; .NET CLR 2.0.50727; .NET CLR 3.0.04506.648; .NET CLR 3.5.21022; InfoPath.1; .NET CLR 3.0.4506.2152; .NET CLR 3.5.30729; .NET4.0C; .NET4.0E)"
107.3.176.118 - - [12/Aug/2011:08:38:01 -0700] "GET /images/outlook_signature.jpg HTTP/1.1" 200 39193 "-" "Mozilla/5.0 (iPhone; U; CPU iPhone OS 4_2_1 like Mac OS X; en-us) AppleWebKit/533.17.9 (KHTML, like Gecko)"
38.99.97.230 - - [12/Aug/2011:08:38:14 -0700] "GET /htmlLinks/Advantage.html HTTP/1.1" 200 1007 "-" "Mozilla/5.0 (compatible; ScoutJet; +http://www.scoutjet.com/)"
66.155.236.138 - - [12/Aug/2011:08:39:55 -0700] "GET /images/outlook_signature.jpg HTTP/1.1" 304 - "-" "Mozilla/4.0 (compatible; MSIE 7.0; Windows NT 5.1; Trident/4.0; .NET CLR 1.1.4322; .NET CLR 2.0.50727; .NET CLR 3.0.04506.30; MDDR; .NET CLR 3.0.4506.2152; .NET CLR 3.5.30729; InfoPath.2; MSOffice 12)"
66.155.236.138 - - [12/Aug/2011:08:40:22 -0700] "GET /images/25_facebook.jpg HTTP/1.1" 304 - "-" "Mozilla/4.0 (compatible; MSIE 7.0; Windows NT 5.1; Trident/4.0; .NET CLR 1.1.4322; .NET CLR 2.0.50727; .NET CLR 3.0.04506.30; MDDR; .NET CLR 3.0.4506.2152; .NET CLR 3.5.30729; InfoPath.2; MSOffice 12)"
66.155.236.138 - - [12/Aug/2011:08:40:22 -0700] "GET /images/25_twitter.jpg HTTP/1.1" 304 - "-" "Mozilla/4.0 (compatible; MSIE 7.0; Windows NT 5.1; Trident/4.0; .NET CLR 1.1.4322; .NET CLR 2.0.50727; .NET CLR 3.0.04506.30; MDDR; .NET CLR 3.0.4506.2152; .NET CLR 3.5.30729; InfoPath.2; MSOffice 12)"
108.58.25.242 - - [12/Aug/2011:08:40:24 -0700] "GET /images/25_facebook.jpg HTTP/1.1" 304 - "-" "Mozilla/4.0 (compatible; MSIE 6.0; Windows NT 5.1; SV1; GTB7.1; .NET CLR 2.0.50727)"
66.155.236.138 - - [12/Aug/2011:08:40:25 -0700] "GET /images/25_twitter.jpg HTTP/1.1" 304 - "-" "Mozilla/4.0 (compatible; MSIE 7.0; Windows NT 5.1; Trident/4.0; .NET CLR 1.1.4322; .NET CLR 2.0.50727; .NET CLR 3.0.04506.30; MDDR; .NET CLR 3.0.4506.2152; .NET CLR 3.5.30729; InfoPath.2; MSOffice 12)"
67.88.51.130 - - [12/Aug/2011:08:40:55 -0700] "GET /favicon.ico HTTP/1.1" 200 894 "-" "Mozilla/5.0 (Windows NT 5.1) AppleWebKit/535.1 (KHTML, like Gecko) Chrome/13.0.782.112 Safari/535.1"
74.116.90.15 - - [12/Aug/2011:08:41:47 -0700] "GET /images/signtalk_unplugreconnect_8411/header_logos.jpg HTTP/1.1" 200 15170 "http://36ohk6dgmcd1n.yom.mail.yahoo.net/om/api/1.0/openmail.app.invoke/36ohk6dgmcd1n/4/1.0.35/us/en-US/view.html" "VRPS/$Rev: 43290 $"
69.234.127.224 - - [12/Aug/2011:08:42:13 -0700] "GET /images/outlook_signature.jpg HTTP/1.1" 200 39193 "-" "Mozilla/5.0 (iPhone; U; CPU iPhone OS 4_3_2 like Mac OS X; en-us) AppleWebKit/533.17.9 (KHTML, like Gecko)"
108.58.25.242 - - [12/Aug/2011:08:49:31 -0700] "GET /images/25_facebook.jpg HTTP/1.1" 304 - "-" "Mozilla/4.0 (compatible; MSIE 7.0; Windows NT 5.1; .NET CLR 1.1.4322; .NET CLR 1.0.3705; .NET CLR 2.0.50727; .NET CLR 3.0.4506.2152; .NET CLR 3.5.30729; InfoPath.1)"
161.185.151.51 - - [12/Aug/2011:08:56:10 -0700] "GET /JobListings/show_news.php?subaction=showfull&id=1268755935 HTTP/1.1" 200 4414 "http://www.indeed.com/jobs?q=school+social+worker&l=New+York%2C+NY" "Mozilla/4.0 (compatible; MSIE 6.0; Windows NT 5.1; SV1; .NET CLR 2.0.50727)"
204.210.151.119 - - [12/Aug/2011:08:56:48 -0700] "GET /Scripts/AC_RunActiveContent.js HTTP/1.1" 304 - "http://www.comprehensivenet.com/" "Mozilla/5.0 (compatible; MSIE 9.0; Windows NT 6.1; WOW64; Trident/5.0)"
204.210.151.119 - - [12/Aug/2011:08:56:49 -0700] "GET /images/buttons/clients.jpg HTTP/1.1" 200 3194 "http://www.comprehensivenet.com/" "Mozilla/5.0 (compatible; MSIE 9.0; Windows NT 6.1; WOW64; Trident/5.0)"
173.52.72.154 - - [12/Aug/2011:08:57:06 -0700] "GET /images/25_facebook.jpg HTTP/1.1" 200 2028 "http://36ohk6dgmcd1n.yom.mail.yahoo.net/om/api/1.0/openmail.app.invoke/36ohk6dgmcd1n/4/1.0.35/us/en-US/view.html" "Mozilla/5.0 (Macintosh; U; Intel Mac OS X 10_6_8; en-us) AppleWebKit/533.21.1 (KHTML, like Gecko) Version/5.0.5 Safari/533.21.1"
216.254.79.108 - - [12/Aug/2011:08:57:23 -0700] "GET /images/25_facebook.jpg HTTP/1.1" 304 - "-" "Mozilla/4.0 (compatible; MSIE 7.0; Windows NT 5.1; Trident/4.0; GTB7.1; .NET CLR 1.1.4322; .NET CLR 2.0.50727; .NET CLR 3.0.4506.2152; .NET CLR 3.5.30729; InfoPath.1)"
204.210.151.119 - - [12/Aug/2011:08:57:40 -0700] "GET /Scripts/AC_RunActiveContent.js HTTP/1.1" 304 - "http://www.comprehensivenet.com/" "Mozilla/5.0 (compatible; MSIE 9.0; Windows NT 6.1; WOW64; Trident/5.0)"
204.210.151.119 - - [12/Aug/2011:08:57:44 -0700] "GET /images/buttons/clients.jpg HTTP/1.1" 304 - "http://www.comprehensivenet.com/" "Mozilla/5.0 (compatible; MSIE 9.0; Windows NT 6.1; WOW64; Trident/5.0)"
204.210.151.119 - - [12/Aug/2011:08:58:03 -0700] "GET /images/buttons/home.jpg HTTP/1.1" 304 - "http://www.comprehensivenet.com/" "Mozilla/5.0 (compatible; MSIE 9.0; Windows NT 6.1; WOW64; Trident/5.0)"
204.210.151.119 - - [12/Aug/2011:08:58:07 -0700] "GET /images/contact_title.jpg HTTP/1.1" 200 15747 "http://www.comprehensivenet.com/contact.php" "Mozilla/5.0 (compatible; MSIE 9.0; Windows NT 6.1; WOW64; Trident/5.0)"
204.210.151.119 - - [12/Aug/2011:08:58:12 -0700] "GET /images/buttons/courses_on.jpg HTTP/1.1" 200 4007 "http://www.comprehensivenet.com/contact.php" "Mozilla/5.0 (compatible; MSIE 9.0; Windows NT 6.1; WOW64; Trident/5.0)"
208.80.194.33 - - [12/Aug/2011:09:00:59 -0700] "GET /p_Nursing.php HTTP/1.0" 200 15340 "-" "Mozilla/4.0 (compatible; MSIE 7.0; Windows NT 5.1; .NET CLR 1.1.4322; .NET CLR 2.0.50727; MSN 6.1; MSNbMSFT; MSNmen-ca; MSNc00)"
216.254.79.108 - - [12/Aug/2011:09:02:27 -0700] "GET /images/outlook_signature.jpg HTTP/1.1" 304 - "-" "Mozilla/4.0 (compatible; MSIE 7.0; Windows NT 5.1; Trident/4.0; GTB7.1; .NET CLR 1.1.4322; .NET CLR 1.0.3705; .NET CLR 2.0.50727; .NET CLR 3.0.4506.2152; .NET CLR 3.5.30729; OfficeLiveConnector.1.3; OfficeLivePatch.0.0; InfoPath.1)"
216.254.79.108 - - [12/Aug/2011:09:02:31 -0700] "GET /images/25_twitter.jpg HTTP/1.1" 304 - "-" "Mozilla/4.0 (compatible; MSIE 7.0; Windows NT 5.1; Trident/4.0; GTB7.1; .NET CLR 1.1.4322; .NET CLR 1.0.3705; .NET CLR 2.0.50727; .NET CLR 3.0.4506.2152; .NET CLR 3.5.30729; OfficeLiveConnector.1.3; OfficeLivePatch.0.0; InfoPath.1)"
170.146.225.4 - - [12/Aug/2011:09:05:03 -0700] "GET /images/25_twitter.jpg HTTP/1.1" 200 2319 "http://36ohk6dgmcd1n.yom.mail.yahoo.net/om/api/1.0/openmail.app.invoke/36ohk6dgmcd1n/4/1.0.35/us/en-US/view.html" "Mozilla/4.0 (compatible; MSIE 8.0; Windows NT 5.1; Trident/4.0; .NET CLR 2.0.50727; .NET CLR 1.1.4322; .NET CLR 3.0.04506.30; .NET CLR 3.0.4506.2152; .NET CLR 3.5.30729; MS-RTC LM 8; .NET CLR 1.0.3705; InfoPath.2)"
170.146.225.4 - - [12/Aug/2011:09:07:11 -0700] "GET /images/25_twitter.jpg HTTP/1.1" 200 2319 "http://36ohk6dgmcd1n.yom.mail.yahoo.net/om/api/1.0/openmail.app.invoke/36ohk6dgmcd1n/4/1.0.35/us/en-US/view.html" "Mozilla/4.0 (compatible; MSIE 8.0; Windows NT 5.1; Trident/4.0; .NET CLR 2.0.50727; .NET CLR 1.1.4322; .NET CLR 3.0.04506.30; .NET CLR 3.0.4506.2152; .NET CLR 3.5.30729; MS-RTC LM 8; .NET CLR 1.0.3705; InfoPath.2)"
68.195.232.138 - - [12/Aug/2011:09:11:13 -0700] "GET /images/outlook_signature.jpg HTTP/1.1" 304 - "-" "Mozilla/4.0 (compatible; MSIE 7.0; Windows NT 6.1; WOW64; Trident/4.0; SLCC2; .NET CLR 2.0.50727; .NET CLR 3.5.30729; .NET CLR 3.0.30729; Media Center PC 6.0; MDDC; IPH 1.1.21.4019)"
74.101.14.122 - - [12/Aug/2011:09:12:10 -0700] "GET /images/outlook_signature.jpg HTTP/1.1" 304 - "-" "Mozilla/4.0 (compatible; MSIE 6.0; Windows NT 5.1; SV1; .NET CLR 1.1.4322; .NET CLR 2.0.50727; .NET CLR 3.0.4506.2152; .NET CLR 3.5.30729; .NET4.0C; .NET4.0E; MSOffice 12)"
68.195.232.138 - - [12/Aug/2011:09:12:25 -0700] "GET /images/outlook_signature.jpg HTTP/1.1" 304 - "-" "Mozilla/4.0 (compatible; MSIE 7.0; Windows NT 5.1; Trident/4.0; .NET CLR 2.0.50727; .NET CLR 3.0.4506.2152; .NET CLR 3.5.30729; .NET CLR 1.1.4322)"
68.195.232.138 - - [12/Aug/2011:09:12:25 -0700] "GET /images/25_facebook.jpg HTTP/1.1" 304 - "-" "Mozilla/4.0 (compatible; MSIE 7.0; Windows NT 5.1; Trident/4.0; .NET CLR 2.0.50727; .NET CLR 3.0.4506.2152; .NET CLR 3.5.30729; .NET CLR 1.1.4322)"
216.254.79.108 - - [12/Aug/2011:09:12:51 -0700] "GET /images/outlook_signature.jpg HTTP/1.1" 304 - "-" "Mozilla/4.0 (compatible; MSIE 7.0; Windows NT 5.1; GTB5; .NET CLR 1.1.4322; .NET CLR 2.0.50727)"
68.195.232.138 - - [12/Aug/2011:09:13:35 -0700] "GET /images/25_facebook.jpg HTTP/1.1" 304 - "-" "Mozilla/4.0 (compatible; MSIE 7.0; Windows NT 6.1; WOW64; Trident/4.0; SLCC2; .NET CLR 2.0.50727; .NET CLR 3.5.30729; .NET CLR 3.0.30729; Media Center PC 6.0; MDDC; IPH 1.1.21.4019)"
216.254.79.108 - - [12/Aug/2011:09:15:52 -0700] "GET /images/outlook_signature.jpg HTTP/1.1" 304 - "-" "Mozilla/4.0 (compatible; MSIE 7.0; Windows NT 5.1; Trident/4.0; GTB7.1; .NET CLR 1.1.4322; .NET CLR 2.0.50727; .NET CLR 3.0.4506.2152; .NET CLR 3.5.30729; InfoPath.1; .NET4.0C)"
216.254.79.108 - - [12/Aug/2011:09:18:17 -0700] "GET /images/25_facebook.jpg HTTP/1.1" 304 - "-" "Mozilla/4.0 (compatible; MSIE 7.0; Windows NT 5.1; Trident/4.0; BTRS86393; .NET CLR 1.0.3705; .NET CLR 2.0.50727; .NET CLR 3.0.4506.2152; .NET CLR 3.5.30729)"
69.127.247.8 - - [12/Aug/2011:09:20:41 -0700] "GET /images/25_twitter.jpg HTTP/1.1" 200 2319 "-" "Mozilla/5.0 (Macintosh; Intel Mac OS X 10_5_8) AppleWebKit/534.50.2 (KHTML, like Gecko) Version/5.0.6 Safari/533.22.3"
69.127.247.8 - - [12/Aug/2011:09:20:42 -0700] "GET /images/25_facebook.jpg HTTP/1.1" 200 2028 "-" "Mozilla/5.0 (Macintosh; Intel Mac OS X 10_5_8) AppleWebKit/534.50.2 (KHTML, like Gecko) Version/5.0.6 Safari/533.22.3"
216.254.79.108 - - [12/Aug/2011:09:21:41 -0700] "GET /images/25_twitter.jpg HTTP/1.1" 304 - "-" "Mozilla/4.0 (compatible; MSIE 6.0; Windows NT 5.1; SV1; GTB7.1; .NET CLR 2.0.50727)"
216.254.79.108 - - [12/Aug/2011:09:23:14 -0700] "GET /images/outlook_signature.jpg HTTP/1.1" 304 - "-" "Mozilla/4.0 (compatible; MSIE 6.0; Windows NT 5.1; SV1; GTB7.1; .NET CLR 2.0.50727)"
216.254.79.108 - - [12/Aug/2011:09:25:18 -0700] "GET /images/outlook_signature.jpg HTTP/1.1" 304 - "-" "Mozilla/4.0 (compatible; MSIE 7.0; Windows NT 5.1; Trident/4.0; .NET CLR 2.0.50727; InfoPath.1; .NET CLR 3.0.4506.2152; .NET CLR 3.5.30729)"
216.254.79.108 - - [12/Aug/2011:09:25:18 -0700] "GET /images/outlook_signature.jpg HTTP/1.1" 304 - "-" "Mozilla/4.0 (compatible; MSIE 7.0; Windows NT 5.1; Trident/4.0; .NET CLR 2.0.50727; InfoPath.1; .NET CLR 3.0.4506.2152; .NET CLR 3.5.30729)"
216.254.79.108 - - [12/Aug/2011:09:25:19 -0700] "GET /images/25_twitter.jpg HTTP/1.1" 304 - "-" "Mozilla/4.0 (compatible; MSIE 7.0; Windows NT 5.1; Trident/4.0; .NET CLR 2.0.50727; InfoPath.1; .NET CLR 3.0.4506.2152; .NET CLR 3.5.30729)"
216.254.79.108 - - [12/Aug/2011:09:25:36 -0700] "GET /images/outlook_signature.jpg HTTP/1.1" 304 - "-" "Mozilla/4.0 (compatible; MSIE 6.0; Windows NT 5.1; SV1; GTB7.1; .NET CLR 2.0.50727)"
