207.46.204.182 - - [09/Aug/2011:00:05:17 -0700] "GET /robots.txt HTTP/1.1" 404 216 "-" "Mozilla/5.0 (compatible; bingbot/2.0; +http://www.bing.com/bingbot.htm)"
208.115.111.67 - - [09/Aug/2011:00:30:27 -0700] "GET /images/about_Img?p=articles HTTP/1.1" 200 75781 "-" "Mozilla/5.0 (compatible; Ezooms/1.0; ezooms.bot@gmail.com)"
208.115.111.67 - - [09/Aug/2011:00:30:29 -0700] "GET /productcatalog/Packaged+Systems/product-segment-router.aspx?s=46 HTTP/1.1" 404 265 "-" "Mozilla/5.0 (compatible; Ezooms/1.0; ezooms.bot@gmail.com)"
109.65.24.111 - - [09/Aug/2011:00:42:34 -0700] "GET /images/buttons/professional.jpg HTTP/1.1" 200 4977 "http://www.comprehensivenet.com/p_ContinuingEd.php" "Mozilla/5.0 (Windows NT 6.1; WOW64; rv:5.0) Gecko/20100101 Firefox/5.0"
109.65.24.111 - - [09/Aug/2011:00:42:35 -0700] "GET /images/buttons/tutoring.jpg HTTP/1.1" 200 5948 "http://www.comprehensivenet.com/p_ContinuingEd.php" "Mozilla/5.0 (Windows NT 6.1; WOW64; rv:5.0) Gecko/20100101 Firefox/5.0"
109.65.24.111 - - [09/Aug/2011:00:42:36 -0700] "GET /images/logos/other_APA.jpg HTTP/1.1" 200 11498 "http://www.comprehensivenet.com/p_ContinuingEd.php" "Mozilla/5.0 (Windows NT 6.1; WOW64; rv:5.0) Gecko/20100101 Firefox/5.0"
109.65.24.111 - - [09/Aug/2011:00:42:40 -0700] "GET /images/buttons/newsletters_on.jpg HTTP/1.1" 200 2692 "http://www.comprehensivenet.com/p_ContinuingEd.php" "Mozilla/5.0 (Windows NT 6.1; WOW64; rv:5.0) Gecko/20100101 Firefox/5.0"
68.4.61.107 - - [09/Aug/2011:00:54:01 -0700] "GET /images/outlook_signature.jpg HTTP/1.1" 200 39193 "http://by166w.bay166.mail.live.com/default.aspx" "Mozilla/5.0 (compatible; MSIE 9.0; Windows NT 6.1; WOW64; Trident/5.0)"
67.195.112.25 - - [09/Aug/2011:00:56:17 -0700] "GET /blog/?p=58 HTTP/1.0" 200 14382 "-" "Mozilla/5.0 (compatible; Yahoo! Slurp; http://help.yahoo.com/help/us/ysearch/slurp)"
207.46.195.224 - - [09/Aug/2011:01:14:15 -0700] "GET /robots.txt HTTP/1.1" 404 216 "-" "Mozilla/5.0 (compatible; bingbot/2.0; +http://www.bing.com/bingbot.htm)"
66.249.68.236 - - [09/Aug/2011:01:17:34 -0700] "GET /images/continuingEd_Img.jpg HTTP/1.1" 200 49291 "-" "Googlebot-Image/1.0"
74.73.230.183 - - [09/Aug/2011:01:42:23 -0700] "GET /JobListings/show_news.php?subaction=showfull&id=1304601788 HTTP/1.1" 200 3972 "http://us.mc1132.mail.yahoo.com/mc/welcome?.gx=1&.tm=1312878447&.rand=6uovl81tan9tj" "Mozilla/5.0 (Macintosh; U; Intel Mac OS X 10_6_8; en-us) AppleWebKit/533.21.1 (KHTML, like Gecko) Version/5.0.5 Safari/533.21.1"
74.73.230.183 - - [09/Aug/2011:01:42:53 -0700] "GET / HTTP/1.1" 200 14389 "http://www.comprehensivenet.com/JobListings/show_news.php?subaction=showfull&id=1304601788" "Mozilla/5.0 (Macintosh; U; Intel Mac OS X 10_6_8; en-us) AppleWebKit/533.21.1 (KHTML, like Gecko) Version/5.0.5 Safari/533.21.1"
74.73.230.183 - - [09/Aug/2011:01:42:55 -0700] "GET /images/buttons/home.jpg HTTP/1.1" 200 1438 "http://www.comprehensivenet.com/" "Mozilla/5.0 (Macintosh; U; Intel Mac OS X 10_6_8; en-us) AppleWebKit/533.21.1 (KHTML, like Gecko) Version/5.0.5 Safari/533.21.1"
74.73.230.183 - - [09/Aug/2011:01:42:55 -0700] "GET /images/buttons/courses.jpg HTTP/1.1" 200 3497 "http://www.comprehensivenet.com/" "Mozilla/5.0 (Macintosh; U; Intel Mac OS X 10_6_8; en-us) AppleWebKit/533.21.1 (KHTML, like Gecko) Version/5.0.5 Safari/533.21.1"
74.73.230.183 - - [09/Aug/2011:01:42:56 -0700] "GET /images/buttons/about_on.jpg HTTP/1.1" 200 2141 "http://www.comprehensivenet.com/" "Mozilla/5.0 (Macintosh; U; Intel Mac OS X 10_6_8; en-us) AppleWebKit/533.21.1 (KHTML, like Gecko) Version/5.0.5 Safari/533.21.1"
82.81.22.240 - - [09/Aug/2011:01:49:56 -0700] "GET /images/25_facebook.jpg HTTP/1.1" 200 2028 "http://newmail.walla.co.il/" "Mozilla/4.0 (compatible; MSIE 7.0; Windows NT 5.1; Trident/4.0; GTB6; Mozilla/4.0 (compatible; MSIE 6.0; Windows NT 5.1; SV1) ; .NET CLR 2.0.50727; .NET CLR 3.0.4506.2152; .NET CLR 3.5.30729)"
98.158.185.105 - - [09/Aug/2011:02:35:05 -0700] "GET /JobListings/show_news.php?subaction=showfull&id=1267736474 HTTP/1.0" 200 5149 "-" "Mozilla/4.0 (compatible; MSIE 7.0; Windows NT 5.1)"
69.113.11.108 - - [09/Aug/2011:02:57:25 -0700] "GET /favicon.ico HTTP/1.1" 200 894 "http://www.comprehensivenet.com/JobListings/show_news.php?subaction=showfull&id=1269304300" "Mozilla/5.0 (Macintosh; U; Intel Mac OS X 10_5_8; en-us) AppleWebKit/533.21.1 (KHTML, like Gecko) Version/5.0.5 Safari/533.21.1"
74.90.216.116 - - [09/Aug/2011:03:49:23 -0700] "GET /images/buttons/home.jpg HTTP/1.1" 200 1438 "http://www.comprehensivenet.com/p_EIPreSchool.php" "Mozilla/4.0 (compatible; MSIE 8.0; Windows NT 5.1; Trident/4.0)"
71.190.200.116 - - [09/Aug/2011:03:53:10 -0700] "GET /JobListings/skins/images/jobListingFooter.jpg HTTP/1.1" 200 12421 "http://www.comprehensivenet.com/JobListings/show_news.php?subaction=showfull&id=1269311864" "Mozilla/5.0 (compatible; MSIE 9.0; Windows NT 6.1; Trident/5.0)"
65.52.109.66 - - [09/Aug/2011:04:04:52 -0700] "GET /contact.php HTTP/1.1" 200 12702 "-" "Mozilla/5.0 (compatible; bingbot/2.0; +http://www.bing.com/bingbot.htm)"
208.115.111.67 - - [09/Aug/2011:04:38:36 -0700] "GET /lawyer/lawyer_dir/search/jsp/profile_viewFirm.jsp?officeUid=5259411&map=1 HTTP/1.1" 404 255 "-" "Mozilla/5.0 (compatible; Ezooms/1.0; ezooms.bot@gmail.com)"
108.117.69.254 - - [09/Aug/2011:04:38:43 -0700] "GET /JobListings/show_news.php?subaction=showfull&id=1268755935 HTTP/1.1" 200 4414 "http://www.getsignlanguageinterpreterjobs.com/critical-need-sign-language-interpreter-jobs.php" "Mozilla/5.0 (Linux; U; Android 2.3.3; en-us; Sprint APA9292KT Build/GRI40) AppleWebKit/533.1 (KHTML, like Gecko) Version/4.0 Mobile Safari/533.1"
108.117.69.254 - - [09/Aug/2011:04:38:44 -0700] "GET /JobListings/skins/images/jobListingHeader.jpg HTTP/1.1" 200 39507 "http://www.comprehensivenet.com/JobListings/show_news.php?subaction=showfull&id=1268755935" "Mozilla/5.0 (Linux; U; Android 2.3.3; en-us; Sprint APA9292KT Build/GRI40) AppleWebKit/533.1 (KHTML, like Gecko) Version/4.0 Mobile Safari/533.1"
74.108.156.235 - - [09/Aug/2011:04:43:35 -0700] "GET /images/buttons/clientsYellow.jpg HTTP/1.1" 200 3222 "http://comprehensivenet.com/c_Tutoring.php" "Mozilla/5.0 (Windows NT 6.1; WOW64; rv:5.0) Gecko/20100101 Firefox/5.0"
74.108.156.235 - - [09/Aug/2011:04:43:36 -0700] "GET /images/tutoring_binetNewsletter.jpg HTTP/1.1" 200 71126 "http://comprehensivenet.com/c_Tutoring.php" "Mozilla/5.0 (Windows NT 6.1; WOW64; rv:5.0) Gecko/20100101 Firefox/5.0"
74.108.156.235 - - [09/Aug/2011:04:43:47 -0700] "GET /c_Tutoring.php/favicon.ico HTTP/1.1" 200 11245 "-" "Mozilla/5.0 (Windows NT 6.1; WOW64; rv:5.0) Gecko/20100101 Firefox/5.0"
74.108.156.235 - - [09/Aug/2011:04:43:55 -0700] "GET /images/25_blog.jpg HTTP/1.1" 200 2060 "http://comprehensivenet.com/contact.php" "Mozilla/5.0 (Windows NT 6.1; WOW64; rv:5.0) Gecko/20100101 Firefox/5.0"
74.108.156.235 - - [09/Aug/2011:04:43:55 -0700] "GET /images/contact_map1.jpg HTTP/1.1" 200 56953 "http://comprehensivenet.com/contact.php" "Mozilla/5.0 (Windows NT 6.1; WOW64; rv:5.0) Gecko/20100101 Firefox/5.0"
74.108.156.235 - - [09/Aug/2011:04:44:06 -0700] "GET /images/buttons/home_on.jpg HTTP/1.1" 200 1637 "http://comprehensivenet.com/contact.php" "Mozilla/5.0 (Windows NT 6.1; WOW64; rv:5.0) Gecko/20100101 Firefox/5.0"
74.108.156.235 - - [09/Aug/2011:04:44:06 -0700] "GET /images/buttons/newsletters_on.jpg HTTP/1.1" 200 2692 "http://comprehensivenet.com/contact.php" "Mozilla/5.0 (Windows NT 6.1; WOW64; rv:5.0) Gecko/20100101 Firefox/5.0"
91.186.253.30 - - [09/Aug/2011:04:52:02 -0700] "GET /JobListings/skins/images/jobListingFooter.jpg HTTP/1.1" 200 12421 "http://www.comprehensivenet.com/JobListings/show_news.php?subaction=showfull&id=1304611453" "Mozilla/5.0 (Windows NT 6.0; rv:5.0) Gecko/20100101 Firefox/5.0"
71.190.226.242 - - [09/Aug/2011:05:04:28 -0700] "GET /images/outlook_signature.jpg HTTP/1.1" 200 39193 "-" "Mozilla/5.0 (iPod; U; CPU iPhone OS 3_1_2 like Mac OS X; en-us) AppleWebKit/528.18 (KHTML, like Gecko)"
68.193.33.228 - - [09/Aug/2011:05:18:40 -0700] "GET /images/25_facebook.jpg HTTP/1.1" 200 2028 "http://36ohk6dgmcd1n.yom.mail.yahoo.net/om/api/1.0/openmail.app.invoke/36ohk6dgmcd1n/4/1.0.35/us/en-US/view.html" "Mozilla/5.0 (Macintosh; U; Intel Mac OS X 10_5_8; en-us) AppleWebKit/530.19.2 (KHTML, like Gecko) Version/4.0.2 Safari/530.19"
81.30.76.204 - - [09/Aug/2011:05:20:57 -0700] "GET /professionals.php?page=p_Nursing HTTP/1.1" 200 11894 "http://www.beaschoolrn.org" "Mozilla/5.0 (Macintosh; U; Intel Mac OS X 10_5_7; nl-nl) AppleWebKit/528.16 (KHTML, like Gecko) Version/4.0 Safari/528.16"
68.197.155.179 - - [09/Aug/2011:05:36:21 -0700] "GET /images/25_twitter.jpg HTTP/1.1" 200 2319 "http://mail.aol.com/34007-311/aol-6/en-us/Suite.aspx" "Mozilla/5.0 (compatible; MSIE 9.0; Windows NT 6.0; Trident/5.0)"
68.195.232.138 - - [09/Aug/2011:05:45:15 -0700] "GET /images/outlook_signature.jpg HTTP/1.1" 304 - "-" "Mozilla/4.0 (compatible; MSIE 7.0; Windows NT 5.1; .NET CLR 2.0.50727; .NET CLR 3.0.4506.2152; .NET CLR 3.5.30729)"
184.82.131.106 - - [09/Aug/2011:05:47:31 -0700] "GET / HTTP/1.1" 200 14395 "-" "Mozilla/5.0 (X11; U; Linux i686; en-US; rv:1.8.1.20) Gecko/20081217 Firefox/2.0.0.20"
157.55.18.12 - - [09/Aug/2011:05:50:28 -0700] "GET /p_EIPreSchool.php HTTP/1.1" 200 11221 "-" "Mozilla/5.0 (compatible; bingbot/2.0; +http://www.bing.com/bingbot.htm)"
74.82.64.160 - - [09/Aug/2011:05:50:38 -0700] "GET /p_EIPreSchool.php HTTP/1.1" 200 11221 "http://www.google.com/search?client=ms-rim&hl=en&q=jobs%20at%20the%20early%20intervention%20brooklyn%20regional%20office&ie=UTF-8&oe=UTF-8&channel=browser" "Mozilla/5.0 (BlackBerry; U; BlackBerry 9700; en-US) AppleWebKit/534.8+ (KHTML, like Gecko) Version/6.0.0.448 Mobile Safari/534.8+"
74.82.64.160 - - [09/Aug/2011:05:50:41 -0700] "GET /images/buttons/newsletters.jpg HTTP/1.1" 200 2378 "http://www.comprehensivenet.com/p_EIPreSchool.php" "Mozilla/5.0 (BlackBerry; U; BlackBerry 9700; en-US) AppleWebKit/534.8+ (KHTML, like Gecko) Version/6.0.0.448 Mobile Safari/534.8+"
74.82.64.160 - - [09/Aug/2011:05:50:41 -0700] "GET /images/buttons/clients.jpg HTTP/1.1" 200 3194 "http://www.comprehensivenet.com/p_EIPreSchool.php" "Mozilla/5.0 (BlackBerry; U; BlackBerry 9700; en-US) AppleWebKit/534.8+ (KHTML, like Gecko) Version/6.0.0.448 Mobile Safari/534.8+"
74.82.64.160 - - [09/Aug/2011:05:50:42 -0700] "GET /images/buttons/interpretation.jpg HTTP/1.1" 200 9675 "http://www.comprehensivenet.com/p_EIPreSchool.php" "Mozilla/5.0 (BlackBerry; U; BlackBerry 9700; en-US) AppleWebKit/534.8+ (KHTML, like Gecko) Version/6.0.0.448 Mobile Safari/534.8+"
74.82.64.160 - - [09/Aug/2011:05:50:44 -0700] "GET /images/buttons/courses_on.jpg HTTP/1.1" 200 4007 "http://www.comprehensivenet.com/p_EIPreSchool.php" "Mozilla/5.0 (BlackBerry; U; BlackBerry 9700; en-US) AppleWebKit/534.8+ (KHTML, like Gecko) Version/6.0.0.448 Mobile Safari/534.8+"
74.82.64.160 - - [09/Aug/2011:05:51:54 -0700] "GET /JobListings/skins/images/jobListingHeader.jpg HTTP/1.1" 200 39507 "http://www.comprehensivenet.com/JobListings/show_news.php?subaction=showfull&id=1302014626&archive=&template=" "Mozilla/5.0 (BlackBerry; U; BlackBerry 9700; en-US) AppleWebKit/534.8+ (KHTML, like Gecko) Version/6.0.0.448 Mobile Safari/534.8+"
216.254.79.108 - - [09/Aug/2011:05:52:54 -0700] "GET /images/25_twitter.jpg HTTP/1.1" 200 2319 "-" "Mozilla/4.0 (compatible; MSIE 7.0; Windows NT 5.1; Trident/4.0; GTB7.1; .NET CLR 1.1.4322; .NET CLR 2.0.50727; .NET CLR 3.0.4506.2152; .NET CLR 3.5.30729; .NET4.0C; InfoPath.1)"
74.82.64.144 - - [09/Aug/2011:05:54:13 -0700] "GET /Scripts/AC_RunActiveContent.js HTTP/1.1" 200 8029 "http://www.comprehensivenet.com/" "Mozilla/5.0 (BlackBerry; U; BlackBerry 9700; en-US) AppleWebKit/534.8+ (KHTML, like Gecko) Version/6.0.0.448 Mobile Safari/534.8+"
24.146.140.22 - - [09/Aug/2011:05:57:49 -0700] "GET /images/25_twitter.jpg HTTP/1.1" 200 2319 "-" "Mozilla/5.0 (iPhone; U; CPU iPhone OS 4_3_3 like Mac OS X; en-us) AppleWebKit/533.17.9 (KHTML, like Gecko)"
184.82.131.106 - - [09/Aug/2011:05:59:54 -0700] "GET / HTTP/1.1" 200 14395 "-" "Mozilla/5.0 (X11; U; Linux i686; en-US; rv:1.8.1.20) Gecko/20081217 Firefox/2.0.0.20"
220.181.94.227 - - [09/Aug/2011:06:00:33 -0700] "GET /robots.txt HTTP/1.1" 404 216 "-" "-"
72.225.166.132 - - [09/Aug/2011:06:05:43 -0700] "GET /images/25_twitter.jpg HTTP/1.1" 200 2319 "http://www.comprehensivenet.com/j_Nurse.php" "Mozilla/5.0 (Macintosh; Intel Mac OS X 10.6; rv:5.0.1) Gecko/20100101 Firefox/5.0.1"
72.225.166.132 - - [09/Aug/2011:06:05:44 -0700] "GET /images/buttons/therapyEval.jpg HTTP/1.1" 200 10385 "http://www.comprehensivenet.com/j_Nurse.php" "Mozilla/5.0 (Macintosh; Intel Mac OS X 10.6; rv:5.0.1) Gecko/20100101 Firefox/5.0.1"
72.225.166.132 - - [09/Aug/2011:06:05:48 -0700] "GET /favicon.ico HTTP/1.1" 200 894 "-" "Mozilla/5.0 (Macintosh; Intel Mac OS X 10.6; rv:5.0.1) Gecko/20100101 Firefox/5.0.1"
96.239.62.21 - - [09/Aug/2011:06:07:26 -0700] "GET /images/outlook_signature.jpg HTTP/1.1" 200 39193 "http://co113w.col113.mail.live.com/mail/InboxLight.aspx?n=1424220901" "Mozilla/5.0 (Windows NT 6.0; rv:5.0) Gecko/20100101 Firefox/5.0"
161.38.221.236 - - [09/Aug/2011:06:17:24 -0700] "GET /images/25_facebook.jpg HTTP/1.1" 200 2028 "http://www.comprehensivenet.com/p_Nursing.php" "Mozilla/5.0 (Windows NT 5.1; rv:2.0) Gecko/20100101 Firefox/4.0"
161.38.221.236 - - [09/Aug/2011:06:17:24 -0700] "GET /images/buttons/newsletters.jpg HTTP/1.1" 200 2378 "http://www.comprehensivenet.com/p_Nursing.php" "Mozilla/5.0 (Windows NT 5.1; rv:2.0) Gecko/20100101 Firefox/4.0"
161.38.221.236 - - [09/Aug/2011:06:17:24 -0700] "GET /images/buttons/tutoring.jpg HTTP/1.1" 200 5948 "http://www.comprehensivenet.com/p_Nursing.php" "Mozilla/5.0 (Windows NT 5.1; rv:2.0) Gecko/20100101 Firefox/4.0"
161.38.221.236 - - [09/Aug/2011:06:17:47 -0700] "GET /images/buttons/about_on.jpg HTTP/1.1" 200 2141 "http://www.comprehensivenet.com/p_Nursing.php" "Mozilla/5.0 (Windows NT 5.1; rv:2.0) Gecko/20100101 Firefox/4.0"
161.38.221.236 - - [09/Aug/2011:06:17:49 -0700] "GET /images/contact_mapLink.jpg HTTP/1.1" 200 8389 "http://www.comprehensivenet.com/contact.php" "Mozilla/5.0 (Windows NT 5.1; rv:2.0) Gecko/20100101 Firefox/4.0"
66.151.103.9 - - [09/Aug/2011:06:17:51 -0700] "GET /JobListings/show_news.php?subaction=showfull&id=1304611453 HTTP/1.1" 200 4372 "-" "Mozilla/4.0 (compatible; MSIE 7.0; Windows NT 5.1; .NET CLR 2.0.50727; .NET CLR 3.0.04506.30; .NET CLR 3.0.04506.648; InfoPath.2)"
161.38.221.236 - - [09/Aug/2011:06:18:21 -0700] "GET /images/newsletters_thumb_opening.jpg HTTP/1.1" 200 21171 "http://www.comprehensivenet.com/newsletters.php" "Mozilla/5.0 (Windows NT 5.1; rv:2.0) Gecko/20100101 Firefox/4.0"
161.38.221.236 - - [09/Aug/2011:06:18:31 -0700] "GET /images/anniversary_link.jpg HTTP/1.1" 200 54060 "http://www.comprehensivenet.com/p_ContinuingEd.php" "Mozilla/5.0 (Windows NT 5.1; rv:2.0) Gecko/20100101 Firefox/4.0"
161.38.221.236 - - [09/Aug/2011:06:18:45 -0700] "GET /images/home_catLinks.jpg HTTP/1.1" 200 90721 "http://www.comprehensivenet.com/index.php" "Mozilla/5.0 (Windows NT 5.1; rv:2.0) Gecko/20100101 Firefox/4.0"
68.195.232.138 - - [09/Aug/2011:06:23:03 -0700] "GET /images/outlook_signature.jpg HTTP/1.1" 304 - "-" "Mozilla/4.0 (compatible; MSIE 7.0; Windows NT 5.1; GTB7.1; .NET CLR 1.1.4322; .NET CLR 2.0.50727; .NET CLR 1.0.3705; .NET CLR 3.0.04506.30; .NET CLR 3.0.04506.648; .NET CLR 3.0.4506.2152; .NET CLR 3.5.30729; IPH 1.1.21.4019)"
216.254.79.108 - - [09/Aug/2011:06:24:59 -0700] "GET /images/25_facebook.jpg HTTP/1.1" 304 - "-" "Mozilla/4.0 (compatible; MSIE 7.0; Windows NT 5.1; Trident/4.0; GTB7.1; .NET CLR 1.1.4322; .NET CLR 2.0.50727; .NET CLR 3.0.4506.2152; .NET CLR 3.5.30729; InfoPath.1)"
216.254.79.108 - - [09/Aug/2011:06:25:04 -0700] "GET /images/25_facebook.jpg HTTP/1.1" 304 - "-" "Mozilla/4.0 (compatible; MSIE 7.0; Windows NT 5.1; GTB7.1; .NET CLR 1.1.4322; .NET CLR 2.0.50727; Hotbar 10.2.236.0)"
146.95.11.26 - - [09/Aug/2011:06:25:43 -0700] "GET /JobListings/skins/images/jobListingHeader.jpg HTTP/1.1" 200 39507 "http://www.comprehensivenet.com/JobListings/show_news.php?subaction=showfull&id=1302014626" "Mozilla/5.0 (Windows NT 5.1; rv:5.0) Gecko/20100101 Firefox/5.0"
216.254.79.108 - - [09/Aug/2011:06:39:08 -0700] "GET /images/25_twitter.jpg HTTP/1.1" 304 - "-" "Mozilla/4.0 (compatible; MSIE 7.0; Windows NT 5.1; Trident/4.0; GTB7.1; .NET CLR 1.1.4322; .NET CLR 2.0.50727; .NET CLR 3.0.4506.2152; .NET CLR 3.5.30729; InfoPath.1)"
71.190.154.205 - - [09/Aug/2011:06:41:56 -0700] "GET /images/buttons/homeYellow.jpg HTTP/1.1" 200 1827 "http://www.comprehensivenet.com/c_Nursing.php" "Mozilla/4.0 (compatible; MSIE 8.0; Windows NT 6.1; WOW64; Trident/4.0; GTB7.1; SLCC2; .NET CLR 2.0.50727; .NET CLR 3.5.30729; .NET CLR 3.0.30729; Media Center PC 6.0; MDDC; .NET4.0C; BRI/1)"
71.190.154.205 - - [09/Aug/2011:06:41:56 -0700] "GET /images/buttons/interpretation_Y.jpg HTTP/1.1" 200 10122 "http://www.comprehensivenet.com/c_Nursing.php" "Mozilla/4.0 (compatible; MSIE 8.0; Windows NT 6.1; WOW64; Trident/4.0; GTB7.1; SLCC2; .NET CLR 2.0.50727; .NET CLR 3.5.30729; .NET CLR 3.0.30729; Media Center PC 6.0; MDDC; .NET4.0C; BRI/1)"
71.190.154.205 - - [09/Aug/2011:06:41:56 -0700] "GET /images/nursing_Img.jpg HTTP/1.1" 200 52563 "http://www.comprehensivenet.com/c_Nursing.php" "Mozilla/4.0 (compatible; MSIE 8.0; Windows NT 6.1; WOW64; Trident/4.0; GTB7.1; SLCC2; .NET CLR 2.0.50727; .NET CLR 3.5.30729; .NET CLR 3.0.30729; Media Center PC 6.0; MDDC; .NET4.0C; BRI/1)"
71.190.154.205 - - [09/Aug/2011:06:42:08 -0700] "GET /p_EIPreSchool.php HTTP/1.1" 200 11215 "http://www.google.com/url?sa=t&source=web&cd=3&ved=0CDMQFjAC&url=http%3A%2F%2Fwww.comprehensivenet.com%2Fp_EIPreSchool.php&rct=j&q=comprehensive%20net%20employment%20agency&ei=HjlBTuO2Acy3twem8rTFCQ&usg=AFQjCNG4TUeTciIG7F6pa4wTQPOYP-s7MA" "Mozilla/4.0 (compatible; MSIE 8.0; Windows NT 6.1; WOW64; Trident/4.0; GTB7.1; SLCC2; .NET CLR 2.0.50727; .NET CLR 3.5.30729; .NET CLR 3.0.30729; Media Center PC 6.0; MDDC; .NET4.0C; BRI/1)"
71.190.154.205 - - [09/Aug/2011:06:42:08 -0700] "GET /images/buttons/about.jpg HTTP/1.1" 200 1869 "http://www.comprehensivenet.com/p_EIPreSchool.php" "Mozilla/4.0 (compatible; MSIE 8.0; Windows NT 6.1; WOW64; Trident/4.0; GTB7.1; SLCC2; .NET CLR 2.0.50727; .NET CLR 3.5.30729; .NET CLR 3.0.30729; Media Center PC 6.0; MDDC; .NET4.0C; BRI/1)"
71.190.154.205 - - [09/Aug/2011:06:42:10 -0700] "GET /images/buttons/contact_on.jpg HTTP/1.1" 200 2631 "http://www.comprehensivenet.com/p_EIPreSchool.php" "Mozilla/4.0 (compatible; MSIE 8.0; Windows NT 6.1; WOW64; Trident/4.0; GTB7.1; SLCC2; .NET CLR 2.0.50727; .NET CLR 3.5.30729; .NET CLR 3.0.30729; Media Center PC 6.0; MDDC; .NET4.0C; BRI/1)"
216.254.79.108 - - [09/Aug/2011:06:44:17 -0700] "GET /images/25_facebook.jpg HTTP/1.1" 304 - "-" "Mozilla/4.0 (compatible; MSIE 7.0; Windows NT 5.1; Trident/4.0; GTB7.1; .NET CLR 1.1.4322; .NET CLR 2.0.50727; .NET CLR 3.0.4506.2152; .NET CLR 3.5.30729; InfoPath.1)"
216.254.79.108 - - [09/Aug/2011:06:44:18 -0700] "GET /images/25_twitter.jpg HTTP/1.1" 304 - "-" "Mozilla/4.0 (compatible; MSIE 7.0; Windows NT 5.1; Trident/4.0; GTB7.1; .NET CLR 1.1.4322; .NET CLR 2.0.50727; .NET CLR 3.0.4506.2152; .NET CLR 3.5.30729; InfoPath.1)"
107.57.88.134 - - [09/Aug/2011:06:44:43 -0700] "GET /images/25_facebook.jpg HTTP/1.1" 200 2028 "http://www.comprehensivenet.com/j_SpeechPathologist.php" "Mozilla/5.0 (Linux; U; Android 2.2.1; en-us; SPH-D700 Build/FROYO) AppleWebKit/533.1 (KHTML, like Gecko) Version/4.0 Mobile Safari/533.1"
107.57.88.134 - - [09/Aug/2011:06:44:44 -0700] "GET /images/buttons/interpretation.jpg HTTP/1.1" 200 9675 "http://www.comprehensivenet.com/j_SpeechPathologist.php" "Mozilla/5.0 (Linux; U; Android 2.2.1; en-us; SPH-D700 Build/FROYO) AppleWebKit/533.1 (KHTML, like Gecko) Version/4.0 Mobile Safari/533.1"
107.57.88.134 - - [09/Aug/2011:06:44:44 -0700] "GET /images/buttons/continuingEd.jpg HTTP/1.1" 200 8472 "http://www.comprehensivenet.com/j_SpeechPathologist.php" "Mozilla/5.0 (Linux; U; Android 2.2.1; en-us; SPH-D700 Build/FROYO) AppleWebKit/533.1 (KHTML, like Gecko) Version/4.0 Mobile Safari/533.1"
69.117.62.237 - - [09/Aug/2011:06:49:31 -0700] "GET /images/25_facebook.jpg HTTP/1.1" 200 2028 "-" "Mozilla/5.0 (compatible; MSIE 9.0; Windows NT 6.1; Trident/5.0)"
216.254.79.108 - - [09/Aug/2011:06:49:39 -0700] "GET /images/25_facebook.jpg HTTP/1.1" 304 - "-" "Mozilla/4.0 (compatible; MSIE 7.0; Windows NT 5.1; Trident/4.0; GTB7.0; FunWebProducts; .NET CLR 1.1.4322; .NET CLR 2.0.50727; InfoPath.1; .NET CLR 3.0.4506.2152; .NET CLR 3.5.30729; FunWebProducts)"
216.254.79.108 - - [09/Aug/2011:06:49:40 -0700] "GET /images/25_twitter.jpg HTTP/1.1" 304 - "-" "Mozilla/4.0 (compatible; MSIE 7.0; Windows NT 5.1; Trident/4.0; GTB7.0; FunWebProducts; .NET CLR 1.1.4322; .NET CLR 2.0.50727; InfoPath.1; .NET CLR 3.0.4506.2152; .NET CLR 3.5.30729; FunWebProducts)"
216.254.79.108 - - [09/Aug/2011:06:49:50 -0700] "GET /images/25_twitter.jpg HTTP/1.1" 304 - "-" "Mozilla/4.0 (compatible; MSIE 7.0; Windows NT 5.1; Trident/4.0; FunWebProducts; GTB7.1; .NET CLR 1.1.4322; .NET CLR 2.0.50727; .NET CLR 3.0.4506.2152; .NET CLR 3.5.30729; .NET4.0C; .NET4.0E; FunWebProducts)"
216.254.79.108 - - [09/Aug/2011:06:54:58 -0700] "GET /images/outlook_signature.jpg HTTP/1.1" 304 - "-" "Mozilla/4.0 (compatible; MSIE 7.0; Windows NT 5.1; Trident/4.0; GTB7.0; FunWebProducts; .NET CLR 1.1.4322; .NET CLR 2.0.50727; InfoPath.1; .NET CLR 3.0.4506.2152; .NET CLR 3.5.30729; FunWebProducts)"
216.254.79.108 - - [09/Aug/2011:06:54:58 -0700] "GET /images/outlook_signature.jpg HTTP/1.1" 304 - "-" "Mozilla/4.0 (compatible; MSIE 7.0; Windows NT 5.1; Trident/4.0; GTB7.0; FunWebProducts; .NET CLR 1.1.4322; .NET CLR 2.0.50727; InfoPath.1; .NET CLR 3.0.4506.2152; .NET CLR 3.5.30729; FunWebProducts)"
216.254.79.108 - - [09/Aug/2011:06:55:26 -0700] "GET /images/25_twitter.jpg HTTP/1.1" 304 - "-" "Mozilla/4.0 (compatible; MSIE 7.0; Windows NT 5.1; Trident/4.0; GTB7.0; FunWebProducts; .NET CLR 1.1.4322; .NET CLR 2.0.50727; InfoPath.1; .NET CLR 3.0.4506.2152; .NET CLR 3.5.30729; FunWebProducts)"
216.254.79.108 - - [09/Aug/2011:06:56:33 -0700] "GET /images/outlook_signature.jpg HTTP/1.1" 304 - "-" "Mozilla/4.0 (compatible; MSIE 7.0; Windows NT 5.1; Trident/4.0; GTB7.0; FunWebProducts; .NET CLR 1.1.4322; .NET CLR 2.0.50727; InfoPath.1; .NET CLR 3.0.4506.2152; .NET CLR 3.5.30729; FunWebProducts)"
216.254.79.108 - - [09/Aug/2011:06:56:35 -0700] "GET /images/outlook_signature.jpg HTTP/1.1" 304 - "-" "Mozilla/4.0 (compatible; MSIE 7.0; Windows NT 5.1; Trident/4.0; GTB7.0; FunWebProducts; .NET CLR 1.1.4322; .NET CLR 2.0.50727; InfoPath.1; .NET CLR 3.0.4506.2152; .NET CLR 3.5.30729; FunWebProducts)"
184.82.131.106 - - [09/Aug/2011:06:57:08 -0700] "GET / HTTP/1.1" 200 14389 "-" "Mozilla/5.0 (X11; U; Linux i686; en-US; rv:1.8.1.20) Gecko/20081217 Firefox/2.0.0.20"
216.254.79.108 - - [09/Aug/2011:06:59:01 -0700] "GET /images/25_twitter.jpg HTTP/1.1" 304 - "-" "Mozilla/4.0 (compatible; MSIE 7.0; Windows NT 5.1; Trident/4.0; GTB7.1; .NET CLR 1.1.4322; .NET CLR 2.0.50727; .NET CLR 3.0.4506.2152; .NET CLR 3.5.30729; InfoPath.1)"
216.254.79.108 - - [09/Aug/2011:07:07:03 -0700] "GET /images/outlook_signature.jpg HTTP/1.1" 304 - "-" "Mozilla/4.0 (compatible; MSIE 6.0; Windows NT 5.1; SV1; GTB7.1; .NET CLR 2.0.50727)"
98.113.30.119 - - [09/Aug/2011:07:09:23 -0700] "GET /images/buttons/courses.jpg HTTP/1.1" 200 3497 "http://www.comprehensivenet.com/p_EIPreSchool.php" "Mozilla/5.0 (Macintosh; U; Intel Mac OS X 10_6_8; en-us) AppleWebKit/533.21.1 (KHTML, like Gecko) Version/5.0.5 Safari/533.21.1"
98.113.30.119 - - [09/Aug/2011:07:09:23 -0700] "GET /images/buttons/about.jpg HTTP/1.1" 200 1869 "http://www.comprehensivenet.com/p_EIPreSchool.php" "Mozilla/5.0 (Macintosh; U; Intel Mac OS X 10_6_8; en-us) AppleWebKit/533.21.1 (KHTML, like Gecko) Version/5.0.5 Safari/533.21.1"
98.113.30.119 - - [09/Aug/2011:07:09:24 -0700] "GET /images/buttons/nursing.jpg HTTP/1.1" 200 5819 "http://www.comprehensivenet.com/p_EIPreSchool.php" "Mozilla/5.0 (Macintosh; U; Intel Mac OS X 10_6_8; en-us) AppleWebKit/533.21.1 (KHTML, like Gecko) Version/5.0.5 Safari/533.21.1"
98.113.30.119 - - [09/Aug/2011:07:10:18 -0700] "GET /p_Tutoring.php HTTP/1.1" 200 11194 "http://www.comprehensivenet.com/j_SpecialEducator.php" "Mozilla/5.0 (Macintosh; U; Intel Mac OS X 10_6_8; en-us) AppleWebKit/533.21.1 (KHTML, like Gecko) Version/5.0.5 Safari/533.21.1"
98.113.30.119 - - [09/Aug/2011:07:10:22 -0700] "GET /p_EIPreSchool.php HTTP/1.1" 200 11221 "http://www.google.com/url?sa=t&source=web&cd=10&sqi=2&ved=0CGoQFjAJ&url=http%3A%2F%2Fwww.comprehensivenet.com%2Fp_EIPreSchool.php&rct=j&q=nyc%20early%20intervention&ei=NT5BTqSfIIaftwf96r3FCQ&usg=AFQjCNG4TUeTciIG7F6pa4wTQPOYP-s7MA" "Mozilla/5.0 (Macintosh; U; Intel Mac OS X 10_6_8; en-us) AppleWebKit/533.21.1 (KHTML, like Gecko) Version/5.0.5 Safari/533.21.1"
216.254.79.108 - - [09/Aug/2011:07:10:30 -0700] "GET /images/25_twitter.jpg HTTP/1.1" 304 - "-" "Mozilla/4.0 (compatible; MSIE 6.0; Windows NT 5.1; SV1; Mozilla/4.0 (compatible; MSIE 6.0; Windows NT 5.1; SV1) ;  Embedded Web Browser from: http://bsalsa.com/; .NET CLR 1.1.4322; .NET CLR 2.0.50727; .NET CLR 3.0.04506.30; .NET CLR 3.0.4506.2152; .NET CLR 3.5.30729; MDDR)"
68.195.232.138 - - [09/Aug/2011:07:10:39 -0700] "GET /images/25_facebook.jpg HTTP/1.1" 304 - "-" "Mozilla/4.0 (compatible; MSIE 7.0; Windows NT 5.1; MRSPUTNIK 2, 3, 0, 104; GTB6.6; .NET CLR 1.1.4322; .NET CLR 2.0.50727; .NET CLR 1.0.3705; .NET CLR 3.0.04506.30; .NET CLR 3.0.04506.648; .NET CLR 3.0.4506.2152; .NET CLR 3.5.30729; IPH 1.1.21.4019)"
68.195.232.138 - - [09/Aug/2011:07:10:44 -0700] "GET /images/outlook_signature.jpg HTTP/1.1" 304 - "-" "Mozilla/4.0 (compatible; MSIE 7.0; Windows NT 5.1; MRSPUTNIK 2, 3, 0, 104; GTB6.6; .NET CLR 1.1.4322; .NET CLR 2.0.50727; .NET CLR 1.0.3705; .NET CLR 3.0.04506.30; .NET CLR 3.0.04506.648; .NET CLR 3.0.4506.2152; .NET CLR 3.5.30729; IPH 1.1.21.4019)"
72.89.88.130 - - [09/Aug/2011:07:11:07 -0700] "GET /images/buttons/interpretation.jpg HTTP/1.1" 200 9675 "http://www.comprehensivenet.com/p_EIPreSchool.php" "Mozilla/5.0 (Windows; U; Windows NT 5.1; en-US; rv:1.9.1.19) Gecko/20110420 Firefox/3.5.19 (.NET CLR 3.5.30729)"
72.89.88.130 - - [09/Aug/2011:07:11:07 -0700] "GET /images/EI_Img.jpg HTTP/1.1" 200 38914 "http://www.comprehensivenet.com/p_EIPreSchool.php" "Mozilla/5.0 (Windows; U; Windows NT 5.1; en-US; rv:1.9.1.19) Gecko/20110420 Firefox/3.5.19 (.NET CLR 3.5.30729)"
72.89.88.130 - - [09/Aug/2011:07:11:09 -0700] "GET /images/buttons/newsletters_on.jpg HTTP/1.1" 200 2692 "http://www.comprehensivenet.com/p_EIPreSchool.php" "Mozilla/5.0 (Windows; U; Windows NT 5.1; en-US; rv:1.9.1.19) Gecko/20110420 Firefox/3.5.19 (.NET CLR 3.5.30729)"
208.252.25.30 - - [09/Aug/2011:07:12:32 -0700] "GET /images/buttons/Advantage.jpg HTTP/1.1" 200 21282 "http://www.comprehensivenet.com/p_EIPreSchool.php" "Mozilla/5.0 (Windows; U; Windows NT 5.1; en-US) AppleWebKit/534.16 (KHTML, like Gecko) Chrome/10.0.648.151 Safari/534.16"
199.173.226.236 - - [09/Aug/2011:07:15:41 -0700] "GET /images/25_twitter.jpg HTTP/1.1" 200 2319 "http://sn126w.snt126.mail.live.com/default.aspx?rru=inbox" "Mozilla/4.0 (compatible; MSIE 7.0; Windows NT 6.0; SLCC1; .NET CLR 2.0.50727; InfoPath.2; .NET CLR 1.1.4322; .NET CLR 3.0.30729; .NET CLR 3.5.30729; .NET4.0C; MS-RTC LM 8)"
173.52.247.241 - - [09/Aug/2011:07:16:09 -0700] "GET /images/buttons/courses.jpg HTTP/1.1" 200 3497 "http://www.comprehensivenet.com/p_Nursing.php" "Mozilla/5.0 (Windows NT 5.1; rv:5.0) Gecko/20100101 Firefox/5.0"
173.52.247.241 - - [09/Aug/2011:07:16:09 -0700] "GET /images/25_twitter.jpg HTTP/1.1" 200 2319 "http://www.comprehensivenet.com/p_Nursing.php" "Mozilla/5.0 (Windows NT 5.1; rv:5.0) Gecko/20100101 Firefox/5.0"
38.96.213.93 - - [09/Aug/2011:07:16:10 -0700] "GET /images/25_twitter.jpg HTTP/1.0" 200 2319 "http://www.comprehensivenet.com/about.php" "Mozilla/4.0 (compatible; MSIE 8.0; Windows NT 5.1; Trident/4.0; .NET CLR 2.0.50727; .NET CLR 3.0.4506.2152; .NET CLR 3.5.30729; CMDTDF; .NET CLR 1.1.4322; .NET4.0C; .NET4.0E; InfoPath.2)"
38.96.213.93 - - [09/Aug/2011:07:16:11 -0700] "GET /flash/Header.swf HTTP/1.0" 200 251972 "http://www.comprehensivenet.com/about.php" "Mozilla/4.0 (compatible; MSIE 8.0; Windows NT 5.1; Trident/4.0; .NET CLR 2.0.50727; .NET CLR 3.0.4506.2152; .NET CLR 3.5.30729; CMDTDF; .NET CLR 1.1.4322; .NET4.0C; .NET4.0E; InfoPath.2)"
173.52.247.241 - - [09/Aug/2011:07:16:12 -0700] "GET /Corona_Skin_1.swf HTTP/1.1" 200 12497 "-" "Mozilla/5.0 (Windows NT 5.1; rv:5.0) Gecko/20100101 Firefox/5.0"
216.254.79.108 - - [09/Aug/2011:07:16:31 -0700] "GET /flash/Header.swf HTTP/1.1" 200 163840 "http://www.comprehensivenet.com/" "Mozilla/5.0 (Macintosh; U; Intel Mac OS X 10.6; en-US; rv:1.9.2.19) Gecko/20110707 Firefox/3.6.19"
173.52.247.241 - - [09/Aug/2011:07:16:43 -0700] "GET /images/buttons/about_on.jpg HTTP/1.1" 200 2141 "http://www.comprehensivenet.com/p_JobListings.php" "Mozilla/5.0 (Windows NT 5.1; rv:5.0) Gecko/20100101 Firefox/5.0"
216.254.79.108 - - [09/Aug/2011:07:17:48 -0700] "GET /images/outlook_signature.jpg HTTP/1.1" 304 - "-" "Mozilla/4.0 (compatible; MSIE 6.0; Windows NT 5.1; SV1; GTB7.1; .NET CLR 2.0.50727)"
146.96.34.149 - - [09/Aug/2011:07:17:49 -0700] "GET /JobListings/skins/images/jobListingFooter.jpg HTTP/1.1" 304 - "http://www.comprehensivenet.com/JobListings/show_news.php?subaction=showfull&id=1304601788" "Mozilla/4.0 (compatible; MSIE 8.0; Windows NT 6.1; Trident/4.0; SLCC2; .NET CLR 2.0.50727; .NET CLR 3.5.30729; .NET CLR 3.0.30729; Media Center PC 6.0; .NET4.0C; InfoPath.3)"
216.254.79.108 - - [09/Aug/2011:07:21:47 -0700] "GET /images/25_facebook.jpg HTTP/1.1" 304 - "-" "Mozilla/4.0 (compatible; MSIE 7.0; Windows NT 5.1; Trident/4.0; GTB7.1; .NET CLR 1.1.4322; .NET CLR 2.0.50727; .NET CLR 3.0.4506.2152; .NET CLR 3.5.30729; InfoPath.1)"
96.242.169.68 - - [09/Aug/2011:07:21:48 -0700] "GET /JobListings/skins/images/jobListingHeader.jpg HTTP/1.1" 200 39507 "http://www.comprehensivenet.com/JobListings/show_news.php?subaction=showfull&id=1269304439" "Mozilla/4.0 (compatible; MSIE 8.0; Windows NT 6.1; WOW64; Trident/4.0; GTB7.1; SLCC2; .NET CLR 2.0.50727; .NET CLR 3.5.30729; .NET CLR 3.0.30729; Media Center PC 6.0; .NET4.0C)"
216.254.79.108 - - [09/Aug/2011:07:25:41 -0700] "GET /images/25_twitter.jpg HTTP/1.1" 304 - "-" "Mozilla/4.0 (compatible; MSIE 7.0; Windows NT 5.1; Trident/4.0; GTB7.1; .NET CLR 1.1.4322; .NET CLR 2.0.50727; .NET CLR 3.0.4506.2152; .NET CLR 3.5.30729; InfoPath.1)"
216.254.79.108 - - [09/Aug/2011:07:25:42 -0700] "GET /images/25_facebook.jpg HTTP/1.1" 304 - "-" "Mozilla/4.0 (compatible; MSIE 7.0; Windows NT 5.1; Trident/4.0; GTB7.1; .NET CLR 1.1.4322; .NET CLR 2.0.50727; .NET CLR 3.0.4506.2152; .NET CLR 3.5.30729; InfoPath.1)"
216.254.79.108 - - [09/Aug/2011:07:28:00 -0700] "GET /images/25_twitter.jpg HTTP/1.1" 304 - "-" "Mozilla/4.0 (compatible; MSIE 6.0; Windows NT 5.1; SV1; Mozilla/4.0 (compatible; MSIE 6.0; Windows NT 5.1; SV1) ;  Embedded Web Browser from: http://bsalsa.com/; .NET CLR 1.1.4322; .NET CLR 2.0.50727; .NET CLR 3.0.04506.30; .NET CLR 3.0.4506.2152; .NET CLR 3.5.30729; MDDR)"
216.254.79.108 - - [09/Aug/2011:07:28:40 -0700] "GET /images/outlook_signature.jpg HTTP/1.1" 304 - "-" "Mozilla/4.0 (compatible; MSIE 7.0; Windows NT 5.1; Trident/4.0; BTRS86393; .NET CLR 1.0.3705; .NET CLR 2.0.50727; .NET CLR 3.0.4506.2152; .NET CLR 3.5.30729)"
216.254.79.108 - - [09/Aug/2011:07:28:41 -0700] "GET /images/25_facebook.jpg HTTP/1.1" 304 - "-" "Mozilla/4.0 (compatible; MSIE 7.0; Windows NT 5.1; Trident/4.0; BTRS86393; .NET CLR 1.0.3705; .NET CLR 2.0.50727; .NET CLR 3.0.4506.2152; .NET CLR 3.5.30729)"
216.254.79.108 - - [09/Aug/2011:07:28:44 -0700] "GET /images/25_facebook.jpg HTTP/1.1" 304 - "-" "Mozilla/4.0 (compatible; MSIE 7.0; Windows NT 5.1; Trident/4.0; BTRS86393; .NET CLR 1.0.3705; .NET CLR 2.0.50727; .NET CLR 3.0.4506.2152; .NET CLR 3.5.30729)"
216.254.79.108 - - [09/Aug/2011:07:29:14 -0700] "GET /images/25_facebook.jpg HTTP/1.1" 304 - "-" "Mozilla/4.0 (compatible; MSIE 7.0; Windows NT 5.1; Trident/4.0; GTB7.0; FunWebProducts; .NET CLR 1.1.4322; .NET CLR 2.0.50727; InfoPath.1; .NET CLR 3.0.4506.2152; .NET CLR 3.5.30729; FunWebProducts)"
74.64.10.235 - - [09/Aug/2011:07:32:30 -0700] "GET /ComprehensiveStyles.css HTTP/1.1" 200 1472 "http://www.comprehensivenet.com/" "Mozilla/5.0 (Windows NT 6.1; rv:5.0) Gecko/20100101 Firefox/5.0"
74.125.44.83 - - [09/Aug/2011:07:32:56 -0700] "GET /images/buttons/Advantage.jpg HTTP/1.1" 200 21282 "http://www.comprehensivenet.com/p_Nursing.php" "Mozilla/5.0 (X11; Linux x86_64) AppleWebKit/534.24 (KHTML, like Gecko; Google Web Preview) Chrome/11.0.696 Safari/534.24"
74.125.75.20 - - [09/Aug/2011:07:32:56 -0700] "GET /images/nurses_week.jpg HTTP/1.1" 200 27966 "http://www.comprehensivenet.com/p_Nursing.php" "Mozilla/5.0 (X11; Linux x86_64) AppleWebKit/534.24 (KHTML, like Gecko; Google Web Preview) Chrome/11.0.696 Safari/534.24"
74.64.10.235 - - [09/Aug/2011:07:33:13 -0700] "GET /images/contact_map1.jpg HTTP/1.1" 200 56953 "http://www.comprehensivenet.com/contact.php" "Mozilla/5.0 (Windows NT 6.1; rv:5.0) Gecko/20100101 Firefox/5.0"
74.64.10.235 - - [09/Aug/2011:07:34:10 -0700] "GET /clients.php HTTP/1.1" 200 8744 "http://www.comprehensivenet.com/contact.php" "Mozilla/5.0 (Windows NT 6.1; rv:5.0) Gecko/20100101 Firefox/5.0"
74.64.10.235 - - [09/Aug/2011:07:34:10 -0700] "GET /images/buttons/nursing_Y.jpg HTTP/1.1" 200 5930 "http://www.comprehensivenet.com/clients.php" "Mozilla/5.0 (Windows NT 6.1; rv:5.0) Gecko/20100101 Firefox/5.0"
216.254.79.108 - - [09/Aug/2011:07:34:15 -0700] "GET /images/25_twitter.jpg HTTP/1.1" 304 - "-" "Mozilla/4.0 (compatible; MSIE 7.0; Windows NT 5.1; Trident/4.0; BTRS86393; .NET CLR 1.0.3705; .NET CLR 2.0.50727; .NET CLR 3.0.4506.2152; .NET CLR 3.5.30729)"
216.254.79.108 - - [09/Aug/2011:07:34:15 -0700] "GET /images/25_twitter.jpg HTTP/1.1" 304 - "-" "Mozilla/4.0 (compatible; MSIE 7.0; Windows NT 5.1; Trident/4.0; BTRS86393; .NET CLR 1.0.3705; .NET CLR 2.0.50727; .NET CLR 3.0.4506.2152; .NET CLR 3.5.30729)"
74.64.10.235 - - [09/Aug/2011:07:35:18 -0700] "GET /professionals.php HTTP/1.1" 200 11888 "http://www.comprehensivenet.com/c_Tutoring.php" "Mozilla/5.0 (Windows NT 6.1; rv:5.0) Gecko/20100101 Firefox/5.0"
74.64.10.235 - - [09/Aug/2011:07:35:23 -0700] "GET /images/professionals_Img.jpg HTTP/1.1" 200 48016 "http://www.comprehensivenet.com/professionals.php" "Mozilla/5.0 (Windows NT 6.1; rv:5.0) Gecko/20100101 Firefox/5.0"
74.64.10.235 - - [09/Aug/2011:07:35:47 -0700] "GET /j_Psychologist.php HTTP/1.1" 200 26290 "http://www.comprehensivenet.com/p_JobListings.php" "Mozilla/5.0 (Windows NT 6.1; rv:5.0) Gecko/20100101 Firefox/5.0"
74.64.10.235 - - [09/Aug/2011:07:36:34 -0700] "GET /JobListings/skins/images/jobListingFooter.jpg HTTP/1.1" 200 12421 "http://www.comprehensivenet.com/JobListings/show_news.php?subaction=showfull&id=1285171594&archive=&template=" "Mozilla/5.0 (Windows NT 6.1; rv:5.0) Gecko/20100101 Firefox/5.0"
68.198.161.168 - - [09/Aug/2011:07:37:07 -0700] "GET /images/25_facebook.jpg HTTP/1.1" 200 2028 "-" "Mozilla/4.0 (compatible; MSIE 7.0; Windows NT 5.1; Trident/4.0; SearchToolbar 1.1; FunWebProducts; GTB7.1; .NET CLR 1.1.4322; .NET CLR 2.0.50727; .NET CLR 3.0.4506.2152; .NET CLR 3.5.30729; BRI/2; .NET4.0C; FunWebProducts; AskTbFWV5/5.9.1.14019; MSOffice 12)"
68.198.161.168 - - [09/Aug/2011:07:37:33 -0700] "GET /images/25_facebook.jpg HTTP/1.1" 304 - "-" "Mozilla/4.0 (compatible; MSIE 7.0; Windows NT 5.1; Trident/4.0; SearchToolbar 1.1; FunWebProducts; GTB7.1; .NET CLR 1.1.4322; .NET CLR 2.0.50727; .NET CLR 3.0.4506.2152; .NET CLR 3.5.30729; BRI/2; .NET4.0C; FunWebProducts; AskTbFWV5/5.9.1.14019; MSOffice 12)"
74.64.10.235 - - [09/Aug/2011:07:42:38 -0700] "GET /j_MentalHealth.php HTTP/1.1" 200 29433 "http://www.comprehensivenet.com/j_Administrative.php" "Mozilla/5.0 (Windows NT 6.1; rv:5.0) Gecko/20100101 Firefox/5.0"
74.64.10.235 - - [09/Aug/2011:07:42:55 -0700] "GET /j_CFY.php HTTP/1.1" 200 29402 "http://www.comprehensivenet.com/j_MentalHealth.php" "Mozilla/5.0 (Windows NT 6.1; rv:5.0) Gecko/20100101 Firefox/5.0"
108.46.47.62 - - [09/Aug/2011:07:43:00 -0700] "GET /Scripts/AC_RunActiveContent.js HTTP/1.1" 200 8029 "http://www.comprehensivenet.com/p_Nursing.php" "Mozilla/4.0 (compatible; MSIE 8.0; Windows NT 6.1; WOW64; Trident/4.0; GTB7.1; SLCC2; .NET CLR 2.0.50727; .NET CLR 3.5.30729; .NET CLR 3.0.30729; Media Center PC 6.0; .NET4.0C)"
108.46.47.62 - - [09/Aug/2011:07:43:02 -0700] "GET /images/buttons/Advantage.jpg HTTP/1.1" 200 21282 "http://www.comprehensivenet.com/p_Nursing.php" "Mozilla/4.0 (compatible; MSIE 8.0; Windows NT 6.1; WOW64; Trident/4.0; GTB7.1; SLCC2; .NET CLR 2.0.50727; .NET CLR 3.5.30729; .NET CLR 3.0.30729; Media Center PC 6.0; .NET4.0C)"
108.46.47.62 - - [09/Aug/2011:07:43:05 -0700] "GET /favicon.ico HTTP/1.1" 200 894 "-" "Mozilla/4.0 (compatible; MSIE 8.0; Windows NT 6.1; WOW64; Trident/4.0; GTB7.1; SLCC2; .NET CLR 2.0.50727; .NET CLR 3.5.30729; .NET CLR 3.0.30729; Media Center PC 6.0; .NET4.0C)"
108.46.47.62 - - [09/Aug/2011:07:43:11 -0700] "GET /images/buttons/newsletters_on.jpg HTTP/1.1" 200 2692 "http://www.comprehensivenet.com/p_Nursing.php" "Mozilla/4.0 (compatible; MSIE 8.0; Windows NT 6.1; WOW64; Trident/4.0; GTB7.1; SLCC2; .NET CLR 2.0.50727; .NET CLR 3.5.30729; .NET CLR 3.0.30729; Media Center PC 6.0; .NET4.0C)"
165.155.204.11 - - [09/Aug/2011:07:43:39 -0700] "GET /JobListings/skins/images/jobListingHeader.jpg HTTP/1.1" 304 - "http://www.comprehensivenet.com/JobListings/show_news.php?subaction=showfull&id=1268755935" "Mozilla/4.0 (compatible; MSIE 6.0; Windows NT 5.1; GTB6.5; SV1; InfoPath.1; .NET CLR 2.0.50727)"
108.46.47.62 - - [09/Aug/2011:07:47:09 -0700] "GET /images/buttons/clients.jpg HTTP/1.1" 304 - "http://www.comprehensivenet.com/index.php" "Mozilla/4.0 (compatible; MSIE 8.0; Windows NT 6.1; WOW64; Trident/4.0; GTB7.1; SLCC2; .NET CLR 2.0.50727; .NET CLR 3.5.30729; .NET CLR 3.0.30729; Media Center PC 6.0; .NET4.0C)"
108.46.47.62 - - [09/Aug/2011:07:47:12 -0700] "GET /images/buttons/contact_on.jpg HTTP/1.1" 304 - "http://www.comprehensivenet.com/index.php" "Mozilla/4.0 (compatible; MSIE 8.0; Windows NT 6.1; WOW64; Trident/4.0; GTB7.1; SLCC2; .NET CLR 2.0.50727; .NET CLR 3.5.30729; .NET CLR 3.0.30729; Media Center PC 6.0; .NET4.0C)"
72.89.173.48 - - [09/Aug/2011:07:49:15 -0700] "GET /images/buttons/about.jpg HTTP/1.1" 200 1869 "http://www.comprehensivenet.com/" "Mozilla/5.0 (Macintosh; Intel Mac OS X 10.6; rv:5.0.1) Gecko/20100101 Firefox/5.0.1"
72.89.173.48 - - [09/Aug/2011:07:49:15 -0700] "GET /images/home_catLinks.jpg HTTP/1.1" 200 90721 "http://www.comprehensivenet.com/" "Mozilla/5.0 (Macintosh; Intel Mac OS X 10.6; rv:5.0.1) Gecko/20100101 Firefox/5.0.1"
72.89.173.48 - - [09/Aug/2011:07:49:16 -0700] "GET /favicon.ico HTTP/1.1" 200 894 "-" "Mozilla/5.0 (Macintosh; Intel Mac OS X 10.6; rv:5.0.1) Gecko/20100101 Firefox/5.0.1"
72.89.173.48 - - [09/Aug/2011:07:49:16 -0700] "GET /images/buttons/home_on.jpg HTTP/1.1" 200 1637 "http://www.comprehensivenet.com/" "Mozilla/5.0 (Macintosh; Intel Mac OS X 10.6; rv:5.0.1) Gecko/20100101 Firefox/5.0.1"
72.89.173.48 - - [09/Aug/2011:07:49:32 -0700] "GET /images/blue_bar_thank.png HTTP/1.1" 200 25947 "http://www.comprehensivenet.com/new_year.php" "Mozilla/5.0 (Macintosh; Intel Mac OS X 10.6; rv:5.0.1) Gecko/20100101 Firefox/5.0.1"
216.254.79.108 - - [09/Aug/2011:07:50:54 -0700] "GET /images/25_facebook.jpg HTTP/1.1" 304 - "-" "Mozilla/4.0 (compatible; MSIE 7.0; Windows NT 5.1; Trident/4.0; GTB7.1; .NET CLR 1.1.4322; .NET CLR 1.0.3705; .NET CLR 2.0.50727; .NET CLR 3.0.4506.2152; .NET CLR 3.5.30729; OfficeLiveConnector.1.3; OfficeLivePatch.0.0; InfoPath.1)"
164.82.146.3 - - [09/Aug/2011:07:51:38 -0700] "GET /JobListings/show_news.php?subaction=showfull&id=1302014626 HTTP/1.1" 200 13148 "http://www.indeed.com/jobs?q=deaf+services&l=ny&rq=1&fromage=last" "Mozilla/4.0 (compatible; MSIE 8.0; Windows NT 5.1; Trident/4.0; GTB7.1; .NET CLR 1.1.4322; .NET CLR 2.0.50727; .NET CLR 3.0.4506.2152; .NET CLR 3.5.30729; InfoPath.2)"
216.254.79.108 - - [09/Aug/2011:07:56:09 -0700] "GET /images/25_facebook.jpg HTTP/1.1" 304 - "-" "Mozilla/4.0 (compatible; MSIE 6.0; Windows NT 5.1; SV1; Mozilla/4.0 (compatible; MSIE 6.0; Windows NT 5.1; SV1) ;  Embedded Web Browser from: http://bsalsa.com/; .NET CLR 1.1.4322; .NET CLR 2.0.50727; .NET CLR 3.0.04506.30; .NET CLR 3.0.4506.2152; .NET CLR 3.5.30729; MDDR)"
68.28.105.227 - - [09/Aug/2011:07:56:12 -0700] "GET /favicon.ico HTTP/1.1" 200 894 "-" "Mozilla/4.0 (compatible; MSIE 8.0; Windows NT 6.0; Trident/4.0; GTB7.1; SLCC1; .NET CLR 2.0.50727; Media Center PC 5.1; .NET CLR 3.5.30729; .NET CLR 3.0.30729; .NET4.0C)"
216.254.79.108 - - [09/Aug/2011:07:57:21 -0700] "GET /images/25_facebook.jpg HTTP/1.1" 304 - "-" "Mozilla/4.0 (compatible; MSIE 6.0; Windows NT 5.1; SV1; GTB7.1; .NET CLR 1.1.4322; .NET CLR 2.0.50727)"
216.254.79.108 - - [09/Aug/2011:08:00:46 -0700] "GET /images/outlook_signature.jpg HTTP/1.1" 304 - "-" "Mozilla/4.0 (compatible; MSIE 7.0; Windows NT 5.1; GTB7.1; .NET CLR 1.1.4322; .NET CLR 2.0.50727; InfoPath.1; .NET CLR 3.0.4506.2152; .NET CLR 3.5.30729)"
66.31.34.160 - - [09/Aug/2011:08:01:59 -0700] "GET /images/25_facebook.jpg HTTP/1.1" 200 2028 "http://www.comprehensivenet.com/p_EIPreSchool.php" "Mozilla/5.0 (Macintosh; Intel Mac OS X 10_6_4) AppleWebKit/535.1 (KHTML, like Gecko) Chrome/13.0.782.107 Safari/535.1"
66.31.34.160 - - [09/Aug/2011:08:01:59 -0700] "GET /images/buttons/home.jpg HTTP/1.1" 200 1438 "http://www.comprehensivenet.com/p_EIPreSchool.php" "Mozilla/5.0 (Macintosh; Intel Mac OS X 10_6_4) AppleWebKit/535.1 (KHTML, like Gecko) Chrome/13.0.782.107 Safari/535.1"
66.31.34.160 - - [09/Aug/2011:08:01:59 -0700] "GET /images/buttons/EIPreSchool.jpg HTTP/1.1" 200 6909 "http://www.comprehensivenet.com/p_EIPreSchool.php" "Mozilla/5.0 (Macintosh; Intel Mac OS X 10_6_4) AppleWebKit/535.1 (KHTML, like Gecko) Chrome/13.0.782.107 Safari/535.1"
66.31.34.160 - - [09/Aug/2011:08:02:00 -0700] "GET /images/buttons/jobListings.jpg HTTP/1.1" 200 4761 "http://www.comprehensivenet.com/p_EIPreSchool.php" "Mozilla/5.0 (Macintosh; Intel Mac OS X 10_6_4) AppleWebKit/535.1 (KHTML, like Gecko) Chrome/13.0.782.107 Safari/535.1"
216.254.79.108 - - [09/Aug/2011:08:02:33 -0700] "GET /images/25_facebook.jpg HTTP/1.1" 304 - "-" "Mozilla/4.0 (compatible; MSIE 7.0; Windows NT 5.1; Trident/4.0; GTB7.1; .NET CLR 1.1.4322; .NET CLR 2.0.50727; .NET CLR 3.0.4506.2152; .NET CLR 3.5.30729; InfoPath.1; .NET4.0C)"
216.254.79.108 - - [09/Aug/2011:08:02:34 -0700] "GET /images/25_facebook.jpg HTTP/1.1" 304 - "-" "Mozilla/4.0 (compatible; MSIE 7.0; Windows NT 5.1; Trident/4.0; GTB7.1; .NET CLR 1.1.4322; .NET CLR 2.0.50727; .NET CLR 3.0.4506.2152; .NET CLR 3.5.30729; InfoPath.1; .NET4.0C)"
216.254.79.108 - - [09/Aug/2011:08:02:34 -0700] "GET /images/25_twitter.jpg HTTP/1.1" 304 - "-" "Mozilla/4.0 (compatible; MSIE 7.0; Windows NT 5.1; Trident/4.0; GTB7.1; .NET CLR 1.1.4322; .NET CLR 2.0.50727; .NET CLR 3.0.4506.2152; .NET CLR 3.5.30729; InfoPath.1; .NET4.0C)"
68.195.232.138 - - [09/Aug/2011:08:03:14 -0700] "GET /images/outlook_signature.jpg HTTP/1.1" 304 - "-" "Mozilla/4.0 (compatible; MSIE 7.0; Windows NT 5.1; MRSPUTNIK 2, 3, 0, 104; GTB6.6; .NET CLR 1.1.4322; .NET CLR 2.0.50727; .NET CLR 1.0.3705; .NET CLR 3.0.04506.30; .NET CLR 3.0.04506.648; .NET CLR 3.0.4506.2152; .NET CLR 3.5.30729; IPH 1.1.21.4019)"
207.46.204.244 - - [09/Aug/2011:08:06:50 -0700] "GET /p_ContinuingEd.php HTTP/1.1" 200 13599 "-" "Mozilla/5.0 (compatible; bingbot/2.0; +http://www.bing.com/bingbot.htm)"
216.254.79.108 - - [09/Aug/2011:08:08:42 -0700] "GET /images/outlook_signature.jpg HTTP/1.1" 200 39193 "-" "Mozilla/4.0 (compatible; MSIE 7.0; Windows NT 5.1; Trident/4.0; GTB7.1; .NET CLR 1.1.4322; .NET CLR 2.0.50727; .NET CLR 3.0.4506.2152; .NET CLR 3.5.30729; .NET4.0C; InfoPath.1)"
216.254.79.108 - - [09/Aug/2011:08:08:43 -0700] "GET /images/outlook_signature.jpg HTTP/1.1" 200 39193 "-" "Mozilla/4.0 (compatible; MSIE 7.0; Windows NT 5.1; Trident/4.0; GTB7.1; .NET CLR 1.1.4322; .NET CLR 2.0.50727; .NET CLR 3.0.4506.2152; .NET CLR 3.5.30729; .NET4.0C; InfoPath.1)"
216.254.79.108 - - [09/Aug/2011:08:12:22 -0700] "GET /images/25_twitter.jpg HTTP/1.1" 304 - "-" "Mozilla/4.0 (compatible; MSIE 7.0; Windows NT 5.1; Trident/4.0; BTRS86393; .NET CLR 1.0.3705; .NET CLR 2.0.50727; .NET CLR 3.0.4506.2152; .NET CLR 3.5.30729)"
216.254.79.108 - - [09/Aug/2011:08:12:22 -0700] "GET /images/outlook_signature.jpg HTTP/1.1" 304 - "-" "Mozilla/4.0 (compatible; MSIE 7.0; Windows NT 5.1; Trident/4.0; BTRS86393; .NET CLR 1.0.3705; .NET CLR 2.0.50727; .NET CLR 3.0.4506.2152; .NET CLR 3.5.30729)"
216.254.79.108 - - [09/Aug/2011:08:13:32 -0700] "GET /images/25_facebook.jpg HTTP/1.1" 304 - "-" "Mozilla/4.0 (compatible; MSIE 7.0; Windows NT 6.1; Trident/4.0; SLCC2; .NET CLR 2.0.50727; .NET CLR 3.5.30729; .NET CLR 3.0.30729; Media Center PC 6.0; .NET4.0C; .NET4.0E; BRI/1)"
149.10.211.100 - - [09/Aug/2011:08:15:20 -0700] "GET /images/outlook_signature.jpg HTTP/1.1" 200 39193 "-" "Mozilla/4.0 (compatible; MSIE 7.0; Windows NT 5.1; Trident/4.0; .NET CLR 1.1.4322; InfoPath.1; .NET CLR 2.0.50727; .NET CLR 3.0.4506.2152; .NET CLR 3.5.30729)"
216.254.79.108 - - [09/Aug/2011:08:22:40 -0700] "GET /images/25_twitter.jpg HTTP/1.1" 304 - "-" "Mozilla/4.0 (compatible; MSIE 7.0; Windows NT 5.1; Trident/4.0; GTB7.1; .NET CLR 1.1.4322; .NET CLR 2.0.50727; .NET CLR 3.0.4506.2152; .NET CLR 3.5.30729; InfoPath.1; .NET4.0C)"
74.105.184.88 - - [09/Aug/2011:08:23:30 -0700] "GET /JobListings/skins/images/jobListingFooter.jpg HTTP/1.1" 200 12421 "http://www.comprehensivenet.com/JobListings/show_news.php?subaction=showfull&id=1282249075" "Mozilla/4.0 (compatible; MSIE 8.0; Windows NT 6.0; Trident/4.0; GTB7.0; SLCC1; .NET CLR 2.0.50727; Tablet PC 2.0; .NET CLR 3.5.30729; .NET CLR 3.0.30729; .NET4.0C; InfoPath.3; 88680780603; patch:202165)"
216.254.79.108 - - [09/Aug/2011:08:25:57 -0700] "GET /images/25_twitter.jpg HTTP/1.1" 304 - "-" "Mozilla/4.0 (compatible; MSIE 7.0; Windows NT 5.1; Trident/4.0; .NET CLR 1.1.4322; .NET CLR 2.0.50727; .NET CLR 3.0.4506.2152; .NET CLR 3.5.30729; .NET4.0C; .NET4.0E; yie8)"
68.195.232.138 - - [09/Aug/2011:08:28:48 -0700] "GET /images/outlook_signature.jpg HTTP/1.1" 304 - "-" "Mozilla/4.0 (compatible; MSIE 6.0; Windows NT 5.1; SV1; GTB6.6; .NET CLR 1.1.4322; .NET CLR 2.0.50727; Windows-Media-Player/10.00.00.3990)"
208.115.111.67 - - [09/Aug/2011:08:32:11 -0700] "GET /about HTTP/1.1" 404 211 "-" "Mozilla/5.0 (compatible; Ezooms/1.0; ezooms.bot@gmail.com)"
68.195.232.138 - - [09/Aug/2011:08:34:40 -0700] "GET /images/outlook_signature.jpg HTTP/1.1" 304 - "-" "Mozilla/4.0 (compatible; MSIE 7.0; Windows NT 5.1; Trident/4.0; SIMBAR={31F5CB45-5C94-4917-903C-1A6195497489}; .NET CLR 2.0.50727; .NET CLR 3.0.4506.2152; .NET CLR 3.5.30729; .NET CLR 1.1.4322; InfoPath.1; .NET4.0C)"
68.195.232.138 - - [09/Aug/2011:08:34:41 -0700] "GET /images/25_twitter.jpg HTTP/1.1" 304 - "-" "Mozilla/4.0 (compatible; MSIE 7.0; Windows NT 5.1; Trident/4.0; SIMBAR={31F5CB45-5C94-4917-903C-1A6195497489}; .NET CLR 2.0.50727; .NET CLR 3.0.4506.2152; .NET CLR 3.5.30729; .NET CLR 1.1.4322; InfoPath.1; .NET4.0C)"
216.254.79.108 - - [09/Aug/2011:08:37:24 -0700] "GET /images/outlook_signature.jpg HTTP/1.1" 304 - "-" "Mozilla/4.0 (compatible; MSIE 7.0; Windows NT 5.1; Trident/4.0; GTB7.0; FunWebProducts; .NET CLR 1.1.4322; .NET CLR 2.0.50727; InfoPath.1; .NET CLR 3.0.4506.2152; .NET CLR 3.5.30729; FunWebProducts)"
68.195.232.138 - - [09/Aug/2011:08:37:36 -0700] "GET /images/outlook_signature.jpg HTTP/1.1" 304 - "-" "Mozilla/4.0 (compatible; MSIE 7.0; Windows NT 5.1; Trident/4.0; .NET CLR 2.0.50727; .NET CLR 3.0.4506.2152; .NET CLR 3.5.30729; .NET CLR 1.1.4322)"
68.195.232.138 - - [09/Aug/2011:08:37:36 -0700] "GET /images/25_twitter.jpg HTTP/1.1" 304 - "-" "Mozilla/4.0 (compatible; MSIE 7.0; Windows NT 5.1; Trident/4.0; .NET CLR 2.0.50727; .NET CLR 3.0.4506.2152; .NET CLR 3.5.30729; .NET CLR 1.1.4322)"
68.195.232.138 - - [09/Aug/2011:08:37:36 -0700] "GET /images/25_facebook.jpg HTTP/1.1" 304 - "-" "Mozilla/4.0 (compatible; MSIE 7.0; Windows NT 5.1; Trident/4.0; .NET CLR 2.0.50727; .NET CLR 3.0.4506.2152; .NET CLR 3.5.30729; .NET CLR 1.1.4322)"
216.254.79.108 - - [09/Aug/2011:08:39:40 -0700] "GET /ComprehensiveStyles.css HTTP/1.1" 200 1472 "http://www.comprehensivenet.com/" "Mozilla/5.0 (Windows; U; Windows NT 5.1; en-US; rv:1.9.2.18) Gecko/20110614 BTRS86393 Firefox/3.6.18 ( .NET CLR 3.5.30729)"
216.254.79.108 - - [09/Aug/2011:08:39:43 -0700] "GET /images/Comprehensive_coin.swf HTTP/1.1" 200 124002 "http://www.comprehensivenet.com/" "Mozilla/5.0 (Windows; U; Windows NT 5.1; en-US; rv:1.9.2.18) Gecko/20110614 BTRS86393 Firefox/3.6.18 ( .NET CLR 3.5.30729)"
79.183.185.74 - - [09/Aug/2011:08:40:00 -0700] "GET /ComprehensiveStyles.css HTTP/1.1" 200 1472 "http://www.comprehensivenet.com/" "Mozilla/5.0 (Windows NT 5.1) AppleWebKit/535.1 (KHTML, like Gecko) Chrome/13.0.782.107 Safari/535.1"
79.183.185.74 - - [09/Aug/2011:08:40:06 -0700] "GET /images/buttons/newsletters_on.jpg HTTP/1.1" 200 2692 "http://www.comprehensivenet.com/" "Mozilla/5.0 (Windows NT 5.1) AppleWebKit/535.1 (KHTML, like Gecko) Chrome/13.0.782.107 Safari/535.1"
216.254.79.108 - - [09/Aug/2011:08:40:31 -0700] "GET /images/outlook_signature.jpg HTTP/1.1" 304 - "-" "Mozilla/4.0 (compatible; MSIE 7.0; Windows NT 5.1; Trident/4.0; GTB7.1; .NET CLR 1.1.4322; .NET CLR 2.0.50727; .NET CLR 3.0.4506.2152; .NET CLR 3.5.30729; InfoPath.1)"
216.254.79.108 - - [09/Aug/2011:08:44:51 -0700] "GET /images/25_facebook.jpg HTTP/1.1" 304 - "-" "Mozilla/4.0 (compatible; MSIE 7.0; Windows NT 5.1; Trident/4.0; .NET CLR 2.0.50727; .NET CLR 3.0.4506.2152; .NET CLR 3.5.30729; InfoPath.1; .NET CLR 1.1.4322; .NET4.0C; .NET4.0E)"
