188.143.233.34 - - [09/Aug/2011:00:22:00 -0700] "GET /myhood/?p=20 HTTP/1.0" 404 201 "http://www.comprehensivenet.com/myhood/?p=20" "Opera/9.00 (Windows NT 4.0; U; en)"
208.115.111.67 - - [09/Aug/2011:00:30:24 -0700] "GET /Fishing%20Accessories/Rod%20Racks/ HTTP/1.1" 404 236 "-" "Mozilla/5.0 (compatible; Ezooms/1.0; ezooms.bot@gmail.com)"
208.115.111.67 - - [09/Aug/2011:00:30:25 -0700] "GET /Videos_A-Z/Meist_gesehene HTTP/1.1" 404 231 "-" "Mozilla/5.0 (compatible; Ezooms/1.0; ezooms.bot@gmail.com)"
109.65.24.111 - - [09/Aug/2011:00:42:34 -0700] "GET /images/25_blog.jpg HTTP/1.1" 200 2060 "http://www.comprehensivenet.com/p_ContinuingEd.php" "Mozilla/5.0 (Windows NT 6.1; WOW64; rv:5.0) Gecko/20100101 Firefox/5.0"
109.65.24.111 - - [09/Aug/2011:00:42:34 -0700] "GET /images/buttons/home.jpg HTTP/1.1" 200 1438 "http://www.comprehensivenet.com/p_ContinuingEd.php" "Mozilla/5.0 (Windows NT 6.1; WOW64; rv:5.0) Gecko/20100101 Firefox/5.0"
109.65.24.111 - - [09/Aug/2011:00:42:34 -0700] "GET /images/buttons/newsletters.jpg HTTP/1.1" 200 2378 "http://www.comprehensivenet.com/p_ContinuingEd.php" "Mozilla/5.0 (Windows NT 6.1; WOW64; rv:5.0) Gecko/20100101 Firefox/5.0"
109.65.24.111 - - [09/Aug/2011:00:42:40 -0700] "GET /images/buttons/home_on.jpg HTTP/1.1" 200 1637 "http://www.comprehensivenet.com/p_ContinuingEd.php" "Mozilla/5.0 (Windows NT 6.1; WOW64; rv:5.0) Gecko/20100101 Firefox/5.0"
109.65.24.111 - - [09/Aug/2011:00:42:40 -0700] "GET /images/buttons/courses_on.jpg HTTP/1.1" 200 4007 "http://www.comprehensivenet.com/p_ContinuingEd.php" "Mozilla/5.0 (Windows NT 6.1; WOW64; rv:5.0) Gecko/20100101 Firefox/5.0"
208.107.60.134 - - [09/Aug/2011:00:51:08 -0700] "GET / HTTP/1.1" 200 14395 "-" "Mozilla/5.0 (compatible; MJ12bot/v1.4.0; http://www.majestic12.co.uk/bot.php?+)"
207.217.111.1 - - [09/Aug/2011:00:56:18 -0700] "POST /blog/wp-cron.php?doing_wp_cron HTTP/1.0" 200 0 "-" "WordPress/3.0.1; http://www.comprehensivenet.com/blog"
65.52.110.28 - - [09/Aug/2011:01:23:49 -0700] "GET /robots.txt HTTP/1.1" 404 216 "-" "Mozilla/5.0 (compatible; bingbot/2.0; +http://www.bing.com/bingbot.htm)"
91.207.5.130 - - [09/Aug/2011:01:25:13 -0700] "GET /blog/?p=70 HTTP/1.0" 200 14828 "http://www.comprehensivenet.com/blog/?p=70" "Mozilla/4.0 (compatible; MSIE 6.0; Windows NT 5.1) Netscape/8.0.4"
74.73.230.183 - - [09/Aug/2011:01:42:23 -0700] "GET /JobListings/skins/images/jobListingFooter.jpg HTTP/1.1" 200 12421 "http://www.comprehensivenet.com/JobListings/show_news.php?subaction=showfull&id=1304601788" "Mozilla/5.0 (Macintosh; U; Intel Mac OS X 10_6_8; en-us) AppleWebKit/533.21.1 (KHTML, like Gecko) Version/5.0.5 Safari/533.21.1"
74.73.230.183 - - [09/Aug/2011:01:42:55 -0700] "GET /images/25_blog.jpg HTTP/1.1" 200 2060 "http://www.comprehensivenet.com/" "Mozilla/5.0 (Macintosh; U; Intel Mac OS X 10_6_8; en-us) AppleWebKit/533.21.1 (KHTML, like Gecko) Version/5.0.5 Safari/533.21.1"
74.73.230.183 - - [09/Aug/2011:01:42:56 -0700] "GET /flash/Header.swf HTTP/1.1" 200 251972 "http://www.comprehensivenet.com/" "Mozilla/5.0 (Macintosh; U; Intel Mac OS X 10_6_8; en-us) AppleWebKit/533.21.1 (KHTML, like Gecko) Version/5.0.5 Safari/533.21.1"
74.73.230.183 - - [09/Aug/2011:01:42:56 -0700] "GET /images/buttons/home_on.jpg HTTP/1.1" 200 1637 "http://www.comprehensivenet.com/" "Mozilla/5.0 (Macintosh; U; Intel Mac OS X 10_6_8; en-us) AppleWebKit/533.21.1 (KHTML, like Gecko) Version/5.0.5 Safari/533.21.1"
82.81.22.240 - - [09/Aug/2011:01:49:53 -0700] "GET /images/25_twitter.jpg HTTP/1.1" 200 2319 "http://newmail.walla.co.il/" "Mozilla/4.0 (compatible; MSIE 7.0; Windows NT 5.1; Trident/4.0; GTB6; Mozilla/4.0 (compatible; MSIE 6.0; Windows NT 5.1; SV1) ; .NET CLR 2.0.50727; .NET CLR 3.0.4506.2152; .NET CLR 3.5.30729)"
124.115.10.68 - - [09/Aug/2011:02:09:38 -0700] "GET / HTTP/1.1" 200 14389 "-" "Mozilla/4.0 (compatible; MSIE 6.0; Windows NT 5.1)"
157.55.17.103 - - [09/Aug/2011:02:46:01 -0700] "GET /robots.txt HTTP/1.1" 404 216 "-" "Mozilla/5.0 (compatible; bingbot/2.0; +http://www.bing.com/bingbot.htm)"
157.55.17.103 - - [09/Aug/2011:02:46:51 -0700] "GET / HTTP/1.1" 200 14395 "-" "Mozilla/5.0 (compatible; bingbot/2.0; +http://www.bing.com/bingbot.htm)"
66.249.68.236 - - [09/Aug/2011:02:56:05 -0700] "GET /robots.txt HTTP/1.1" 404 216 "-" "Mozilla/5.0 (compatible; Googlebot/2.1; +http://www.google.com/bot.html)"
208.76.50.67 - - [09/Aug/2011:03:35:38 -0700] "GET /p_Nursing.php HTTP/1.1" 200 15376 "-" "W3C_Validator/1.1"
72.89.146.222 - - [09/Aug/2011:03:41:55 -0700] "GET /images/25_twitter.jpg HTTP/1.1" 304 - "http://bl157w.blu157.mail.live.com/default.aspx?rru=inbox" "Mozilla/4.0 (compatible; MSIE 7.0; Windows NT 5.1; Trident/4.0; GTB7.1; .NET CLR 1.1.4322; .NET CLR 2.0.50727; .NET CLR 3.0.4506.2152; .NET CLR 3.5.30729; WinTSI 01.10.2009)"
74.90.216.116 - - [09/Aug/2011:03:49:23 -0700] "GET /images/buttons/therapyEval.jpg HTTP/1.1" 200 10385 "http://www.comprehensivenet.com/p_EIPreSchool.php" "Mozilla/4.0 (compatible; MSIE 8.0; Windows NT 5.1; Trident/4.0)"
74.90.216.116 - - [09/Aug/2011:03:49:24 -0700] "GET /images/buttons/interpretation.jpg HTTP/1.1" 200 9675 "http://www.comprehensivenet.com/p_EIPreSchool.php" "Mozilla/4.0 (compatible; MSIE 8.0; Windows NT 5.1; Trident/4.0)"
74.90.216.116 - - [09/Aug/2011:03:49:24 -0700] "GET /images/buttons/continuingEd.jpg HTTP/1.1" 200 8472 "http://www.comprehensivenet.com/p_EIPreSchool.php" "Mozilla/4.0 (compatible; MSIE 8.0; Windows NT 5.1; Trident/4.0)"
74.90.216.116 - - [09/Aug/2011:03:49:26 -0700] "GET /flash/Header.swf HTTP/1.1" 200 251972 "http://www.comprehensivenet.com/p_EIPreSchool.php" "Mozilla/4.0 (compatible; MSIE 8.0; Windows NT 5.1; Trident/4.0)"
74.90.216.116 - - [09/Aug/2011:03:49:27 -0700] "GET /images/buttons/continuingEd.jpg HTTP/1.1" 206 2906 "http://www.comprehensivenet.com/p_JobListings.php" "Mozilla/4.0 (compatible; MSIE 8.0; Windows NT 5.1; Trident/4.0)"
68.195.232.138 - - [09/Aug/2011:03:56:53 -0700] "GET /images/outlook_signature.jpg HTTP/1.1" 304 - "-" "Mozilla/4.0 (compatible; MSIE 6.0; Windows NT 5.1; SV1; GTB6.3; .NET CLR 1.1.4322; .NET CLR 1.0.3705; .NET CLR 2.0.50727)"
207.46.204.236 - - [09/Aug/2011:04:33:45 -0700] "GET /c_Tutoring.php/robots.txt HTTP/1.1" 200 11245 "-" "Mozilla/5.0 (compatible; bingbot/2.0; +http://www.bing.com/bingbot.htm)"
207.46.204.236 - - [09/Aug/2011:04:34:16 -0700] "GET /robots.txt HTTP/1.1" 404 216 "-" "Mozilla/5.0 (compatible; bingbot/2.0; +http://www.bing.com/bingbot.htm)"
208.115.111.67 - - [09/Aug/2011:04:38:34 -0700] "GET /images/goods2.html HTTP/1.1" 404 224 "-" "Mozilla/5.0 (compatible; Ezooms/1.0; ezooms.bot@gmail.com)"
108.117.69.254 - - [09/Aug/2011:04:38:45 -0700] "GET /favicon.ico HTTP/1.1" 200 894 "http://www.comprehensivenet.com/JobListings/show_news.php?subaction=showfull&id=1268755935" "Mozilla/5.0 (Linux; U; Android 2.3.3; en-us; Sprint APA9292KT Build/GRI40) AppleWebKit/533.1 (KHTML, like Gecko) Version/4.0 Mobile Safari/533.1"
74.108.156.235 - - [09/Aug/2011:04:43:36 -0700] "GET /images/buttons/tutoring_Y.jpg HTTP/1.1" 200 6086 "http://comprehensivenet.com/c_Tutoring.php" "Mozilla/5.0 (Windows NT 6.1; WOW64; rv:5.0) Gecko/20100101 Firefox/5.0"
74.108.156.235 - - [09/Aug/2011:04:43:55 -0700] "GET /contact.php HTTP/1.1" 200 12702 "http://comprehensivenet.com/c_Tutoring.php" "Mozilla/5.0 (Windows NT 6.1; WOW64; rv:5.0) Gecko/20100101 Firefox/5.0"
74.108.156.235 - - [09/Aug/2011:04:43:55 -0700] "GET /images/buttons/home.jpg HTTP/1.1" 200 1438 "http://comprehensivenet.com/contact.php" "Mozilla/5.0 (Windows NT 6.1; WOW64; rv:5.0) Gecko/20100101 Firefox/5.0"
74.108.156.235 - - [09/Aug/2011:04:44:06 -0700] "GET /images/buttons/contact_on.jpg HTTP/1.1" 200 2631 "http://comprehensivenet.com/contact.php" "Mozilla/5.0 (Windows NT 6.1; WOW64; rv:5.0) Gecko/20100101 Firefox/5.0"
74.108.156.235 - - [09/Aug/2011:04:44:06 -0700] "GET /images/buttons/courses_on.jpg HTTP/1.1" 200 4007 "http://comprehensivenet.com/contact.php" "Mozilla/5.0 (Windows NT 6.1; WOW64; rv:5.0) Gecko/20100101 Firefox/5.0"
91.186.253.30 - - [09/Aug/2011:04:52:02 -0700] "GET /JobListings/skins/images/jobListingHeader.jpg HTTP/1.1" 200 39507 "http://www.comprehensivenet.com/JobListings/show_news.php?subaction=showfull&id=1304611453" "Mozilla/5.0 (Windows NT 6.0; rv:5.0) Gecko/20100101 Firefox/5.0"
216.254.79.108 - - [09/Aug/2011:04:54:38 -0700] "GET /images/25_facebook.jpg HTTP/1.1" 304 - "-" "Mozilla/4.0 (compatible; MSIE 7.0; Windows NT 5.1; .NET CLR 1.1.4322; .NET CLR 1.0.3705; .NET CLR 2.0.50727; .NET CLR 3.0.4506.2152; .NET CLR 3.5.30729)"
216.254.79.108 - - [09/Aug/2011:04:54:38 -0700] "GET /images/25_twitter.jpg HTTP/1.1" 304 - "-" "Mozilla/4.0 (compatible; MSIE 7.0; Windows NT 5.1; .NET CLR 1.1.4322; .NET CLR 1.0.3705; .NET CLR 2.0.50727; .NET CLR 3.0.4506.2152; .NET CLR 3.5.30729)"
216.254.79.108 - - [09/Aug/2011:05:00:21 -0700] "GET /images/25_facebook.jpg HTTP/1.1" 304 - "-" "Mozilla/4.0 (compatible; MSIE 7.0; Windows NT 5.1; .NET CLR 1.1.4322; .NET CLR 1.0.3705; .NET CLR 2.0.50727; .NET CLR 3.0.4506.2152; .NET CLR 3.5.30729)"
216.254.79.108 - - [09/Aug/2011:05:00:22 -0700] "GET /images/outlook_signature.jpg HTTP/1.1" 304 - "-" "Mozilla/4.0 (compatible; MSIE 7.0; Windows NT 5.1; .NET CLR 1.1.4322; .NET CLR 1.0.3705; .NET CLR 2.0.50727; .NET CLR 3.0.4506.2152; .NET CLR 3.5.30729)"
24.185.112.26 - - [09/Aug/2011:05:00:28 -0700] "GET /JobListings/show_news.php?subaction=showfull&id=1304611453 HTTP/1.1" 200 4372 "http://www.indeed.com/jobs?q=bengali&l=New+York&rq=1&fromage=last" "Mozilla/5.0 (Windows NT 6.1; WOW64) AppleWebKit/535.1 (KHTML, like Gecko) Chrome/13.0.782.107 Safari/535.1"
64.12.117.79 - - [09/Aug/2011:05:05:19 -0700] "GET /JobListings/show_news.php?subaction=showfull&id=1282248963 HTTP/1.1" 200 4001 "-" "Mozilla/4.0 (compatible; MSIE 7.0; AOL 9.6; AOLBuild 4340.168; Windows NT 5.1; FunWebProducts; .NET CLR 1.1.4322; .NET CLR 2.0.50727; .NET CLR 3.0.4506.2152; .NET CLR 3.5.30729; .NET4.0C; .NET4.0E)"
81.30.76.204 - - [09/Aug/2011:05:20:55 -0700] "GET /professionals.php?page=p_Nursing HTTP/1.1" 200 11888 "http://www.beaschoolnurse.org" "Mozilla/5.0 (Macintosh; U; Intel Mac OS X 10_5_7; nl-nl) AppleWebKit/528.16 (KHTML, like Gecko) Version/4.0 Safari/528.16"
95.108.158.237 - - [09/Aug/2011:05:29:45 -0700] "GET /images/buttons/form.jpg HTTP/1.1" 304 - "-" "Mozilla/5.0 (compatible; YandexImages/3.0; +http://yandex.com/bots)"
68.197.155.179 - - [09/Aug/2011:05:36:21 -0700] "GET /images/25_twitter.jpg HTTP/1.1" 200 2319 "http://mail.aol.com/34007-311/aol-6/en-us/Suite.aspx" "Mozilla/5.0 (compatible; MSIE 9.0; Windows NT 6.0; Trident/5.0)"
68.195.232.138 - - [09/Aug/2011:05:45:15 -0700] "GET /images/25_facebook.jpg HTTP/1.1" 304 - "-" "Mozilla/4.0 (compatible; MSIE 7.0; Windows NT 5.1; .NET CLR 2.0.50727; .NET CLR 3.0.4506.2152; .NET CLR 3.5.30729)"
68.174.75.254 - - [09/Aug/2011:05:46:09 -0700] "GET /images/outlook_signature.jpg HTTP/1.1" 200 39193 "http://36ohk6dgmcd1n.yom.mail.yahoo.net/om/api/1.0/openmail.app.invoke/36ohk6dgmcd1n/4/1.0.35/us/en-US/view.html" "Mozilla/5.0 (compatible; MSIE 9.0; Windows NT 6.1; Trident/5.0)"
17.232.250.86 - - [09/Aug/2011:05:46:33 -0700] "GET /images/25_twitter.jpg HTTP/1.1" 200 2319 "-" "Mozilla/5.0 (Macintosh; U; Intel Mac OS X 10_6_4; en-us) AppleWebKit/533.19.4 (KHTML, like Gecko) Version/5.0.3 Safari/533.19.4"
17.232.250.86 - - [09/Aug/2011:05:47:21 -0700] "GET /images/outlook_signature.jpg HTTP/1.1" 304 - "-" "Mozilla/5.0 (Macintosh; U; Intel Mac OS X 10_6_4; en-us) AppleWebKit/533.19.4 (KHTML, like Gecko) Version/5.0.3 Safari/533.19.4"
67.195.112.25 - - [09/Aug/2011:05:49:10 -0700] "GET /ComprehensiveStyles.css HTTP/1.0" 304 - "http://www.comprehensivenet.com/p_Translation.php" "Mozilla/5.0 (compatible; Yahoo! Slurp; http://help.yahoo.com/help/us/ysearch/slurp)"
74.82.64.160 - - [09/Aug/2011:05:50:42 -0700] "GET /images/buttons/nursing.jpg HTTP/1.1" 200 5819 "http://www.comprehensivenet.com/p_EIPreSchool.php" "Mozilla/5.0 (BlackBerry; U; BlackBerry 9700; en-US) AppleWebKit/534.8+ (KHTML, like Gecko) Version/6.0.0.448 Mobile Safari/534.8+"
74.82.64.160 - - [09/Aug/2011:05:50:42 -0700] "GET /images/buttons/tutoring.jpg HTTP/1.1" 200 5948 "http://www.comprehensivenet.com/p_EIPreSchool.php" "Mozilla/5.0 (BlackBerry; U; BlackBerry 9700; en-US) AppleWebKit/534.8+ (KHTML, like Gecko) Version/6.0.0.448 Mobile Safari/534.8+"
74.82.64.160 - - [09/Aug/2011:05:50:42 -0700] "GET /images/buttons/continuingEd.jpg HTTP/1.1" 200 8472 "http://www.comprehensivenet.com/p_EIPreSchool.php" "Mozilla/5.0 (BlackBerry; U; BlackBerry 9700; en-US) AppleWebKit/534.8+ (KHTML, like Gecko) Version/6.0.0.448 Mobile Safari/534.8+"
74.82.64.160 - - [09/Aug/2011:05:50:42 -0700] "GET /images/logos/netCare.jpg HTTP/1.1" 200 7217 "http://www.comprehensivenet.com/p_EIPreSchool.php" "Mozilla/5.0 (BlackBerry; U; BlackBerry 9700; en-US) AppleWebKit/534.8+ (KHTML, like Gecko) Version/6.0.0.448 Mobile Safari/534.8+"
74.82.64.160 - - [09/Aug/2011:05:50:43 -0700] "GET /images/buttons/home_on.jpg HTTP/1.1" 200 1637 "http://www.comprehensivenet.com/p_EIPreSchool.php" "Mozilla/5.0 (BlackBerry; U; BlackBerry 9700; en-US) AppleWebKit/534.8+ (KHTML, like Gecko) Version/6.0.0.448 Mobile Safari/534.8+"
74.82.64.160 - - [09/Aug/2011:05:50:43 -0700] "GET /images/buttons/contact_on.jpg HTTP/1.1" 200 2631 "http://www.comprehensivenet.com/p_EIPreSchool.php" "Mozilla/5.0 (BlackBerry; U; BlackBerry 9700; en-US) AppleWebKit/534.8+ (KHTML, like Gecko) Version/6.0.0.448 Mobile Safari/534.8+"
74.82.64.160 - - [09/Aug/2011:05:50:43 -0700] "GET /images/buttons/newsletters_on.jpg HTTP/1.1" 200 2692 "http://www.comprehensivenet.com/p_EIPreSchool.php" "Mozilla/5.0 (BlackBerry; U; BlackBerry 9700; en-US) AppleWebKit/534.8+ (KHTML, like Gecko) Version/6.0.0.448 Mobile Safari/534.8+"
74.116.90.15 - - [09/Aug/2011:05:58:17 -0700] "GET /images/signtalk_unplugreconnect_8411/rid_acet_logo.jpg HTTP/1.1" 304 - "-" "VRPS/$Rev: 43290 $"
74.116.90.15 - - [09/Aug/2011:05:58:17 -0700] "GET /images/signtalk_unplugreconnect_8411/header_logos.jpg HTTP/1.1" 304 - "-" "VRPS/$Rev: 43290 $"
72.225.166.132 - - [09/Aug/2011:06:05:43 -0700] "GET /images/25_blog.jpg HTTP/1.1" 200 2060 "http://www.comprehensivenet.com/j_Nurse.php" "Mozilla/5.0 (Macintosh; Intel Mac OS X 10.6; rv:5.0.1) Gecko/20100101 Firefox/5.0.1"
72.225.166.132 - - [09/Aug/2011:06:05:43 -0700] "GET /images/buttons/professional.jpg HTTP/1.1" 200 4977 "http://www.comprehensivenet.com/j_Nurse.php" "Mozilla/5.0 (Macintosh; Intel Mac OS X 10.6; rv:5.0.1) Gecko/20100101 Firefox/5.0.1"
96.239.62.21 - - [09/Aug/2011:06:07:26 -0700] "GET /images/25_twitter.jpg HTTP/1.1" 200 2319 "http://co113w.col113.mail.live.com/mail/InboxLight.aspx?n=1424220901" "Mozilla/5.0 (Windows NT 6.0; rv:5.0) Gecko/20100101 Firefox/5.0"
71.249.181.221 - - [09/Aug/2011:06:10:44 -0700] "GET /JobListings/skins/images/jobListingFooter.jpg HTTP/1.1" 200 12421 "http://www.comprehensivenet.com/JobListings/show_news.php?subaction=showfull&id=1304601788" "Mozilla/4.0 (compatible; MSIE 8.0; Windows NT 5.1; Trident/4.0; .NET CLR 1.1.4322; .NET CLR 2.0.50727; .NET CLR 3.0.04506.30; MDDR; .NET CLR 3.0.4506.2152; .NET CLR 3.5.30729)"
71.249.181.221 - - [09/Aug/2011:06:10:49 -0700] "GET /favicon.ico HTTP/1.1" 200 894 "-" "Mozilla/4.0 (compatible; MSIE 8.0; Windows NT 5.1; Trident/4.0; .NET CLR 1.1.4322; .NET CLR 2.0.50727; .NET CLR 3.0.04506.30; MDDR; .NET CLR 3.0.4506.2152; .NET CLR 3.5.30729)"
68.195.232.138 - - [09/Aug/2011:06:13:27 -0700] "GET /images/25_facebook.jpg HTTP/1.1" 304 - "-" "Mozilla/4.0 (compatible; MSIE 7.0; Windows NT 5.1; Trident/4.0; GTB6.5; .NET CLR 2.0.50727; .NET CLR 3.0.4506.2152; .NET CLR 3.5.30729; .NET4.0C; .NET CLR 1.1.4322; InfoPath.1; IPH 1.1.21.4019; IE0006_ver1;EN_US)"
96.57.30.154 - - [09/Aug/2011:06:16:35 -0700] "GET /JobListings/skins/images/jobListingHeader.jpg HTTP/1.1" 200 39507 "http://www.comprehensivenet.com/JobListings/show_news.php?subaction=showfull&id=1282159531" "Mozilla/4.0 (compatible; MSIE 8.0; Windows NT 5.1; Trident/4.0; InfoPath.1; .NET CLR 1.1.4322; .NET CLR 1.0.3705; .NET CLR 2.0.50727; .NET CLR 3.0.4506.2152; .NET CLR 3.5.30729; IEMB3; msn OptimizedIE8;ENUS)"
161.38.221.236 - - [09/Aug/2011:06:17:24 -0700] "GET /images/25_twitter.jpg HTTP/1.1" 200 2319 "http://www.comprehensivenet.com/p_Nursing.php" "Mozilla/5.0 (Windows NT 5.1; rv:2.0) Gecko/20100101 Firefox/4.0"
161.38.221.236 - - [09/Aug/2011:06:17:24 -0700] "GET /images/buttons/continuingEd.jpg HTTP/1.1" 200 8472 "http://www.comprehensivenet.com/p_Nursing.php" "Mozilla/5.0 (Windows NT 5.1; rv:2.0) Gecko/20100101 Firefox/4.0"
161.38.221.236 - - [09/Aug/2011:06:17:24 -0700] "GET /images/logos/resources.jpg HTTP/1.1" 200 10766 "http://www.comprehensivenet.com/p_Nursing.php" "Mozilla/5.0 (Windows NT 5.1; rv:2.0) Gecko/20100101 Firefox/4.0"
66.151.103.9 - - [09/Aug/2011:06:17:52 -0700] "GET /JobListings/skins/images/jobListingHeader.jpg HTTP/1.1" 200 39507 "http://www.comprehensivenet.com/JobListings/show_news.php?subaction=showfull&id=1304611453" "Mozilla/4.0 (compatible; MSIE 7.0; Windows NT 5.1; .NET CLR 2.0.50727; .NET CLR 3.0.04506.30; .NET CLR 3.0.04506.648; InfoPath.2)"
161.38.221.236 - - [09/Aug/2011:06:18:20 -0700] "GET /newsletters.php HTTP/1.1" 200 12984 "http://www.comprehensivenet.com/contact.php" "Mozilla/5.0 (Windows NT 5.1; rv:2.0) Gecko/20100101 Firefox/4.0"
161.38.221.236 - - [09/Aug/2011:06:18:21 -0700] "GET /images/newsletters_thumb_obesity.jpg HTTP/1.1" 200 21553 "http://www.comprehensivenet.com/newsletters.php" "Mozilla/5.0 (Windows NT 5.1; rv:2.0) Gecko/20100101 Firefox/4.0"
161.38.221.236 - - [09/Aug/2011:06:18:31 -0700] "GET /images/logos/other_AOTA.jpg HTTP/1.1" 200 20358 "http://www.comprehensivenet.com/p_ContinuingEd.php" "Mozilla/5.0 (Windows NT 5.1; rv:2.0) Gecko/20100101 Firefox/4.0"
161.38.221.236 - - [09/Aug/2011:06:19:16 -0700] "GET /images/professionals_Img.jpg HTTP/1.1" 200 48016 "http://www.comprehensivenet.com/professionals.php" "Mozilla/5.0 (Windows NT 5.1; rv:2.0) Gecko/20100101 Firefox/4.0"
161.38.221.236 - - [09/Aug/2011:06:19:22 -0700] "GET /p_Nursing.php HTTP/1.1" 200 15382 "http://www.comprehensivenet.com/professionals.php" "Mozilla/5.0 (Windows NT 5.1; rv:2.0) Gecko/20100101 Firefox/4.0"
161.38.221.236 - - [09/Aug/2011:06:19:40 -0700] "GET /contact.php HTTP/1.1" 200 12702 "http://www.comprehensivenet.com/p_Nursing.php" "Mozilla/5.0 (Windows NT 5.1; rv:2.0) Gecko/20100101 Firefox/4.0"
68.195.232.138 - - [09/Aug/2011:06:23:03 -0700] "GET /images/25_facebook.jpg HTTP/1.1" 304 - "-" "Mozilla/4.0 (compatible; MSIE 7.0; Windows NT 5.1; GTB7.1; .NET CLR 1.1.4322; .NET CLR 2.0.50727; .NET CLR 1.0.3705; .NET CLR 3.0.04506.30; .NET CLR 3.0.04506.648; .NET CLR 3.0.4506.2152; .NET CLR 3.5.30729; IPH 1.1.21.4019)"
68.195.232.138 - - [09/Aug/2011:06:23:04 -0700] "GET /images/25_facebook.jpg HTTP/1.1" 304 - "-" "Mozilla/4.0 (compatible; MSIE 7.0; Windows NT 5.1; GTB7.1; .NET CLR 1.1.4322; .NET CLR 2.0.50727; .NET CLR 1.0.3705; .NET CLR 3.0.04506.30; .NET CLR 3.0.04506.648; .NET CLR 3.0.4506.2152; .NET CLR 3.5.30729; IPH 1.1.21.4019)"
208.80.194.29 - - [09/Aug/2011:06:26:30 -0700] "GET / HTTP/1.0" 200 14361 "-" "Mozilla/4.0 (compatible; MSIE 7.0; Windows NT 5.1; FunWebProducts; .NET CLR 1.0.3705; .NET CLR 1.1.4322; Media Center PC 4.0; .NET CLR 2.0.50727; .NET CLR 3.0.04506.30; Zango 10.0.341.0)"
216.254.79.108 - - [09/Aug/2011:06:39:07 -0700] "GET /images/outlook_signature.jpg HTTP/1.1" 304 - "-" "Mozilla/4.0 (compatible; MSIE 7.0; Windows NT 5.1; Trident/4.0; GTB7.1; .NET CLR 1.1.4322; .NET CLR 2.0.50727; .NET CLR 3.0.4506.2152; .NET CLR 3.5.30729; InfoPath.1)"
71.190.154.205 - - [09/Aug/2011:06:41:56 -0700] "GET /images/buttons/contactYellow.jpg HTTP/1.1" 200 2948 "http://www.comprehensivenet.com/c_Nursing.php" "Mozilla/4.0 (compatible; MSIE 8.0; Windows NT 6.1; WOW64; Trident/4.0; GTB7.1; SLCC2; .NET CLR 2.0.50727; .NET CLR 3.5.30729; .NET CLR 3.0.30729; Media Center PC 6.0; MDDC; .NET4.0C; BRI/1)"
71.190.154.205 - - [09/Aug/2011:06:41:56 -0700] "GET /images/YellowLeftSpace.jpg HTTP/1.1" 200 382 "http://www.comprehensivenet.com/c_Nursing.php" "Mozilla/4.0 (compatible; MSIE 8.0; Windows NT 6.1; WOW64; Trident/4.0; GTB7.1; SLCC2; .NET CLR 2.0.50727; .NET CLR 3.5.30729; .NET CLR 3.0.30729; Media Center PC 6.0; MDDC; .NET4.0C; BRI/1)"
71.190.154.205 - - [09/Aug/2011:06:41:56 -0700] "GET /images/buttons/EIPreSchool_Y.jpg HTTP/1.1" 200 7022 "http://www.comprehensivenet.com/c_Nursing.php" "Mozilla/4.0 (compatible; MSIE 8.0; Windows NT 6.1; WOW64; Trident/4.0; GTB7.1; SLCC2; .NET CLR 2.0.50727; .NET CLR 3.5.30729; .NET CLR 3.0.30729; Media Center PC 6.0; MDDC; .NET4.0C; BRI/1)"
71.190.154.205 - - [09/Aug/2011:06:41:56 -0700] "GET /images/buttons/tutoring_Y.jpg HTTP/1.1" 200 6086 "http://www.comprehensivenet.com/c_Nursing.php" "Mozilla/4.0 (compatible; MSIE 8.0; Windows NT 6.1; WOW64; Trident/4.0; GTB7.1; SLCC2; .NET CLR 2.0.50727; .NET CLR 3.5.30729; .NET CLR 3.0.30729; Media Center PC 6.0; MDDC; .NET4.0C; BRI/1)"
71.190.154.205 - - [09/Aug/2011:06:41:56 -0700] "GET /images/logos/resources.jpg HTTP/1.1" 200 10766 "http://www.comprehensivenet.com/c_Nursing.php" "Mozilla/4.0 (compatible; MSIE 8.0; Windows NT 6.1; WOW64; Trident/4.0; GTB7.1; SLCC2; .NET CLR 2.0.50727; .NET CLR 3.5.30729; .NET CLR 3.0.30729; Media Center PC 6.0; MDDC; .NET4.0C; BRI/1)"
71.190.154.205 - - [09/Aug/2011:06:41:57 -0700] "GET /flash/Header.swf HTTP/1.1" 200 251972 "http://www.comprehensivenet.com/c_Nursing.php" "Mozilla/4.0 (compatible; MSIE 8.0; Windows NT 6.1; WOW64; Trident/4.0; GTB7.1; SLCC2; .NET CLR 2.0.50727; .NET CLR 3.5.30729; .NET CLR 3.0.30729; Media Center PC 6.0; MDDC; .NET4.0C; BRI/1)"
71.190.154.205 - - [09/Aug/2011:06:42:08 -0700] "GET /images/buttons/newsletters.jpg HTTP/1.1" 200 2378 "http://www.comprehensivenet.com/p_EIPreSchool.php" "Mozilla/4.0 (compatible; MSIE 8.0; Windows NT 6.1; WOW64; Trident/4.0; GTB7.1; SLCC2; .NET CLR 2.0.50727; .NET CLR 3.5.30729; .NET CLR 3.0.30729; Media Center PC 6.0; MDDC; .NET4.0C; BRI/1)"
72.80.25.38 - - [09/Aug/2011:06:43:37 -0700] "GET /JobListings/skins/images/jobListingHeader.jpg HTTP/1.1" 304 - "http://www.comprehensivenet.com/JobListings/show_news.php?subaction=showfull&id=1269540974" "Mozilla/4.0 (compatible; MSIE 6.0; Windows NT 5.1; SV1; GTB7.1; InfoPath.2; MSN 9.0; MSNbMSNI; MSNmen-us; MSNcIA)"
165.155.204.11 - - [09/Aug/2011:06:44:05 -0700] "GET /JobListings/skins/images/jobListingFooter.jpg HTTP/1.1" 200 12421 "http://www.comprehensivenet.com/JobListings/show_news.php?subaction=showfull&id=1268755935" "Mozilla/4.0 (compatible; MSIE 6.0; Windows NT 5.1; GTB6.5; SV1; InfoPath.1; .NET CLR 2.0.50727)"
107.57.88.134 - - [09/Aug/2011:06:44:43 -0700] "GET /images/buttons/EIPreSchool.jpg HTTP/1.1" 200 6909 "http://www.comprehensivenet.com/j_SpeechPathologist.php" "Mozilla/5.0 (Linux; U; Android 2.2.1; en-us; SPH-D700 Build/FROYO) AppleWebKit/533.1 (KHTML, like Gecko) Version/4.0 Mobile Safari/533.1"
107.57.88.134 - - [09/Aug/2011:06:44:43 -0700] "GET /images/buttons/courses.jpg HTTP/1.1" 200 3497 "http://www.comprehensivenet.com/j_SpeechPathologist.php" "Mozilla/5.0 (Linux; U; Android 2.2.1; en-us; SPH-D700 Build/FROYO) AppleWebKit/533.1 (KHTML, like Gecko) Version/4.0 Mobile Safari/533.1"
107.57.88.134 - - [09/Aug/2011:06:44:44 -0700] "GET /images/buttons/nursing.jpg HTTP/1.1" 200 5819 "http://www.comprehensivenet.com/j_SpeechPathologist.php" "Mozilla/5.0 (Linux; U; Android 2.2.1; en-us; SPH-D700 Build/FROYO) AppleWebKit/533.1 (KHTML, like Gecko) Version/4.0 Mobile Safari/533.1"
107.57.88.134 - - [09/Aug/2011:06:44:45 -0700] "GET /images/buttons/about_on.jpg HTTP/1.1" 200 2141 "http://www.comprehensivenet.com/j_SpeechPathologist.php" "Mozilla/5.0 (Linux; U; Android 2.2.1; en-us; SPH-D700 Build/FROYO) AppleWebKit/533.1 (KHTML, like Gecko) Version/4.0 Mobile Safari/533.1"
216.254.79.108 - - [09/Aug/2011:06:48:54 -0700] "GET /images/25_facebook.jpg HTTP/1.1" 200 2028 "-" "Mozilla/4.0 (compatible; MSIE 7.0; Windows NT 5.1; Trident/4.0; GTB7.0; FunWebProducts; .NET CLR 1.1.4322; .NET CLR 2.0.50727; InfoPath.1; .NET CLR 3.0.4506.2152; .NET CLR 3.5.30729; FunWebProducts)"
99.140.210.39 - - [09/Aug/2011:06:51:35 -0700] "GET /images/outlook_signature.jpg HTTP/1.1" 200 39193 "http://us.mc451.mail.yahoo.com/mc/welcome?ymv=0" "Mozilla/4.0 (compatible; MSIE 8.0; Windows NT 5.1; Trident/4.0; GTB6.5; .NET CLR 2.0.50727; .NET CLR 3.0.4506.2152; .NET CLR 3.5.30729; yie8; AskTbDIC2V5/5.9.1.14132)"
99.140.210.39 - - [09/Aug/2011:06:51:35 -0700] "GET /images/25_facebook.jpg HTTP/1.1" 200 2028 "http://us.mc451.mail.yahoo.com/mc/welcome?ymv=0" "Mozilla/4.0 (compatible; MSIE 8.0; Windows NT 5.1; Trident/4.0; GTB6.5; .NET CLR 2.0.50727; .NET CLR 3.0.4506.2152; .NET CLR 3.5.30729; yie8; AskTbDIC2V5/5.9.1.14132)"
216.254.79.108 - - [09/Aug/2011:06:54:58 -0700] "GET /images/25_twitter.jpg HTTP/1.1" 304 - "-" "Mozilla/4.0 (compatible; MSIE 7.0; Windows NT 5.1; Trident/4.0; GTB7.0; FunWebProducts; .NET CLR 1.1.4322; .NET CLR 2.0.50727; InfoPath.1; .NET CLR 3.0.4506.2152; .NET CLR 3.5.30729; FunWebProducts)"
216.254.79.108 - - [09/Aug/2011:06:54:58 -0700] "GET /images/25_facebook.jpg HTTP/1.1" 304 - "-" "Mozilla/4.0 (compatible; MSIE 7.0; Windows NT 5.1; Trident/4.0; GTB7.0; FunWebProducts; .NET CLR 1.1.4322; .NET CLR 2.0.50727; InfoPath.1; .NET CLR 3.0.4506.2152; .NET CLR 3.5.30729; FunWebProducts)"
216.254.79.108 - - [09/Aug/2011:06:55:24 -0700] "GET /images/outlook_signature.jpg HTTP/1.1" 304 - "-" "Mozilla/4.0 (compatible; MSIE 7.0; Windows NT 5.1; Trident/4.0; GTB7.0; FunWebProducts; .NET CLR 1.1.4322; .NET CLR 2.0.50727; InfoPath.1; .NET CLR 3.0.4506.2152; .NET CLR 3.5.30729; FunWebProducts)"
216.254.79.108 - - [09/Aug/2011:06:59:00 -0700] "GET /images/outlook_signature.jpg HTTP/1.1" 304 - "-" "Mozilla/4.0 (compatible; MSIE 7.0; Windows NT 5.1; Trident/4.0; GTB7.1; .NET CLR 1.1.4322; .NET CLR 2.0.50727; .NET CLR 3.0.4506.2152; .NET CLR 3.5.30729; InfoPath.1)"
216.254.79.108 - - [09/Aug/2011:06:59:01 -0700] "GET /images/25_facebook.jpg HTTP/1.1" 304 - "-" "Mozilla/4.0 (compatible; MSIE 7.0; Windows NT 5.1; Trident/4.0; GTB7.1; .NET CLR 1.1.4322; .NET CLR 2.0.50727; .NET CLR 3.0.4506.2152; .NET CLR 3.5.30729; InfoPath.1)"
98.137.80.69 - - [09/Aug/2011:07:00:31 -0700] "GET /images/25_twitter.jpg HTTP/1.0" 200 2319 "-" "YahooExternalCache"
216.254.79.108 - - [09/Aug/2011:07:07:03 -0700] "GET /images/25_twitter.jpg HTTP/1.1" 304 - "-" "Mozilla/4.0 (compatible; MSIE 6.0; Windows NT 5.1; SV1; GTB7.1; .NET CLR 2.0.50727)"
208.80.194.28 - - [09/Aug/2011:07:07:06 -0700] "GET /p_Nursing.php HTTP/1.0" 200 15340 "-" "Mozilla/4.0 (compatible; MSIE 7.0; Windows NT 5.1; Ringo; FunWebProducts; .NET CLR 1.1.4322; HbTools 4.8.2)"
98.113.30.119 - - [09/Aug/2011:07:09:23 -0700] "GET /images/buttons/professional.jpg HTTP/1.1" 200 4977 "http://www.comprehensivenet.com/p_EIPreSchool.php" "Mozilla/5.0 (Macintosh; U; Intel Mac OS X 10_6_8; en-us) AppleWebKit/533.21.1 (KHTML, like Gecko) Version/5.0.5 Safari/533.21.1"
98.113.30.119 - - [09/Aug/2011:07:09:24 -0700] "GET /images/buttons/therapyEval.jpg HTTP/1.1" 200 10385 "http://www.comprehensivenet.com/p_EIPreSchool.php" "Mozilla/5.0 (Macintosh; U; Intel Mac OS X 10_6_8; en-us) AppleWebKit/533.21.1 (KHTML, like Gecko) Version/5.0.5 Safari/533.21.1"
98.113.30.119 - - [09/Aug/2011:07:09:24 -0700] "GET /images/buttons/interpretation.jpg HTTP/1.1" 200 9675 "http://www.comprehensivenet.com/p_EIPreSchool.php" "Mozilla/5.0 (Macintosh; U; Intel Mac OS X 10_6_8; en-us) AppleWebKit/533.21.1 (KHTML, like Gecko) Version/5.0.5 Safari/533.21.1"
98.113.30.119 - - [09/Aug/2011:07:09:24 -0700] "GET /favicon.ico HTTP/1.1" 200 894 "http://www.comprehensivenet.com/p_EIPreSchool.php" "Mozilla/5.0 (Macintosh; U; Intel Mac OS X 10_6_8; en-us) AppleWebKit/533.21.1 (KHTML, like Gecko) Version/5.0.5 Safari/533.21.1"
98.113.30.119 - - [09/Aug/2011:07:09:24 -0700] "GET /flash/Header.swf HTTP/1.1" 200 251972 "http://www.comprehensivenet.com/p_EIPreSchool.php" "Mozilla/5.0 (Macintosh; U; Intel Mac OS X 10_6_8; en-us) AppleWebKit/533.21.1 (KHTML, like Gecko) Version/5.0.5 Safari/533.21.1"
67.181.191.41 - - [09/Aug/2011:07:10:00 -0700] "GET /JobListings/skins/images/jobListingHeader.jpg HTTP/1.1" 200 39507 "http://www.comprehensivenet.com/JobListings/show_news.php?subaction=showfull&id=1269311864" "Mozilla/5.0 (Macintosh; U; Intel Mac OS X 10_6_6; en-us) AppleWebKit/533.20.25 (KHTML, like Gecko) Version/5.0.4 Safari/533.20.27"
98.113.30.119 - - [09/Aug/2011:07:10:05 -0700] "GET /p_Tutoring.php HTTP/1.1" 200 11194 "http://www.comprehensivenet.com/j_SpecialEducator.php" "Mozilla/5.0 (Macintosh; U; Intel Mac OS X 10_6_8; en-us) AppleWebKit/533.21.1 (KHTML, like Gecko) Version/5.0.5 Safari/533.21.1"
67.181.191.41 - - [09/Aug/2011:07:10:05 -0700] "GET /favicon.ico HTTP/1.1" 200 894 "http://www.comprehensivenet.com/JobListings/show_news.php?subaction=showfull&id=1269311864" "Mozilla/5.0 (Macintosh; U; Intel Mac OS X 10_6_6; en-us) AppleWebKit/533.20.25 (KHTML, like Gecko) Version/5.0.4 Safari/533.20.27"
98.113.30.119 - - [09/Aug/2011:07:10:10 -0700] "GET /images/logos/other_APA.jpg HTTP/1.1" 200 11498 "http://www.comprehensivenet.com/p_ContinuingEd.php" "Mozilla/5.0 (Macintosh; U; Intel Mac OS X 10_6_8; en-us) AppleWebKit/533.21.1 (KHTML, like Gecko) Version/5.0.5 Safari/533.21.1"
98.113.30.119 - - [09/Aug/2011:07:10:10 -0700] "GET /images/continuingEd_Img.jpg HTTP/1.1" 200 49291 "http://www.comprehensivenet.com/p_ContinuingEd.php" "Mozilla/5.0 (Macintosh; U; Intel Mac OS X 10_6_8; en-us) AppleWebKit/533.21.1 (KHTML, like Gecko) Version/5.0.5 Safari/533.21.1"
216.254.79.108 - - [09/Aug/2011:07:10:36 -0700] "GET /images/25_twitter.jpg HTTP/1.1" 304 - "-" "Mozilla/4.0 (compatible; MSIE 6.0; Windows NT 5.1; SV1; Mozilla/4.0 (compatible; MSIE 6.0; Windows NT 5.1; SV1) ;  Embedded Web Browser from: http://bsalsa.com/; .NET CLR 1.1.4322; .NET CLR 2.0.50727; .NET CLR 3.0.04506.30; .NET CLR 3.0.4506.2152; .NET CLR 3.5.30729; MDDR)"
68.195.232.138 - - [09/Aug/2011:07:10:46 -0700] "GET /images/25_twitter.jpg HTTP/1.1" 304 - "-" "Mozilla/4.0 (compatible; MSIE 7.0; Windows NT 5.1; MRSPUTNIK 2, 3, 0, 104; GTB6.6; .NET CLR 1.1.4322; .NET CLR 2.0.50727; .NET CLR 1.0.3705; .NET CLR 3.0.04506.30; .NET CLR 3.0.04506.648; .NET CLR 3.0.4506.2152; .NET CLR 3.5.30729; IPH 1.1.21.4019)"
72.89.88.130 - - [09/Aug/2011:07:11:06 -0700] "GET /images/buttons/contact.jpg HTTP/1.1" 200 2274 "http://www.comprehensivenet.com/p_EIPreSchool.php" "Mozilla/5.0 (Windows; U; Windows NT 5.1; en-US; rv:1.9.1.19) Gecko/20110420 Firefox/3.5.19 (.NET CLR 3.5.30729)"
72.89.88.130 - - [09/Aug/2011:07:11:08 -0700] "GET /flash/Header.swf HTTP/1.1" 200 251972 "http://www.comprehensivenet.com/p_EIPreSchool.php" "Mozilla/5.0 (Windows; U; Windows NT 5.1; en-US; rv:1.9.1.19) Gecko/20110420 Firefox/3.5.19 (.NET CLR 3.5.30729)"
72.89.88.130 - - [09/Aug/2011:07:11:09 -0700] "GET /images/buttons/courses_on.jpg HTTP/1.1" 200 4007 "http://www.comprehensivenet.com/p_EIPreSchool.php" "Mozilla/5.0 (Windows; U; Windows NT 5.1; en-US; rv:1.9.1.19) Gecko/20110420 Firefox/3.5.19 (.NET CLR 3.5.30729)"
184.82.131.106 - - [09/Aug/2011:07:12:29 -0700] "GET / HTTP/1.1" 200 14389 "-" "Mozilla/5.0 (X11; U; Linux i686; en-US; rv:1.8.1.20) Gecko/20081217 Firefox/2.0.0.20"
208.252.25.30 - - [09/Aug/2011:07:12:31 -0700] "GET /images/buttons/courses.jpg HTTP/1.1" 200 3497 "http://www.comprehensivenet.com/p_EIPreSchool.php" "Mozilla/5.0 (Windows; U; Windows NT 5.1; en-US) AppleWebKit/534.16 (KHTML, like Gecko) Chrome/10.0.648.151 Safari/534.16"
208.252.25.30 - - [09/Aug/2011:07:12:31 -0700] "GET /images/buttons/clients.jpg HTTP/1.1" 200 3194 "http://www.comprehensivenet.com/p_EIPreSchool.php" "Mozilla/5.0 (Windows; U; Windows NT 5.1; en-US) AppleWebKit/534.16 (KHTML, like Gecko) Chrome/10.0.648.151 Safari/534.16"
208.252.25.30 - - [09/Aug/2011:07:12:31 -0700] "GET /images/buttons/nursing.jpg HTTP/1.1" 200 5819 "http://www.comprehensivenet.com/p_EIPreSchool.php" "Mozilla/5.0 (Windows; U; Windows NT 5.1; en-US) AppleWebKit/534.16 (KHTML, like Gecko) Chrome/10.0.648.151 Safari/534.16"
208.252.25.30 - - [09/Aug/2011:07:12:32 -0700] "GET /images/EI_Img.jpg HTTP/1.1" 200 38914 "http://www.comprehensivenet.com/p_EIPreSchool.php" "Mozilla/5.0 (Windows; U; Windows NT 5.1; en-US) AppleWebKit/534.16 (KHTML, like Gecko) Chrome/10.0.648.151 Safari/534.16"
208.252.25.30 - - [09/Aug/2011:07:12:51 -0700] "GET /images/buttons/about_on.jpg HTTP/1.1" 200 2141 "http://www.comprehensivenet.com/p_JobListings.php" "Mozilla/5.0 (Windows; U; Windows NT 5.1; en-US) AppleWebKit/534.16 (KHTML, like Gecko) Chrome/10.0.648.151 Safari/534.16"
173.52.247.241 - - [09/Aug/2011:07:16:09 -0700] "GET /ComprehensiveStyles.css HTTP/1.1" 200 1472 "http://www.comprehensivenet.com/p_Nursing.php" "Mozilla/5.0 (Windows NT 5.1; rv:5.0) Gecko/20100101 Firefox/5.0"
173.52.247.241 - - [09/Aug/2011:07:16:10 -0700] "GET /images/buttons/professional.jpg HTTP/1.1" 200 4977 "http://www.comprehensivenet.com/p_Nursing.php" "Mozilla/5.0 (Windows NT 5.1; rv:5.0) Gecko/20100101 Firefox/5.0"
173.52.247.241 - - [09/Aug/2011:07:16:10 -0700] "GET /images/buttons/therapyEval.jpg HTTP/1.1" 200 10385 "http://www.comprehensivenet.com/p_Nursing.php" "Mozilla/5.0 (Windows NT 5.1; rv:5.0) Gecko/20100101 Firefox/5.0"
38.96.213.93 - - [09/Aug/2011:07:16:10 -0700] "GET /about.php HTTP/1.0" 200 12486 "http://www.bing.com/search?q=The+Automotive+Resource+Network%2C+Inc+NYC&qs=n&sk=&form=QBRE" "Mozilla/4.0 (compatible; MSIE 8.0; Windows NT 5.1; Trident/4.0; .NET CLR 2.0.50727; .NET CLR 3.0.4506.2152; .NET CLR 3.5.30729; CMDTDF; .NET CLR 1.1.4322; .NET4.0C; .NET4.0E; InfoPath.2)"
38.96.213.93 - - [09/Aug/2011:07:16:10 -0700] "GET /images/buttons/courses.jpg HTTP/1.0" 200 3497 "http://www.comprehensivenet.com/about.php" "Mozilla/4.0 (compatible; MSIE 8.0; Windows NT 5.1; Trident/4.0; .NET CLR 2.0.50727; .NET CLR 3.0.4506.2152; .NET CLR 3.5.30729; CMDTDF; .NET CLR 1.1.4322; .NET4.0C; .NET4.0E; InfoPath.2)"
173.52.247.241 - - [09/Aug/2011:07:16:11 -0700] "GET /images/logos/resources.jpg HTTP/1.1" 200 10766 "http://www.comprehensivenet.com/p_Nursing.php" "Mozilla/5.0 (Windows NT 5.1; rv:5.0) Gecko/20100101 Firefox/5.0"
216.254.79.108 - - [09/Aug/2011:07:16:22 -0700] "GET /images/25_facebook.jpg HTTP/1.1" 200 2028 "http://www.comprehensivenet.com/" "Mozilla/5.0 (Macintosh; U; Intel Mac OS X 10.6; en-US; rv:1.9.2.19) Gecko/20110707 Firefox/3.6.19"
216.254.79.108 - - [09/Aug/2011:07:16:22 -0700] "GET /images/25_blog.jpg HTTP/1.1" 200 2060 "http://www.comprehensivenet.com/" "Mozilla/5.0 (Macintosh; U; Intel Mac OS X 10.6; en-US; rv:1.9.2.19) Gecko/20110707 Firefox/3.6.19"
216.254.79.108 - - [09/Aug/2011:07:16:28 -0700] "GET /contact.php HTTP/1.1" 200 12695 "http://www.comprehensivenet.com/" "Mozilla/5.0 (Macintosh; U; Intel Mac OS X 10.6; en-US; rv:1.9.2.19) Gecko/20110707 Firefox/3.6.19"
173.52.247.241 - - [09/Aug/2011:07:16:37 -0700] "GET /p_JobListings.php HTTP/1.1" 200 11041 "http://www.comprehensivenet.com/p_Nursing.php" "Mozilla/5.0 (Windows NT 5.1; rv:5.0) Gecko/20100101 Firefox/5.0"
173.52.247.241 - - [09/Aug/2011:07:16:38 -0700] "GET /images/anniversary_link.jpg HTTP/1.1" 200 54060 "http://www.comprehensivenet.com/p_JobListings.php" "Mozilla/5.0 (Windows NT 5.1; rv:5.0) Gecko/20100101 Firefox/5.0"
216.254.79.108 - - [09/Aug/2011:07:16:40 -0700] "GET /images/contact_locations.jpg HTTP/1.1" 200 29468 "http://www.comprehensivenet.com/contact.php" "Mozilla/5.0 (Macintosh; U; Intel Mac OS X 10.6; en-US; rv:1.9.2.19) Gecko/20110707 Firefox/3.6.19"
216.254.79.108 - - [09/Aug/2011:07:16:40 -0700] "GET /images/contact_title.jpg HTTP/1.1" 200 15747 "http://www.comprehensivenet.com/contact.php" "Mozilla/5.0 (Macintosh; U; Intel Mac OS X 10.6; en-US; rv:1.9.2.19) Gecko/20110707 Firefox/3.6.19"
173.52.247.241 - - [09/Aug/2011:07:18:14 -0700] "GET /images/Nursing_Services/Nursing_Services.flv HTTP/1.1" 200 2072576 "-" "Mozilla/5.0 (Windows NT 5.1; rv:5.0) Gecko/20100101 Firefox/5.0"
216.254.79.108 - - [09/Aug/2011:07:25:40 -0700] "GET /images/outlook_signature.jpg HTTP/1.1" 304 - "-" "Mozilla/4.0 (compatible; MSIE 7.0; Windows NT 5.1; Trident/4.0; GTB7.1; .NET CLR 1.1.4322; .NET CLR 2.0.50727; .NET CLR 3.0.4506.2152; .NET CLR 3.5.30729; InfoPath.1)"
216.254.79.108 - - [09/Aug/2011:07:26:06 -0700] "GET /images/25_facebook.jpg HTTP/1.1" 304 - "-" "Mozilla/4.0 (compatible; MSIE 6.0; Windows NT 5.1; SV1; GTB7.1; .NET CLR 2.0.50727)"
216.254.79.108 - - [09/Aug/2011:07:27:56 -0700] "GET /images/outlook_signature.jpg HTTP/1.1" 304 - "-" "Mozilla/4.0 (compatible; MSIE 6.0; Windows NT 5.1; SV1; Mozilla/4.0 (compatible; MSIE 6.0; Windows NT 5.1; SV1) ;  Embedded Web Browser from: http://bsalsa.com/; .NET CLR 1.1.4322; .NET CLR 2.0.50727; .NET CLR 3.0.04506.30; .NET CLR 3.0.4506.2152; .NET CLR 3.5.30729; MDDR)"
216.254.79.108 - - [09/Aug/2011:07:27:59 -0700] "GET /images/25_facebook.jpg HTTP/1.1" 304 - "-" "Mozilla/4.0 (compatible; MSIE 6.0; Windows NT 5.1; SV1; Mozilla/4.0 (compatible; MSIE 6.0; Windows NT 5.1; SV1) ;  Embedded Web Browser from: http://bsalsa.com/; .NET CLR 1.1.4322; .NET CLR 2.0.50727; .NET CLR 3.0.04506.30; .NET CLR 3.0.4506.2152; .NET CLR 3.5.30729; MDDR)"
216.254.79.108 - - [09/Aug/2011:07:28:45 -0700] "GET /images/25_twitter.jpg HTTP/1.1" 304 - "-" "Mozilla/4.0 (compatible; MSIE 7.0; Windows NT 5.1; Trident/4.0; BTRS86393; .NET CLR 1.0.3705; .NET CLR 2.0.50727; .NET CLR 3.0.4506.2152; .NET CLR 3.5.30729)"
74.64.10.235 - - [09/Aug/2011:07:32:31 -0700] "GET /Scripts/AC_RunActiveContent.js HTTP/1.1" 200 8029 "http://www.comprehensivenet.com/" "Mozilla/5.0 (Windows NT 6.1; rv:5.0) Gecko/20100101 Firefox/5.0"
74.64.10.235 - - [09/Aug/2011:07:32:31 -0700] "GET /images/25_facebook.jpg HTTP/1.1" 200 2028 "http://www.comprehensivenet.com/" "Mozilla/5.0 (Windows NT 6.1; rv:5.0) Gecko/20100101 Firefox/5.0"
74.64.10.235 - - [09/Aug/2011:07:32:33 -0700] "GET /images/Comprehensive_coin.swf HTTP/1.1" 200 124002 "http://www.comprehensivenet.com/" "Mozilla/5.0 (Windows NT 6.1; rv:5.0) Gecko/20100101 Firefox/5.0"
64.233.172.18 - - [09/Aug/2011:07:32:56 -0700] "GET /Scripts/AC_RunActiveContent.js HTTP/1.1" 200 8029 "http://www.comprehensivenet.com/p_Nursing.php" "Mozilla/5.0 (X11; Linux x86_64) AppleWebKit/534.24 (KHTML, like Gecko; Google Web Preview) Chrome/11.0.696 Safari/534.24"
64.233.172.18 - - [09/Aug/2011:07:32:56 -0700] "GET /images/buttons/nursing.jpg HTTP/1.1" 200 5819 "http://www.comprehensivenet.com/p_Nursing.php" "Mozilla/5.0 (X11; Linux x86_64) AppleWebKit/534.24 (KHTML, like Gecko; Google Web Preview) Chrome/11.0.696 Safari/534.24"
64.233.172.18 - - [09/Aug/2011:07:32:56 -0700] "GET /images/nursing_Img.jpg HTTP/1.1" 200 52563 "http://www.comprehensivenet.com/p_Nursing.php" "Mozilla/5.0 (X11; Linux x86_64) AppleWebKit/534.24 (KHTML, like Gecko; Google Web Preview) Chrome/11.0.696 Safari/534.24"
74.125.75.20 - - [09/Aug/2011:07:32:56 -0700] "GET /images/buttons/jobListings.jpg HTTP/1.1" 200 4761 "http://www.comprehensivenet.com/p_Nursing.php" "Mozilla/5.0 (X11; Linux x86_64) AppleWebKit/534.24 (KHTML, like Gecko; Google Web Preview) Chrome/11.0.696 Safari/534.24"
74.64.10.235 - - [09/Aug/2011:07:34:10 -0700] "GET /images/buttons/professionalYellow.jpg HTTP/1.1" 200 5021 "http://www.comprehensivenet.com/clients.php" "Mozilla/5.0 (Windows NT 6.1; rv:5.0) Gecko/20100101 Firefox/5.0"
74.64.10.235 - - [09/Aug/2011:07:34:10 -0700] "GET /images/yellowSpace.jpg HTTP/1.1" 200 346 "http://www.comprehensivenet.com/clients.php" "Mozilla/5.0 (Windows NT 6.1; rv:5.0) Gecko/20100101 Firefox/5.0"
74.64.10.235 - - [09/Aug/2011:07:34:10 -0700] "GET /images/buttons/interpretation_Y.jpg HTTP/1.1" 200 10122 "http://www.comprehensivenet.com/clients.php" "Mozilla/5.0 (Windows NT 6.1; rv:5.0) Gecko/20100101 Firefox/5.0"
74.64.10.235 - - [09/Aug/2011:07:34:11 -0700] "GET /images/JobLink1.jpg HTTP/1.1" 200 50144 "http://www.comprehensivenet.com/clients.php" "Mozilla/5.0 (Windows NT 6.1; rv:5.0) Gecko/20100101 Firefox/5.0"
74.64.10.235 - - [09/Aug/2011:07:34:45 -0700] "GET /images/buttons/interpretation.jpg HTTP/1.1" 200 9675 "http://www.comprehensivenet.com/p_JobListings.php" "Mozilla/5.0 (Windows NT 6.1; rv:5.0) Gecko/20100101 Firefox/5.0"
74.64.10.235 - - [09/Aug/2011:07:34:45 -0700] "GET /images/buttons/jobListings.jpg HTTP/1.1" 200 4761 "http://www.comprehensivenet.com/p_JobListings.php" "Mozilla/5.0 (Windows NT 6.1; rv:5.0) Gecko/20100101 Firefox/5.0"
74.64.10.235 - - [09/Aug/2011:07:34:45 -0700] "GET /images/anniversary_link.jpg HTTP/1.1" 200 54060 "http://www.comprehensivenet.com/p_JobListings.php" "Mozilla/5.0 (Windows NT 6.1; rv:5.0) Gecko/20100101 Firefox/5.0"
74.64.10.235 - - [09/Aug/2011:07:34:46 -0700] "GET /flash/Header.swf HTTP/1.1" 200 251972 "http://www.comprehensivenet.com/p_JobListings.php" "Mozilla/5.0 (Windows NT 6.1; rv:5.0) Gecko/20100101 Firefox/5.0"
74.64.10.235 - - [09/Aug/2011:07:36:28 -0700] "GET /j_Tutor.php HTTP/1.1" 200 12309 "http://www.comprehensivenet.com/j_SocialWorker.php" "Mozilla/5.0 (Windows NT 6.1; rv:5.0) Gecko/20100101 Firefox/5.0"
68.198.161.168 - - [09/Aug/2011:07:37:12 -0700] "GET /images/25_facebook.jpg HTTP/1.1" 304 - "-" "Mozilla/4.0 (compatible; MSIE 7.0; Windows NT 5.1; Trident/4.0; SearchToolbar 1.1; FunWebProducts; GTB7.1; .NET CLR 1.1.4322; .NET CLR 2.0.50727; .NET CLR 3.0.4506.2152; .NET CLR 3.5.30729; BRI/2; .NET4.0C; FunWebProducts; AskTbFWV5/5.9.1.14019; MSOffice 12)"
68.198.161.168 - - [09/Aug/2011:07:37:33 -0700] "GET /images/25_twitter.jpg HTTP/1.1" 304 - "-" "Mozilla/4.0 (compatible; MSIE 7.0; Windows NT 5.1; Trident/4.0; SearchToolbar 1.1; FunWebProducts; GTB7.1; .NET CLR 1.1.4322; .NET CLR 2.0.50727; .NET CLR 3.0.4506.2152; .NET CLR 3.5.30729; BRI/2; .NET4.0C; FunWebProducts; AskTbFWV5/5.9.1.14019; MSOffice 12)"
68.198.161.168 - - [09/Aug/2011:07:37:37 -0700] "GET /images/outlook_signature.jpg HTTP/1.1" 304 - "-" "Mozilla/4.0 (compatible; MSIE 7.0; Windows NT 5.1; Trident/4.0; SearchToolbar 1.1; FunWebProducts; GTB7.1; .NET CLR 1.1.4322; .NET CLR 2.0.50727; .NET CLR 3.0.4506.2152; .NET CLR 3.5.30729; BRI/2; .NET4.0C; FunWebProducts; AskTbFWV5/5.9.1.14019; MSOffice 12)"
68.198.161.168 - - [09/Aug/2011:07:37:37 -0700] "GET /images/25_twitter.jpg HTTP/1.1" 304 - "-" "Mozilla/4.0 (compatible; MSIE 7.0; Windows NT 5.1; Trident/4.0; SearchToolbar 1.1; FunWebProducts; GTB7.1; .NET CLR 1.1.4322; .NET CLR 2.0.50727; .NET CLR 3.0.4506.2152; .NET CLR 3.5.30729; BRI/2; .NET4.0C; FunWebProducts; AskTbFWV5/5.9.1.14019; MSOffice 12)"
68.198.161.168 - - [09/Aug/2011:07:37:52 -0700] "GET /images/outlook_signature.jpg HTTP/1.1" 304 - "-" "Mozilla/4.0 (compatible; MSIE 7.0; Windows NT 5.1; Trident/4.0; SearchToolbar 1.1; FunWebProducts; GTB7.1; .NET CLR 1.1.4322; .NET CLR 2.0.50727; .NET CLR 3.0.4506.2152; .NET CLR 3.5.30729; BRI/2; .NET4.0C; FunWebProducts; AskTbFWV5/5.9.1.14019; MSOffice 12)"
68.198.161.168 - - [09/Aug/2011:07:37:52 -0700] "GET /images/25_facebook.jpg HTTP/1.1" 304 - "-" "Mozilla/4.0 (compatible; MSIE 7.0; Windows NT 5.1; Trident/4.0; SearchToolbar 1.1; FunWebProducts; GTB7.1; .NET CLR 1.1.4322; .NET CLR 2.0.50727; .NET CLR 3.0.4506.2152; .NET CLR 3.5.30729; BRI/2; .NET4.0C; FunWebProducts; AskTbFWV5/5.9.1.14019; MSOffice 12)"
108.46.47.62 - - [09/Aug/2011:07:43:01 -0700] "GET /images/25_blog.jpg HTTP/1.1" 200 2060 "http://www.comprehensivenet.com/p_Nursing.php" "Mozilla/4.0 (compatible; MSIE 8.0; Windows NT 6.1; WOW64; Trident/4.0; GTB7.1; SLCC2; .NET CLR 2.0.50727; .NET CLR 3.5.30729; .NET CLR 3.0.30729; Media Center PC 6.0; .NET4.0C)"
108.46.47.62 - - [09/Aug/2011:07:43:01 -0700] "GET /images/buttons/clients.jpg HTTP/1.1" 200 3194 "http://www.comprehensivenet.com/p_Nursing.php" "Mozilla/4.0 (compatible; MSIE 8.0; Windows NT 6.1; WOW64; Trident/4.0; GTB7.1; SLCC2; .NET CLR 2.0.50727; .NET CLR 3.5.30729; .NET CLR 3.0.30729; Media Center PC 6.0; .NET4.0C)"
216.254.79.108 - - [09/Aug/2011:07:44:01 -0700] "GET /images/25_facebook.jpg HTTP/1.1" 304 - "-" "Mozilla/4.0 (compatible; MSIE 6.0; Windows NT 5.1; SV1; GTB7.1; .NET CLR 2.0.50727)"
108.46.47.62 - - [09/Aug/2011:07:47:09 -0700] "GET /images/25_blog.jpg HTTP/1.1" 304 - "http://www.comprehensivenet.com/index.php" "Mozilla/4.0 (compatible; MSIE 8.0; Windows NT 6.1; WOW64; Trident/4.0; GTB7.1; SLCC2; .NET CLR 2.0.50727; .NET CLR 3.5.30729; .NET CLR 3.0.30729; Media Center PC 6.0; .NET4.0C)"
108.46.47.62 - - [09/Aug/2011:07:47:09 -0700] "GET /images/buttons/professional.jpg HTTP/1.1" 304 - "http://www.comprehensivenet.com/index.php" "Mozilla/4.0 (compatible; MSIE 8.0; Windows NT 6.1; WOW64; Trident/4.0; GTB7.1; SLCC2; .NET CLR 2.0.50727; .NET CLR 3.5.30729; .NET CLR 3.0.30729; Media Center PC 6.0; .NET4.0C)"
108.46.47.62 - - [09/Aug/2011:07:47:09 -0700] "GET /flash/Header.swf HTTP/1.1" 304 - "http://www.comprehensivenet.com/index.php" "Mozilla/4.0 (compatible; MSIE 8.0; Windows NT 6.1; WOW64; Trident/4.0; GTB7.1; SLCC2; .NET CLR 2.0.50727; .NET CLR 3.5.30729; .NET CLR 3.0.30729; Media Center PC 6.0; .NET4.0C)"
108.46.47.62 - - [09/Aug/2011:07:47:12 -0700] "GET /images/buttons/about_on.jpg HTTP/1.1" 304 - "http://www.comprehensivenet.com/index.php" "Mozilla/4.0 (compatible; MSIE 8.0; Windows NT 6.1; WOW64; Trident/4.0; GTB7.1; SLCC2; .NET CLR 2.0.50727; .NET CLR 3.5.30729; .NET CLR 3.0.30729; Media Center PC 6.0; .NET4.0C)"
68.195.232.138 - - [09/Aug/2011:07:48:25 -0700] "GET /images/outlook_signature.jpg HTTP/1.1" 304 - "-" "Mozilla/4.0 (compatible; MSIE 6.0; Windows NT 5.1; SV1; GTB6.3; .NET CLR 1.1.4322; .NET CLR 1.0.3705; .NET CLR 2.0.50727)"
72.89.173.48 - - [09/Aug/2011:07:49:14 -0700] "GET /ComprehensiveStyles.css HTTP/1.1" 200 1472 "http://www.comprehensivenet.com/" "Mozilla/5.0 (Macintosh; Intel Mac OS X 10.6; rv:5.0.1) Gecko/20100101 Firefox/5.0.1"
72.89.173.48 - - [09/Aug/2011:07:49:14 -0700] "GET /images/25_blog.jpg HTTP/1.1" 200 2060 "http://www.comprehensivenet.com/" "Mozilla/5.0 (Macintosh; Intel Mac OS X 10.6; rv:5.0.1) Gecko/20100101 Firefox/5.0.1"
72.89.173.48 - - [09/Aug/2011:07:49:16 -0700] "GET /flash/Header.swf HTTP/1.1" 200 251972 "http://www.comprehensivenet.com/" "Mozilla/5.0 (Macintosh; Intel Mac OS X 10.6; rv:5.0.1) Gecko/20100101 Firefox/5.0.1"
72.89.173.48 - - [09/Aug/2011:07:49:16 -0700] "GET /images/buttons/about_on.jpg HTTP/1.1" 200 2141 "http://www.comprehensivenet.com/" "Mozilla/5.0 (Macintosh; Intel Mac OS X 10.6; rv:5.0.1) Gecko/20100101 Firefox/5.0.1"
72.89.173.48 - - [09/Aug/2011:07:49:33 -0700] "GET /images/flip_quarter_bg.jpg HTTP/1.1" 200 86291 "http://www.comprehensivenet.com/new_year.php" "Mozilla/5.0 (Macintosh; Intel Mac OS X 10.6; rv:5.0.1) Gecko/20100101 Firefox/5.0.1"
65.55.237.92 - - [09/Aug/2011:07:49:45 -0700] "GET /images/outlook_signature.jpg HTTP/1.1" 200 39193 "-" "Mozilla/4.0 (compatible; MSIE 6.0; Windows NT 5.1; SV1; .NET CLR 1.1.4322; .NET CLR 2.0.50727; .NET CLR 3.0.4506.2152; .NET CLR 3.5.30729; .NET4.0C)"
216.254.79.108 - - [09/Aug/2011:07:50:53 -0700] "GET /images/outlook_signature.jpg HTTP/1.1" 304 - "-" "Mozilla/4.0 (compatible; MSIE 7.0; Windows NT 5.1; Trident/4.0; GTB7.1; .NET CLR 1.1.4322; .NET CLR 1.0.3705; .NET CLR 2.0.50727; .NET CLR 3.0.4506.2152; .NET CLR 3.5.30729; OfficeLiveConnector.1.3; OfficeLivePatch.0.0; InfoPath.1)"
216.254.79.108 - - [09/Aug/2011:07:54:58 -0700] "GET /images/25_twitter.jpg HTTP/1.1" 304 - "-" "Mozilla/4.0 (compatible; MSIE 6.0; Windows NT 5.1; SV1; GTB7.1; .NET CLR 2.0.50727)"
72.194.116.244 - - [09/Aug/2011:07:55:02 -0700] "GET /images/outlook_signature.jpg HTTP/1.1" 200 39193 "-" "Mozilla/5.0 (Macintosh; Intel Mac OS X 10_6_8) AppleWebKit/535.1 (KHTML, like Gecko) Chrome/13.0.782.107 Safari/535.1"
216.254.79.108 - - [09/Aug/2011:07:55:18 -0700] "GET /images/outlook_signature.jpg HTTP/1.1" 304 - "-" "Mozilla/4.0 (compatible; MSIE 7.0; Windows NT 5.1; GTB7.1; .NET CLR 1.1.4322; .NET CLR 2.0.50727; InfoPath.1; .NET CLR 3.0.4506.2152; .NET CLR 3.5.30729)"
216.254.79.108 - - [09/Aug/2011:07:55:25 -0700] "GET /images/25_facebook.jpg HTTP/1.1" 304 - "-" "Mozilla/4.0 (compatible; MSIE 7.0; Windows NT 5.1; GTB7.1; .NET CLR 1.1.4322; .NET CLR 2.0.50727; InfoPath.1; .NET CLR 3.0.4506.2152; .NET CLR 3.5.30729)"
68.28.105.227 - - [09/Aug/2011:07:55:58 -0700] "GET /JobListings/show_news.php?subaction=showfull&id=1302014626 HTTP/1.1" 200 13148 "http://www.indeed.com/jobs?q=deaf&l=New+York&start=10" "Mozilla/4.0 (compatible; MSIE 8.0; Windows NT 6.0; Trident/4.0; GTB7.1; SLCC1; .NET CLR 2.0.50727; Media Center PC 5.1; .NET CLR 3.5.30729; .NET CLR 3.0.30729; .NET4.0C)"
216.254.79.108 - - [09/Aug/2011:07:57:23 -0700] "GET /images/25_facebook.jpg HTTP/1.1" 304 - "-" "Mozilla/4.0 (compatible; MSIE 6.0; Windows NT 5.1; SV1; GTB7.1; .NET CLR 1.1.4322; .NET CLR 2.0.50727)"
216.254.79.108 - - [09/Aug/2011:07:57:24 -0700] "GET /images/25_twitter.jpg HTTP/1.1" 304 - "-" "Mozilla/4.0 (compatible; MSIE 6.0; Windows NT 5.1; SV1; GTB7.1; .NET CLR 1.1.4322; .NET CLR 2.0.50727)"
216.254.79.108 - - [09/Aug/2011:07:57:35 -0700] "GET /images/25_facebook.jpg HTTP/1.1" 304 - "-" "Mozilla/4.0 (compatible; MSIE 6.0; Windows NT 5.1; SV1; GTB7.1; .NET CLR 1.1.4322; .NET CLR 2.0.50727)"
216.254.79.108 - - [09/Aug/2011:08:00:45 -0700] "GET /images/25_facebook.jpg HTTP/1.1" 304 - "-" "Mozilla/4.0 (compatible; MSIE 7.0; Windows NT 5.1; GTB7.1; .NET CLR 1.1.4322; .NET CLR 2.0.50727; InfoPath.1; .NET CLR 3.0.4506.2152; .NET CLR 3.5.30729)"
68.195.232.138 - - [09/Aug/2011:08:01:24 -0700] "GET /images/outlook_signature.jpg HTTP/1.1" 304 - "-" "Mozilla/4.0 (compatible; MSIE 7.0; Windows NT 5.1; MRSPUTNIK 2, 3, 0, 104; GTB6.6; .NET CLR 1.1.4322; .NET CLR 2.0.50727; .NET CLR 1.0.3705; .NET CLR 3.0.04506.30; .NET CLR 3.0.04506.648; .NET CLR 3.0.4506.2152; .NET CLR 3.5.30729; IPH 1.1.21.4019)"
66.31.34.160 - - [09/Aug/2011:08:01:59 -0700] "GET /images/buttons/contact.jpg HTTP/1.1" 200 2274 "http://www.comprehensivenet.com/p_EIPreSchool.php" "Mozilla/5.0 (Macintosh; Intel Mac OS X 10_6_4) AppleWebKit/535.1 (KHTML, like Gecko) Chrome/13.0.782.107 Safari/535.1"
