151.138.13.244 - - [12/Aug/2011:00:05:35 -0700] "GET / HTTP/1.1" 200 14395 "-" "SuperPagesUrlVerifyBot/1.0"
220.181.108.94 - - [12/Aug/2011:00:32:31 -0700] "GET /index.php HTTP/1.1" 200 14389 "-" "Mozilla/5.0 (compatible; Baiduspider/2.0; +http://www.baidu.com/search/spider.html)"
80.191.41.227 - - [12/Aug/2011:00:37:26 -0700] "GET /images/outlook_signature.jpg HTTP/1.1" 200 39193 "http://us.mg4.mail.yahoo.com/neo/launch?.rand=83pdtll7mets1" "Mozilla/5.0 (Windows; U; Windows NT 6.1; en-US; rv:1.9.2.8) Gecko/20100722 Firefox/3.6.8"
208.115.111.67 - - [12/Aug/2011:00:39:39 -0700] "GET /list/3_21_120/ HTTP/1.1" 404 220 "-" "Mozilla/5.0 (compatible; Ezooms/1.0; ezooms.bot@gmail.com)"
69.124.68.37 - - [12/Aug/2011:00:58:03 -0700] "GET /images/buttons/contact.jpg HTTP/1.1" 200 2274 "http://comprehensivenet.com/" "Mozilla/5.0 (Windows NT 5.1) AppleWebKit/535.1 (KHTML, like Gecko) Chrome/13.0.782.112 Safari/535.1"
69.124.68.37 - - [12/Aug/2011:00:58:04 -0700] "GET /images/buttons/home_on.jpg HTTP/1.1" 200 1637 "http://comprehensivenet.com/" "Mozilla/5.0 (Windows NT 5.1) AppleWebKit/535.1 (KHTML, like Gecko) Chrome/13.0.782.112 Safari/535.1"
69.124.68.37 - - [12/Aug/2011:00:58:40 -0700] "GET /images/buttons/interpretation.jpg HTTP/1.1" 200 9675 "http://comprehensivenet.com/p_JobListings.php" "Mozilla/5.0 (Windows NT 5.1) AppleWebKit/535.1 (KHTML, like Gecko) Chrome/13.0.782.112 Safari/535.1"
69.124.68.37 - - [12/Aug/2011:00:58:47 -0700] "GET /JobListings/skins/images/jobListingFooter.jpg HTTP/1.1" 200 12421 "http://www.comprehensivenet.com/JobListings/show_news.php?subaction=showfull&id=1285171594&archive=&template=" "Mozilla/5.0 (Windows NT 5.1) AppleWebKit/535.1 (KHTML, like Gecko) Chrome/13.0.782.112 Safari/535.1"
69.124.68.37 - - [12/Aug/2011:00:58:48 -0700] "GET /favicon.ico HTTP/1.1" 200 894 "-" "Mozilla/5.0 (Windows NT 5.1) AppleWebKit/535.1 (KHTML, like Gecko) Chrome/13.0.782.112 Safari/535.1"
69.124.68.37 - - [12/Aug/2011:00:59:11 -0700] "GET /p_JobListings.php HTTP/1.1" 200 11035 "http://comprehensivenet.com/j_Tutor.php" "Mozilla/5.0 (Windows NT 5.1) AppleWebKit/535.1 (KHTML, like Gecko) Chrome/13.0.782.112 Safari/535.1"
69.124.68.37 - - [12/Aug/2011:00:59:26 -0700] "GET /j_Translator.php HTTP/1.1" 200 31674 "http://comprehensivenet.com/p_JobListings.php" "Mozilla/5.0 (Windows NT 5.1) AppleWebKit/535.1 (KHTML, like Gecko) Chrome/13.0.782.112 Safari/535.1"
65.52.108.144 - - [12/Aug/2011:01:50:14 -0700] "GET /robots.txt HTTP/1.1" 404 216 "-" "Mozilla/5.0 (compatible; bingbot/2.0; +http://www.bing.com/bingbot.htm)"
207.46.204.171 - - [12/Aug/2011:03:14:56 -0700] "GET /Scripts/AC_RunActiveContent.js HTTP/1.1" 200 8029 "http://www.comprehensivenet.com/" "Mozilla/5.0 (compatible; MSIE 9.0; Windows NT 6.1; Trident/5.0;  WOW64;  Trident/5.0)"
173.236.119.164 - - [12/Aug/2011:03:15:30 -0700] "GET /images/25_facebook.jpg HTTP/1.1" 200 2028 "http://36ohk6dgmcd1n.yom.mail.yahoo.net/om/api/1.0/openmail.app.invoke/36ohk6dgmcd1n/4/1.0.35/us/en-US/view.html" "Mozilla/4.0 (compatible; MSIE 8.0; Windows NT 5.1; Trident/4.0)"
108.14.193.97 - - [12/Aug/2011:03:16:06 -0700] "GET /images/25_facebook.jpg HTTP/1.1" 200 2028 "http://us.mc840.mail.yahoo.com/mc/welcome?.partner=vz-acs&.gx=1&.tm=1313143742&.rand=efr0osec29dlh" "Mozilla/5.0 (Windows NT 6.0; rv:5.0) Gecko/20100101 Firefox/5.0"
108.14.193.97 - - [12/Aug/2011:03:16:06 -0700] "GET /images/25_twitter.jpg HTTP/1.1" 200 2319 "http://us.mc840.mail.yahoo.com/mc/welcome?.partner=vz-acs&.gx=1&.tm=1313143742&.rand=efr0osec29dlh" "Mozilla/5.0 (Windows NT 6.0; rv:5.0) Gecko/20100101 Firefox/5.0"
193.104.203.235 - - [12/Aug/2011:03:53:33 -0700] "GET /blog/wp-content/uploads/2010/08/relax-199x300.jpg HTTP/1.1" 200 26060 "http://unplugreconnect.com.dev/page/9/" "Mozilla/5.0 (X11; Linux x86_64) AppleWebKit/535.1 (KHTML, like Gecko) Chrome/13.0.782.112 Safari/535.1"
67.195.112.25 - - [12/Aug/2011:04:21:53 -0700] "GET /treasurehunt.php HTTP/1.0" 200 14328 "-" "Mozilla/5.0 (compatible; Yahoo! Slurp; http://help.yahoo.com/help/us/ysearch/slurp)"
184.152.20.98 - - [12/Aug/2011:04:22:31 -0700] "GET /JobListings/show_news.php?subaction=showfull&id=1282249075 HTTP/1.1" 200 4725 "http://www.indeed.com/jobs?q=school+Occupational+Therapist&l=Manhattan%2C+NY&start=20" "Mozilla/5.0 (Macintosh; U; Intel Mac OS X 10_6_7; en-us) AppleWebKit/533.20.25 (KHTML, like Gecko) Version/5.0.4 Safari/533.20.27"
98.113.91.251 - - [12/Aug/2011:04:59:11 -0700] "GET / HTTP/1.1" 200 14389 "http://www.google.com/url?sa=t&source=web&cd=4&ved=0CF8QoAIwAw&url=http%3A%2F%2Fwww.comprehensivenet.com%2F&rct=j&q=emplyment%20agency%20in%20brooklyn%20&ei=EhVFTqyEH6js0gHK7aCACA&usg=AFQjCNH8IlfjGpaGQLafAlMUXLkoRubC-Q&sig2=LqDnRy5vfJ0XXlZoDol0Og" "Mozilla/5.0 (Windows NT 6.1; rv:5.0) Gecko/20100101 Firefox/5.0"
98.113.91.251 - - [12/Aug/2011:04:59:12 -0700] "GET /images/home_catLinks.jpg HTTP/1.1" 200 90721 "http://www.comprehensivenet.com/" "Mozilla/5.0 (Windows NT 6.1; rv:5.0) Gecko/20100101 Firefox/5.0"
95.108.158.237 - - [12/Aug/2011:05:04:36 -0700] "GET /images/buttons/about.jpg HTTP/1.1" 304 - "-" "Mozilla/5.0 (compatible; YandexImages/3.0; +http://yandex.com/bots)"
108.58.25.242 - - [12/Aug/2011:05:21:55 -0700] "GET /images/25_twitter.jpg HTTP/1.1" 304 - "-" "Mozilla/4.0 (compatible; MSIE 7.0; Windows NT 5.1; .NET CLR 2.0.50727; .NET CLR 3.0.4506.2152; .NET CLR 3.5.30729)"
149.10.211.107 - - [12/Aug/2011:05:30:02 -0700] "GET /images/outlook_signature.jpg HTTP/1.1" 304 - "-" "Mozilla/4.0 (compatible; MSIE 7.0; Windows NT 5.1; Trident/4.0; .NET CLR 2.0.50727; InfoPath.1; .NET CLR 3.0.4506.2152; .NET CLR 3.5.30729)"
149.10.211.107 - - [12/Aug/2011:05:30:02 -0700] "GET /images/25_twitter.jpg HTTP/1.1" 304 - "-" "Mozilla/4.0 (compatible; MSIE 7.0; Windows NT 5.1; Trident/4.0; .NET CLR 2.0.50727; InfoPath.1; .NET CLR 3.0.4506.2152; .NET CLR 3.5.30729)"
87.109.231.56 - - [12/Aug/2011:05:36:31 -0700] "GET /JobListings/skins/images/jobListingHeader.jpg HTTP/1.1" 200 39507 "http://www.comprehensivenet.com/JobListings/show_news.php?subaction=showfull&id=1304611453" "Mozilla/5.0 (compatible; MSIE 9.0; Windows NT 6.1; WOW64; Trident/5.0)"
87.109.231.56 - - [12/Aug/2011:05:36:37 -0700] "GET /favicon.ico HTTP/1.1" 200 894 "-" "Mozilla/5.0 (compatible; MSIE 9.0; Windows NT 6.1; WOW64; Trident/5.0)"
24.188.184.184 - - [12/Aug/2011:05:39:58 -0700] "GET /images/outlook_signature.jpg HTTP/1.1" 200 39193 "-" "Mozilla/5.0 (iPhone; U; CPU iPhone OS 4_2_9 like Mac OS X; en-us) AppleWebKit/533.17.9 (KHTML, like Gecko)"
108.58.25.242 - - [12/Aug/2011:05:43:14 -0700] "GET /images/25_facebook.jpg HTTP/1.1" 304 - "-" "Mozilla/4.0 (compatible; MSIE 7.0; Windows NT 5.1; GTB7.1; .NET CLR 1.1.4322; .NET CLR 2.0.50727; Hotbar 10.2.236.0)"
174.141.208.97 - - [12/Aug/2011:05:45:30 -0700] "GET /images/outlook_signature.jpg HTTP/1.1" 304 - "-" "Mozilla/4.0 (compatible; MSIE 6.0; Windows NT 5.1)"
108.6.15.245 - - [12/Aug/2011:05:49:53 -0700] "GET /ComprehensiveStyles.css HTTP/1.1" 200 1472 "http://comprehensivenet.com/" "Mozilla/4.0 (compatible; MSIE 7.0; Windows NT 5.1; .NET CLR 1.1.4322)"
108.6.15.245 - - [12/Aug/2011:05:49:56 -0700] "GET /images/buttons/courses.jpg HTTP/1.1" 200 3497 "http://comprehensivenet.com/" "Mozilla/4.0 (compatible; MSIE 7.0; Windows NT 5.1; .NET CLR 1.1.4322)"
108.6.15.245 - - [12/Aug/2011:05:49:56 -0700] "GET /images/buttons/about.jpg HTTP/1.1" 200 1869 "http://comprehensivenet.com/" "Mozilla/4.0 (compatible; MSIE 7.0; Windows NT 5.1; .NET CLR 1.1.4322)"
108.6.15.245 - - [12/Aug/2011:05:49:56 -0700] "GET /images/buttons/newsletters.jpg HTTP/1.1" 200 2378 "http://comprehensivenet.com/" "Mozilla/4.0 (compatible; MSIE 7.0; Windows NT 5.1; .NET CLR 1.1.4322)"
108.6.15.245 - - [12/Aug/2011:05:50:04 -0700] "GET /images/contact_locations.jpg HTTP/1.1" 200 29468 "http://comprehensivenet.com/contact.php" "Mozilla/4.0 (compatible; MSIE 7.0; Windows NT 5.1; .NET CLR 1.1.4322)"
108.6.15.245 - - [12/Aug/2011:05:50:04 -0700] "GET /images/contact_map3.jpg HTTP/1.1" 200 62644 "http://comprehensivenet.com/contact.php" "Mozilla/4.0 (compatible; MSIE 7.0; Windows NT 5.1; .NET CLR 1.1.4322)"
108.6.15.245 - - [12/Aug/2011:05:50:05 -0700] "GET /images/contact_title.jpg HTTP/1.1" 200 15747 "http://comprehensivenet.com/contact.php" "Mozilla/4.0 (compatible; MSIE 7.0; Windows NT 5.1; .NET CLR 1.1.4322)"
108.6.15.245 - - [12/Aug/2011:05:53:57 -0700] "GET /images/buttons/newsletters_on.jpg HTTP/1.1" 304 - "http://comprehensivenet.com/index.php" "Mozilla/4.0 (compatible; MSIE 7.0; Windows NT 5.1; .NET CLR 1.1.4322)"
108.6.15.245 - - [12/Aug/2011:05:54:13 -0700] "GET /images/buttons/continuingEd.jpg HTTP/1.1" 200 8472 "http://comprehensivenet.com/p_JobListings.php" "Mozilla/4.0 (compatible; MSIE 7.0; Windows NT 5.1; .NET CLR 1.1.4322)"
108.6.15.245 - - [12/Aug/2011:05:54:16 -0700] "GET /j_CFY.php HTTP/1.1" 200 29408 "-" "Mozilla/4.0 (compatible; MSIE 7.0; Windows NT 5.1; .NET CLR 1.1.4322)"
166.137.139.18 - - [12/Aug/2011:05:57:38 -0700] "GET /images/25_twitter.jpg HTTP/1.1" 200 2319 "-" "Mozilla/5.0 (iPhone; U; CPU iPhone OS 4_3_5 like Mac OS X; en-us) AppleWebKit/533.17.9 (KHTML, like Gecko)"
68.173.252.85 - - [12/Aug/2011:06:02:32 -0700] "GET /ComprehensiveStyles.css HTTP/1.1" 200 1472 "http://www.comprehensivenet.com/c_Nursing.php" "Mozilla/5.0 (Macintosh; U; Intel Mac OS X 10.5; en-US; rv:1.9.2.19) Gecko/20110707 Firefox/3.6.19"
68.173.252.85 - - [12/Aug/2011:06:02:33 -0700] "GET /images/buttons/homeYellow.jpg HTTP/1.1" 200 1827 "http://www.comprehensivenet.com/c_Nursing.php" "Mozilla/5.0 (Macintosh; U; Intel Mac OS X 10.5; en-US; rv:1.9.2.19) Gecko/20110707 Firefox/3.6.19"
68.173.252.85 - - [12/Aug/2011:06:02:33 -0700] "GET /images/nursing_Img.jpg HTTP/1.1" 200 52563 "http://www.comprehensivenet.com/c_Nursing.php" "Mozilla/5.0 (Macintosh; U; Intel Mac OS X 10.5; en-US; rv:1.9.2.19) Gecko/20110707 Firefox/3.6.19"
68.173.252.85 - - [12/Aug/2011:06:02:33 -0700] "GET /images/logos/resources.jpg HTTP/1.1" 200 10766 "http://www.comprehensivenet.com/c_Nursing.php" "Mozilla/5.0 (Macintosh; U; Intel Mac OS X 10.5; en-US; rv:1.9.2.19) Gecko/20110707 Firefox/3.6.19"
68.173.252.85 - - [12/Aug/2011:06:02:33 -0700] "GET /images/JobLink1.jpg HTTP/1.1" 200 50144 "http://www.comprehensivenet.com/c_Nursing.php" "Mozilla/5.0 (Macintosh; U; Intel Mac OS X 10.5; en-US; rv:1.9.2.19) Gecko/20110707 Firefox/3.6.19"
68.173.252.85 - - [12/Aug/2011:06:02:37 -0700] "GET /favicon.ico HTTP/1.1" 200 894 "-" "Mozilla/5.0 (Macintosh; U; Intel Mac OS X 10.5; en-US; rv:1.9.2.19) Gecko/20110707 Firefox/3.6.19"
165.155.110.6 - - [12/Aug/2011:06:02:57 -0700] "GET /images/25_twitter.jpg HTTP/1.1" 200 2319 "-" "Mozilla/4.0 (compatible; MSIE 7.0; Windows NT 5.1; Trident/4.0; GTB7.1; .NET CLR 2.0.50727; .NET CLR 3.0.04506.648; .NET CLR 3.5.21022; InfoPath.1; .NET CLR 3.0.4506.2152; .NET CLR 3.5.30729; .NET4.0C; .NET4.0E)"
166.137.138.146 - - [12/Aug/2011:06:03:31 -0700] "GET /images/outlook_signature.jpg HTTP/1.1" 200 39193 "-" "Mozilla/5.0 (iPhone; U; CPU iPhone OS 4_3_3 like Mac OS X; en-us) AppleWebKit/533.17.9 (KHTML, like Gecko)"
165.155.110.6 - - [12/Aug/2011:06:08:46 -0700] "GET /images/25_twitter.jpg HTTP/1.1" 304 - "-" "Mozilla/4.0 (compatible; MSIE 7.0; Windows NT 5.1; Trident/4.0; GTB7.1; .NET CLR 1.1.4322; .NET CLR 2.0.50727; .NET CLR 3.0.04506.30; .NET CLR 3.0.04506.648; .NET CLR 3.5.21022; MS-RTC LM 8; OfficeLiveConnector.1.3; OfficeLivePatch.0.0; .NET CLR 3.0.4506.2152; .NET CLR 3.5.30729; InfoPath.3; msn OptimizedIE8;ENUS; ms-office; MSOffice 14)"
24.193.215.10 - - [12/Aug/2011:06:09:39 -0700] "GET /images/25_facebook.jpg HTTP/1.1" 200 2028 "-" "Mozilla/5.0 (iPhone; U; CPU iPhone OS 4_3_3 like Mac OS X; en-us) AppleWebKit/533.17.9 (KHTML, like Gecko)"
108.58.25.242 - - [12/Aug/2011:06:11:34 -0700] "GET /images/25_facebook.jpg HTTP/1.1" 304 - "-" "Mozilla/4.0 (compatible; MSIE 7.0; Windows NT 5.1; GTB7.1; .NET CLR 1.1.4322; .NET CLR 2.0.50727; Hotbar 10.2.236.0)"
108.58.25.242 - - [12/Aug/2011:06:11:34 -0700] "GET /images/25_twitter.jpg HTTP/1.1" 304 - "-" "Mozilla/4.0 (compatible; MSIE 7.0; Windows NT 5.1; GTB7.1; .NET CLR 1.1.4322; .NET CLR 2.0.50727; Hotbar 10.2.236.0)"
166.137.137.54 - - [12/Aug/2011:06:12:47 -0700] "GET /images/outlook_signature.jpg HTTP/1.1" 304 - "-" "Mozilla/5.0 (iPhone; U; CPU iPhone OS 4_3_3 like Mac OS X; en-us) AppleWebKit/533.17.9 (KHTML, like Gecko)"
72.89.177.110 - - [12/Aug/2011:06:30:51 -0700] "GET /images/outlook_signature.jpg HTTP/1.1" 200 39193 "http://sn129w.snt129.mail.live.com/mail/InboxLight.aspx?n=132464905" "Mozilla/4.0 (compatible; MSIE 8.0; Windows NT 6.1; WOW64; Trident/4.0; GTB7.1; SLCC2; .NET CLR 2.0.50727; .NET CLR 3.5.30729; .NET CLR 3.0.30729; Media Center PC 6.0; eSobiSubscriber 2.0.4.16; .NET4.0C; .NET4.0E)"
108.58.25.242 - - [12/Aug/2011:06:35:39 -0700] "GET /images/25_facebook.jpg HTTP/1.1" 304 - "-" "Mozilla/4.0 (compatible; MSIE 7.0; Windows NT 5.1; Trident/4.0; GTB7.1; .NET CLR 1.1.4322; .NET CLR 2.0.50727; .NET CLR 3.0.4506.2152; .NET CLR 3.5.30729; InfoPath.1; .NET4.0C)"
166.137.137.118 - - [12/Aug/2011:06:41:49 -0700] "GET /images/25_facebook.jpg HTTP/1.1" 304 - "-" "Mozilla/5.0 (iPhone; U; CPU iPhone OS 4_3_3 like Mac OS X; en-us) AppleWebKit/533.17.9 (KHTML, like Gecko)"
72.225.213.154 - - [12/Aug/2011:06:42:26 -0700] "GET /images/outlook_signature.jpg HTTP/1.1" 200 39193 "http://mail.aol.com/34007-311/aol-6/en-us/Suite.aspx" "Mozilla/4.0 (compatible; MSIE 7.0; Windows NT 6.1; WOW64; Trident/5.0; SLCC2; .NET CLR 2.0.50727; .NET CLR 3.5.30729; .NET CLR 3.0.30729; Media Center PC 6.0; MAAU; .NET4.0C)"
108.58.25.242 - - [12/Aug/2011:06:48:58 -0700] "GET /images/25_facebook.jpg HTTP/1.1" 304 - "-" "Mozilla/4.0 (compatible; MSIE 7.0; Windows NT 5.1; Trident/4.0; .NET CLR 2.0.50727; .NET CLR 3.0.4506.2152; .NET CLR 3.5.30729; InfoPath.1; .NET CLR 1.1.4322; .NET4.0C)"
108.58.25.242 - - [12/Aug/2011:06:48:58 -0700] "GET /images/25_facebook.jpg HTTP/1.1" 304 - "-" "Mozilla/4.0 (compatible; MSIE 7.0; Windows NT 5.1; Trident/4.0; .NET CLR 2.0.50727; .NET CLR 3.0.4506.2152; .NET CLR 3.5.30729; InfoPath.1; .NET CLR 1.1.4322; .NET4.0C)"
108.58.25.242 - - [12/Aug/2011:06:52:20 -0700] "GET /images/25_facebook.jpg HTTP/1.1" 304 - "-" "Mozilla/4.0 (compatible; MSIE 7.0; Windows NT 5.1; Trident/4.0; .NET CLR 2.0.50727; .NET CLR 3.0.4506.2152; .NET CLR 3.5.30729; InfoPath.1; .NET CLR 1.1.4322; .NET4.0C)"
108.58.25.242 - - [12/Aug/2011:07:00:27 -0700] "GET /images/outlook_signature.jpg HTTP/1.1" 304 - "-" "Mozilla/4.0 (compatible; MSIE 7.0; Windows NT 5.1; Trident/4.0; .NET CLR 2.0.50727; .NET CLR 3.0.4506.2152; .NET CLR 3.5.30729; .NET CLR 1.1.4322; InfoPath.1)"
165.155.110.6 - - [12/Aug/2011:07:03:47 -0700] "GET /images/outlook_signature.jpg HTTP/1.1" 304 - "-" "Mozilla/4.0 (compatible; MSIE 7.0; Windows NT 6.1; Trident/5.0; SLCC2; .NET CLR 2.0.50727; .NET CLR 3.5.30729; .NET CLR 3.0.30729; Media Center PC 6.0; .NET CLR 3.5.30428; Media Center PC 5.0; OfficeLiveConnector.1.3; OfficeLivePatch.1.3; SLCC1; InfoPath.3; MS-RTC LM 8; .NET4.0C; .NET4.0E; ms-office; MSOffice 14)"
108.58.25.242 - - [12/Aug/2011:07:19:17 -0700] "GET /images/outlook_signature.jpg HTTP/1.1" 304 - "-" "Mozilla/4.0 (compatible; MSIE 7.0; Windows NT 5.1; GTB5; .NET CLR 1.1.4322; .NET CLR 2.0.50727)"
108.58.25.242 - - [12/Aug/2011:07:19:18 -0700] "GET /images/25_twitter.jpg HTTP/1.1" 304 - "-" "Mozilla/4.0 (compatible; MSIE 7.0; Windows NT 5.1; GTB5; .NET CLR 1.1.4322; .NET CLR 2.0.50727)"
108.58.25.242 - - [12/Aug/2011:07:21:34 -0700] "GET /images/outlook_signature.jpg HTTP/1.1" 304 - "-" "Mozilla/4.0 (compatible; MSIE 6.0; Windows NT 5.1; SV1; GTB7.1; .NET CLR 2.0.50727)"
108.58.25.242 - - [12/Aug/2011:07:23:50 -0700] "GET /images/25_twitter.jpg HTTP/1.1" 304 - "-" "Mozilla/4.0 (compatible; MSIE 6.0; Windows NT 5.1; SV1; GTB7.1; .NET CLR 2.0.50727)"
67.195.112.25 - - [12/Aug/2011:07:32:26 -0700] "GET /blog/?p=62 HTTP/1.0" 200 17296 "-" "Mozilla/5.0 (compatible; Yahoo! Slurp; http://help.yahoo.com/help/us/ysearch/slurp)"
204.149.81.20 - - [12/Aug/2011:07:34:16 -0700] "GET /images/buttons/contact.jpg HTTP/1.1" 200 2274 "http://www.comprehensivenet.com/p_EIPreSchool.php" "Mozilla/4.0 (compatible; MSIE 8.0; Windows NT 6.1; Trident/4.0; SLCC2; .NET CLR 2.0.50727; .NET CLR 3.5.30729; .NET CLR 3.0.30729; Media Center PC 6.0; MS-RTC LM 8; InfoPath.2)"
204.149.81.20 - - [12/Aug/2011:07:34:16 -0700] "GET /images/buttons/clients.jpg HTTP/1.1" 200 3194 "http://www.comprehensivenet.com/p_EIPreSchool.php" "Mozilla/4.0 (compatible; MSIE 8.0; Windows NT 6.1; Trident/4.0; SLCC2; .NET CLR 2.0.50727; .NET CLR 3.5.30729; .NET CLR 3.0.30729; Media Center PC 6.0; MS-RTC LM 8; InfoPath.2)"
204.149.81.20 - - [12/Aug/2011:07:34:17 -0700] "GET /images/buttons/Advantage.jpg HTTP/1.1" 200 21282 "http://www.comprehensivenet.com/p_EIPreSchool.php" "Mozilla/4.0 (compatible; MSIE 8.0; Windows NT 6.1; Trident/4.0; SLCC2; .NET CLR 2.0.50727; .NET CLR 3.5.30729; .NET CLR 3.0.30729; Media Center PC 6.0; MS-RTC LM 8; InfoPath.2)"
204.149.81.20 - - [12/Aug/2011:07:34:27 -0700] "GET /images/buttons/contact_on.jpg HTTP/1.1" 200 2631 "http://www.comprehensivenet.com/p_JobListings.php" "Mozilla/4.0 (compatible; MSIE 8.0; Windows NT 6.1; Trident/4.0; SLCC2; .NET CLR 2.0.50727; .NET CLR 3.5.30729; .NET CLR 3.0.30729; Media Center PC 6.0; MS-RTC LM 8; InfoPath.2)"
204.149.81.20 - - [12/Aug/2011:07:34:32 -0700] "GET /images/buttons/home.jpg HTTP/1.1" 304 - "http://www.comprehensivenet.com/j_SpecialEducator.php" "Mozilla/4.0 (compatible; MSIE 8.0; Windows NT 6.1; Trident/4.0; SLCC2; .NET CLR 2.0.50727; .NET CLR 3.5.30729; .NET CLR 3.0.30729; Media Center PC 6.0; MS-RTC LM 8; InfoPath.2)"
204.149.81.20 - - [12/Aug/2011:07:34:33 -0700] "GET /images/buttons/newsletters.jpg HTTP/1.1" 304 - "http://www.comprehensivenet.com/j_SpecialEducator.php" "Mozilla/4.0 (compatible; MSIE 8.0; Windows NT 6.1; Trident/4.0; SLCC2; .NET CLR 2.0.50727; .NET CLR 3.5.30729; .NET CLR 3.0.30729; Media Center PC 6.0; MS-RTC LM 8; InfoPath.2)"
204.149.81.20 - - [12/Aug/2011:07:34:33 -0700] "GET /images/buttons/interpretation.jpg HTTP/1.1" 304 - "http://www.comprehensivenet.com/j_SpecialEducator.php" "Mozilla/4.0 (compatible; MSIE 8.0; Windows NT 6.1; Trident/4.0; SLCC2; .NET CLR 2.0.50727; .NET CLR 3.5.30729; .NET CLR 3.0.30729; Media Center PC 6.0; MS-RTC LM 8; InfoPath.2)"
174.252.17.192 - - [12/Aug/2011:07:40:24 -0700] "GET /images/25_twitter.jpg HTTP/1.1" 200 2319 "-" "Mozilla/5.0 (iPhone; U; CPU iPhone OS 4_2_10 like Mac OS X; en-us) AppleWebKit/533.17.9 (KHTML, like Gecko)"
68.169.39.112 - - [12/Aug/2011:07:47:08 -0700] "GET /JobListings/show_news.php?subaction=showfull&id=1282835471 HTTP/1.0" 200 6401 "-" "Mozilla/4.0 (compatible; MSIE 7.0; Windows NT 5.1)"
68.195.232.138 - - [12/Aug/2011:07:47:57 -0700] "GET /images/25_facebook.jpg HTTP/1.1" 304 - "-" "Mozilla/4.0 (compatible; MSIE 7.0; Windows NT 5.1; MRSPUTNIK 2, 3, 0, 104; GTB6.6; .NET CLR 1.1.4322; .NET CLR 2.0.50727; .NET CLR 1.0.3705; .NET CLR 3.0.04506.30; .NET CLR 3.0.04506.648; .NET CLR 3.0.4506.2152; .NET CLR 3.5.30729; IPH 1.1.21.4019)"
108.58.25.242 - - [12/Aug/2011:07:48:02 -0700] "GET /images/outlook_signature.jpg HTTP/1.1" 304 - "-" "Mozilla/4.0 (compatible; MSIE 6.0; Windows NT 5.1; SV1; .NET CLR 1.1.4322; .NET CLR 1.0.3705; .NET CLR 2.0.50727; Creative ZENcast v1.01.06; .NET CLR 3.0.4506.2152; .NET CLR 3.5.30729)"
108.58.25.242 - - [12/Aug/2011:07:48:02 -0700] "GET /images/25_twitter.jpg HTTP/1.1" 304 - "-" "Mozilla/4.0 (compatible; MSIE 6.0; Windows NT 5.1; SV1; .NET CLR 1.1.4322; .NET CLR 1.0.3705; .NET CLR 2.0.50727; Creative ZENcast v1.01.06; .NET CLR 3.0.4506.2152; .NET CLR 3.5.30729)"
108.58.25.242 - - [12/Aug/2011:07:48:02 -0700] "GET /images/outlook_signature.jpg HTTP/1.1" 304 - "-" "Mozilla/4.0 (compatible; MSIE 6.0; Windows NT 5.1; SV1; .NET CLR 1.1.4322; .NET CLR 1.0.3705; .NET CLR 2.0.50727; Creative ZENcast v1.01.06; .NET CLR 3.0.4506.2152; .NET CLR 3.5.30729)"
68.195.232.138 - - [12/Aug/2011:07:48:03 -0700] "GET /images/25_facebook.jpg HTTP/1.1" 304 - "-" "Mozilla/4.0 (compatible; MSIE 7.0; Windows NT 5.1; MRSPUTNIK 2, 3, 0, 104; GTB6.6; .NET CLR 1.1.4322; .NET CLR 2.0.50727; .NET CLR 1.0.3705; .NET CLR 3.0.04506.30; .NET CLR 3.0.04506.648; .NET CLR 3.0.4506.2152; .NET CLR 3.5.30729; IPH 1.1.21.4019)"
68.195.232.138 - - [12/Aug/2011:07:48:03 -0700] "GET /images/25_twitter.jpg HTTP/1.1" 304 - "-" "Mozilla/4.0 (compatible; MSIE 7.0; Windows NT 5.1; MRSPUTNIK 2, 3, 0, 104; GTB6.6; .NET CLR 1.1.4322; .NET CLR 2.0.50727; .NET CLR 1.0.3705; .NET CLR 3.0.04506.30; .NET CLR 3.0.04506.648; .NET CLR 3.0.4506.2152; .NET CLR 3.5.30729; IPH 1.1.21.4019)"
128.59.252.87 - - [12/Aug/2011:07:49:15 -0700] "GET /images/buttons/about.jpg HTTP/1.1" 200 1869 "http://www.comprehensivenet.com/j_Nurse.php" "Mozilla/4.0 (compatible; MSIE 8.0; Windows NT 5.1; Trident/4.0; .NET CLR 1.1.4322; .NET CLR 2.0.50727; .NET CLR 3.0.04506.30; .NET CLR 3.0.04506.648; InfoPath.2; .NET CLR 3.0.4506.2152; .NET CLR 3.5.30729; .NET4.0C; .NET4.0E)"
128.59.252.87 - - [12/Aug/2011:07:49:15 -0700] "GET /images/buttons/jobListings.jpg HTTP/1.1" 200 4761 "http://www.comprehensivenet.com/j_Nurse.php" "Mozilla/4.0 (compatible; MSIE 8.0; Windows NT 5.1; Trident/4.0; .NET CLR 1.1.4322; .NET CLR 2.0.50727; .NET CLR 3.0.04506.30; .NET CLR 3.0.04506.648; InfoPath.2; .NET CLR 3.0.4506.2152; .NET CLR 3.5.30729; .NET4.0C; .NET4.0E)"
108.58.25.242 - - [12/Aug/2011:07:49:27 -0700] "GET /images/25_facebook.jpg HTTP/1.1" 304 - "-" "Mozilla/4.0 (compatible; MSIE 7.0; Windows NT 5.1; Trident/4.0; GTB7.1; .NET CLR 1.1.4322; .NET CLR 1.0.3705; .NET CLR 2.0.50727; .NET CLR 3.0.4506.2152; .NET CLR 3.5.30729; OfficeLiveConnector.1.3; OfficeLivePatch.0.0; InfoPath.1)"
108.58.25.242 - - [12/Aug/2011:07:57:14 -0700] "GET /images/25_facebook.jpg HTTP/1.1" 304 - "-" "Mozilla/4.0 (compatible; MSIE 7.0; Windows NT 5.1; .NET CLR 1.1.4322; .NET CLR 1.0.3705; .NET CLR 3.0.4506.2152; .NET CLR 3.5.30729; .NET CLR 2.0.50727)"
108.58.25.242 - - [12/Aug/2011:07:57:14 -0700] "GET /images/outlook_signature.jpg HTTP/1.1" 304 - "-" "Mozilla/4.0 (compatible; MSIE 7.0; Windows NT 5.1; .NET CLR 1.1.4322; .NET CLR 1.0.3705; .NET CLR 3.0.4506.2152; .NET CLR 3.5.30729; .NET CLR 2.0.50727)"
108.58.25.242 - - [12/Aug/2011:07:57:14 -0700] "GET /images/25_facebook.jpg HTTP/1.1" 304 - "-" "Mozilla/4.0 (compatible; MSIE 7.0; Windows NT 5.1; .NET CLR 1.1.4322; .NET CLR 1.0.3705; .NET CLR 3.0.4506.2152; .NET CLR 3.5.30729; .NET CLR 2.0.50727)"
108.58.25.242 - - [12/Aug/2011:08:00:37 -0700] "GET /images/25_facebook.jpg HTTP/1.1" 304 - "-" "Mozilla/4.0 (compatible; MSIE 6.0; Windows NT 5.1; SV1; GTB7.1; .NET CLR 2.0.50727)"
108.58.25.242 - - [12/Aug/2011:08:00:51 -0700] "GET /images/25_twitter.jpg HTTP/1.1" 304 - "-" "Mozilla/4.0 (compatible; MSIE 7.0; Windows NT 5.1; Trident/4.0; GTB7.1; .NET CLR 1.1.4322; .NET CLR 2.0.50727; .NET CLR 3.0.4506.2152; .NET CLR 3.5.30729; InfoPath.1; .NET4.0C)"
173.220.124.122 - - [12/Aug/2011:08:01:23 -0700] "GET /JobListings/skins/images/jobListingFooter.jpg HTTP/1.1" 304 - "-" "Mozilla/4.0 (compatible; MSIE 7.0; Windows NT 6.1; WOW64; Trident/4.0; SLCC2; .NET CLR 2.0.50727; .NET CLR 3.5.30729; .NET CLR 3.0.30729; Media Center PC 6.0; CMDTDF; InfoPath.2; MSOffice 12)"
67.51.59.190 - - [12/Aug/2011:08:08:32 -0700] "GET /ComprehensiveStyles.css HTTP/1.1" 200 1472 "http://www.comprehensivenet.com/j_OT.php" "Mozilla/4.0 (compatible; MSIE 8.0; Windows NT 5.1; Trident/4.0; .NET CLR 2.0.50727; .NET CLR 3.0.4506.2152; .NET CLR 3.5.30729; .NET CLR 1.1.4322)"
67.51.59.190 - - [12/Aug/2011:08:08:33 -0700] "GET /images/buttons/courses.jpg HTTP/1.1" 200 3497 "http://www.comprehensivenet.com/j_OT.php" "Mozilla/4.0 (compatible; MSIE 8.0; Windows NT 5.1; Trident/4.0; .NET CLR 2.0.50727; .NET CLR 3.0.4506.2152; .NET CLR 3.5.30729; .NET CLR 1.1.4322)"
67.51.59.190 - - [12/Aug/2011:08:08:33 -0700] "GET /images/buttons/continuingEd.jpg HTTP/1.1" 200 8472 "http://www.comprehensivenet.com/j_OT.php" "Mozilla/4.0 (compatible; MSIE 8.0; Windows NT 5.1; Trident/4.0; .NET CLR 2.0.50727; .NET CLR 3.0.4506.2152; .NET CLR 3.5.30729; .NET CLR 1.1.4322)"
67.51.59.190 - - [12/Aug/2011:08:08:33 -0700] "GET /images/buttons/EIPreSchool.jpg HTTP/1.1" 200 6909 "http://www.comprehensivenet.com/j_OT.php" "Mozilla/4.0 (compatible; MSIE 8.0; Windows NT 5.1; Trident/4.0; .NET CLR 2.0.50727; .NET CLR 3.0.4506.2152; .NET CLR 3.5.30729; .NET CLR 1.1.4322)"
67.51.59.190 - - [12/Aug/2011:08:08:36 -0700] "GET /favicon.ico HTTP/1.1" 200 894 "-" "Mozilla/4.0 (compatible; MSIE 8.0; Windows NT 5.1; Trident/4.0; .NET CLR 2.0.50727; .NET CLR 3.0.4506.2152; .NET CLR 3.5.30729; .NET CLR 1.1.4322)"
108.58.25.242 - - [12/Aug/2011:08:09:44 -0700] "GET /images/25_facebook.jpg HTTP/1.1" 304 - "-" "Mozilla/4.0 (compatible; MSIE 7.0; Windows NT 5.1; Trident/4.0; .NET CLR 1.0.3705; .NET CLR 2.0.50727; .NET CLR 3.0.04506.648; .NET CLR 3.5.21022; .NET CLR 3.0.4506.2152; .NET CLR 3.5.30729; InfoPath.1)"
108.58.25.242 - - [12/Aug/2011:08:11:37 -0700] "GET /images/25_facebook.jpg HTTP/1.1" 304 - "-" "Mozilla/4.0 (compatible; MSIE 6.0; Windows NT 5.1; SV1; GTB7.1; .NET CLR 2.0.50727)"
216.145.14.142 - - [12/Aug/2011:08:12:04 -0700] "GET / HTTP/1.1" 200 14389 "http://whois.domaintools.com/comprehensivenetwork.com" "Mozilla/5.0 (Windows; U; Windows NT 5.1; en; rv:1.9.0.13) Gecko/2009073022 Firefox/3.5.2 (.NET CLR 3.5.30729) SurveyBot/2.3 (DomainTools)"
108.58.25.242 - - [12/Aug/2011:08:12:39 -0700] "GET /images/outlook_signature.jpg HTTP/1.1" 304 - "-" "Mozilla/4.0 (compatible; MSIE 7.0; Windows NT 5.1; GTB7.1; .NET CLR 1.1.4322; .NET CLR 2.0.50727; InfoPath.1; .NET CLR 3.0.4506.2152; .NET CLR 3.5.30729)"
108.58.25.242 - - [12/Aug/2011:08:12:40 -0700] "GET /images/25_facebook.jpg HTTP/1.1" 304 - "-" "Mozilla/4.0 (compatible; MSIE 7.0; Windows NT 5.1; GTB7.1; .NET CLR 1.1.4322; .NET CLR 2.0.50727; InfoPath.1; .NET CLR 3.0.4506.2152; .NET CLR 3.5.30729)"
108.58.25.242 - - [12/Aug/2011:08:13:39 -0700] "GET /images/25_facebook.jpg HTTP/1.1" 304 - "-" "Mozilla/4.0 (compatible; MSIE 6.0; Windows NT 5.1; SV1; GTB7.1; .NET CLR 2.0.50727)"
108.58.25.242 - - [12/Aug/2011:08:14:06 -0700] "GET /images/outlook_signature.jpg HTTP/1.1" 304 - "-" "Mozilla/4.0 (compatible; MSIE 6.0; Windows NT 5.1; SV1; GTB7.1; .NET CLR 1.1.4322; .NET CLR 2.0.50727)"
108.58.25.242 - - [12/Aug/2011:08:15:13 -0700] "GET /images/25_twitter.jpg HTTP/1.1" 304 - "-" "Mozilla/4.0 (compatible; MSIE 6.0; Windows NT 5.1; SV1; GTB7.1; .NET CLR 2.0.50727)"
108.58.25.242 - - [12/Aug/2011:08:15:43 -0700] "GET /images/25_facebook.jpg HTTP/1.1" 304 - "-" "Mozilla/4.0 (compatible; MSIE 7.0; Windows NT 5.1; .NET CLR 1.1.4322; .NET CLR 1.0.3705; .NET CLR 2.0.50727; .NET CLR 3.0.4506.2152; .NET CLR 3.5.30729; InfoPath.1)"
108.58.25.242 - - [12/Aug/2011:08:15:43 -0700] "GET /images/25_twitter.jpg HTTP/1.1" 304 - "-" "Mozilla/4.0 (compatible; MSIE 7.0; Windows NT 5.1; .NET CLR 1.1.4322; .NET CLR 1.0.3705; .NET CLR 2.0.50727; .NET CLR 3.0.4506.2152; .NET CLR 3.5.30729; InfoPath.1)"
108.58.25.242 - - [12/Aug/2011:08:16:43 -0700] "GET /images/25_facebook.jpg HTTP/1.1" 304 - "-" "Mozilla/4.0 (compatible; MSIE 7.0; Windows NT 5.1; Trident/4.0; GTB7.1; .NET CLR 1.1.4322; .NET CLR 2.0.50727; .NET CLR 3.0.4506.2152; .NET CLR 3.5.30729; InfoPath.1; .NET4.0C)"
108.58.25.242 - - [12/Aug/2011:08:17:30 -0700] "GET /images/25_facebook.jpg HTTP/1.1" 304 - "-" "Mozilla/4.0 (compatible; MSIE 7.0; Windows NT 5.1; Trident/4.0; .NET CLR 1.0.3705; .NET CLR 2.0.50727; .NET CLR 3.0.04506.648; .NET CLR 3.5.21022; .NET CLR 3.0.4506.2152; .NET CLR 3.5.30729; InfoPath.1)"
108.58.25.242 - - [12/Aug/2011:08:21:05 -0700] "GET /images/25_facebook.jpg HTTP/1.1" 304 - "-" "Mozilla/4.0 (compatible; MSIE 7.0; Windows NT 5.1; Trident/4.0; BTRS86393; .NET CLR 1.0.3705; .NET CLR 2.0.50727; .NET CLR 3.0.4506.2152; .NET CLR 3.5.30729)"
165.155.208.75 - - [12/Aug/2011:08:21:07 -0700] "GET /images/25_facebook.jpg HTTP/1.1" 200 2028 "-" "Mozilla/5.0 (Macintosh; U; Intel Mac OS X 10_6_7; en-us) AppleWebKit/533.21.1 (KHTML, like Gecko) Version/5.0.5 Safari/533.21.1"
68.197.23.174 - - [12/Aug/2011:08:23:00 -0700] "GET /images/25_facebook.jpg HTTP/1.1" 200 2028 "http://www.comprehensivenet.com/" "Mozilla/5.0 (Windows NT 5.1) AppleWebKit/535.1 (KHTML, like Gecko) Chrome/13.0.782.112 Safari/535.1"
68.197.23.174 - - [12/Aug/2011:08:23:00 -0700] "GET /images/buttons/home.jpg HTTP/1.1" 200 1438 "http://www.comprehensivenet.com/" "Mozilla/5.0 (Windows NT 5.1) AppleWebKit/535.1 (KHTML, like Gecko) Chrome/13.0.782.112 Safari/535.1"
74.101.14.122 - - [12/Aug/2011:08:23:47 -0700] "GET /images/outlook_signature.jpg HTTP/1.1" 304 - "-" "Mozilla/4.0 (compatible; MSIE 6.0; Windows NT 5.1; SV1; .NET CLR 1.1.4322; .NET CLR 2.0.50727; .NET CLR 3.0.4506.2152; .NET CLR 3.5.30729; .NET4.0C; .NET4.0E; MSOffice 12)"
74.101.14.122 - - [12/Aug/2011:08:23:47 -0700] "GET /images/25_twitter.jpg HTTP/1.1" 304 - "-" "Mozilla/4.0 (compatible; MSIE 6.0; Windows NT 5.1; SV1; .NET CLR 1.1.4322; .NET CLR 2.0.50727; .NET CLR 3.0.4506.2152; .NET CLR 3.5.30729; .NET4.0C; .NET4.0E; MSOffice 12)"
24.42.122.214 - - [12/Aug/2011:08:25:30 -0700] "GET /favicon.ico HTTP/1.1" 200 894 "-" "Mozilla/5.0 (Windows NT 5.1) AppleWebKit/535.1 (KHTML, like Gecko) Chrome/13.0.782.112 Safari/535.1"
108.58.25.242 - - [12/Aug/2011:08:26:49 -0700] "GET /images/25_facebook.jpg HTTP/1.1" 304 - "-" "Mozilla/4.0 (compatible; MSIE 7.0; Windows NT 5.1; Trident/4.0; GTB7.1; .NET CLR 1.1.4322; .NET CLR 1.0.3705; .NET CLR 2.0.50727; .NET CLR 3.0.4506.2152; .NET CLR 3.5.30729; OfficeLiveConnector.1.3; OfficeLivePatch.0.0; InfoPath.1)"
68.195.232.138 - - [12/Aug/2011:08:32:23 -0700] "GET /images/outlook_signature.jpg HTTP/1.1" 304 - "-" "Mozilla/4.0 (compatible; MSIE 7.0; Windows NT 6.1; WOW64; Trident/4.0; SLCC2; .NET CLR 2.0.50727; .NET CLR 3.5.30729; .NET CLR 3.0.30729; Media Center PC 6.0; MDDC; IPH 1.1.21.4019)"
68.195.232.138 - - [12/Aug/2011:08:32:23 -0700] "GET /images/25_facebook.jpg HTTP/1.1" 304 - "-" "Mozilla/4.0 (compatible; MSIE 7.0; Windows NT 6.1; WOW64; Trident/4.0; SLCC2; .NET CLR 2.0.50727; .NET CLR 3.5.30729; .NET CLR 3.0.30729; Media Center PC 6.0; MDDC; IPH 1.1.21.4019)"
68.195.232.138 - - [12/Aug/2011:08:32:23 -0700] "GET /images/25_facebook.jpg HTTP/1.1" 304 - "-" "Mozilla/4.0 (compatible; MSIE 7.0; Windows NT 6.1; WOW64; Trident/4.0; SLCC2; .NET CLR 2.0.50727; .NET CLR 3.5.30729; .NET CLR 3.0.30729; Media Center PC 6.0; MDDC; IPH 1.1.21.4019)"
108.58.25.242 - - [12/Aug/2011:08:35:14 -0700] "GET /images/25_facebook.jpg HTTP/1.1" 304 - "-" "Mozilla/4.0 (compatible; MSIE 7.0; Windows NT 5.1; Trident/4.0; GTB7.1; .NET CLR 1.1.4322; .NET CLR 2.0.50727; .NET CLR 3.0.4506.2152; .NET CLR 3.5.30729; InfoPath.1)"
108.58.25.242 - - [12/Aug/2011:08:36:43 -0700] "GET /images/outlook_signature.jpg HTTP/1.1" 304 - "-" "Mozilla/4.0 (compatible; MSIE 6.0; Windows NT 5.1; SV1; GTB7.1; .NET CLR 2.0.50727)"
38.99.97.230 - - [12/Aug/2011:08:38:14 -0700] "GET /newsletters/9_11_02/html/Newsletter_2.htm HTTP/1.1" 200 23867 "-" "Mozilla/5.0 (compatible; ScoutJet; +http://www.scoutjet.com/)"
108.58.25.242 - - [12/Aug/2011:08:40:23 -0700] "GET /images/outlook_signature.jpg HTTP/1.1" 304 - "-" "Mozilla/4.0 (compatible; MSIE 6.0; Windows NT 5.1; SV1; GTB7.1; .NET CLR 2.0.50727)"
67.88.51.130 - - [12/Aug/2011:08:40:54 -0700] "GET /JobListings/skins/images/jobListingHeader.jpg HTTP/1.1" 200 39507 "http://www.comprehensivenet.com/JobListings/show_news.php?subaction=showfull&id=1302014626" "Mozilla/5.0 (Windows NT 5.1) AppleWebKit/535.1 (KHTML, like Gecko) Chrome/13.0.782.112 Safari/535.1"
67.88.51.130 - - [12/Aug/2011:08:40:54 -0700] "GET /JobListings/skins/images/jobListingFooter.jpg HTTP/1.1" 200 12421 "http://www.comprehensivenet.com/JobListings/show_news.php?subaction=showfull&id=1302014626" "Mozilla/5.0 (Windows NT 5.1) AppleWebKit/535.1 (KHTML, like Gecko) Chrome/13.0.782.112 Safari/535.1"
69.234.127.224 - - [12/Aug/2011:08:42:12 -0700] "GET /images/25_twitter.jpg HTTP/1.1" 200 2319 "-" "Mozilla/5.0 (iPhone; U; CPU iPhone OS 4_3_2 like Mac OS X; en-us) AppleWebKit/533.17.9 (KHTML, like Gecko)"
173.2.163.3 - - [12/Aug/2011:08:42:52 -0700] "GET /images/outlook_signature.jpg HTTP/1.1" 200 39193 "http://webmailb.netzero.net/webmail/new/5?userinfo=7d823a7988ba322a1cf564c148de5933&count=1313163736&randid=897834823" "Mozilla/4.0 (compatible; MSIE 8.0; Windows NT 5.2; WOW64; Trident/4.0; FunWebProducts; .NET CLR 2.0.50727; .NET CLR 3.0.4506.2152; .NET CLR 3.5.30729; .NET4.0C; InfoPath.2; FunWebProducts)"
66.74.193.43 - - [12/Aug/2011:08:43:30 -0700] "GET /professionals.php?page=p_TherapyEval HTTP/1.1" 200 11894 "-" "Mozilla/5.0 (Windows; U; Windows NT 6.1; en-US) AppleWebKit/532.5 (KHTML, like Gecko) Chrome/4.1.249.1064 Safari/532.5"
216.254.79.108 - - [12/Aug/2011:08:50:55 -0700] "GET /images/outlook_signature.jpg HTTP/1.1" 304 - "-" "Mozilla/4.0 (compatible; MSIE 6.0; Windows NT 5.1; SV1; Mozilla/4.0 (compatible; MSIE 6.0; Windows NT 5.1; SV1) ;  Embedded Web Browser from: http://bsalsa.com/; .NET CLR 1.1.4322; .NET CLR 2.0.50727; .NET CLR 3.0.04506.30; .NET CLR 3.0.4506.2152; .NET CLR 3.5.30729; MDDR)"
216.254.79.108 - - [12/Aug/2011:08:54:17 -0700] "GET /images/25_facebook.jpg HTTP/1.1" 304 - "-" "Mozilla/4.0 (compatible; MSIE 6.0; Windows NT 5.1; SV1; Mozilla/4.0 (compatible; MSIE 6.0; Windows NT 5.1; SV1) ;  Embedded Web Browser from: http://bsalsa.com/; .NET CLR 1.1.4322; .NET CLR 2.0.50727; .NET CLR 3.0.04506.30; .NET CLR 3.0.4506.2152; .NET CLR 3.5.30729; MDDR)"
216.254.79.108 - - [12/Aug/2011:08:54:18 -0700] "GET /images/25_twitter.jpg HTTP/1.1" 304 - "-" "Mozilla/4.0 (compatible; MSIE 6.0; Windows NT 5.1; SV1; Mozilla/4.0 (compatible; MSIE 6.0; Windows NT 5.1; SV1) ;  Embedded Web Browser from: http://bsalsa.com/; .NET CLR 1.1.4322; .NET CLR 2.0.50727; .NET CLR 3.0.04506.30; .NET CLR 3.0.4506.2152; .NET CLR 3.5.30729; MDDR)"
216.254.79.108 - - [12/Aug/2011:08:55:12 -0700] "GET /images/outlook_signature.jpg HTTP/1.1" 304 - "-" "Mozilla/4.0 (compatible; MSIE 7.0; Windows NT 5.1; .NET CLR 2.0.50727; .NET CLR 3.0.4506.2152; .NET CLR 3.5.30729)"
216.254.79.108 - - [12/Aug/2011:08:55:15 -0700] "GET /images/25_twitter.jpg HTTP/1.1" 304 - "-" "Mozilla/4.0 (compatible; MSIE 7.0; Windows NT 5.1; .NET CLR 2.0.50727; .NET CLR 3.0.4506.2152; .NET CLR 3.5.30729)"
204.210.151.119 - - [12/Aug/2011:08:56:48 -0700] "GET /images/buttons/contact.jpg HTTP/1.1" 200 2274 "http://www.comprehensivenet.com/" "Mozilla/5.0 (compatible; MSIE 9.0; Windows NT 6.1; WOW64; Trident/5.0)"
216.254.79.108 - - [12/Aug/2011:08:57:22 -0700] "GET /images/25_twitter.jpg HTTP/1.1" 304 - "-" "Mozilla/4.0 (compatible; MSIE 7.0; Windows NT 5.1; Trident/4.0; GTB7.1; .NET CLR 1.1.4322; .NET CLR 2.0.50727; .NET CLR 3.0.4506.2152; .NET CLR 3.5.30729; InfoPath.1)"
216.254.79.108 - - [12/Aug/2011:08:57:22 -0700] "GET /images/outlook_signature.jpg HTTP/1.1" 304 - "-" "Mozilla/4.0 (compatible; MSIE 7.0; Windows NT 5.1; Trident/4.0; GTB7.1; .NET CLR 1.1.4322; .NET CLR 2.0.50727; .NET CLR 3.0.4506.2152; .NET CLR 3.5.30729; InfoPath.1)"
204.210.151.119 - - [12/Aug/2011:08:57:44 -0700] "GET /images/buttons/newsletters.jpg HTTP/1.1" 304 - "http://www.comprehensivenet.com/" "Mozilla/5.0 (compatible; MSIE 9.0; Windows NT 6.1; WOW64; Trident/5.0)"
204.210.151.119 - - [12/Aug/2011:08:58:05 -0700] "GET /images/Comprehensive_coin.swf HTTP/1.1" 200 124002 "http://www.comprehensivenet.com/" "Mozilla/5.0 (compatible; MSIE 9.0; Windows NT 6.1; WOW64; Trident/5.0)"
204.210.151.119 - - [12/Aug/2011:08:58:06 -0700] "GET /contact.php HTTP/1.1" 200 12695 "http://www.comprehensivenet.com/" "Mozilla/5.0 (compatible; MSIE 9.0; Windows NT 6.1; WOW64; Trident/5.0)"
204.210.151.119 - - [12/Aug/2011:08:58:07 -0700] "GET /images/contact_locations.jpg HTTP/1.1" 200 29468 "http://www.comprehensivenet.com/contact.php" "Mozilla/5.0 (compatible; MSIE 9.0; Windows NT 6.1; WOW64; Trident/5.0)"
204.210.151.119 - - [12/Aug/2011:08:58:13 -0700] "GET /images/buttons/home_on.jpg HTTP/1.1" 200 1637 "http://www.comprehensivenet.com/contact.php" "Mozilla/5.0 (compatible; MSIE 9.0; Windows NT 6.1; WOW64; Trident/5.0)"
161.185.151.93 - - [12/Aug/2011:09:00:18 -0700] "GET /images/outlook_signature.jpg HTTP/1.1" 200 39193 "-" "Mozilla/4.0 (compatible; MSIE 7.0; Windows NT 6.1; Trident/4.0; SLCC2; .NET CLR 2.0.50727; Media Center PC 6.0; .NET CLR 1.1.4322; InfoPath.3; .NET CLR 3.5.30729; .NET CLR 3.0.30729; ms-office; MSOffice 14)"
216.254.79.108 - - [12/Aug/2011:09:02:34 -0700] "GET /images/25_twitter.jpg HTTP/1.1" 304 - "-" "Mozilla/4.0 (compatible; MSIE 7.0; Windows NT 5.1; Trident/4.0; GTB7.1; .NET CLR 1.1.4322; .NET CLR 1.0.3705; .NET CLR 2.0.50727; .NET CLR 3.0.4506.2152; .NET CLR 3.5.30729; OfficeLiveConnector.1.3; OfficeLivePatch.0.0; InfoPath.1)"
216.254.79.108 - - [12/Aug/2011:09:12:24 -0700] "GET /images/25_facebook.jpg HTTP/1.1" 304 - "-" "Mozilla/4.0 (compatible; MSIE 6.0; Windows NT 5.1; SV1; GTB7.1; .NET CLR 2.0.50727)"
68.195.232.138 - - [12/Aug/2011:09:12:27 -0700] "GET /images/25_twitter.jpg HTTP/1.1" 304 - "-" "Mozilla/4.0 (compatible; MSIE 7.0; Windows NT 5.1; Trident/4.0; .NET CLR 2.0.50727; .NET CLR 3.0.4506.2152; .NET CLR 3.5.30729; .NET CLR 1.1.4322)"
216.254.79.108 - - [12/Aug/2011:09:12:50 -0700] "GET /images/outlook_signature.jpg HTTP/1.1" 304 - "-" "Mozilla/4.0 (compatible; MSIE 7.0; Windows NT 5.1; GTB5; .NET CLR 1.1.4322; .NET CLR 2.0.50727)"
216.254.79.108 - - [12/Aug/2011:09:12:51 -0700] "GET /images/25_facebook.jpg HTTP/1.1" 304 - "-" "Mozilla/4.0 (compatible; MSIE 7.0; Windows NT 5.1; GTB5; .NET CLR 1.1.4322; .NET CLR 2.0.50727)"
75.250.17.16 - - [12/Aug/2011:09:15:47 -0700] "GET /images/25_facebook.jpg HTTP/1.1" 200 2028 "-" "Mozilla/5.0 (iPad; U; CPU OS 4_3_3 like Mac OS X; en-us) AppleWebKit/533.17.9 (KHTML, like Gecko)"
216.254.79.108 - - [12/Aug/2011:09:15:52 -0700] "GET /images/25_twitter.jpg HTTP/1.1" 304 - "-" "Mozilla/4.0 (compatible; MSIE 7.0; Windows NT 5.1; Trident/4.0; GTB7.1; .NET CLR 1.1.4322; .NET CLR 2.0.50727; .NET CLR 3.0.4506.2152; .NET CLR 3.5.30729; InfoPath.1; .NET4.0C)"
74.108.86.108 - - [12/Aug/2011:09:16:55 -0700] "GET /images/outlook_signature.jpg HTTP/1.1" 200 39193 "http://us.mc1205.mail.yahoo.com/mc/welcome?.tm=1313165718" "Mozilla/5.0 (Macintosh; U; PPC Mac OS X 10_4_11; en) AppleWebKit/533.19.4 (KHTML, like Gecko) Version/4.1.3 Safari/533.19.4"
216.254.79.108 - - [12/Aug/2011:09:19:39 -0700] "GET /images/25_twitter.jpg HTTP/1.1" 304 - "-" "Mozilla/4.0 (compatible; MSIE 6.0; Windows NT 5.1; SV1; Mozilla/4.0 (compatible; MSIE 6.0; Windows NT 5.1; SV1) ;  Embedded Web Browser from: http://bsalsa.com/; .NET CLR 1.1.4322; .NET CLR 2.0.50727; .NET CLR 3.0.04506.30; .NET CLR 3.0.4506.2152; .NET CLR 3.5.30729; MDDR)"
216.254.79.108 - - [12/Aug/2011:09:21:53 -0700] "GET /images/25_facebook.jpg HTTP/1.1" 304 - "-" "Mozilla/4.0 (compatible; MSIE 7.0; Windows NT 5.1; Trident/4.0; BTRS86393; .NET CLR 1.0.3705; .NET CLR 2.0.50727; .NET CLR 3.0.4506.2152; .NET CLR 3.5.30729)"
216.254.79.108 - - [12/Aug/2011:09:21:55 -0700] "GET /images/25_facebook.jpg HTTP/1.1" 304 - "-" "Mozilla/4.0 (compatible; MSIE 7.0; Windows NT 5.1; Trident/4.0; BTRS86393; .NET CLR 1.0.3705; .NET CLR 2.0.50727; .NET CLR 3.0.4506.2152; .NET CLR 3.5.30729)"
216.254.79.108 - - [12/Aug/2011:09:21:55 -0700] "GET /images/25_twitter.jpg HTTP/1.1" 304 - "-" "Mozilla/4.0 (compatible; MSIE 7.0; Windows NT 5.1; Trident/4.0; BTRS86393; .NET CLR 1.0.3705; .NET CLR 2.0.50727; .NET CLR 3.0.4506.2152; .NET CLR 3.5.30729)"
216.254.79.108 - - [12/Aug/2011:09:23:28 -0700] "GET /images/25_twitter.jpg HTTP/1.1" 304 - "-" "Mozilla/4.0 (compatible; MSIE 7.0; Windows NT 5.1; GTB7.1; .NET CLR 1.1.4322; .NET CLR 2.0.50727; InfoPath.1; .NET CLR 3.0.4506.2152; .NET CLR 3.5.30729)"
216.254.79.108 - - [12/Aug/2011:09:24:30 -0700] "GET /images/outlook_signature.jpg HTTP/1.1" 304 - "-" "Mozilla/4.0 (compatible; MSIE 6.0; Windows NT 5.1; SV1; GTB7.1; .NET CLR 2.0.50727)"
216.254.79.108 - - [12/Aug/2011:09:25:18 -0700] "GET /images/25_twitter.jpg HTTP/1.1" 304 - "-" "Mozilla/4.0 (compatible; MSIE 7.0; Windows NT 5.1; Trident/4.0; .NET CLR 2.0.50727; InfoPath.1; .NET CLR 3.0.4506.2152; .NET CLR 3.5.30729)"
216.254.79.108 - - [12/Aug/2011:09:25:44 -0700] "GET /images/outlook_signature.jpg HTTP/1.1" 304 - "-" "Mozilla/4.0 (compatible; MSIE 7.0; Windows NT 5.1; Trident/4.0; GTB7.1; .NET CLR 1.1.4322; .NET CLR 1.0.3705; .NET CLR 2.0.50727; .NET CLR 3.0.4506.2152; .NET CLR 3.5.30729; OfficeLiveConnector.1.3; OfficeLivePatch.0.0; InfoPath.1)"
108.41.84.234 - - [12/Aug/2011:09:25:47 -0700] "GET /JobListings/show_news.php?subaction=showfull&id=1269304439 HTTP/1.1" 200 4332 "http://www.indeed.com/jobs?q=speech+therapy&l=New+York%2C+ny&start=10" "Mozilla/5.0 (Windows NT 6.1) AppleWebKit/534.50 (KHTML, like Gecko) Version/5.1 Safari/534.50"
216.254.79.108 - - [12/Aug/2011:09:25:47 -0700] "GET /images/25_twitter.jpg HTTP/1.1" 304 - "-" "Mozilla/4.0 (compatible; MSIE 7.0; Windows NT 5.1; Trident/4.0; GTB7.1; .NET CLR 1.1.4322; .NET CLR 1.0.3705; .NET CLR 2.0.50727; .NET CLR 3.0.4506.2152; .NET CLR 3.5.30729; OfficeLiveConnector.1.3; OfficeLivePatch.0.0; InfoPath.1)"
108.41.84.234 - - [12/Aug/2011:09:25:47 -0700] "GET /JobListings/skins/images/jobListingFooter.jpg HTTP/1.1" 200 12421 "http://www.comprehensivenet.com/JobListings/show_news.php?subaction=showfull&id=1269304439" "Mozilla/5.0 (Windows NT 6.1) AppleWebKit/534.50 (KHTML, like Gecko) Version/5.1 Safari/534.50"
108.41.84.234 - - [12/Aug/2011:09:25:48 -0700] "GET /favicon.ico HTTP/1.1" 200 894 "http://www.comprehensivenet.com/JobListings/show_news.php?subaction=showfull&id=1269304439" "Mozilla/5.0 (Windows NT 6.1) AppleWebKit/534.50 (KHTML, like Gecko) Version/5.1 Safari/534.50"
216.254.79.108 - - [12/Aug/2011:09:28:04 -0700] "GET /images/outlook_signature.jpg HTTP/1.1" 304 - "-" "Mozilla/4.0 (compatible; MSIE 6.0; Windows NT 5.1; SV1; GTB7.1; .NET CLR 2.0.50727)"
216.254.79.108 - - [12/Aug/2011:09:28:04 -0700] "GET /images/25_twitter.jpg HTTP/1.1" 304 - "-" "Mozilla/4.0 (compatible; MSIE 6.0; Windows NT 5.1; SV1; GTB7.1; .NET CLR 2.0.50727)"
216.254.79.108 - - [12/Aug/2011:09:29:07 -0700] "GET /images/outlook_signature.jpg HTTP/1.1" 304 - "-" "Mozilla/4.0 (compatible; MSIE 6.0; Windows NT 5.1; SV1; GTB7.1; .NET CLR 2.0.50727)"
216.254.79.108 - - [12/Aug/2011:09:30:25 -0700] "GET /images/25_facebook.jpg HTTP/1.1" 304 - "-" "Mozilla/4.0 (compatible; MSIE 6.0; Windows NT 5.1; SV1; GTB7.1; .NET CLR 1.1.4322; .NET CLR 2.0.50727)"
216.254.79.108 - - [12/Aug/2011:09:30:49 -0700] "GET /images/25_twitter.jpg HTTP/1.1" 304 - "-" "Mozilla/4.0 (compatible; MSIE 6.0; Windows NT 5.1; SV1; GTB7.1; .NET CLR 2.0.50727)"
24.184.77.110 - - [12/Aug/2011:09:32:03 -0700] "GET /JobListings/skins/images/jobListingHeader.jpg HTTP/1.1" 200 39507 "http://www.comprehensivenet.com/JobListings/show_news.php?subaction=showfull&id=1304611453" "Mozilla/5.0 (Windows NT 5.1; rv:5.0) Gecko/20100101 Firefox/5.0"
24.146.217.118 - - [12/Aug/2011:09:34:00 -0700] "GET /images/outlook_signature.jpg HTTP/1.1" 200 39193 "http://bl119w.blu119.mail.live.com/mail/InboxLight.aspx?n=1975901682" "Mozilla/5.0 (Windows NT 6.1; WOW64; rv:5.0) Gecko/20100101 Firefox/5.0"
216.254.79.108 - - [12/Aug/2011:09:35:28 -0700] "GET /images/25_facebook.jpg HTTP/1.1" 304 - "-" "Mozilla/4.0 (compatible; MSIE 6.0; Windows NT 5.1; SV1; GTB7.1; .NET CLR 2.0.50727)"
24.103.57.127 - - [12/Aug/2011:09:37:37 -0700] "GET /images/25_facebook.jpg HTTP/1.1" 200 2028 "-" "Mozilla/5.0 (Windows NT 5.1; rv:5.0.1) Gecko/20100101 Firefox/5.0.1"
216.254.79.108 - - [12/Aug/2011:09:38:57 -0700] "GET /images/25_facebook.jpg HTTP/1.1" 304 - "-" "Mozilla/4.0 (compatible; MSIE 7.0; Windows NT 5.1; Trident/4.0; GTB7.1; .NET CLR 1.1.4322; .NET CLR 1.0.3705; .NET CLR 2.0.50727; .NET CLR 3.0.4506.2152; .NET CLR 3.5.30729; OfficeLiveConnector.1.3; OfficeLivePatch.0.0; InfoPath.1)"
216.254.79.108 - - [12/Aug/2011:09:42:28 -0700] "GET /images/outlook_signature.jpg HTTP/1.1" 304 - "-" "Mozilla/4.0 (compatible; MSIE 7.0; Windows NT 5.1; Trident/4.0; .NET CLR 1.0.3705; .NET CLR 2.0.50727; .NET CLR 3.0.4506.2152; .NET CLR 3.5.30729; InfoPath.1; .NET CLR 1.1.4322)"
216.254.79.108 - - [12/Aug/2011:09:43:16 -0700] "GET /images/25_facebook.jpg HTTP/1.1" 304 - "-" "Mozilla/4.0 (compatible; MSIE 7.0; Windows NT 5.1; Trident/4.0; .NET CLR 1.1.4322; .NET CLR 2.0.50727; .NET CLR 3.0.4506.2152; .NET CLR 3.5.30729; .NET4.0C; .NET4.0E; yie8)"
216.254.79.108 - - [12/Aug/2011:09:44:08 -0700] "GET /images/25_facebook.jpg HTTP/1.1" 304 - "-" "Mozilla/4.0 (compatible; MSIE 7.0; Windows NT 5.1; Trident/4.0; .NET CLR 1.1.4322; .NET CLR 2.0.50727; .NET CLR 3.0.4506.2152; .NET CLR 3.5.30729; .NET4.0C; .NET4.0E; yie8)"
216.254.79.108 - - [12/Aug/2011:09:44:08 -0700] "GET /images/25_twitter.jpg HTTP/1.1" 304 - "-" "Mozilla/4.0 (compatible; MSIE 7.0; Windows NT 5.1; Trident/4.0; .NET CLR 1.1.4322; .NET CLR 2.0.50727; .NET CLR 3.0.4506.2152; .NET CLR 3.5.30729; .NET4.0C; .NET4.0E; yie8)"
216.254.79.108 - - [12/Aug/2011:09:44:35 -0700] "GET /images/outlook_signature.jpg HTTP/1.1" 304 - "-" "Mozilla/4.0 (compatible; MSIE 7.0; Windows NT 5.1; Trident/4.0; GTB7.1; .NET CLR 1.1.4322; .NET CLR 1.0.3705; .NET CLR 2.0.50727; .NET CLR 3.0.4506.2152; .NET CLR 3.5.30729; OfficeLiveConnector.1.3; OfficeLivePatch.0.0; InfoPath.1)"
216.254.79.108 - - [12/Aug/2011:09:44:40 -0700] "GET /images/25_twitter.jpg HTTP/1.1" 304 - "-" "Mozilla/4.0 (compatible; MSIE 7.0; Windows NT 5.1; Trident/4.0; GTB7.1; .NET CLR 1.1.4322; .NET CLR 1.0.3705; .NET CLR 2.0.50727; .NET CLR 3.0.4506.2152; .NET CLR 3.5.30729; OfficeLiveConnector.1.3; OfficeLivePatch.0.0; InfoPath.1)"
216.254.79.108 - - [12/Aug/2011:09:46:19 -0700] "GET /images/25_twitter.jpg HTTP/1.1" 304 - "-" "Mozilla/4.0 (compatible; MSIE 7.0; Windows NT 5.1; Trident/4.0; GTB7.1; .NET CLR 1.1.4322; .NET CLR 1.0.3705; .NET CLR 2.0.50727; .NET CLR 3.0.4506.2152; .NET CLR 3.5.30729; OfficeLiveConnector.1.3; OfficeLivePatch.0.0; InfoPath.1)"
216.254.79.108 - - [12/Aug/2011:09:47:06 -0700] "GET /images/outlook_signature.jpg HTTP/1.1" 304 - "-" "Mozilla/4.0 (compatible; MSIE 7.0; Windows NT 5.1; Trident/4.0; .NET CLR 1.1.4322; .NET CLR 2.0.50727; .NET CLR 3.0.4506.2152; .NET CLR 3.5.30729; .NET4.0C; .NET4.0E; yie8)"
64.134.103.113 - - [12/Aug/2011:09:48:33 -0700] "GET /Scripts/AC_RunActiveContent.js HTTP/1.1" 200 8029 "http://www.comprehensivenet.com/" "Mozilla/5.0 (Macintosh; U; Intel Mac OS X 10_6_7; en-us) AppleWebKit/533.21.1 (KHTML, like Gecko) Version/5.0.5 Safari/533.21.1"
64.134.103.113 - - [12/Aug/2011:09:48:39 -0700] "GET /images/25_twitter.jpg HTTP/1.1" 200 2319 "http://www.comprehensivenet.com/" "Mozilla/5.0 (Macintosh; U; Intel Mac OS X 10_6_7; en-us) AppleWebKit/533.21.1 (KHTML, like Gecko) Version/5.0.5 Safari/533.21.1"
64.134.103.113 - - [12/Aug/2011:09:49:06 -0700] "GET /images/buttons/newsletters_on.jpg HTTP/1.1" 200 2692 "http://www.comprehensivenet.com/" "Mozilla/5.0 (Macintosh; U; Intel Mac OS X 10_6_7; en-us) AppleWebKit/533.21.1 (KHTML, like Gecko) Version/5.0.5 Safari/533.21.1"
64.134.103.113 - - [12/Aug/2011:09:49:06 -0700] "GET /images/buttons/home_on.jpg HTTP/1.1" 200 1637 "http://www.comprehensivenet.com/" "Mozilla/5.0 (Macintosh; U; Intel Mac OS X 10_6_7; en-us) AppleWebKit/533.21.1 (KHTML, like Gecko) Version/5.0.5 Safari/533.21.1"
208.43.22.34 - - [12/Aug/2011:09:49:25 -0700] "GET /JobListings.php HTTP/1.1" 200 320730 "-" "Mozilla/4.0 (compatible; MSIE 7.0; Windows NT 5.1; SV1; .NET CLR 1.1.4322)"
64.134.103.113 - - [12/Aug/2011:09:50:47 -0700] "GET /images/buttons/jobListings.jpg HTTP/1.1" 200 4761 "http://www.comprehensivenet.com/professionals.php" "Mozilla/5.0 (Macintosh; U; Intel Mac OS X 10_6_7; en-us) AppleWebKit/533.21.1 (KHTML, like Gecko) Version/5.0.5 Safari/533.21.1"
208.43.22.34 - - [12/Aug/2011:09:51:22 -0700] "GET /JobListings/show_news.php?subaction=showfull&id=1272312474 HTTP/1.1" 200 4567 "-" "Mozilla/4.0 (compatible; MSIE 7.0; Windows NT 5.1; SV1; .NET CLR 1.1.4322)"
24.193.247.147 - - [12/Aug/2011:09:55:21 -0700] "GET /images/25_facebook.jpg HTTP/1.1" 200 2028 "http://www.comprehensivenet.com/" "Mozilla/4.0 (compatible; MSIE 8.0; Windows NT 6.0; Trident/4.0; FBSMTWB; SLCC1; .NET CLR 2.0.50727; Media Center PC 5.0; .NET CLR 3.5.30729; .NET CLR 3.0.30618; MS-RTC EA 2; .NET4.0C; BRI/1; BRI/2)"
24.193.247.147 - - [12/Aug/2011:09:55:22 -0700] "GET /images/home_catLinks.jpg HTTP/1.1" 200 90721 "http://www.comprehensivenet.com/" "Mozilla/4.0 (compatible; MSIE 8.0; Windows NT 6.0; Trident/4.0; FBSMTWB; SLCC1; .NET CLR 2.0.50727; Media Center PC 5.0; .NET CLR 3.5.30729; .NET CLR 3.0.30618; MS-RTC EA 2; .NET4.0C; BRI/1; BRI/2)"
24.193.247.147 - - [12/Aug/2011:09:55:28 -0700] "GET /flash/Header.swf HTTP/1.1" 200 251972 "http://www.comprehensivenet.com/" "Mozilla/4.0 (compatible; MSIE 8.0; Windows NT 6.0; Trident/4.0; FBSMTWB; SLCC1; .NET CLR 2.0.50727; Media Center PC 5.0; .NET CLR 3.5.30729; .NET CLR 3.0.30618; MS-RTC EA 2; .NET4.0C; BRI/1; BRI/2)"
24.193.247.147 - - [12/Aug/2011:09:55:28 -0700] "GET /images/buttons/contact_on.jpg HTTP/1.1" 200 2631 "http://www.comprehensivenet.com/" "Mozilla/4.0 (compatible; MSIE 8.0; Windows NT 6.0; Trident/4.0; FBSMTWB; SLCC1; .NET CLR 2.0.50727; Media Center PC 5.0; .NET CLR 3.5.30729; .NET CLR 3.0.30618; MS-RTC EA 2; .NET4.0C; BRI/1; BRI/2)"
24.193.247.147 - - [12/Aug/2011:09:55:42 -0700] "GET /images/contact_mapLink.jpg HTTP/1.1" 200 8389 "http://www.comprehensivenet.com/contact.php" "Mozilla/4.0 (compatible; MSIE 8.0; Windows NT 6.0; Trident/4.0; FBSMTWB; SLCC1; .NET CLR 2.0.50727; Media Center PC 5.0; .NET CLR 3.5.30729; .NET CLR 3.0.30618; MS-RTC EA 2; .NET4.0C; BRI/1; BRI/2)"
24.193.247.147 - - [12/Aug/2011:09:55:55 -0700] "GET /images/buttons/nursing.jpg HTTP/1.1" 200 5819 "http://www.comprehensivenet.com/professionals.php" "Mozilla/4.0 (compatible; MSIE 8.0; Windows NT 6.0; Trident/4.0; FBSMTWB; SLCC1; .NET CLR 2.0.50727; Media Center PC 5.0; .NET CLR 3.5.30729; .NET CLR 3.0.30618; MS-RTC EA 2; .NET4.0C; BRI/1; BRI/2)"
