24.193.247.147 - - [12/Aug/2011:09:55:55 -0700] "GET /images/professionals_Img.jpg HTTP/1.1" 200 48016 "http://www.comprehensivenet.com/professionals.php" "Mozilla/4.0 (compatible; MSIE 8.0; Windows NT 6.0; Trident/4.0; FBSMTWB; SLCC1; .NET CLR 2.0.50727; Media Center PC 5.0; .NET CLR 3.5.30729; .NET CLR 3.0.30618; MS-RTC EA 2; .NET4.0C; BRI/1; BRI/2)"
107.51.22.153 - - [12/Aug/2011:09:56:18 -0700] "GET /images/25_facebook.jpg HTTP/1.1" 200 2028 "-" "Mozilla/5.0 (Linux; U; Android 2.3.3; en-us; PC36100 Build/GRI40) AppleWebKit/533.1 (KHTML, like Gecko) Version/4.0 Mobile Safari/533.1"
68.195.232.138 - - [12/Aug/2011:09:56:28 -0700] "GET /images/25_twitter.jpg HTTP/1.1" 304 - "-" "Mozilla/4.0 (compatible; MSIE 6.0; Windows NT 5.1; GTB6.6; .NET CLR 1.1.4322; .NET CLR 1.0.3705; .NET CLR 2.0.50727)"
24.193.247.147 - - [12/Aug/2011:09:57:00 -0700] "GET /JobListings/show_news.php?subaction=showfull&id=1310496453&archive=&template= HTTP/1.1" 200 19271 "-" "Mozilla/4.0 (compatible; MSIE 8.0; Windows NT 6.0; Trident/4.0; FBSMTWB; SLCC1; .NET CLR 2.0.50727; Media Center PC 5.0; .NET CLR 3.5.30729; .NET CLR 3.0.30618; MS-RTC EA 2; .NET4.0C; BRI/1; BRI/2)"
216.254.79.108 - - [12/Aug/2011:09:59:14 -0700] "GET /images/outlook_signature.jpg HTTP/1.1" 304 - "-" "Mozilla/4.0 (compatible; MSIE 6.0; Windows NT 5.1; SV1; FunWebProducts; GTB7.1; .NET CLR 1.1.4322; .NET CLR 1.0.3705; .NET CLR 2.0.50727; .NET CLR 3.0.4506.2152; .NET CLR 3.5.30729; FunWebProducts)"
216.254.79.108 - - [12/Aug/2011:09:59:14 -0700] "GET /images/25_twitter.jpg HTTP/1.1" 304 - "-" "Mozilla/4.0 (compatible; MSIE 6.0; Windows NT 5.1; SV1; FunWebProducts; GTB7.1; .NET CLR 1.1.4322; .NET CLR 1.0.3705; .NET CLR 2.0.50727; .NET CLR 3.0.4506.2152; .NET CLR 3.5.30729; FunWebProducts)"
216.254.79.108 - - [12/Aug/2011:09:59:15 -0700] "GET /images/25_facebook.jpg HTTP/1.1" 304 - "-" "Mozilla/4.0 (compatible; MSIE 6.0; Windows NT 5.1; SV1; FunWebProducts; GTB7.1; .NET CLR 1.1.4322; .NET CLR 1.0.3705; .NET CLR 2.0.50727; .NET CLR 3.0.4506.2152; .NET CLR 3.5.30729; FunWebProducts)"
216.254.79.108 - - [12/Aug/2011:09:59:30 -0700] "GET /images/outlook_signature.jpg HTTP/1.1" 304 - "-" "Mozilla/4.0 (compatible; MSIE 6.0; Windows NT 5.1; SV1; Mozilla/4.0 (compatible; MSIE 6.0; Windows NT 5.1; SV1) ;  Embedded Web Browser from: http://bsalsa.com/; .NET CLR 1.1.4322; .NET CLR 2.0.50727; .NET CLR 3.0.04506.30; .NET CLR 3.0.4506.2152; .NET CLR 3.5.30729; MDDR)"
24.193.247.147 - - [12/Aug/2011:10:03:31 -0700] "GET /images/buttons/newsletters.jpg HTTP/1.1" 304 - "http://www.comprehensivenet.com/j_Administrative.php" "Mozilla/4.0 (compatible; MSIE 8.0; Windows NT 6.0; Trident/4.0; FBSMTWB; SLCC1; .NET CLR 2.0.50727; Media Center PC 5.0; .NET CLR 3.5.30729; .NET CLR 3.0.30618; MS-RTC EA 2; .NET4.0C; BRI/1; BRI/2)"
24.193.247.147 - - [12/Aug/2011:10:03:36 -0700] "GET /images/25_facebook.jpg HTTP/1.1" 304 - "http://www.comprehensivenet.com/contact.php" "Mozilla/4.0 (compatible; MSIE 8.0; Windows NT 6.0; Trident/4.0; FBSMTWB; SLCC1; .NET CLR 2.0.50727; Media Center PC 5.0; .NET CLR 3.5.30729; .NET CLR 3.0.30618; MS-RTC EA 2; .NET4.0C; BRI/1; BRI/2)"
24.193.247.147 - - [12/Aug/2011:10:03:39 -0700] "GET /images/25_blog.jpg HTTP/1.1" 304 - "http://www.comprehensivenet.com/contact.php" "Mozilla/4.0 (compatible; MSIE 8.0; Windows NT 6.0; Trident/4.0; FBSMTWB; SLCC1; .NET CLR 2.0.50727; Media Center PC 5.0; .NET CLR 3.5.30729; .NET CLR 3.0.30618; MS-RTC EA 2; .NET4.0C; BRI/1; BRI/2)"
24.193.247.147 - - [12/Aug/2011:10:03:41 -0700] "GET /images/buttons/newsletters_on.jpg HTTP/1.1" 304 - "http://www.comprehensivenet.com/contact.php" "Mozilla/4.0 (compatible; MSIE 8.0; Windows NT 6.0; Trident/4.0; FBSMTWB; SLCC1; .NET CLR 2.0.50727; Media Center PC 5.0; .NET CLR 3.5.30729; .NET CLR 3.0.30618; MS-RTC EA 2; .NET4.0C; BRI/1; BRI/2)"
68.195.232.138 - - [12/Aug/2011:10:08:34 -0700] "GET /images/25_twitter.jpg HTTP/1.1" 304 - "-" "Mozilla/4.0 (compatible; MSIE 7.0; Windows NT 6.1; WOW64; Trident/4.0; SLCC2; .NET CLR 2.0.50727; .NET CLR 3.5.30729; .NET CLR 3.0.30729; Media Center PC 6.0; MDDC; IPH 1.1.21.4019)"
68.195.232.138 - - [12/Aug/2011:10:08:35 -0700] "GET /images/25_twitter.jpg HTTP/1.1" 304 - "-" "Mozilla/4.0 (compatible; MSIE 7.0; Windows NT 6.1; WOW64; Trident/4.0; SLCC2; .NET CLR 2.0.50727; .NET CLR 3.5.30729; .NET CLR 3.0.30729; Media Center PC 6.0; MDDC; IPH 1.1.21.4019)"
165.155.110.6 - - [12/Aug/2011:10:14:25 -0700] "GET /images/25_facebook.jpg HTTP/1.1" 304 - "-" "Mozilla/4.0 (compatible; MSIE 7.0; Windows NT 5.1; Trident/4.0; GTB7.1; .NET CLR 1.1.4322; .NET CLR 2.0.50727; .NET CLR 3.0.04506.30; .NET CLR 3.0.04506.648; .NET CLR 3.5.21022; MS-RTC LM 8; OfficeLiveConnector.1.3; OfficeLivePatch.0.0; .NET CLR 3.0.4506.2152; .NET CLR 3.5.30729; InfoPath.3; msn OptimizedIE8;ENUS; ms-office; MSOffice 14)"
216.254.79.108 - - [12/Aug/2011:10:20:51 -0700] "GET /images/outlook_signature.jpg HTTP/1.1" 304 - "-" "Mozilla/4.0 (compatible; MSIE 7.0; Windows NT 5.1; Trident/4.0; GTB7.1; .NET CLR 1.1.4322; .NET CLR 2.0.50727; .NET CLR 3.0.4506.2152; .NET CLR 3.5.30729; InfoPath.1; .NET4.0C)"
216.254.79.108 - - [12/Aug/2011:10:23:05 -0700] "GET /images/outlook_signature.jpg HTTP/1.1" 304 - "-" "Mozilla/4.0 (compatible; MSIE 7.0; Windows NT 5.1; GTB7.1; .NET CLR 1.1.4322; .NET CLR 2.0.50727; InfoPath.1; .NET CLR 3.0.4506.2152; .NET CLR 3.5.30729)"
165.155.110.6 - - [12/Aug/2011:10:23:26 -0700] "GET /images/outlook_signature.jpg HTTP/1.1" 200 39193 "-" "Mozilla/4.0 (compatible; MSIE 7.0; Windows NT 5.1; Trident/4.0; GTB7.1; .NET CLR 2.0.50727; .NET CLR 3.0.04506.648; .NET CLR 3.5.21022; InfoPath.1; .NET CLR 3.0.4506.2152; .NET CLR 3.5.30729; .NET4.0C; .NET4.0E)"
165.155.110.6 - - [12/Aug/2011:10:25:32 -0700] "GET /images/outlook_signature.jpg HTTP/1.1" 304 - "-" "Mozilla/4.0 (compatible; MSIE 7.0; Windows NT 6.1; WOW64; Trident/5.0; SLCC2; .NET CLR 2.0.50727; .NET CLR 3.5.30729; .NET CLR 3.0.30729; InfoPath.3; .NET4.0C; Media Center PC 6.0; .NET4.0E; ms-office; MSOffice 14)"
165.155.110.6 - - [12/Aug/2011:10:25:32 -0700] "GET /images/25_twitter.jpg HTTP/1.1" 304 - "-" "Mozilla/4.0 (compatible; MSIE 7.0; Windows NT 6.1; WOW64; Trident/5.0; SLCC2; .NET CLR 2.0.50727; .NET CLR 3.5.30729; .NET CLR 3.0.30729; InfoPath.3; .NET4.0C; Media Center PC 6.0; .NET4.0E; ms-office; MSOffice 14)"
216.254.79.108 - - [12/Aug/2011:10:32:39 -0700] "GET /images/outlook_signature.jpg HTTP/1.1" 304 - "-" "Mozilla/4.0 (compatible; MSIE 7.0; Windows NT 5.1; GTB7.1; .NET CLR 1.1.4322; .NET CLR 2.0.50727; Hotbar 10.2.236.0)"
216.254.79.108 - - [12/Aug/2011:10:33:27 -0700] "GET /images/25_facebook.jpg HTTP/1.1" 304 - "-" "Mozilla/4.0 (compatible; MSIE 7.0; Windows NT 5.1; .NET CLR 1.1.4322; .NET CLR 1.0.3705; .NET CLR 2.0.50727; .NET CLR 3.0.4506.2152; .NET CLR 3.5.30729; InfoPath.1)"
74.101.14.122 - - [12/Aug/2011:10:37:25 -0700] "GET /images/outlook_signature.jpg HTTP/1.1" 304 - "-" "Mozilla/4.0 (compatible; MSIE 6.0; Windows NT 5.1; SV1; .NET CLR 1.1.4322; .NET CLR 2.0.50727; .NET CLR 3.0.4506.2152; .NET CLR 3.5.30729; .NET4.0C; .NET4.0E; MSOffice 12)"
69.227.2.206 - - [12/Aug/2011:10:37:30 -0700] "GET /images/25_blog.jpg HTTP/1.1" 200 2060 "http://www.comprehensivenet.com/p_ContinuingEd.php" "Mozilla/5.0 (Macintosh; Intel Mac OS X 10.5; rv:5.0.1) Gecko/20100101 Firefox/5.0.1"
69.227.2.206 - - [12/Aug/2011:10:37:30 -0700] "GET /images/buttons/EIPreSchool.jpg HTTP/1.1" 200 6909 "http://www.comprehensivenet.com/p_ContinuingEd.php" "Mozilla/5.0 (Macintosh; Intel Mac OS X 10.5; rv:5.0.1) Gecko/20100101 Firefox/5.0.1"
69.227.2.206 - - [12/Aug/2011:10:37:31 -0700] "GET /images/buttons/nursing.jpg HTTP/1.1" 200 5819 "http://www.comprehensivenet.com/p_ContinuingEd.php" "Mozilla/5.0 (Macintosh; Intel Mac OS X 10.5; rv:5.0.1) Gecko/20100101 Firefox/5.0.1"
69.227.2.206 - - [12/Aug/2011:10:37:31 -0700] "GET /images/logos/other_AOTA.jpg HTTP/1.1" 200 20358 "http://www.comprehensivenet.com/p_ContinuingEd.php" "Mozilla/5.0 (Macintosh; Intel Mac OS X 10.5; rv:5.0.1) Gecko/20100101 Firefox/5.0.1"
69.227.2.206 - - [12/Aug/2011:10:37:31 -0700] "GET /images/continuingEd_Img.jpg HTTP/1.1" 200 49291 "http://www.comprehensivenet.com/p_ContinuingEd.php" "Mozilla/5.0 (Macintosh; Intel Mac OS X 10.5; rv:5.0.1) Gecko/20100101 Firefox/5.0.1"
65.52.110.68 - - [12/Aug/2011:10:37:56 -0700] "GET /robots.txt HTTP/1.1" 404 216 "-" "Mozilla/5.0 (compatible; bingbot/2.0; +http://www.bing.com/bingbot.htm)"
72.229.181.207 - - [12/Aug/2011:10:44:45 -0700] "GET /images/buttons/contact_on.jpg HTTP/1.1" 200 2631 "http://www.comprehensivenet.com/" "Mozilla/5.0 (iPad; U; CPU OS 4_3_5 like Mac OS X; en-us) AppleWebKit/533.17.9 (KHTML, like Gecko) Version/5.0.2 Mobile/8L1 Safari/6533.18.5"
208.47.199.194 - - [12/Aug/2011:11:02:42 -0700] "GET /images/25_blog.jpg HTTP/1.1" 200 2060 "http://www.comprehensivenet.com/" "Mozilla/4.0 (compatible; MSIE 8.0; Windows NT 5.1; Trident/4.0; .NET CLR 1.1.4322; .NET4.0C)"
208.47.199.194 - - [12/Aug/2011:11:02:43 -0700] "GET /images/home_catLinks.jpg HTTP/1.1" 200 90721 "http://www.comprehensivenet.com/" "Mozilla/4.0 (compatible; MSIE 8.0; Windows NT 5.1; Trident/4.0; .NET CLR 1.1.4322; .NET4.0C)"
208.47.199.194 - - [12/Aug/2011:11:02:47 -0700] "GET /images/buttons/newsletters_on.jpg HTTP/1.1" 200 2692 "http://www.comprehensivenet.com/" "Mozilla/4.0 (compatible; MSIE 8.0; Windows NT 5.1; Trident/4.0; .NET CLR 1.1.4322; .NET4.0C)"
216.254.79.108 - - [12/Aug/2011:11:05:23 -0700] "GET /images/25_facebook.jpg HTTP/1.1" 304 - "-" "Mozilla/4.0 (compatible; MSIE 7.0; Windows NT 5.1; .NET CLR 1.1.4322; .NET CLR 1.0.3705; .NET CLR 3.0.4506.2152; .NET CLR 3.5.30729; .NET CLR 2.0.50727)"
174.141.208.101 - - [12/Aug/2011:11:13:44 -0700] "GET /images/25_twitter.jpg HTTP/1.1" 304 - "-" "Mozilla/4.0 (compatible; MSIE 6.0; Windows NT 5.1)"
174.141.208.101 - - [12/Aug/2011:11:13:55 -0700] "GET /images/25_twitter.jpg HTTP/1.1" 304 - "-" "Mozilla/4.0 (compatible; MSIE 6.0; Windows NT 5.1)"
208.47.199.194 - - [12/Aug/2011:11:19:22 -0700] "GET /flash/Header.swf HTTP/1.1" 304 - "http://www.comprehensivenet.com/p_JobListings.php" "Mozilla/4.0 (compatible; MSIE 8.0; Windows NT 5.1; Trident/4.0; .NET CLR 1.1.4322; .NET4.0C)"
208.47.199.194 - - [12/Aug/2011:11:19:26 -0700] "GET /images/buttons/home_on.jpg HTTP/1.1" 304 - "http://www.comprehensivenet.com/p_JobListings.php" "Mozilla/4.0 (compatible; MSIE 8.0; Windows NT 5.1; Trident/4.0; .NET CLR 1.1.4322; .NET4.0C)"
74.116.90.15 - - [12/Aug/2011:11:20:59 -0700] "GET /images/25_twitter.jpg HTTP/1.1" 200 2319 "-" "VRPS/$Rev: 43290 $"
208.47.199.194 - - [12/Aug/2011:11:21:19 -0700] "GET /images/buttons/home.jpg HTTP/1.1" 304 - "http://www.comprehensivenet.com/contact.php" "Mozilla/4.0 (compatible; MSIE 8.0; Windows NT 5.1; Trident/4.0; .NET CLR 1.1.4322; .NET4.0C)"
208.47.199.194 - - [12/Aug/2011:11:21:19 -0700] "GET /images/contact_map1.jpg HTTP/1.1" 200 56953 "http://www.comprehensivenet.com/contact.php" "Mozilla/4.0 (compatible; MSIE 8.0; Windows NT 5.1; Trident/4.0; .NET CLR 1.1.4322; .NET4.0C)"
208.47.199.194 - - [12/Aug/2011:11:21:19 -0700] "GET /images/contact_title.jpg HTTP/1.1" 200 15747 "http://www.comprehensivenet.com/contact.php" "Mozilla/4.0 (compatible; MSIE 8.0; Windows NT 5.1; Trident/4.0; .NET CLR 1.1.4322; .NET4.0C)"
208.47.199.194 - - [12/Aug/2011:11:21:24 -0700] "GET /images/buttons/about_on.jpg HTTP/1.1" 304 - "http://www.comprehensivenet.com/contact.php" "Mozilla/4.0 (compatible; MSIE 8.0; Windows NT 5.1; Trident/4.0; .NET CLR 1.1.4322; .NET4.0C)"
208.47.199.194 - - [12/Aug/2011:11:22:18 -0700] "GET /images/Comprehensive_coin.swf HTTP/1.1" 304 - "http://www.comprehensivenet.com/index.php" "Mozilla/4.0 (compatible; MSIE 8.0; Windows NT 5.1; Trident/4.0; .NET CLR 1.1.4322; .NET4.0C)"
208.47.199.194 - - [12/Aug/2011:11:22:23 -0700] "GET /images/jobList_Img.jpg HTTP/1.1" 304 - "http://www.comprehensivenet.com/p_JobListings.php" "Mozilla/4.0 (compatible; MSIE 8.0; Windows NT 5.1; Trident/4.0; .NET CLR 1.1.4322; .NET4.0C)"
208.47.199.194 - - [12/Aug/2011:11:22:47 -0700] "GET /p_TherapyEval.php HTTP/1.1" 200 10525 "http://www.comprehensivenet.com/p_JobListings.php" "Mozilla/4.0 (compatible; MSIE 8.0; Windows NT 5.1; Trident/4.0; .NET CLR 1.1.4322; .NET4.0C)"
208.47.199.194 - - [12/Aug/2011:11:22:47 -0700] "GET /images/therEval_Img.jpg HTTP/1.1" 200 22228 "http://www.comprehensivenet.com/p_TherapyEval.php" "Mozilla/4.0 (compatible; MSIE 8.0; Windows NT 5.1; Trident/4.0; .NET CLR 1.1.4322; .NET4.0C)"
208.47.199.194 - - [12/Aug/2011:11:22:58 -0700] "GET /p_JobListings.php HTTP/1.1" 200 11041 "http://www.comprehensivenet.com/p_TherapyEval.php" "Mozilla/4.0 (compatible; MSIE 8.0; Windows NT 5.1; Trident/4.0; .NET CLR 1.1.4322; .NET4.0C)"
165.155.110.6 - - [12/Aug/2011:11:23:36 -0700] "GET /images/outlook_signature.jpg HTTP/1.1" 304 - "-" "Mozilla/4.0 (compatible; MSIE 7.0; Windows NT 6.1; WOW64; Trident/5.0; SLCC2; .NET CLR 2.0.50727; .NET CLR 3.5.30729; .NET CLR 3.0.30729; InfoPath.3; .NET4.0C; Media Center PC 6.0; .NET4.0E; ms-office; MSOffice 14)"
165.155.110.6 - - [12/Aug/2011:11:23:36 -0700] "GET /images/25_facebook.jpg HTTP/1.1" 304 - "-" "Mozilla/4.0 (compatible; MSIE 7.0; Windows NT 6.1; WOW64; Trident/5.0; SLCC2; .NET CLR 2.0.50727; .NET CLR 3.5.30729; .NET CLR 3.0.30729; InfoPath.3; .NET4.0C; Media Center PC 6.0; .NET4.0E; ms-office; MSOffice 14)"
220.181.108.108 - - [12/Aug/2011:11:28:25 -0700] "GET /about.php HTTP/1.1" 200 12513 "-" "Mozilla/5.0 (compatible; Baiduspider/2.0; +http://www.baidu.com/search/spider.html)"
220.181.108.171 - - [12/Aug/2011:11:28:27 -0700] "GET /professionals.php HTTP/1.1" 200 11888 "-" "Mozilla/5.0 (compatible; Baiduspider/2.0; +http://www.baidu.com/search/spider.html)"
107.57.254.202 - - [12/Aug/2011:11:31:49 -0700] "GET /images/outlook_signature.jpg HTTP/1.1" 200 39193 "-" "Mozilla/5.0 (webOS/1.4.5; U; en-US) AppleWebKit/532.2 (KHTML, like Gecko) Version/1.0 Safari/532.2 Pre/1.0"
107.57.254.202 - - [12/Aug/2011:11:31:49 -0700] "GET /images/25_facebook.jpg HTTP/1.1" 200 2028 "-" "Mozilla/5.0 (webOS/1.4.5; U; en-US) AppleWebKit/532.2 (KHTML, like Gecko) Version/1.0 Safari/532.2 Pre/1.0"
24.146.140.22 - - [12/Aug/2011:11:32:30 -0700] "GET /images/25_twitter.jpg HTTP/1.1" 304 - "-" "Mozilla/5.0 (iPhone; U; CPU iPhone OS 4_3_3 like Mac OS X; en-us) AppleWebKit/533.17.9 (KHTML, like Gecko)"
24.146.140.22 - - [12/Aug/2011:11:33:02 -0700] "GET /images/25_facebook.jpg HTTP/1.1" 304 - "-" "Mozilla/5.0 (iPhone; U; CPU iPhone OS 4_3_3 like Mac OS X; en-us) AppleWebKit/533.17.9 (KHTML, like Gecko)"
24.146.140.22 - - [12/Aug/2011:11:33:24 -0700] "GET /Scripts/AC_RunActiveContent.js HTTP/1.1" 200 8029 "http://www.comprehensivenet.com/" "Mozilla/5.0 (iPhone; U; CPU iPhone OS 4_3_3 like Mac OS X; en-us) AppleWebKit/533.17.9 (KHTML, like Gecko) Version/5.0.2 Mobile/8J2 Safari/6533.18.5"
24.146.140.22 - - [12/Aug/2011:11:33:25 -0700] "GET /images/25_twitter.jpg HTTP/1.1" 200 2319 "http://www.comprehensivenet.com/" "Mozilla/5.0 (iPhone; U; CPU iPhone OS 4_3_3 like Mac OS X; en-us) AppleWebKit/533.17.9 (KHTML, like Gecko) Version/5.0.2 Mobile/8J2 Safari/6533.18.5"
24.146.140.22 - - [12/Aug/2011:11:33:26 -0700] "GET /images/home_catLinks.jpg HTTP/1.1" 200 90721 "http://www.comprehensivenet.com/" "Mozilla/5.0 (iPhone; U; CPU iPhone OS 4_3_3 like Mac OS X; en-us) AppleWebKit/533.17.9 (KHTML, like Gecko) Version/5.0.2 Mobile/8J2 Safari/6533.18.5"
24.146.140.22 - - [12/Aug/2011:11:33:27 -0700] "GET /images/buttons/contact_on.jpg HTTP/1.1" 200 2631 "http://www.comprehensivenet.com/" "Mozilla/5.0 (iPhone; U; CPU iPhone OS 4_3_3 like Mac OS X; en-us) AppleWebKit/533.17.9 (KHTML, like Gecko) Version/5.0.2 Mobile/8J2 Safari/6533.18.5"
24.146.140.22 - - [12/Aug/2011:11:33:51 -0700] "GET /images/contact_locations.jpg HTTP/1.1" 200 29468 "http://www.comprehensivenet.com/contact.php" "Mozilla/5.0 (iPhone; U; CPU iPhone OS 4_3_3 like Mac OS X; en-us) AppleWebKit/533.17.9 (KHTML, like Gecko) Version/5.0.2 Mobile/8J2 Safari/6533.18.5"
24.146.140.22 - - [12/Aug/2011:11:33:51 -0700] "GET /images/contact_title.jpg HTTP/1.1" 200 15747 "http://www.comprehensivenet.com/contact.php" "Mozilla/5.0 (iPhone; U; CPU iPhone OS 4_3_3 like Mac OS X; en-us) AppleWebKit/533.17.9 (KHTML, like Gecko) Version/5.0.2 Mobile/8J2 Safari/6533.18.5"
74.116.90.15 - - [12/Aug/2011:11:37:31 -0700] "GET /images/25_twitter.jpg HTTP/1.1" 200 2319 "-" "VRPS/$Rev: 43290 $"
165.155.110.6 - - [12/Aug/2011:11:39:58 -0700] "GET /images/outlook_signature.jpg HTTP/1.1" 200 39193 "-" "Mozilla/4.0 (compatible; MSIE 7.0; Windows NT 5.1; Trident/4.0; GTB7.1; .NET CLR 2.0.50727; .NET CLR 3.0.04506.648; .NET CLR 3.5.21022; InfoPath.1; .NET CLR 3.0.4506.2152; .NET CLR 3.5.30729; .NET4.0C; .NET4.0E)"
24.50.244.10 - - [12/Aug/2011:11:46:12 -0700] "GET /JobListings/show_news.php?subaction=showfull&id=1265145606 HTTP/1.1" 200 9651 "http://www.indeed.com/jobs?q=spanish+school+psychologist&l=new+york" "Mozilla/5.0 (Macintosh; U; Intel Mac OS X 10.6; en-US; rv:1.9.2.19) Gecko/20110707 Firefox/3.6.19"
24.50.244.10 - - [12/Aug/2011:11:46:12 -0700] "GET /JobListings/skins/images/jobListingHeader.jpg HTTP/1.1" 200 39507 "http://www.comprehensivenet.com/JobListings/show_news.php?subaction=showfull&id=1265145606" "Mozilla/5.0 (Macintosh; U; Intel Mac OS X 10.6; en-US; rv:1.9.2.19) Gecko/20110707 Firefox/3.6.19"
216.254.79.108 - - [12/Aug/2011:11:50:44 -0700] "GET /images/25_facebook.jpg HTTP/1.1" 304 - "-" "Mozilla/4.0 (compatible; MSIE 7.0; Windows NT 5.1; Trident/4.0; GTB7.1; .NET CLR 1.1.4322; .NET CLR 2.0.50727; .NET CLR 3.0.4506.2152; .NET CLR 3.5.30729; InfoPath.1; .NET4.0C)"
216.254.79.108 - - [12/Aug/2011:11:50:44 -0700] "GET /images/25_twitter.jpg HTTP/1.1" 304 - "-" "Mozilla/4.0 (compatible; MSIE 7.0; Windows NT 5.1; Trident/4.0; GTB7.1; .NET CLR 1.1.4322; .NET CLR 2.0.50727; .NET CLR 3.0.4506.2152; .NET CLR 3.5.30729; InfoPath.1; .NET4.0C)"
216.254.79.108 - - [12/Aug/2011:11:50:45 -0700] "GET /images/25_twitter.jpg HTTP/1.1" 304 - "-" "Mozilla/4.0 (compatible; MSIE 7.0; Windows NT 5.1; Trident/4.0; GTB7.1; .NET CLR 1.1.4322; .NET CLR 2.0.50727; .NET CLR 3.0.4506.2152; .NET CLR 3.5.30729; InfoPath.1; .NET4.0C)"
216.254.79.108 - - [12/Aug/2011:11:57:35 -0700] "GET /images/25_twitter.jpg HTTP/1.1" 304 - "-" "Mozilla/4.0 (compatible; MSIE 7.0; Windows NT 5.1; Trident/4.0; GTB7.1; .NET CLR 1.1.4322; .NET CLR 2.0.50727; .NET CLR 3.0.4506.2152; .NET CLR 3.5.30729; InfoPath.1; .NET4.0C)"
216.254.79.108 - - [12/Aug/2011:11:57:35 -0700] "GET /images/25_facebook.jpg HTTP/1.1" 304 - "-" "Mozilla/4.0 (compatible; MSIE 7.0; Windows NT 5.1; Trident/4.0; GTB7.1; .NET CLR 1.1.4322; .NET CLR 2.0.50727; .NET CLR 3.0.4506.2152; .NET CLR 3.5.30729; InfoPath.1; .NET4.0C)"
216.254.79.108 - - [12/Aug/2011:11:57:36 -0700] "GET /images/25_twitter.jpg HTTP/1.1" 304 - "-" "Mozilla/4.0 (compatible; MSIE 7.0; Windows NT 5.1; Trident/4.0; BTRS86393; .NET CLR 1.0.3705; .NET CLR 2.0.50727; .NET CLR 3.0.4506.2152; .NET CLR 3.5.30729)"
92.249.127.111 - - [12/Aug/2011:11:59:01 -0700] "GET / HTTP/1.0" 200 14361 "http://moysamara.ru/" "Mozilla/4.0 (compatible; MSIE 6.0; Windows NT 5.1; SV1; InfoPath.1"
66.249.16.212 - - [12/Aug/2011:12:19:16 -0700] "GET /clients.php?page=c_EIPreSchool HTTP/1.1" 200 8743 "http://whois.domaintools.com/netcarenyc.com" "Opera/9.80 (Windows NT 6.0; U; en) Presto/2.8.99 Version/11.10"
207.159.196.253 - - [12/Aug/2011:12:19:45 -0700] "GET /images/25_twitter.jpg HTTP/1.1" 200 2319 "http://us.mc1205.mail.yahoo.com/mc/welcome?.gx=1&.tm=1313176586&.rand=fq63acu6go0gf" "Mozilla/4.0 (compatible; MSIE 6.0; Windows NT 5.1; SV1; .NET CLR 1.1.4322; InfoPath.1; .NET CLR 2.0.50727; .NET CLR 3.0.04506.30; .NET CLR 3.0.04506.648; .NET CLR 3.0.4506.2152; .NET CLR 3.5.30729)"
69.122.5.217 - - [12/Aug/2011:12:20:54 -0700] "GET /images/outlook_signature.jpg HTTP/1.1" 200 39193 "http://us.mc1214.mail.yahoo.com/mc/showFolder?fid=Inbox&order=down&tt=242&pSize=25&.rand=1158735764" "Mozilla/4.0 (compatible; MSIE 7.0; Windows NT 6.0; SLCC1; .NET CLR 2.0.50727; Media Center PC 5.0; WinNT-PAI 21.07.2009; .NET CLR 3.5.30729; .NET CLR 3.0.30618)"
165.155.110.6 - - [12/Aug/2011:12:29:32 -0700] "GET /images/25_facebook.jpg HTTP/1.1" 304 - "-" "Mozilla/4.0 (compatible; MSIE 7.0; Windows NT 5.1; Trident/4.0; GTB7.1; .NET CLR 1.1.4322; .NET CLR 2.0.50727; .NET CLR 3.0.04506.30; .NET CLR 3.0.04506.648; .NET CLR 3.5.21022; MS-RTC LM 8; OfficeLiveConnector.1.3; OfficeLivePatch.0.0; .NET CLR 3.0.4506.2152; .NET CLR 3.5.30729; InfoPath.3; msn OptimizedIE8;ENUS; ms-office; MSOffice 14)"
184.91.136.122 - - [12/Aug/2011:12:36:13 -0700] "GET /Scripts/AC_RunActiveContent.js HTTP/1.1" 200 8029 "http://www.comprehensivenet.com/" "Mozilla/4.0 (compatible; MSIE 8.0; Windows NT 6.0; Trident/4.0; SLCC1; .NET CLR 2.0.50727; Media Center PC 5.0; .NET CLR 3.5.30729; .NET CLR 3.0.30729)"
184.91.136.122 - - [12/Aug/2011:12:36:17 -0700] "GET /images/buttons/about.jpg HTTP/1.1" 200 1869 "http://www.comprehensivenet.com/" "Mozilla/4.0 (compatible; MSIE 8.0; Windows NT 6.0; Trident/4.0; SLCC1; .NET CLR 2.0.50727; Media Center PC 5.0; .NET CLR 3.5.30729; .NET CLR 3.0.30729)"
184.91.136.122 - - [12/Aug/2011:12:36:17 -0700] "GET /images/buttons/courses.jpg HTTP/1.1" 200 3497 "http://www.comprehensivenet.com/" "Mozilla/4.0 (compatible; MSIE 8.0; Windows NT 6.0; Trident/4.0; SLCC1; .NET CLR 2.0.50727; Media Center PC 5.0; .NET CLR 3.5.30729; .NET CLR 3.0.30729)"
184.91.136.122 - - [12/Aug/2011:12:36:17 -0700] "GET /images/buttons/clients.jpg HTTP/1.1" 200 3194 "http://www.comprehensivenet.com/" "Mozilla/4.0 (compatible; MSIE 8.0; Windows NT 6.0; Trident/4.0; SLCC1; .NET CLR 2.0.50727; Media Center PC 5.0; .NET CLR 3.5.30729; .NET CLR 3.0.30729)"
184.91.136.122 - - [12/Aug/2011:12:36:56 -0700] "GET /images/contact_map3.jpg HTTP/1.1" 200 62644 "http://www.comprehensivenet.com/contact.php" "Mozilla/4.0 (compatible; MSIE 8.0; Windows NT 6.0; Trident/4.0; SLCC1; .NET CLR 2.0.50727; Media Center PC 5.0; .NET CLR 3.5.30729; .NET CLR 3.0.30729)"
130.36.62.225 - - [12/Aug/2011:12:40:02 -0700] "GET /c_Tutoring.php HTTP/1.1" 200 11246 "http://tutorsoncall.com/" "Mozilla/4.0 (compatible; MSIE 8.0; Windows NT 6.1; Trident/4.0; SLCC2; .NET CLR 2.0.50727; .NET CLR 3.5.30729; .NET CLR 3.0.30729; Media Center PC 6.0; .NET4.0C)"
130.36.62.225 - - [12/Aug/2011:12:40:06 -0700] "GET /images/buttons/homeYellow.jpg HTTP/1.1" 200 1827 "http://www.comprehensivenet.com/c_Tutoring.php" "Mozilla/4.0 (compatible; MSIE 8.0; Windows NT 6.1; Trident/4.0; SLCC2; .NET CLR 2.0.50727; .NET CLR 3.5.30729; .NET CLR 3.0.30729; Media Center PC 6.0; .NET4.0C)"
130.36.62.225 - - [12/Aug/2011:12:40:06 -0700] "GET /images/yellowSpace.jpg HTTP/1.1" 200 346 "http://www.comprehensivenet.com/c_Tutoring.php" "Mozilla/4.0 (compatible; MSIE 8.0; Windows NT 6.1; Trident/4.0; SLCC2; .NET CLR 2.0.50727; .NET CLR 3.5.30729; .NET CLR 3.0.30729; Media Center PC 6.0; .NET4.0C)"
130.36.62.225 - - [12/Aug/2011:12:40:07 -0700] "GET /images/logos/compEnrichment.jpg HTTP/1.1" 200 7046 "http://www.comprehensivenet.com/c_Tutoring.php" "Mozilla/4.0 (compatible; MSIE 8.0; Windows NT 6.1; Trident/4.0; SLCC2; .NET CLR 2.0.50727; .NET CLR 3.5.30729; .NET CLR 3.0.30729; Media Center PC 6.0; .NET4.0C)"
130.36.62.225 - - [12/Aug/2011:12:40:47 -0700] "GET /images/25_facebook.jpg HTTP/1.1" 200 2028 "http://www.comprehensivenet.com/professionals.php" "Mozilla/4.0 (compatible; MSIE 8.0; Windows NT 6.1; Trident/4.0; SLCC2; .NET CLR 2.0.50727; .NET CLR 3.5.30729; .NET CLR 3.0.30729; Media Center PC 6.0; .NET4.0C)"
130.36.62.225 - - [12/Aug/2011:12:40:47 -0700] "GET /images/buttons/professional.jpg HTTP/1.1" 200 4977 "http://www.comprehensivenet.com/professionals.php" "Mozilla/4.0 (compatible; MSIE 8.0; Windows NT 6.1; Trident/4.0; SLCC2; .NET CLR 2.0.50727; .NET CLR 3.5.30729; .NET CLR 3.0.30729; Media Center PC 6.0; .NET4.0C)"
74.108.27.225 - - [12/Aug/2011:12:41:09 -0700] "GET /images/25_facebook.jpg HTTP/1.1" 200 2028 "http://mail.aol.com/34007-311/aol-6/en-us/Lite/MsgRead.aspx?folder=Inbox&uid=26883961&seq=8&searchIn=none&searchQuery=&start=0&sort=received" "Mozilla/4.0 (compatible; MSIE 8.0; Windows NT 5.1; Trident/4.0; GTB7.0; FunWebProducts; .NET CLR 1.1.4322; .NET CLR 2.0.50727; .NET CLR 3.0.4506.2152; .NET CLR 3.5.30729; InfoPath.2; FunWebProducts)"
208.115.111.67 - - [12/Aug/2011:12:42:50 -0700] "GET /fr/ecards/evenements/bonne_chance/0/0/1 HTTP/1.1" 404 245 "-" "Mozilla/5.0 (compatible; Ezooms/1.0; ezooms.bot@gmail.com)"
216.254.79.108 - - [12/Aug/2011:12:43:19 -0700] "GET /images/25_twitter.jpg HTTP/1.1" 304 - "-" "Mozilla/4.0 (compatible; MSIE 6.0; Windows NT 5.1; SV1; GTB7.1; .NET CLR 1.1.4322; .NET CLR 2.0.50727)"
216.254.79.108 - - [12/Aug/2011:12:46:40 -0700] "GET /images/25_facebook.jpg HTTP/1.1" 304 - "-" "Mozilla/4.0 (compatible; MSIE 6.0; Windows NT 5.1; SV1; GTB7.1; .NET CLR 1.1.4322; .NET CLR 2.0.50727)"
96.232.135.13 - - [12/Aug/2011:12:52:49 -0700] "GET /images/25_facebook.jpg HTTP/1.1" 200 2028 "-" "Mozilla/5.0 (Macintosh; U; Intel Mac OS X 10_6_8; en-us) AppleWebKit/533.21.1 (KHTML, like Gecko) Version/5.0.5 Safari/533.21.1"
208.80.194.31 - - [12/Aug/2011:12:54:40 -0700] "GET /p_Nursing.php HTTP/1.0" 200 15340 "-" "Mozilla/4.0 (compatible; MSIE 6.0; Windows NT 5.1; SIMBAR={0CD9531C-D9AC-46E6-B8E8-5E2FE4893BC0}; SV1)"
130.36.62.225 - - [12/Aug/2011:12:55:59 -0700] "GET /c_Tutoring.php HTTP/1.1" 200 11245 "-" "Mozilla/4.0 (compatible;)"
68.199.53.139 - - [12/Aug/2011:13:08:11 -0700] "GET /images/outlook_signature.jpg HTTP/1.1" 200 39193 "http://sn104w.snt104.mail.live.com/default.aspx" "Mozilla/5.0 (Windows NT 5.1) AppleWebKit/535.1 (KHTML, like Gecko) Chrome/13.0.782.112 Safari/535.1"
119.63.196.113 - - [12/Aug/2011:13:11:47 -0700] "GET /clients.php?page=c_Nursing HTTP/1.1" 200 8744 "-" "Mozilla/5.0 (compatible; Baiduspider/2.0; +http://www.baidu.com/search/spider.html)"
216.254.79.108 - - [12/Aug/2011:13:12:58 -0700] "GET /images/25_twitter.jpg HTTP/1.1" 304 - "-" "Mozilla/4.0 (compatible; MSIE 6.0; Windows NT 5.1; SV1; GTB7.1; .NET CLR 1.1.4322; .NET CLR 2.0.50727)"
216.254.79.108 - - [12/Aug/2011:13:16:01 -0700] "GET /images/25_facebook.jpg HTTP/1.1" 304 - "-" "Mozilla/4.0 (compatible; MSIE 6.0; Windows NT 5.1; SV1; GTB7.1; .NET CLR 1.1.4322; .NET CLR 2.0.50727)"
67.195.112.25 - - [12/Aug/2011:13:16:06 -0700] "GET /ComprehensiveStyles.css HTTP/1.0" 304 - "http://www.comprehensivenet.com/newsletters.php" "Mozilla/5.0 (compatible; Yahoo! Slurp; http://help.yahoo.com/help/us/ysearch/slurp)"
208.89.250.11 - - [12/Aug/2011:13:18:58 -0700] "GET /j_HealthAide.php HTTP/1.1" 200 29345 "-" "Mozilla/4.0 (compatible; MSIE 7.0; Windows NT 5.1; MyIE2)"
208.89.250.11 - - [12/Aug/2011:13:18:59 -0700] "GET /j_CFY.php HTTP/1.1" 200 29408 "-" "Mozilla/4.0 (compatible; MSIE 7.0; Windows NT 5.1; MyIE2)"
207.38.182.12 - - [12/Aug/2011:13:22:21 -0700] "GET /images/25_facebook.jpg HTTP/1.1" 304 - "-" "Mozilla/5.0 (iPhone; U; CPU iPhone OS 4_3_3 like Mac OS X; en-us) AppleWebKit/533.17.9 (KHTML, like Gecko)"
216.254.79.108 - - [12/Aug/2011:13:22:50 -0700] "GET /p_Nursing.php HTTP/1.1" 200 15376 "-" "Mozilla/5.0 (Windows; U; Windows NT 5.1; en-US; rv:1.9.2.18) Gecko/20110614 Firefox/3.6.18 (.NET CLR 3.5.30729)"
216.254.79.108 - - [12/Aug/2011:13:22:54 -0700] "GET /images/25_facebook.jpg HTTP/1.1" 200 2028 "http://www.comprehensivenet.com/p_Nursing.php" "Mozilla/5.0 (Windows; U; Windows NT 5.1; en-US; rv:1.9.2.18) Gecko/20110614 Firefox/3.6.18 (.NET CLR 3.5.30729)"
216.254.79.108 - - [12/Aug/2011:13:22:55 -0700] "GET /images/buttons/newsletters.jpg HTTP/1.1" 200 2378 "http://www.comprehensivenet.com/p_Nursing.php" "Mozilla/5.0 (Windows; U; Windows NT 5.1; en-US; rv:1.9.2.18) Gecko/20110614 Firefox/3.6.18 (.NET CLR 3.5.30729)"
216.254.79.108 - - [12/Aug/2011:13:26:12 -0700] "GET /images/25_facebook.jpg HTTP/1.1" 304 - "-" "Mozilla/4.0 (compatible; MSIE 7.0; Windows NT 5.1; Trident/4.0; GTB7.1; .NET CLR 1.1.4322; .NET CLR 2.0.50727; .NET CLR 3.0.4506.2152; .NET CLR 3.5.30729; InfoPath.1; .NET4.0C)"
216.254.79.108 - - [12/Aug/2011:13:26:14 -0700] "GET /images/25_facebook.jpg HTTP/1.1" 304 - "-" "Mozilla/4.0 (compatible; MSIE 7.0; Windows NT 5.1; Trident/4.0; GTB7.1; .NET CLR 1.1.4322; .NET CLR 2.0.50727; .NET CLR 3.0.4506.2152; .NET CLR 3.5.30729; InfoPath.1; .NET4.0C)"
76.173.2.22 - - [12/Aug/2011:13:26:43 -0700] "GET /images/25_twitter.jpg HTTP/1.1" 200 2319 "http://36ohk6dgmcd1n.yom.mail.yahoo.net/om/api/1.0/openmail.app.invoke/36ohk6dgmcd1n/4/1.0.35/us/en-US/view.html" "Mozilla/5.0 (Windows NT 6.0; rv:5.0) Gecko/20100101 Firefox/5.0"
71.245.243.113 - - [12/Aug/2011:13:26:48 -0700] "GET /JobListings/skins/images/jobListingHeader.jpg HTTP/1.1" 200 39507 "http://www.comprehensivenet.com/JobListings/show_news.php?subaction=showfull&id=1268755935" "Mozilla/4.0 (compatible; MSIE 8.0; Windows NT 5.1; Trident/4.0; .NET CLR 1.1.4322; yie8)"
71.245.243.113 - - [12/Aug/2011:13:26:48 -0700] "GET /JobListings/skins/images/jobListingFooter.jpg HTTP/1.1" 200 12421 "http://www.comprehensivenet.com/JobListings/show_news.php?subaction=showfull&id=1268755935" "Mozilla/4.0 (compatible; MSIE 8.0; Windows NT 5.1; Trident/4.0; .NET CLR 1.1.4322; yie8)"
68.186.33.134 - - [12/Aug/2011:13:26:48 -0700] "GET /robots.txt HTTP/1.0" 404 204 "-" "nutch-solr-integration-test/Nutch-1.2 (MoonValley Web Crawler using Nutch 1.2; http://www.moonvalley.com/; cwoolum@moonvalley.com)"
174.252.44.18 - - [12/Aug/2011:13:31:40 -0700] "GET /images/outlook_signature.jpg HTTP/1.1" 304 - "-" "Mozilla/5.0 (iPhone; U; CPU iPhone OS 4_2_8 like Mac OS X; en-us) AppleWebKit/533.17.9 (KHTML, like Gecko)"
174.252.44.18 - - [12/Aug/2011:13:34:38 -0700] "GET /images/25_twitter.jpg HTTP/1.1" 200 2319 "-" "Mozilla/5.0 (iPhone; U; CPU iPhone OS 4_2_8 like Mac OS X; en-us) AppleWebKit/533.17.9 (KHTML, like Gecko)"
68.173.10.191 - - [12/Aug/2011:13:35:08 -0700] "GET /images/25_twitter.jpg HTTP/1.1" 200 2319 "-" "Mozilla/5.0 (Macintosh; U; Intel Mac OS X 10_5_8; en-us) AppleWebKit/533.21.1 (KHTML, like Gecko) Version/5.0.5 Safari/533.21.1"
65.52.110.50 - - [12/Aug/2011:13:36:59 -0700] "GET /robots.txt HTTP/1.1" 404 216 "-" "Mozilla/5.0 (compatible; bingbot/2.0; +http://www.bing.com/bingbot.htm)"
216.254.79.108 - - [12/Aug/2011:13:39:44 -0700] "GET /images/25_facebook.jpg HTTP/1.1" 304 - "-" "Mozilla/4.0 (compatible; MSIE 6.0; Windows NT 5.1; SV1; GTB7.1; .NET CLR 1.1.4322; .NET CLR 2.0.50727)"
74.101.163.112 - - [12/Aug/2011:13:39:48 -0700] "GET /images/25_facebook.jpg HTTP/1.1" 200 2028 "http://www.comprehensivenet.com/p_Nursing.php" "Mozilla/4.0 (compatible; MSIE 8.0; Windows NT 6.0; Trident/4.0; GTB7.0; SLCC1; .NET CLR 2.0.50727; Media Center PC 5.0; .NET CLR 3.5.30729; .NET CLR 3.0.30618; .NET4.0C; BRI/1; BRI/2; yie8)"
74.101.163.112 - - [12/Aug/2011:13:39:48 -0700] "GET /images/buttons/professional.jpg HTTP/1.1" 200 4977 "http://www.comprehensivenet.com/p_Nursing.php" "Mozilla/4.0 (compatible; MSIE 8.0; Windows NT 6.0; Trident/4.0; GTB7.0; SLCC1; .NET CLR 2.0.50727; Media Center PC 5.0; .NET CLR 3.5.30729; .NET CLR 3.0.30618; .NET4.0C; BRI/1; BRI/2; yie8)"
74.101.163.112 - - [12/Aug/2011:13:39:50 -0700] "GET /images/nursing_Img.jpg HTTP/1.1" 200 52563 "http://www.comprehensivenet.com/p_Nursing.php" "Mozilla/4.0 (compatible; MSIE 8.0; Windows NT 6.0; Trident/4.0; GTB7.0; SLCC1; .NET CLR 2.0.50727; Media Center PC 5.0; .NET CLR 3.5.30729; .NET CLR 3.0.30618; .NET4.0C; BRI/1; BRI/2; yie8)"
74.101.163.112 - - [12/Aug/2011:13:42:35 -0700] "GET /images/anniversary_link.jpg HTTP/1.1" 200 54060 "http://www.comprehensivenet.com/p_ContinuingEd.php" "Mozilla/4.0 (compatible; MSIE 8.0; Windows NT 6.0; Trident/4.0; GTB7.0; SLCC1; .NET CLR 2.0.50727; Media Center PC 5.0; .NET CLR 3.5.30729; .NET CLR 3.0.30618; .NET4.0C; BRI/1; BRI/2; yie8)"
74.101.163.112 - - [12/Aug/2011:13:42:36 -0700] "GET /images/buttons/about_on.jpg HTTP/1.1" 200 2141 "http://www.comprehensivenet.com/p_ContinuingEd.php" "Mozilla/4.0 (compatible; MSIE 8.0; Windows NT 6.0; Trident/4.0; GTB7.0; SLCC1; .NET CLR 2.0.50727; Media Center PC 5.0; .NET CLR 3.5.30729; .NET CLR 3.0.30618; .NET4.0C; BRI/1; BRI/2; yie8)"
96.224.185.155 - - [12/Aug/2011:13:43:41 -0700] "GET /JobListings/skins/images/jobListingFooter.jpg HTTP/1.1" 200 12421 "http://www.comprehensivenet.com/JobListings/show_news.php?subaction=showfull&id=1302014626" "Mozilla/5.0 (compatible; MSIE 9.0; Windows NT 6.0; Trident/5.0)"
96.224.185.155 - - [12/Aug/2011:13:43:43 -0700] "GET /favicon.ico HTTP/1.1" 200 894 "-" "Mozilla/5.0 (compatible; MSIE 9.0; Windows NT 6.0; Trident/5.0)"
74.101.163.112 - - [12/Aug/2011:13:44:28 -0700] "GET /JobListings/show_news.php?subaction=showfull&id=1282836871&archive=&template= HTTP/1.1" 200 6189 "-" "Mozilla/4.0 (compatible; MSIE 8.0; Windows NT 6.0; Trident/4.0; GTB7.0; SLCC1; .NET CLR 2.0.50727; Media Center PC 5.0; .NET CLR 3.5.30729; .NET CLR 3.0.30618; .NET4.0C; BRI/1; BRI/2; yie8)"
74.101.163.112 - - [12/Aug/2011:13:44:28 -0700] "GET /JobListings/skins/images/jobListingFooter.jpg HTTP/1.1" 200 12421 "http://www.comprehensivenet.com/JobListings/show_news.php?subaction=showfull&id=1282836871&archive=&template=" "Mozilla/4.0 (compatible; MSIE 8.0; Windows NT 6.0; Trident/4.0; GTB7.0; SLCC1; .NET CLR 2.0.50727; Media Center PC 5.0; .NET CLR 3.5.30729; .NET CLR 3.0.30618; .NET4.0C; BRI/1; BRI/2; yie8)"
74.116.90.15 - - [12/Aug/2011:13:44:41 -0700] "GET /images/25_twitter.jpg HTTP/1.1" 200 2319 "-" "VRPS/$Rev: 43290 $"
74.101.163.112 - - [12/Aug/2011:13:45:31 -0700] "GET /images/25_twitter.jpg HTTP/1.1" 304 - "http://www.comprehensivenet.com/p_Nursing.php" "Mozilla/4.0 (compatible; MSIE 8.0; Windows NT 6.0; Trident/4.0; GTB7.0; SLCC1; .NET CLR 2.0.50727; Media Center PC 5.0; .NET CLR 3.5.30729; .NET CLR 3.0.30618; .NET4.0C; BRI/1; BRI/2; yie8)"
74.101.163.112 - - [12/Aug/2011:13:45:31 -0700] "GET /images/25_blog.jpg HTTP/1.1" 304 - "http://www.comprehensivenet.com/p_Nursing.php" "Mozilla/4.0 (compatible; MSIE 8.0; Windows NT 6.0; Trident/4.0; GTB7.0; SLCC1; .NET CLR 2.0.50727; Media Center PC 5.0; .NET CLR 3.5.30729; .NET CLR 3.0.30618; .NET4.0C; BRI/1; BRI/2; yie8)"
74.101.163.112 - - [12/Aug/2011:13:45:32 -0700] "GET /Corona_Skin_1.swf HTTP/1.1" 304 - "http://www.comprehensivenet.com/FLVPlayer_Progressive.swf" "Mozilla/4.0 (compatible; MSIE 8.0; Windows NT 6.0; Trident/4.0; GTB7.0; SLCC1; .NET CLR 2.0.50727; Media Center PC 5.0; .NET CLR 3.5.30729; .NET CLR 3.0.30618; .NET4.0C; BRI/1; BRI/2; yie8)"
2.144.150.169 - - [12/Aug/2011:13:49:30 -0700] "GET /images/25_twitter.jpg HTTP/1.1" 304 - "http://us.mc1301.mail.yahoo.com/mc/showFolder?&.rand=1055425915&&abnumadded=1&abnames=&abids=67109070" "Mozilla/4.0 (compatible; MSIE 8.0; Windows NT 5.1; Trident/4.0; BTRS5231; SIMBAR={8F9B52F0-FD5E-4161-BF14-CA159EEA2A4E}; .NET CLR 2.0.50727; .NET CLR 3.0.4506.2152; .NET CLR 3.5.30729; AskTbCDS2/5.12.2.16749)"
74.52.245.146 - - [12/Aug/2011:14:21:40 -0700] "GET / HTTP/1.0" 200 14361 "-" "Mozilla/5.0 (X11; U; Linux i686; en-US; rv:1.7.5) Gecko/20041107 Firefox/1.0"
98.204.49.140 - - [12/Aug/2011:14:24:19 -0700] "GET /images/buttons/home.jpg HTTP/1.1" 200 1438 "http://www.comprehensivenet.com/" "Mozilla/5.0 (Macintosh; U; Intel Mac OS X 10_6_7; en-us) AppleWebKit/533.20.25 (KHTML, like Gecko) Version/5.0.4 Safari/533.20.27"
98.204.49.140 - - [12/Aug/2011:14:24:19 -0700] "GET /images/buttons/courses.jpg HTTP/1.1" 200 3497 "http://www.comprehensivenet.com/" "Mozilla/5.0 (Macintosh; U; Intel Mac OS X 10_6_7; en-us) AppleWebKit/533.20.25 (KHTML, like Gecko) Version/5.0.4 Safari/533.20.27"
98.204.49.140 - - [12/Aug/2011:14:24:19 -0700] "GET /images/buttons/contact.jpg HTTP/1.1" 200 2274 "http://www.comprehensivenet.com/" "Mozilla/5.0 (Macintosh; U; Intel Mac OS X 10_6_7; en-us) AppleWebKit/533.20.25 (KHTML, like Gecko) Version/5.0.4 Safari/533.20.27"
98.204.49.140 - - [12/Aug/2011:14:24:19 -0700] "GET /images/buttons/professional.jpg HTTP/1.1" 200 4977 "http://www.comprehensivenet.com/" "Mozilla/5.0 (Macintosh; U; Intel Mac OS X 10_6_7; en-us) AppleWebKit/533.20.25 (KHTML, like Gecko) Version/5.0.4 Safari/533.20.27"
98.204.49.140 - - [12/Aug/2011:14:24:19 -0700] "GET /images/buttons/clients.jpg HTTP/1.1" 200 3194 "http://www.comprehensivenet.com/" "Mozilla/5.0 (Macintosh; U; Intel Mac OS X 10_6_7; en-us) AppleWebKit/533.20.25 (KHTML, like Gecko) Version/5.0.4 Safari/533.20.27"
98.204.49.140 - - [12/Aug/2011:14:24:20 -0700] "GET /images/buttons/courses_on.jpg HTTP/1.1" 200 4007 "http://www.comprehensivenet.com/" "Mozilla/5.0 (Macintosh; U; Intel Mac OS X 10_6_7; en-us) AppleWebKit/533.20.25 (KHTML, like Gecko) Version/5.0.4 Safari/533.20.27"
98.204.49.140 - - [12/Aug/2011:14:24:26 -0700] "GET /flash/Header.swf HTTP/1.1" 200 251972 "http://www.comprehensivenet.com/" "Mozilla/5.0 (Macintosh; U; Intel Mac OS X 10_6_7; en-us) AppleWebKit/533.20.25 (KHTML, like Gecko) Version/5.0.4 Safari/533.20.27"
98.204.49.140 - - [12/Aug/2011:14:24:37 -0700] "GET /images/buttons/continuingEd.jpg HTTP/1.1" 200 8472 "http://www.comprehensivenet.com/p_ContinuingEd.php" "Mozilla/5.0 (Macintosh; U; Intel Mac OS X 10_6_7; en-us) AppleWebKit/533.20.25 (KHTML, like Gecko) Version/5.0.4 Safari/533.20.27"
98.204.49.140 - - [12/Aug/2011:14:24:37 -0700] "GET /images/buttons/interpretation.jpg HTTP/1.1" 200 9675 "http://www.comprehensivenet.com/p_ContinuingEd.php" "Mozilla/5.0 (Macintosh; U; Intel Mac OS X 10_6_7; en-us) AppleWebKit/533.20.25 (KHTML, like Gecko) Version/5.0.4 Safari/533.20.27"
